current directory: /github/vendor/gems/3.4.4/ruby/3.4.0/gems/date-3.4.1/ext/date
/usr/share/rbenv/versions/3.4.4/bin/ruby extconf.rb
checking for rb_category_warn()... yes
checking for timezone in time.h with -Werror... yes
checking for altzone in time.h with -Werror... no
creating Makefile

current directory: /github/vendor/gems/3.4.4/ruby/3.4.0/gems/date-3.4.1/ext/date
make -j16 DESTDIR\= sitearchdir\=./.gem.20250710-147-r91uyg sitelibdir\=./.gem.20250710-147-r91uyg clean

current directory: /github/vendor/gems/3.4.4/ruby/3.4.0/gems/date-3.4.1/ext/date
make -j16 DESTDIR\= sitearchdir\=./.gem.20250710-147-r91uyg sitelibdir\=./.gem.20250710-147-r91uyg
compiling date_core.c
compiling date_parse.c
compiling date_strftime.c
compiling date_strptime.c
linking shared-object date_core.so

current directory: /github/vendor/gems/3.4.4/ruby/3.4.0/gems/date-3.4.1/ext/date
make -j16 DESTDIR\= sitearchdir\=./.gem.20250710-147-r91uyg sitelibdir\=./.gem.20250710-147-r91uyg install
/usr/bin/install -c -m 0755 date_core.so ./.gem.20250710-147-r91uyg

current directory: /github/vendor/gems/3.4.4/ruby/3.4.0/gems/date-3.4.1/ext/date
make -j16 DESTDIR\= sitearchdir\=./.gem.20250710-147-r91uyg sitelibdir\=./.gem.20250710-147-r91uyg clean
