current directory: /github/vendor/gems/3.4.1/ruby/3.4.0/gems/nio4r-2.5.8/ext/nio4r
/usr/share/rbenv/versions/3.4.1/bin/ruby extconf.rb
checking for unistd.h... yes
checking for linux/aio_abi.h... yes
checking for linux/io_uring.h... yes
checking for sys/select.h... yes
checking for port_event_t in poll.h... no
checking for sys/epoll.h... yes
checking for sys/event.h... no
checking for port_event_t in port.h... no
checking for sys/resource.h... yes
creating Makefile

current directory: /github/vendor/gems/3.4.1/ruby/3.4.0/gems/nio4r-2.5.8/ext/nio4r
make -j16 DESTDIR\= sitearchdir\=./.gem.20250509-147-ob78l9 sitelibdir\=./.gem.20250509-147-ob78l9 clean

current directory: /github/vendor/gems/3.4.1/ruby/3.4.0/gems/nio4r-2.5.8/ext/nio4r
make -j16 DESTDIR\= sitearchdir\=./.gem.20250509-147-ob78l9 sitelibdir\=./.gem.20250509-147-ob78l9
compiling bytebuffer.c
compiling monitor.c
compiling nio4r_ext.c
compiling selector.c
monitor.c: In function ‘NIO_Monitor_allocate’:
monitor.c:66:5: warning: ‘rb_data_object_wrap_warning’ is deprecated: by TypedData [-Wdeprecated-declarations]
   66 |     return Data_Wrap_Struct(klass, NIO_Monitor_mark, NIO_Monitor_free, monitor);
      |     ^~~~~~
In file included from /usr/share/rbenv/versions/3.4.1/include/ruby-3.4.0/ruby/internal/core.h:27,
                 from /usr/share/rbenv/versions/3.4.1/include/ruby-3.4.0/ruby/ruby.h:29,
                 from /usr/share/rbenv/versions/3.4.1/include/ruby-3.4.0/ruby.h:38,
                 from nio4r.h:10,
                 from monitor.c:6:
/usr/share/rbenv/versions/3.4.1/include/ruby-3.4.0/ruby/internal/core/rdata.h:293:1: note: declared here
  293 | rb_data_object_wrap_warning(VALUE klass, void *ptr, RUBY_DATA_FUNC mark, RUBY_DATA_FUNC free)
      | ^~~~~~~~~~~~~~~~~~~~~~~~~~~
In file included from /usr/share/rbenv/versions/3.4.1/include/ruby-3.4.0/ruby/internal/assume.h:29,
                 from /usr/share/rbenv/versions/3.4.1/include/ruby-3.4.0/ruby/backward/2/assume.h:24,
                 from /usr/share/rbenv/versions/3.4.1/include/ruby-3.4.0/ruby/defines.h:72,
                 from /usr/share/rbenv/versions/3.4.1/include/ruby-3.4.0/ruby/ruby.h:25,
                 from /usr/share/rbenv/versions/3.4.1/include/ruby-3.4.0/ruby.h:38,
                 from nio4r.h:10,
                 from monitor.c:6:
monitor.c: In function ‘NIO_Monitor_initialize’:
monitor.c:88:34: warning: ‘rb_data_object_get_warning’ is deprecated: by TypedData [-Wdeprecated-declarations]
   88 |     Data_Get_Struct(self, struct NIO_Monitor, monitor);
      |                                  ^~~~~~~~~~~
/usr/share/rbenv/versions/3.4.1/include/ruby-3.4.0/ruby/internal/cast.h:31:29: note: in definition of macro ‘RBIMPL_CAST’
   31 | # define RBIMPL_CAST(expr) (expr)
      |                             ^~~~
monitor.c:88:5: note: in expansion of macro ‘Data_Get_Struct’
   88 |     Data_Get_Struct(self, struct NIO_Monitor, monitor);
      |     ^~~~~~~~~~~~~~~
In file included from /usr/share/rbenv/versions/3.4.1/include/ruby-3.4.0/ruby/internal/core.h:27,
                 from /usr/share/rbenv/versions/3.4.1/include/ruby-3.4.0/ruby/ruby.h:29,
                 from /usr/share/rbenv/versions/3.4.1/include/ruby-3.4.0/ruby.h:38,
                 from nio4r.h:10,
                 from monitor.c:6:
/usr/share/rbenv/versions/3.4.1/include/ruby-3.4.0/ruby/internal/core/rdata.h:325:1: note: declared here
  325 | rb_data_object_get_warning(VALUE obj)
      | ^~~~~~~~~~~~~~~~~~~~~~~~~~
monitor.c:101:5: warning: ‘fd’ is deprecated: rb_io_descriptor [-Wdeprecated-declarations]
  101 |     ev_io_init(&monitor->ev_io, NIO_Selector_monitor_callback, FPTR_TO_FD(fptr), monitor->interests);
      |     ^~~~~~~~~~
In file included from nio4r.h:11,
                 from monitor.c:6:
/usr/share/rbenv/versions/3.4.1/include/ruby-3.4.0/ruby/io.h:154:9: note: declared here
  154 |     int fd;
      |         ^~
In file included from /usr/share/rbenv/versions/3.4.1/include/ruby-3.4.0/ruby/internal/assume.h:29,
                 from /usr/share/rbenv/versions/3.4.1/include/ruby-3.4.0/ruby/backward/2/assume.h:24,
                 from /usr/share/rbenv/versions/3.4.1/include/ruby-3.4.0/ruby/defines.h:72,
                 from /usr/share/rbenv/versions/3.4.1/include/ruby-3.4.0/ruby/ruby.h:25,
                 from /usr/share/rbenv/versions/3.4.1/include/ruby-3.4.0/ruby.h:38,
                 from nio4r.h:10,
                 from monitor.c:6:
monitor.c:107:42: warning: ‘rb_data_object_get_warning’ is deprecated: by TypedData [-Wdeprecated-declarations]
  107 |     Data_Get_Struct(selector_obj, struct NIO_Selector, selector);
      |                                          ^~~~~~~~~~~~
/usr/share/rbenv/versions/3.4.1/include/ruby-3.4.0/ruby/internal/cast.h:31:29: note: in definition of macro ‘RBIMPL_CAST’
   31 | # define RBIMPL_CAST(expr) (expr)
      |                             ^~~~
monitor.c:107:5: note: in expansion of macro ‘Data_Get_Struct’
  107 |     Data_Get_Struct(selector_obj, struct NIO_Selector, selector);
      |     ^~~~~~~~~~~~~~~
In file included from /usr/share/rbenv/versions/3.4.1/include/ruby-3.4.0/ruby/internal/core.h:27,
                 from /usr/share/rbenv/versions/3.4.1/include/ruby-3.4.0/ruby/ruby.h:29,
                 from /usr/share/rbenv/versions/3.4.1/include/ruby-3.4.0/ruby.h:38,
                 from nio4r.h:10,
                 from monitor.c:6:
/usr/share/rbenv/versions/3.4.1/include/ruby-3.4.0/ruby/internal/core/rdata.h:325:1: note: declared here
  325 | rb_data_object_get_warning(VALUE obj)
      | ^~~~~~~~~~~~~~~~~~~~~~~~~~
In file included from /usr/share/rbenv/versions/3.4.1/include/ruby-3.4.0/ruby/internal/assume.h:29,
                 from /usr/share/rbenv/versions/3.4.1/include/ruby-3.4.0/ruby/backward/2/assume.h:24,
                 from /usr/share/rbenv/versions/3.4.1/include/ruby-3.4.0/ruby/defines.h:72,
                 from /usr/share/rbenv/versions/3.4.1/include/ruby-3.4.0/ruby/ruby.h:25,
                 from /usr/share/rbenv/versions/3.4.1/include/ruby-3.4.0/ruby.h:38,
                 from nio4r.h:10,
                 from monitor.c:6:
monitor.c: In function ‘NIO_Monitor_close’:
monitor.c:127:34: warning: ‘rb_data_object_get_warning’ is deprecated: by TypedData [-Wdeprecated-declarations]
  127 |     Data_Get_Struct(self, struct NIO_Monitor, monitor);
      |                                  ^~~~~~~~~~~
/usr/share/rbenv/versions/3.4.1/include/ruby-3.4.0/ruby/internal/cast.h:31:29: note: in definition of macro ‘RBIMPL_CAST’
   31 | # define RBIMPL_CAST(expr) (expr)
      |                             ^~~~
monitor.c:127:5: note: in expansion of macro ‘Data_Get_Struct’
  127 |     Data_Get_Struct(self, struct NIO_Monitor, monitor);
      |     ^~~~~~~~~~~~~~~
In file included from /usr/share/rbenv/versions/3.4.1/include/ruby-3.4.0/ruby/internal/core.h:27,
                 from /usr/share/rbenv/versions/3.4.1/include/ruby-3.4.0/ruby/ruby.h:29,
                 from /usr/share/rbenv/versions/3.4.1/include/ruby-3.4.0/ruby.h:38,
                 from nio4r.h:10,
                 from monitor.c:6:
/usr/share/rbenv/versions/3.4.1/include/ruby-3.4.0/ruby/internal/core/rdata.h:325:1: note: declared here
  325 | rb_data_object_get_warning(VALUE obj)
      | ^~~~~~~~~~~~~~~~~~~~~~~~~~
In file included from nio4r_ext.c:6:
../libev/ev.c:2136:31: warning: ‘ev_default_loop_ptr’ initialized and declared ‘extern’
 2136 |   EV_API_DECL struct ev_loop *ev_default_loop_ptr = 0; /* needs to be initialised to make it a definition despite extern */
      |                               ^~~~~~~~~~~~~~~~~~~
selector.c: In function ‘NIO_Selector_allocate’:
selector.c:123:5: warning: ‘rb_data_object_wrap_warning’ is deprecated: by TypedData [-Wdeprecated-declarations]
  123 |     return Data_Wrap_Struct(klass, NIO_Selector_mark, NIO_Selector_free, selector);
      |     ^~~~~~
In file included from /usr/share/rbenv/versions/3.4.1/include/ruby-3.4.0/ruby/internal/core.h:27,
                 from /usr/share/rbenv/versions/3.4.1/include/ruby-3.4.0/ruby/ruby.h:29,
                 from /usr/share/rbenv/versions/3.4.1/include/ruby-3.4.0/ruby.h:38,
                 from nio4r.h:10,
                 from selector.c:6:
/usr/share/rbenv/versions/3.4.1/include/ruby-3.4.0/ruby/internal/core/rdata.h:293:1: note: declared here
  293 | rb_data_object_wrap_warning(VALUE klass, void *ptr, RUBY_DATA_FUNC mark, RUBY_DATA_FUNC free)
      | ^~~~~~~~~~~~~~~~~~~~~~~~~~~
In file included from /usr/share/rbenv/versions/3.4.1/include/ruby-3.4.0/ruby/internal/assume.h:29,
                 from /usr/share/rbenv/versions/3.4.1/include/ruby-3.4.0/ruby/backward/2/assume.h:24,
                 from /usr/share/rbenv/versions/3.4.1/include/ruby-3.4.0/ruby/defines.h:72,
                 from /usr/share/rbenv/versions/3.4.1/include/ruby-3.4.0/ruby/ruby.h:25,
                 from /usr/share/rbenv/versions/3.4.1/include/ruby-3.4.0/ruby.h:38,
                 from nio4r.h:10,
                 from selector.c:6:
selector.c: In function ‘NIO_Selector_initialize’:
selector.c:208:34: warning: ‘rb_data_object_get_warning’ is deprecated: by TypedData [-Wdeprecated-declarations]
  208 |     Data_Get_Struct(self, struct NIO_Selector, selector);
      |                                  ^~~~~~~~~~~~
/usr/share/rbenv/versions/3.4.1/include/ruby-3.4.0/ruby/internal/cast.h:31:29: note: in definition of macro ‘RBIMPL_CAST’
   31 | # define RBIMPL_CAST(expr) (expr)
      |                             ^~~~
selector.c:208:5: note: in expansion of macro ‘Data_Get_Struct’
  208 |     Data_Get_Struct(self, struct NIO_Selector, selector);
      |     ^~~~~~~~~~~~~~~
In file included from /usr/share/rbenv/versions/3.4.1/include/ruby-3.4.0/ruby/internal/core.h:27,
                 from /usr/share/rbenv/versions/3.4.1/include/ruby-3.4.0/ruby/ruby.h:29,
                 from /usr/share/rbenv/versions/3.4.1/include/ruby-3.4.0/ruby.h:38,
                 from nio4r.h:10,
                 from selector.c:6:
/usr/share/rbenv/versions/3.4.1/include/ruby-3.4.0/ruby/internal/core/rdata.h:325:1: note: declared here
  325 | rb_data_object_get_warning(VALUE obj)
      | ^~~~~~~~~~~~~~~~~~~~~~~~~~
In file included from /usr/share/rbenv/versions/3.4.1/include/ruby-3.4.0/ruby/internal/assume.h:29,
                 from /usr/share/rbenv/versions/3.4.1/include/ruby-3.4.0/ruby/backward/2/assume.h:24,
                 from /usr/share/rbenv/versions/3.4.1/include/ruby-3.4.0/ruby/defines.h:72,
                 from /usr/share/rbenv/versions/3.4.1/include/ruby-3.4.0/ruby/ruby.h:25,
                 from /usr/share/rbenv/versions/3.4.1/include/ruby-3.4.0/ruby.h:38,
                 from nio4r.h:10,
                 from monitor.c:6:
monitor.c: In function ‘NIO_Monitor_is_closed’:
monitor.c:153:34: warning: ‘rb_data_object_get_warning’ is deprecated: by TypedData [-Wdeprecated-declarations]
  153 |     Data_Get_Struct(self, struct NIO_Monitor, monitor);
      |                                  ^~~~~~~~~~~
/usr/share/rbenv/versions/3.4.1/include/ruby-3.4.0/ruby/internal/cast.h:31:29: note: in definition of macro ‘RBIMPL_CAST’
   31 | # define RBIMPL_CAST(expr) (expr)
      |                             ^~~~
monitor.c:153:5: note: in expansion of macro ‘Data_Get_Struct’
  153 |     Data_Get_Struct(self, struct NIO_Monitor, monitor);
      |     ^~~~~~~~~~~~~~~
In file included from /usr/share/rbenv/versions/3.4.1/include/ruby-3.4.0/ruby/internal/core.h:27,
                 from /usr/share/rbenv/versions/3.4.1/include/ruby-3.4.0/ruby/ruby.h:29,
                 from /usr/share/rbenv/versions/3.4.1/include/ruby-3.4.0/ruby.h:38,
                 from nio4r.h:10,
                 from monitor.c:6:
/usr/share/rbenv/versions/3.4.1/include/ruby-3.4.0/ruby/internal/core/rdata.h:325:1: note: declared here
  325 | rb_data_object_get_warning(VALUE obj)
      | ^~~~~~~~~~~~~~~~~~~~~~~~~~
In file included from /usr/share/rbenv/versions/3.4.1/include/ruby-3.4.0/ruby/internal/assume.h:29,
                 from /usr/share/rbenv/versions/3.4.1/include/ruby-3.4.0/ruby/backward/2/assume.h:24,
                 from /usr/share/rbenv/versions/3.4.1/include/ruby-3.4.0/ruby/defines.h:72,
                 from /usr/share/rbenv/versions/3.4.1/include/ruby-3.4.0/ruby/ruby.h:25,
                 from /usr/share/rbenv/versions/3.4.1/include/ruby-3.4.0/ruby.h:38,
                 from nio4r.h:10,
                 from monitor.c:6:
monitor.c: In function ‘NIO_Monitor_add_interest’:
monitor.c:182:34: warning: ‘rb_data_object_get_warning’ is deprecated: by TypedData [-Wdeprecated-declarations]
  182 |     Data_Get_Struct(self, struct NIO_Monitor, monitor);
      |                                  ^~~~~~~~~~~
/usr/share/rbenv/versions/3.4.1/include/ruby-3.4.0/ruby/internal/cast.h:31:29: note: in definition of macro ‘RBIMPL_CAST’
   31 | # define RBIMPL_CAST(expr) (expr)
      |                             ^~~~
monitor.c:182:5: note: in expansion of macro ‘Data_Get_Struct’
  182 |     Data_Get_Struct(self, struct NIO_Monitor, monitor);
      |     ^~~~~~~~~~~~~~~
In file included from /usr/share/rbenv/versions/3.4.1/include/ruby-3.4.0/ruby/internal/core.h:27,
                 from /usr/share/rbenv/versions/3.4.1/include/ruby-3.4.0/ruby/ruby.h:29,
                 from /usr/share/rbenv/versions/3.4.1/include/ruby-3.4.0/ruby.h:38,
                 from nio4r.h:10,
                 from monitor.c:6:
/usr/share/rbenv/versions/3.4.1/include/ruby-3.4.0/ruby/internal/core/rdata.h:325:1: note: declared here
  325 | rb_data_object_get_warning(VALUE obj)
      | ^~~~~~~~~~~~~~~~~~~~~~~~~~
In file included from /usr/share/rbenv/versions/3.4.1/include/ruby-3.4.0/ruby/internal/assume.h:29,
                 from /usr/share/rbenv/versions/3.4.1/include/ruby-3.4.0/ruby/backward/2/assume.h:24,
                 from /usr/share/rbenv/versions/3.4.1/include/ruby-3.4.0/ruby/defines.h:72,
                 from /usr/share/rbenv/versions/3.4.1/include/ruby-3.4.0/ruby/ruby.h:25,
                 from /usr/share/rbenv/versions/3.4.1/include/ruby-3.4.0/ruby.h:38,
                 from nio4r.h:10,
                 from monitor.c:6:
monitor.c: In function ‘NIO_Monitor_remove_interest’:
monitor.c:193:34: warning: ‘rb_data_object_get_warning’ is deprecated: by TypedData [-Wdeprecated-declarations]
  193 |     Data_Get_Struct(self, struct NIO_Monitor, monitor);
      |                                  ^~~~~~~~~~~
/usr/share/rbenv/versions/3.4.1/include/ruby-3.4.0/ruby/internal/cast.h:31:29: note: in definition of macro ‘RBIMPL_CAST’
   31 | # define RBIMPL_CAST(expr) (expr)
      |                             ^~~~
monitor.c:193:5: note: in expansion of macro ‘Data_Get_Struct’
  193 |     Data_Get_Struct(self, struct NIO_Monitor, monitor);
      |     ^~~~~~~~~~~~~~~
In file included from /usr/share/rbenv/versions/3.4.1/include/ruby-3.4.0/ruby/internal/core.h:27,
                 from /usr/share/rbenv/versions/3.4.1/include/ruby-3.4.0/ruby/ruby.h:29,
                 from /usr/share/rbenv/versions/3.4.1/include/ruby-3.4.0/ruby.h:38,
                 from nio4r.h:10,
                 from monitor.c:6:
/usr/share/rbenv/versions/3.4.1/include/ruby-3.4.0/ruby/internal/core/rdata.h:325:1: note: declared here
  325 | rb_data_object_get_warning(VALUE obj)
      | ^~~~~~~~~~~~~~~~~~~~~~~~~~
In file included from /usr/share/rbenv/versions/3.4.1/include/ruby-3.4.0/ruby/internal/assume.h:29,
                 from /usr/share/rbenv/versions/3.4.1/include/ruby-3.4.0/ruby/backward/2/assume.h:24,
                 from /usr/share/rbenv/versions/3.4.1/include/ruby-3.4.0/ruby/defines.h:72,
                 from /usr/share/rbenv/versions/3.4.1/include/ruby-3.4.0/ruby/ruby.h:25,
                 from /usr/share/rbenv/versions/3.4.1/include/ruby-3.4.0/ruby.h:38,
                 from nio4r.h:10,
                 from monitor.c:6:
monitor.c: In function ‘NIO_Monitor_readiness’:
monitor.c:219:34: warning: ‘rb_data_object_get_warning’ is deprecated: by TypedData [-Wdeprecated-declarations]
  219 |     Data_Get_Struct(self, struct NIO_Monitor, monitor);
      |                                  ^~~~~~~~~~~
/usr/share/rbenv/versions/3.4.1/include/ruby-3.4.0/ruby/internal/cast.h:31:29: note: in definition of macro ‘RBIMPL_CAST’
   31 | # define RBIMPL_CAST(expr) (expr)
      |                             ^~~~
monitor.c:219:5: note: in expansion of macro ‘Data_Get_Struct’
  219 |     Data_Get_Struct(self, struct NIO_Monitor, monitor);
      |     ^~~~~~~~~~~~~~~
In file included from /usr/share/rbenv/versions/3.4.1/include/ruby-3.4.0/ruby/internal/core.h:27,
                 from /usr/share/rbenv/versions/3.4.1/include/ruby-3.4.0/ruby/ruby.h:29,
                 from /usr/share/rbenv/versions/3.4.1/include/ruby-3.4.0/ruby.h:38,
                 from nio4r.h:10,
                 from monitor.c:6:
/usr/share/rbenv/versions/3.4.1/include/ruby-3.4.0/ruby/internal/core/rdata.h:325:1: note: declared here
  325 | rb_data_object_get_warning(VALUE obj)
      | ^~~~~~~~~~~~~~~~~~~~~~~~~~
In file included from /usr/share/rbenv/versions/3.4.1/include/ruby-3.4.0/ruby/internal/assume.h:29,
                 from /usr/share/rbenv/versions/3.4.1/include/ruby-3.4.0/ruby/backward/2/assume.h:24,
                 from /usr/share/rbenv/versions/3.4.1/include/ruby-3.4.0/ruby/defines.h:72,
                 from /usr/share/rbenv/versions/3.4.1/include/ruby-3.4.0/ruby/ruby.h:25,
                 from /usr/share/rbenv/versions/3.4.1/include/ruby-3.4.0/ruby.h:38,
                 from nio4r.h:10,
                 from monitor.c:6:
monitor.c: In function ‘NIO_Monitor_is_readable’:
monitor.c:235:34: warning: ‘rb_data_object_get_warning’ is deprecated: by TypedData [-Wdeprecated-declarations]
  235 |     Data_Get_Struct(self, struct NIO_Monitor, monitor);
      |                                  ^~~~~~~~~~~
/usr/share/rbenv/versions/3.4.1/include/ruby-3.4.0/ruby/internal/cast.h:31:29: note: in definition of macro ‘RBIMPL_CAST’
   31 | # define RBIMPL_CAST(expr) (expr)
      |                             ^~~~
monitor.c:235:5: note: in expansion of macro ‘Data_Get_Struct’
  235 |     Data_Get_Struct(self, struct NIO_Monitor, monitor);
      |     ^~~~~~~~~~~~~~~
In file included from /usr/share/rbenv/versions/3.4.1/include/ruby-3.4.0/ruby/internal/core.h:27,
                 from /usr/share/rbenv/versions/3.4.1/include/ruby-3.4.0/ruby/ruby.h:29,
                 from /usr/share/rbenv/versions/3.4.1/include/ruby-3.4.0/ruby.h:38,
                 from nio4r.h:10,
                 from monitor.c:6:
/usr/share/rbenv/versions/3.4.1/include/ruby-3.4.0/ruby/internal/core/rdata.h:325:1: note: declared here
  325 | rb_data_object_get_warning(VALUE obj)
      | ^~~~~~~~~~~~~~~~~~~~~~~~~~
In file included from /usr/share/rbenv/versions/3.4.1/include/ruby-3.4.0/ruby/internal/assume.h:29,
                 from /usr/share/rbenv/versions/3.4.1/include/ruby-3.4.0/ruby/backward/2/assume.h:24,
                 from /usr/share/rbenv/versions/3.4.1/include/ruby-3.4.0/ruby/defines.h:72,
                 from /usr/share/rbenv/versions/3.4.1/include/ruby-3.4.0/ruby/ruby.h:25,
                 from /usr/share/rbenv/versions/3.4.1/include/ruby-3.4.0/ruby.h:38,
                 from nio4r.h:10,
                 from monitor.c:6:
monitor.c: In function ‘NIO_Monitor_is_writable’:
monitor.c:247:34: warning: ‘rb_data_object_get_warning’ is deprecated: by TypedData [-Wdeprecated-declarations]
  247 |     Data_Get_Struct(self, struct NIO_Monitor, monitor);
      |                                  ^~~~~~~~~~~
/usr/share/rbenv/versions/3.4.1/include/ruby-3.4.0/ruby/internal/cast.h:31:29: note: in definition of macro ‘RBIMPL_CAST’
   31 | # define RBIMPL_CAST(expr) (expr)
      |                             ^~~~
monitor.c:247:5: note: in expansion of macro ‘Data_Get_Struct’
  247 |     Data_Get_Struct(self, struct NIO_Monitor, monitor);
      |     ^~~~~~~~~~~~~~~
In file included from /usr/share/rbenv/versions/3.4.1/include/ruby-3.4.0/ruby/internal/core.h:27,
                 from /usr/share/rbenv/versions/3.4.1/include/ruby-3.4.0/ruby/ruby.h:29,
                 from /usr/share/rbenv/versions/3.4.1/include/ruby-3.4.0/ruby.h:38,
                 from nio4r.h:10,
                 from monitor.c:6:
/usr/share/rbenv/versions/3.4.1/include/ruby-3.4.0/ruby/internal/core/rdata.h:325:1: note: declared here
  325 | rb_data_object_get_warning(VALUE obj)
      | ^~~~~~~~~~~~~~~~~~~~~~~~~~
In file included from /usr/share/rbenv/versions/3.4.1/include/ruby-3.4.0/ruby/internal/assume.h:29,
                 from /usr/share/rbenv/versions/3.4.1/include/ruby-3.4.0/ruby/backward/2/assume.h:24,
                 from /usr/share/rbenv/versions/3.4.1/include/ruby-3.4.0/ruby/defines.h:72,
                 from /usr/share/rbenv/versions/3.4.1/include/ruby-3.4.0/ruby/ruby.h:25,
                 from /usr/share/rbenv/versions/3.4.1/include/ruby-3.4.0/ruby.h:38,
                 from nio4r.h:10,
                 from monitor.c:6:
monitor.c: In function ‘NIO_Monitor_update_interests’:
monitor.c:278:34: warning: ‘rb_data_object_get_warning’ is deprecated: by TypedData [-Wdeprecated-declarations]
  278 |     Data_Get_Struct(self, struct NIO_Monitor, monitor);
      |                                  ^~~~~~~~~~~
/usr/share/rbenv/versions/3.4.1/include/ruby-3.4.0/ruby/internal/cast.h:31:29: note: in definition of macro ‘RBIMPL_CAST’
   31 | # define RBIMPL_CAST(expr) (expr)
      |                             ^~~~
monitor.c:278:5: note: in expansion of macro ‘Data_Get_Struct’
  278 |     Data_Get_Struct(self, struct NIO_Monitor, monitor);
      |     ^~~~~~~~~~~~~~~
In file included from /usr/share/rbenv/versions/3.4.1/include/ruby-3.4.0/ruby/internal/core.h:27,
                 from /usr/share/rbenv/versions/3.4.1/include/ruby-3.4.0/ruby/ruby.h:29,
                 from /usr/share/rbenv/versions/3.4.1/include/ruby-3.4.0/ruby.h:38,
                 from nio4r.h:10,
                 from monitor.c:6:
/usr/share/rbenv/versions/3.4.1/include/ruby-3.4.0/ruby/internal/core/rdata.h:325:1: note: declared here
  325 | rb_data_object_get_warning(VALUE obj)
      | ^~~~~~~~~~~~~~~~~~~~~~~~~~
bytebuffer.c: In function ‘NIO_ByteBuffer_allocate’:
bytebuffer.c:79:5: warning: ‘rb_data_object_wrap_warning’ is deprecated: by TypedData [-Wdeprecated-declarations]
   79 |     return Data_Wrap_Struct(klass, NIO_ByteBuffer_gc_mark, NIO_ByteBuffer_free, bytebuffer);
      |     ^~~~~~
In file included from /usr/share/rbenv/versions/3.4.1/include/ruby-3.4.0/ruby/internal/core.h:27,
                 from /usr/share/rbenv/versions/3.4.1/include/ruby-3.4.0/ruby/ruby.h:29,
                 from /usr/share/rbenv/versions/3.4.1/include/ruby-3.4.0/ruby.h:38,
                 from nio4r.h:10,
                 from bytebuffer.c:1:
/usr/share/rbenv/versions/3.4.1/include/ruby-3.4.0/ruby/internal/core/rdata.h:293:1: note: declared here
  293 | rb_data_object_wrap_warning(VALUE klass, void *ptr, RUBY_DATA_FUNC mark, RUBY_DATA_FUNC free)
      | ^~~~~~~~~~~~~~~~~~~~~~~~~~~
In file included from /usr/share/rbenv/versions/3.4.1/include/ruby-3.4.0/ruby/internal/assume.h:29,
                 from /usr/share/rbenv/versions/3.4.1/include/ruby-3.4.0/ruby/backward/2/assume.h:24,
                 from /usr/share/rbenv/versions/3.4.1/include/ruby-3.4.0/ruby/defines.h:72,
                 from /usr/share/rbenv/versions/3.4.1/include/ruby-3.4.0/ruby/ruby.h:25,
                 from /usr/share/rbenv/versions/3.4.1/include/ruby-3.4.0/ruby.h:38,
                 from nio4r.h:10,
                 from bytebuffer.c:1:
bytebuffer.c: In function ‘NIO_ByteBuffer_initialize’:
bytebuffer.c:96:34: warning: ‘rb_data_object_get_warning’ is deprecated: by TypedData [-Wdeprecated-declarations]
   96 |     Data_Get_Struct(self, struct NIO_ByteBuffer, buffer);
      |                                  ^~~~~~~~~~~~~~
/usr/share/rbenv/versions/3.4.1/include/ruby-3.4.0/ruby/internal/cast.h:31:29: note: in definition of macro ‘RBIMPL_CAST’
   31 | # define RBIMPL_CAST(expr) (expr)
      |                             ^~~~
bytebuffer.c:96:5: note: in expansion of macro ‘Data_Get_Struct’
   96 |     Data_Get_Struct(self, struct NIO_ByteBuffer, buffer);
      |     ^~~~~~~~~~~~~~~
In file included from /usr/share/rbenv/versions/3.4.1/include/ruby-3.4.0/ruby/internal/core.h:27,
                 from /usr/share/rbenv/versions/3.4.1/include/ruby-3.4.0/ruby/ruby.h:29,
                 from /usr/share/rbenv/versions/3.4.1/include/ruby-3.4.0/ruby.h:38,
                 from nio4r.h:10,
                 from bytebuffer.c:1:
/usr/share/rbenv/versions/3.4.1/include/ruby-3.4.0/ruby/internal/core/rdata.h:325:1: note: declared here
  325 | rb_data_object_get_warning(VALUE obj)
      | ^~~~~~~~~~~~~~~~~~~~~~~~~~
In file included from /usr/share/rbenv/versions/3.4.1/include/ruby-3.4.0/ruby/internal/assume.h:29,
                 from /usr/share/rbenv/versions/3.4.1/include/ruby-3.4.0/ruby/backward/2/assume.h:24,
                 from /usr/share/rbenv/versions/3.4.1/include/ruby-3.4.0/ruby/defines.h:72,
                 from /usr/share/rbenv/versions/3.4.1/include/ruby-3.4.0/ruby/ruby.h:25,
                 from /usr/share/rbenv/versions/3.4.1/include/ruby-3.4.0/ruby.h:38,
                 from nio4r.h:10,
                 from bytebuffer.c:1:
bytebuffer.c: In function ‘NIO_ByteBuffer_clear’:
bytebuffer.c:109:34: warning: ‘rb_data_object_get_warning’ is deprecated: by TypedData [-Wdeprecated-declarations]
  109 |     Data_Get_Struct(self, struct NIO_ByteBuffer, buffer);
      |                                  ^~~~~~~~~~~~~~
/usr/share/rbenv/versions/3.4.1/include/ruby-3.4.0/ruby/internal/cast.h:31:29: note: in definition of macro ‘RBIMPL_CAST’
   31 | # define RBIMPL_CAST(expr) (expr)
      |                             ^~~~
bytebuffer.c:109:5: note: in expansion of macro ‘Data_Get_Struct’
  109 |     Data_Get_Struct(self, struct NIO_ByteBuffer, buffer);
      |     ^~~~~~~~~~~~~~~
In file included from /usr/share/rbenv/versions/3.4.1/include/ruby-3.4.0/ruby/internal/core.h:27,
                 from /usr/share/rbenv/versions/3.4.1/include/ruby-3.4.0/ruby/ruby.h:29,
                 from /usr/share/rbenv/versions/3.4.1/include/ruby-3.4.0/ruby.h:38,
                 from nio4r.h:10,
                 from bytebuffer.c:1:
/usr/share/rbenv/versions/3.4.1/include/ruby-3.4.0/ruby/internal/core/rdata.h:325:1: note: declared here
  325 | rb_data_object_get_warning(VALUE obj)
      | ^~~~~~~~~~~~~~~~~~~~~~~~~~
In file included from /usr/share/rbenv/versions/3.4.1/include/ruby-3.4.0/ruby/internal/assume.h:29,
                 from /usr/share/rbenv/versions/3.4.1/include/ruby-3.4.0/ruby/backward/2/assume.h:24,
                 from /usr/share/rbenv/versions/3.4.1/include/ruby-3.4.0/ruby/defines.h:72,
                 from /usr/share/rbenv/versions/3.4.1/include/ruby-3.4.0/ruby/ruby.h:25,
                 from /usr/share/rbenv/versions/3.4.1/include/ruby-3.4.0/ruby.h:38,
                 from nio4r.h:10,
                 from bytebuffer.c:1:
bytebuffer.c: In function ‘NIO_ByteBuffer_get_position’:
In file included from /usr/share/rbenv/versions/3.4.1/include/ruby-3.4.0/ruby/internal/assume.h:29,
                 from /usr/share/rbenv/versions/3.4.1/include/ruby-3.4.0/ruby/backward/2/assume.h:24,
                 from /usr/share/rbenv/versions/3.4.1/include/ruby-3.4.0/ruby/defines.h:72,
                 from /usr/share/rbenv/versions/3.4.1/include/ruby-3.4.0/ruby/ruby.h:25,
                 from /usr/share/rbenv/versions/3.4.1/include/ruby-3.4.0/ruby.h:38,
                 from nio4r.h:10,
                 from selector.c:6:
selector.c: In function ‘NIO_Selector_backend’:
bytebuffer.c:123:34: warning: ‘rb_data_object_get_warning’ is deprecated: by TypedData [-Wdeprecated-declarations]
  123 |     Data_Get_Struct(self, struct NIO_ByteBuffer, buffer);
      |                                  ^~~~~~~~~~~~~~
/usr/share/rbenv/versions/3.4.1/include/ruby-3.4.0/ruby/internal/cast.h:31:29: note: in definition of macro ‘RBIMPL_CAST’
   31 | # define RBIMPL_CAST(expr) (expr)
      |                             ^~~~
bytebuffer.c:123:5: note: in expansion of macro ‘Data_Get_Struct’
  123 |     Data_Get_Struct(self, struct NIO_ByteBuffer, buffer);
      |     ^~~~~~~~~~~~~~~
In file included from /usr/share/rbenv/versions/3.4.1/include/ruby-3.4.0/ruby/internal/core.h:27,
                 from /usr/share/rbenv/versions/3.4.1/include/ruby-3.4.0/ruby/ruby.h:29,
                 from /usr/share/rbenv/versions/3.4.1/include/ruby-3.4.0/ruby.h:38,
                 from nio4r.h:10,
                 from bytebuffer.c:1:
/usr/share/rbenv/versions/3.4.1/include/ruby-3.4.0/ruby/internal/core/rdata.h:325:1: note: declared here
  325 | rb_data_object_get_warning(VALUE obj)
      | ^~~~~~~~~~~~~~~~~~~~~~~~~~
selector.c:262:34: warning: ‘rb_data_object_get_warning’ is deprecated: by TypedData [-Wdeprecated-declarations]
  262 |     Data_Get_Struct(self, struct NIO_Selector, selector);
      |                                  ^~~~~~~~~~~~
/usr/share/rbenv/versions/3.4.1/include/ruby-3.4.0/ruby/internal/cast.h:31:29: note: in definition of macro ‘RBIMPL_CAST’
   31 | # define RBIMPL_CAST(expr) (expr)
      |                             ^~~~
selector.c:262:5: note: in expansion of macro ‘Data_Get_Struct’
  262 |     Data_Get_Struct(self, struct NIO_Selector, selector);
      |     ^~~~~~~~~~~~~~~
In file included from /usr/share/rbenv/versions/3.4.1/include/ruby-3.4.0/ruby/internal/assume.h:29,
                 from /usr/share/rbenv/versions/3.4.1/include/ruby-3.4.0/ruby/backward/2/assume.h:24,
                 from /usr/share/rbenv/versions/3.4.1/include/ruby-3.4.0/ruby/defines.h:72,
                 from /usr/share/rbenv/versions/3.4.1/include/ruby-3.4.0/ruby/ruby.h:25,
                 from /usr/share/rbenv/versions/3.4.1/include/ruby-3.4.0/ruby.h:38,
                 from nio4r.h:10,
                 from bytebuffer.c:1:
bytebuffer.c: In function ‘NIO_ByteBuffer_set_position’:
In file included from /usr/share/rbenv/versions/3.4.1/include/ruby-3.4.0/ruby/internal/core.h:27,
                 from /usr/share/rbenv/versions/3.4.1/include/ruby-3.4.0/ruby/ruby.h:29,
                 from /usr/share/rbenv/versions/3.4.1/include/ruby-3.4.0/ruby.h:38,
                 from nio4r.h:10,
                 from selector.c:6:
/usr/share/rbenv/versions/3.4.1/include/ruby-3.4.0/ruby/internal/core/rdata.h:325:1: note: declared here
  325 | rb_data_object_get_warning(VALUE obj)
      | ^~~~~~~~~~~~~~~~~~~~~~~~~~
bytebuffer.c:132:34: warning: ‘rb_data_object_get_warning’ is deprecated: by TypedData [-Wdeprecated-declarations]
  132 |     Data_Get_Struct(self, struct NIO_ByteBuffer, buffer);
      |                                  ^~~~~~~~~~~~~~
/usr/share/rbenv/versions/3.4.1/include/ruby-3.4.0/ruby/internal/cast.h:31:29: note: in definition of macro ‘RBIMPL_CAST’
   31 | # define RBIMPL_CAST(expr) (expr)
      |                             ^~~~
bytebuffer.c:132:5: note: in expansion of macro ‘Data_Get_Struct’
  132 |     Data_Get_Struct(self, struct NIO_ByteBuffer, buffer);
      |     ^~~~~~~~~~~~~~~
In file included from /usr/share/rbenv/versions/3.4.1/include/ruby-3.4.0/ruby/internal/core.h:27,
                 from /usr/share/rbenv/versions/3.4.1/include/ruby-3.4.0/ruby/ruby.h:29,
                 from /usr/share/rbenv/versions/3.4.1/include/ruby-3.4.0/ruby.h:38,
                 from nio4r.h:10,
                 from bytebuffer.c:1:
/usr/share/rbenv/versions/3.4.1/include/ruby-3.4.0/ruby/internal/core/rdata.h:325:1: note: declared here
  325 | rb_data_object_get_warning(VALUE obj)
      | ^~~~~~~~~~~~~~~~~~~~~~~~~~
In file included from /usr/share/rbenv/versions/3.4.1/include/ruby-3.4.0/ruby/internal/assume.h:29,
                 from /usr/share/rbenv/versions/3.4.1/include/ruby-3.4.0/ruby/backward/2/assume.h:24,
                 from /usr/share/rbenv/versions/3.4.1/include/ruby-3.4.0/ruby/defines.h:72,
                 from /usr/share/rbenv/versions/3.4.1/include/ruby-3.4.0/ruby/ruby.h:25,
                 from /usr/share/rbenv/versions/3.4.1/include/ruby-3.4.0/ruby.h:38,
                 from nio4r.h:10,
                 from bytebuffer.c:1:
bytebuffer.c: In function ‘NIO_ByteBuffer_get_limit’:
bytebuffer.c:156:34: warning: ‘rb_data_object_get_warning’ is deprecated: by TypedData [-Wdeprecated-declarations]
  156 |     Data_Get_Struct(self, struct NIO_ByteBuffer, buffer);
      |                                  ^~~~~~~~~~~~~~
/usr/share/rbenv/versions/3.4.1/include/ruby-3.4.0/ruby/internal/cast.h:31:29: note: in definition of macro ‘RBIMPL_CAST’
   31 | # define RBIMPL_CAST(expr) (expr)
      |                             ^~~~
bytebuffer.c:156:5: note: in expansion of macro ‘Data_Get_Struct’
  156 |     Data_Get_Struct(self, struct NIO_ByteBuffer, buffer);
      |     ^~~~~~~~~~~~~~~
In file included from /usr/share/rbenv/versions/3.4.1/include/ruby-3.4.0/ruby/internal/core.h:27,
                 from /usr/share/rbenv/versions/3.4.1/include/ruby-3.4.0/ruby/ruby.h:29,
                 from /usr/share/rbenv/versions/3.4.1/include/ruby-3.4.0/ruby.h:38,
                 from nio4r.h:10,
                 from bytebuffer.c:1:
/usr/share/rbenv/versions/3.4.1/include/ruby-3.4.0/ruby/internal/core/rdata.h:325:1: note: declared here
  325 | rb_data_object_get_warning(VALUE obj)
      | ^~~~~~~~~~~~~~~~~~~~~~~~~~
In file included from /usr/share/rbenv/versions/3.4.1/include/ruby-3.4.0/ruby/internal/assume.h:29,
                 from /usr/share/rbenv/versions/3.4.1/include/ruby-3.4.0/ruby/backward/2/assume.h:24,
                 from /usr/share/rbenv/versions/3.4.1/include/ruby-3.4.0/ruby/defines.h:72,
                 from /usr/share/rbenv/versions/3.4.1/include/ruby-3.4.0/ruby/ruby.h:25,
                 from /usr/share/rbenv/versions/3.4.1/include/ruby-3.4.0/ruby.h:38,
                 from nio4r.h:10,
                 from bytebuffer.c:1:
bytebuffer.c: In function ‘NIO_ByteBuffer_set_limit’:
bytebuffer.c:165:34: warning: ‘rb_data_object_get_warning’ is deprecated: by TypedData [-Wdeprecated-declarations]
  165 |     Data_Get_Struct(self, struct NIO_ByteBuffer, buffer);
      |                                  ^~~~~~~~~~~~~~
/usr/share/rbenv/versions/3.4.1/include/ruby-3.4.0/ruby/internal/cast.h:31:29: note: in definition of macro ‘RBIMPL_CAST’
   31 | # define RBIMPL_CAST(expr) (expr)
      |                             ^~~~
bytebuffer.c:165:5: note: in expansion of macro ‘Data_Get_Struct’
  165 |     Data_Get_Struct(self, struct NIO_ByteBuffer, buffer);
      |     ^~~~~~~~~~~~~~~
In file included from /usr/share/rbenv/versions/3.4.1/include/ruby-3.4.0/ruby/internal/core.h:27,
                 from /usr/share/rbenv/versions/3.4.1/include/ruby-3.4.0/ruby/ruby.h:29,
                 from /usr/share/rbenv/versions/3.4.1/include/ruby-3.4.0/ruby.h:38,
                 from nio4r.h:10,
                 from bytebuffer.c:1:
/usr/share/rbenv/versions/3.4.1/include/ruby-3.4.0/ruby/internal/core/rdata.h:325:1: note: declared here
  325 | rb_data_object_get_warning(VALUE obj)
      | ^~~~~~~~~~~~~~~~~~~~~~~~~~
selector.c: In function ‘NIO_Selector_synchronize’:
In file included from /usr/share/rbenv/versions/3.4.1/include/ruby-3.4.0/ruby/internal/assume.h:29,
                 from /usr/share/rbenv/versions/3.4.1/include/ruby-3.4.0/ruby/backward/2/assume.h:24,
                 from /usr/share/rbenv/versions/3.4.1/include/ruby-3.4.0/ruby/defines.h:72,
                 from /usr/share/rbenv/versions/3.4.1/include/ruby-3.4.0/ruby/ruby.h:25,
                 from /usr/share/rbenv/versions/3.4.1/include/ruby-3.4.0/ruby.h:38,
                 from nio4r.h:10,
                 from bytebuffer.c:1:
bytebuffer.c: In function ‘NIO_ByteBuffer_capacity’:
bytebuffer.c:193:34: warning: ‘rb_data_object_get_warning’ is deprecated: by TypedData [-Wdeprecated-declarations]
  193 |     Data_Get_Struct(self, struct NIO_ByteBuffer, buffer);
      |                                  ^~~~~~~~~~~~~~
/usr/share/rbenv/versions/3.4.1/include/ruby-3.4.0/ruby/internal/cast.h:31:29: note: in definition of macro ‘RBIMPL_CAST’
   31 | # define RBIMPL_CAST(expr) (expr)
      |                             ^~~~
bytebuffer.c:193:5: note: in expansion of macro ‘Data_Get_Struct’
  193 |     Data_Get_Struct(self, struct NIO_ByteBuffer, buffer);
      |     ^~~~~~~~~~~~~~~
selector.c:301:26: warning: passing argument 1 of ‘rb_ensure’ from incompatible pointer type [-Wincompatible-pointer-types]
  301 |         return rb_ensure(func, (VALUE)args, NIO_Selector_unlock, self);
      |                          ^~~~
      |                          |
      |                          VALUE (*)(VALUE *) {aka long unsigned int (*)(long unsigned int *)}
In file included from /usr/share/rbenv/versions/3.4.1/include/ruby-3.4.0/ruby/internal/core.h:27,
                 from /usr/share/rbenv/versions/3.4.1/include/ruby-3.4.0/ruby/ruby.h:29,
                 from /usr/share/rbenv/versions/3.4.1/include/ruby-3.4.0/ruby.h:38,
                 from nio4r.h:10,
                 from bytebuffer.c:1:
/usr/share/rbenv/versions/3.4.1/include/ruby-3.4.0/ruby/internal/core/rdata.h:325:1: note: declared here
  325 | rb_data_object_get_warning(VALUE obj)
      | ^~~~~~~~~~~~~~~~~~~~~~~~~~
In file included from /usr/share/rbenv/versions/3.4.1/include/ruby-3.4.0/ruby/ruby.h:41,
                 from /usr/share/rbenv/versions/3.4.1/include/ruby-3.4.0/ruby.h:38,
                 from nio4r.h:10,
                 from selector.c:6:
/usr/share/rbenv/versions/3.4.1/include/ruby-3.4.0/ruby/internal/iterator.h:425:25: note: expected ‘VALUE (*)(VALUE)’ {aka ‘long unsigned int (*)(long unsigned int)’} but argument is of type ‘VALUE (*)(VALUE *)’ {aka ‘long unsigned int (*)(long unsigned int *)’}
  425 | VALUE rb_ensure(VALUE (*b_proc)(VALUE), VALUE data1, VALUE (*e_proc)(VALUE), VALUE data2);
      |                 ~~~~~~~~^~~~~~~~~~~~~~
In file included from /usr/share/rbenv/versions/3.4.1/include/ruby-3.4.0/ruby/internal/assume.h:29,
                 from /usr/share/rbenv/versions/3.4.1/include/ruby-3.4.0/ruby/backward/2/assume.h:24,
                 from /usr/share/rbenv/versions/3.4.1/include/ruby-3.4.0/ruby/defines.h:72,
                 from /usr/share/rbenv/versions/3.4.1/include/ruby-3.4.0/ruby/ruby.h:25,
                 from /usr/share/rbenv/versions/3.4.1/include/ruby-3.4.0/ruby.h:38,
                 from nio4r.h:10,
                 from bytebuffer.c:1:
bytebuffer.c: In function ‘NIO_ByteBuffer_remaining’:
bytebuffer.c:201:34: warning: ‘rb_data_object_get_warning’ is deprecated: by TypedData [-Wdeprecated-declarations]
  201 |     Data_Get_Struct(self, struct NIO_ByteBuffer, buffer);
      |                                  ^~~~~~~~~~~~~~
/usr/share/rbenv/versions/3.4.1/include/ruby-3.4.0/ruby/internal/cast.h:31:29: note: in definition of macro ‘RBIMPL_CAST’
   31 | # define RBIMPL_CAST(expr) (expr)
      |                             ^~~~
bytebuffer.c:201:5: note: in expansion of macro ‘Data_Get_Struct’
  201 |     Data_Get_Struct(self, struct NIO_ByteBuffer, buffer);
      |     ^~~~~~~~~~~~~~~
In file included from /usr/share/rbenv/versions/3.4.1/include/ruby-3.4.0/ruby/internal/core.h:27,
                 from /usr/share/rbenv/versions/3.4.1/include/ruby-3.4.0/ruby/ruby.h:29,
                 from /usr/share/rbenv/versions/3.4.1/include/ruby-3.4.0/ruby.h:38,
                 from nio4r.h:10,
                 from bytebuffer.c:1:
/usr/share/rbenv/versions/3.4.1/include/ruby-3.4.0/ruby/internal/core/rdata.h:325:1: note: declared here
  325 | rb_data_object_get_warning(VALUE obj)
      | ^~~~~~~~~~~~~~~~~~~~~~~~~~
In file included from /usr/share/rbenv/versions/3.4.1/include/ruby-3.4.0/ruby/internal/assume.h:29,
                 from /usr/share/rbenv/versions/3.4.1/include/ruby-3.4.0/ruby/backward/2/assume.h:24,
                 from /usr/share/rbenv/versions/3.4.1/include/ruby-3.4.0/ruby/defines.h:72,
                 from /usr/share/rbenv/versions/3.4.1/include/ruby-3.4.0/ruby/ruby.h:25,
                 from /usr/share/rbenv/versions/3.4.1/include/ruby-3.4.0/ruby.h:38,
                 from nio4r.h:10,
                 from bytebuffer.c:1:
bytebuffer.c: In function ‘NIO_ByteBuffer_full’:
bytebuffer.c:209:34: warning: ‘rb_data_object_get_warning’ is deprecated: by TypedData [-Wdeprecated-declarations]
  209 |     Data_Get_Struct(self, struct NIO_ByteBuffer, buffer);
      |                                  ^~~~~~~~~~~~~~
/usr/share/rbenv/versions/3.4.1/include/ruby-3.4.0/ruby/internal/cast.h:31:29: note: in definition of macro ‘RBIMPL_CAST’
   31 | # define RBIMPL_CAST(expr) (expr)
      |                             ^~~~
bytebuffer.c:209:5: note: in expansion of macro ‘Data_Get_Struct’
  209 |     Data_Get_Struct(self, struct NIO_ByteBuffer, buffer);
      |     ^~~~~~~~~~~~~~~
In file included from /usr/share/rbenv/versions/3.4.1/include/ruby-3.4.0/ruby/internal/core.h:27,
                 from /usr/share/rbenv/versions/3.4.1/include/ruby-3.4.0/ruby/ruby.h:29,
                 from /usr/share/rbenv/versions/3.4.1/include/ruby-3.4.0/ruby.h:38,
                 from nio4r.h:10,
                 from bytebuffer.c:1:
/usr/share/rbenv/versions/3.4.1/include/ruby-3.4.0/ruby/internal/core/rdata.h:325:1: note: declared here
  325 | rb_data_object_get_warning(VALUE obj)
      | ^~~~~~~~~~~~~~~~~~~~~~~~~~
In file included from /usr/share/rbenv/versions/3.4.1/include/ruby-3.4.0/ruby/internal/assume.h:29,
                 from /usr/share/rbenv/versions/3.4.1/include/ruby-3.4.0/ruby/backward/2/assume.h:24,
                 from /usr/share/rbenv/versions/3.4.1/include/ruby-3.4.0/ruby/defines.h:72,
                 from /usr/share/rbenv/versions/3.4.1/include/ruby-3.4.0/ruby/ruby.h:25,
                 from /usr/share/rbenv/versions/3.4.1/include/ruby-3.4.0/ruby.h:38,
                 from nio4r.h:10,
                 from bytebuffer.c:1:
bytebuffer.c: In function ‘NIO_ByteBuffer_get’:
In file included from /usr/share/rbenv/versions/3.4.1/include/ruby-3.4.0/ruby/internal/assume.h:29,
                 from /usr/share/rbenv/versions/3.4.1/include/ruby-3.4.0/ruby/backward/2/assume.h:24,
                 from /usr/share/rbenv/versions/3.4.1/include/ruby-3.4.0/ruby/defines.h:72,
                 from /usr/share/rbenv/versions/3.4.1/include/ruby-3.4.0/ruby/ruby.h:25,
                 from /usr/share/rbenv/versions/3.4.1/include/ruby-3.4.0/ruby.h:38,
                 from nio4r.h:10,
                 from selector.c:6:
selector.c: In function ‘NIO_Selector_register_synchronized’:
bytebuffer.c:219:34: warning: ‘rb_data_object_get_warning’ is deprecated: by TypedData [-Wdeprecated-declarations]
  219 |     Data_Get_Struct(self, struct NIO_ByteBuffer, buffer);
      |                                  ^~~~~~~~~~~~~~
/usr/share/rbenv/versions/3.4.1/include/ruby-3.4.0/ruby/internal/cast.h:31:29: note: in definition of macro ‘RBIMPL_CAST’
   31 | # define RBIMPL_CAST(expr) (expr)
      |                             ^~~~
bytebuffer.c:219:5: note: in expansion of macro ‘Data_Get_Struct’
  219 |     Data_Get_Struct(self, struct NIO_ByteBuffer, buffer);
      |     ^~~~~~~~~~~~~~~
In file included from /usr/share/rbenv/versions/3.4.1/include/ruby-3.4.0/ruby/internal/core.h:27,
                 from /usr/share/rbenv/versions/3.4.1/include/ruby-3.4.0/ruby/ruby.h:29,
                 from /usr/share/rbenv/versions/3.4.1/include/ruby-3.4.0/ruby.h:38,
                 from nio4r.h:10,
                 from bytebuffer.c:1:
/usr/share/rbenv/versions/3.4.1/include/ruby-3.4.0/ruby/internal/core/rdata.h:325:1: note: declared here
  325 | rb_data_object_get_warning(VALUE obj)
      | ^~~~~~~~~~~~~~~~~~~~~~~~~~
selector.c:339:34: warning: ‘rb_data_object_get_warning’ is deprecated: by TypedData [-Wdeprecated-declarations]
  339 |     Data_Get_Struct(self, struct NIO_Selector, selector);
      |                                  ^~~~~~~~~~~~
/usr/share/rbenv/versions/3.4.1/include/ruby-3.4.0/ruby/internal/cast.h:31:29: note: in definition of macro ‘RBIMPL_CAST’
   31 | # define RBIMPL_CAST(expr) (expr)
      |                             ^~~~
selector.c:339:5: note: in expansion of macro ‘Data_Get_Struct’
  339 |     Data_Get_Struct(self, struct NIO_Selector, selector);
      |     ^~~~~~~~~~~~~~~
In file included from /usr/share/rbenv/versions/3.4.1/include/ruby-3.4.0/ruby/internal/core.h:27,
                 from /usr/share/rbenv/versions/3.4.1/include/ruby-3.4.0/ruby/ruby.h:29,
                 from /usr/share/rbenv/versions/3.4.1/include/ruby-3.4.0/ruby.h:38,
                 from nio4r.h:10,
                 from selector.c:6:
/usr/share/rbenv/versions/3.4.1/include/ruby-3.4.0/ruby/internal/core/rdata.h:325:1: note: declared here
  325 | rb_data_object_get_warning(VALUE obj)
      | ^~~~~~~~~~~~~~~~~~~~~~~~~~
In file included from /usr/share/rbenv/versions/3.4.1/include/ruby-3.4.0/ruby/internal/assume.h:29,
                 from /usr/share/rbenv/versions/3.4.1/include/ruby-3.4.0/ruby/backward/2/assume.h:24,
                 from /usr/share/rbenv/versions/3.4.1/include/ruby-3.4.0/ruby/defines.h:72,
                 from /usr/share/rbenv/versions/3.4.1/include/ruby-3.4.0/ruby/ruby.h:25,
                 from /usr/share/rbenv/versions/3.4.1/include/ruby-3.4.0/ruby.h:38,
                 from nio4r.h:10,
                 from bytebuffer.c:1:
bytebuffer.c: In function ‘NIO_ByteBuffer_fetch’:
bytebuffer.c:247:34: warning: ‘rb_data_object_get_warning’ is deprecated: by TypedData [-Wdeprecated-declarations]
  247 |     Data_Get_Struct(self, struct NIO_ByteBuffer, buffer);
      |                                  ^~~~~~~~~~~~~~
/usr/share/rbenv/versions/3.4.1/include/ruby-3.4.0/ruby/internal/cast.h:31:29: note: in definition of macro ‘RBIMPL_CAST’
   31 | # define RBIMPL_CAST(expr) (expr)
      |                             ^~~~
bytebuffer.c:247:5: note: in expansion of macro ‘Data_Get_Struct’
  247 |     Data_Get_Struct(self, struct NIO_ByteBuffer, buffer);
      |     ^~~~~~~~~~~~~~~
In file included from /usr/share/rbenv/versions/3.4.1/include/ruby-3.4.0/ruby/internal/core.h:27,
                 from /usr/share/rbenv/versions/3.4.1/include/ruby-3.4.0/ruby/ruby.h:29,
                 from /usr/share/rbenv/versions/3.4.1/include/ruby-3.4.0/ruby.h:38,
                 from nio4r.h:10,
                 from bytebuffer.c:1:
/usr/share/rbenv/versions/3.4.1/include/ruby-3.4.0/ruby/internal/core/rdata.h:325:1: note: declared here
  325 | rb_data_object_get_warning(VALUE obj)
      | ^~~~~~~~~~~~~~~~~~~~~~~~~~
In file included from /usr/share/rbenv/versions/3.4.1/include/ruby-3.4.0/ruby/internal/assume.h:29,
                 from /usr/share/rbenv/versions/3.4.1/include/ruby-3.4.0/ruby/backward/2/assume.h:24,
                 from /usr/share/rbenv/versions/3.4.1/include/ruby-3.4.0/ruby/defines.h:72,
                 from /usr/share/rbenv/versions/3.4.1/include/ruby-3.4.0/ruby/ruby.h:25,
                 from /usr/share/rbenv/versions/3.4.1/include/ruby-3.4.0/ruby.h:38,
                 from nio4r.h:10,
                 from bytebuffer.c:1:
bytebuffer.c: In function ‘NIO_ByteBuffer_put’:
bytebuffer.c:266:34: warning: ‘rb_data_object_get_warning’ is deprecated: by TypedData [-Wdeprecated-declarations]
  266 |     Data_Get_Struct(self, struct NIO_ByteBuffer, buffer);
      |                                  ^~~~~~~~~~~~~~
/usr/share/rbenv/versions/3.4.1/include/ruby-3.4.0/ruby/internal/cast.h:31:29: note: in definition of macro ‘RBIMPL_CAST’
   31 | # define RBIMPL_CAST(expr) (expr)
      |                             ^~~~
bytebuffer.c:266:5: note: in expansion of macro ‘Data_Get_Struct’
  266 |     Data_Get_Struct(self, struct NIO_ByteBuffer, buffer);
      |     ^~~~~~~~~~~~~~~
In file included from /usr/share/rbenv/versions/3.4.1/include/ruby-3.4.0/ruby/internal/core.h:27,
                 from /usr/share/rbenv/versions/3.4.1/include/ruby-3.4.0/ruby/ruby.h:29,
                 from /usr/share/rbenv/versions/3.4.1/include/ruby-3.4.0/ruby.h:38,
                 from nio4r.h:10,
                 from bytebuffer.c:1:
/usr/share/rbenv/versions/3.4.1/include/ruby-3.4.0/ruby/internal/core/rdata.h:325:1: note: declared here
  325 | rb_data_object_get_warning(VALUE obj)
      | ^~~~~~~~~~~~~~~~~~~~~~~~~~
In file included from /usr/share/rbenv/versions/3.4.1/include/ruby-3.4.0/ruby/internal/assume.h:29,
                 from /usr/share/rbenv/versions/3.4.1/include/ruby-3.4.0/ruby/backward/2/assume.h:24,
                 from /usr/share/rbenv/versions/3.4.1/include/ruby-3.4.0/ruby/defines.h:72,
                 from /usr/share/rbenv/versions/3.4.1/include/ruby-3.4.0/ruby/ruby.h:25,
                 from /usr/share/rbenv/versions/3.4.1/include/ruby-3.4.0/ruby.h:38,
                 from nio4r.h:10,
                 from bytebuffer.c:1:
bytebuffer.c: In function ‘NIO_ByteBuffer_read_from’:
bytebuffer.c:287:34: warning: ‘rb_data_object_get_warning’ is deprecated: by TypedData [-Wdeprecated-declarations]
  287 |     Data_Get_Struct(self, struct NIO_ByteBuffer, buffer);
      |                                  ^~~~~~~~~~~~~~
/usr/share/rbenv/versions/3.4.1/include/ruby-3.4.0/ruby/internal/cast.h:31:29: note: in definition of macro ‘RBIMPL_CAST’
   31 | # define RBIMPL_CAST(expr) (expr)
      |                             ^~~~
bytebuffer.c:287:5: note: in expansion of macro ‘Data_Get_Struct’
  287 |     Data_Get_Struct(self, struct NIO_ByteBuffer, buffer);
      |     ^~~~~~~~~~~~~~~
In file included from /usr/share/rbenv/versions/3.4.1/include/ruby-3.4.0/ruby/internal/core.h:27,
                 from /usr/share/rbenv/versions/3.4.1/include/ruby-3.4.0/ruby/ruby.h:29,
                 from /usr/share/rbenv/versions/3.4.1/include/ruby-3.4.0/ruby.h:38,
                 from nio4r.h:10,
                 from bytebuffer.c:1:
/usr/share/rbenv/versions/3.4.1/include/ruby-3.4.0/ruby/internal/core/rdata.h:325:1: note: declared here
  325 | rb_data_object_get_warning(VALUE obj)
      | ^~~~~~~~~~~~~~~~~~~~~~~~~~
bytebuffer.c:296:5: warning: ‘fd’ is deprecated: rb_io_descriptor [-Wdeprecated-declarations]
  296 |     bytes_read = read(FPTR_TO_FD(fptr), buffer->buffer + buffer->position, nbytes);
      |     ^~~~~~~~~~
In file included from nio4r.h:11,
                 from bytebuffer.c:1:
/usr/share/rbenv/versions/3.4.1/include/ruby-3.4.0/ruby/io.h:154:9: note: declared here
  154 |     int fd;
      |         ^~
In file included from /usr/share/rbenv/versions/3.4.1/include/ruby-3.4.0/ruby/internal/assume.h:29,
                 from /usr/share/rbenv/versions/3.4.1/include/ruby-3.4.0/ruby/backward/2/assume.h:24,
                 from /usr/share/rbenv/versions/3.4.1/include/ruby-3.4.0/ruby/defines.h:72,
                 from /usr/share/rbenv/versions/3.4.1/include/ruby-3.4.0/ruby/ruby.h:25,
                 from /usr/share/rbenv/versions/3.4.1/include/ruby-3.4.0/ruby.h:38,
                 from nio4r.h:10,
                 from selector.c:6:
selector.c: In function ‘NIO_Selector_select_synchronized’:
In file included from /usr/share/rbenv/versions/3.4.1/include/ruby-3.4.0/ruby/internal/assume.h:29,
                 from /usr/share/rbenv/versions/3.4.1/include/ruby-3.4.0/ruby/backward/2/assume.h:24,
                 from /usr/share/rbenv/versions/3.4.1/include/ruby-3.4.0/ruby/defines.h:72,
                 from /usr/share/rbenv/versions/3.4.1/include/ruby-3.4.0/ruby/ruby.h:25,
                 from /usr/share/rbenv/versions/3.4.1/include/ruby-3.4.0/ruby.h:38,
                 from nio4r.h:10,
                 from bytebuffer.c:1:
bytebuffer.c: In function ‘NIO_ByteBuffer_write_to’:
selector.c:420:37: warning: ‘rb_data_object_get_warning’ is deprecated: by TypedData [-Wdeprecated-declarations]
  420 |     Data_Get_Struct(args[0], struct NIO_Selector, selector);
      |                                     ^~~~~~~~~~~~
/usr/share/rbenv/versions/3.4.1/include/ruby-3.4.0/ruby/internal/cast.h:31:29: note: in definition of macro ‘RBIMPL_CAST’
   31 | # define RBIMPL_CAST(expr) (expr)
      |                             ^~~~
selector.c:420:5: note: in expansion of macro ‘Data_Get_Struct’
  420 |     Data_Get_Struct(args[0], struct NIO_Selector, selector);
      |     ^~~~~~~~~~~~~~~
In file included from /usr/share/rbenv/versions/3.4.1/include/ruby-3.4.0/ruby/internal/core.h:27,
                 from /usr/share/rbenv/versions/3.4.1/include/ruby-3.4.0/ruby/ruby.h:29,
                 from /usr/share/rbenv/versions/3.4.1/include/ruby-3.4.0/ruby.h:38,
                 from nio4r.h:10,
                 from selector.c:6:
/usr/share/rbenv/versions/3.4.1/include/ruby-3.4.0/ruby/internal/core/rdata.h:325:1: note: declared here
  325 | rb_data_object_get_warning(VALUE obj)
      | ^~~~~~~~~~~~~~~~~~~~~~~~~~
bytebuffer.c:317:34: warning: ‘rb_data_object_get_warning’ is deprecated: by TypedData [-Wdeprecated-declarations]
  317 |     Data_Get_Struct(self, struct NIO_ByteBuffer, buffer);
      |                                  ^~~~~~~~~~~~~~
/usr/share/rbenv/versions/3.4.1/include/ruby-3.4.0/ruby/internal/cast.h:31:29: note: in definition of macro ‘RBIMPL_CAST’
   31 | # define RBIMPL_CAST(expr) (expr)
      |                             ^~~~
bytebuffer.c:317:5: note: in expansion of macro ‘Data_Get_Struct’
  317 |     Data_Get_Struct(self, struct NIO_ByteBuffer, buffer);
      |     ^~~~~~~~~~~~~~~
In file included from /usr/share/rbenv/versions/3.4.1/include/ruby-3.4.0/ruby/internal/core.h:27,
                 from /usr/share/rbenv/versions/3.4.1/include/ruby-3.4.0/ruby/ruby.h:29,
                 from /usr/share/rbenv/versions/3.4.1/include/ruby-3.4.0/ruby.h:38,
                 from nio4r.h:10,
                 from bytebuffer.c:1:
/usr/share/rbenv/versions/3.4.1/include/ruby-3.4.0/ruby/internal/core/rdata.h:325:1: note: declared here
  325 | rb_data_object_get_warning(VALUE obj)
      | ^~~~~~~~~~~~~~~~~~~~~~~~~~
bytebuffer.c:326:5: warning: ‘fd’ is deprecated: rb_io_descriptor [-Wdeprecated-declarations]
  326 |     bytes_written = write(FPTR_TO_FD(fptr), buffer->buffer + buffer->position, nbytes);
      |     ^~~~~~~~~~~~~
In file included from nio4r.h:11,
                 from bytebuffer.c:1:
/usr/share/rbenv/versions/3.4.1/include/ruby-3.4.0/ruby/io.h:154:9: note: declared here
  154 |     int fd;
      |         ^~
In file included from /usr/share/rbenv/versions/3.4.1/include/ruby-3.4.0/ruby/internal/assume.h:29,
                 from /usr/share/rbenv/versions/3.4.1/include/ruby-3.4.0/ruby/backward/2/assume.h:24,
                 from /usr/share/rbenv/versions/3.4.1/include/ruby-3.4.0/ruby/defines.h:72,
                 from /usr/share/rbenv/versions/3.4.1/include/ruby-3.4.0/ruby/ruby.h:25,
                 from /usr/share/rbenv/versions/3.4.1/include/ruby-3.4.0/ruby.h:38,
                 from nio4r.h:10,
                 from selector.c:6:
selector.c: In function ‘NIO_Selector_wakeup’:
In file included from /usr/share/rbenv/versions/3.4.1/include/ruby-3.4.0/ruby/internal/assume.h:29,
                 from /usr/share/rbenv/versions/3.4.1/include/ruby-3.4.0/ruby/backward/2/assume.h:24,
                 from /usr/share/rbenv/versions/3.4.1/include/ruby-3.4.0/ruby/defines.h:72,
                 from /usr/share/rbenv/versions/3.4.1/include/ruby-3.4.0/ruby/ruby.h:25,
                 from /usr/share/rbenv/versions/3.4.1/include/ruby-3.4.0/ruby.h:38,
                 from nio4r.h:10,
                 from bytebuffer.c:1:
bytebuffer.c: In function ‘NIO_ByteBuffer_flip’:
selector.c:492:34: warning: ‘rb_data_object_get_warning’ is deprecated: by TypedData [-Wdeprecated-declarations]
  492 |     Data_Get_Struct(self, struct NIO_Selector, selector);
      |                                  ^~~~~~~~~~~~
/usr/share/rbenv/versions/3.4.1/include/ruby-3.4.0/ruby/internal/cast.h:31:29: note: in definition of macro ‘RBIMPL_CAST’
   31 | # define RBIMPL_CAST(expr) (expr)
      |                             ^~~~
selector.c:492:5: note: in expansion of macro ‘Data_Get_Struct’
  492 |     Data_Get_Struct(self, struct NIO_Selector, selector);
      |     ^~~~~~~~~~~~~~~
bytebuffer.c:344:34: warning: ‘rb_data_object_get_warning’ is deprecated: by TypedData [-Wdeprecated-declarations]
  344 |     Data_Get_Struct(self, struct NIO_ByteBuffer, buffer);
      |                                  ^~~~~~~~~~~~~~
/usr/share/rbenv/versions/3.4.1/include/ruby-3.4.0/ruby/internal/cast.h:31:29: note: in definition of macro ‘RBIMPL_CAST’
   31 | # define RBIMPL_CAST(expr) (expr)
      |                             ^~~~
bytebuffer.c:344:5: note: in expansion of macro ‘Data_Get_Struct’
  344 |     Data_Get_Struct(self, struct NIO_ByteBuffer, buffer);
      |     ^~~~~~~~~~~~~~~
In file included from /usr/share/rbenv/versions/3.4.1/include/ruby-3.4.0/ruby/internal/core.h:27,
                 from /usr/share/rbenv/versions/3.4.1/include/ruby-3.4.0/ruby/ruby.h:29,
                 from /usr/share/rbenv/versions/3.4.1/include/ruby-3.4.0/ruby.h:38,
                 from nio4r.h:10,
                 from selector.c:6:
/usr/share/rbenv/versions/3.4.1/include/ruby-3.4.0/ruby/internal/core/rdata.h:325:1: note: declared here
  325 | rb_data_object_get_warning(VALUE obj)
      | ^~~~~~~~~~~~~~~~~~~~~~~~~~
In file included from /usr/share/rbenv/versions/3.4.1/include/ruby-3.4.0/ruby/internal/core.h:27,
                 from /usr/share/rbenv/versions/3.4.1/include/ruby-3.4.0/ruby/ruby.h:29,
                 from /usr/share/rbenv/versions/3.4.1/include/ruby-3.4.0/ruby.h:38,
                 from nio4r.h:10,
                 from bytebuffer.c:1:
/usr/share/rbenv/versions/3.4.1/include/ruby-3.4.0/ruby/internal/core/rdata.h:325:1: note: declared here
  325 | rb_data_object_get_warning(VALUE obj)
      | ^~~~~~~~~~~~~~~~~~~~~~~~~~
In file included from /usr/share/rbenv/versions/3.4.1/include/ruby-3.4.0/ruby/internal/assume.h:29,
                 from /usr/share/rbenv/versions/3.4.1/include/ruby-3.4.0/ruby/backward/2/assume.h:24,
                 from /usr/share/rbenv/versions/3.4.1/include/ruby-3.4.0/ruby/defines.h:72,
                 from /usr/share/rbenv/versions/3.4.1/include/ruby-3.4.0/ruby/ruby.h:25,
                 from /usr/share/rbenv/versions/3.4.1/include/ruby-3.4.0/ruby.h:38,
                 from nio4r.h:10,
                 from bytebuffer.c:1:
bytebuffer.c: In function ‘NIO_ByteBuffer_rewind’:
bytebuffer.c:356:34: warning: ‘rb_data_object_get_warning’ is deprecated: by TypedData [-Wdeprecated-declarations]
  356 |     Data_Get_Struct(self, struct NIO_ByteBuffer, buffer);
      |                                  ^~~~~~~~~~~~~~
/usr/share/rbenv/versions/3.4.1/include/ruby-3.4.0/ruby/internal/cast.h:31:29: note: in definition of macro ‘RBIMPL_CAST’
   31 | # define RBIMPL_CAST(expr) (expr)
      |                             ^~~~
bytebuffer.c:356:5: note: in expansion of macro ‘Data_Get_Struct’
  356 |     Data_Get_Struct(self, struct NIO_ByteBuffer, buffer);
      |     ^~~~~~~~~~~~~~~
In file included from /usr/share/rbenv/versions/3.4.1/include/ruby-3.4.0/ruby/internal/assume.h:29,
                 from /usr/share/rbenv/versions/3.4.1/include/ruby-3.4.0/ruby/backward/2/assume.h:24,
                 from /usr/share/rbenv/versions/3.4.1/include/ruby-3.4.0/ruby/defines.h:72,
                 from /usr/share/rbenv/versions/3.4.1/include/ruby-3.4.0/ruby/ruby.h:25,
                 from /usr/share/rbenv/versions/3.4.1/include/ruby-3.4.0/ruby.h:38,
                 from nio4r.h:10,
                 from selector.c:6:
selector.c: In function ‘NIO_Selector_close_synchronized’:
In file included from /usr/share/rbenv/versions/3.4.1/include/ruby-3.4.0/ruby/internal/core.h:27,
                 from /usr/share/rbenv/versions/3.4.1/include/ruby-3.4.0/ruby/ruby.h:29,
                 from /usr/share/rbenv/versions/3.4.1/include/ruby-3.4.0/ruby.h:38,
                 from nio4r.h:10,
                 from bytebuffer.c:1:
/usr/share/rbenv/versions/3.4.1/include/ruby-3.4.0/ruby/internal/core/rdata.h:325:1: note: declared here
  325 | rb_data_object_get_warning(VALUE obj)
      | ^~~~~~~~~~~~~~~~~~~~~~~~~~
selector.c:515:34: warning: ‘rb_data_object_get_warning’ is deprecated: by TypedData [-Wdeprecated-declarations]
  515 |     Data_Get_Struct(self, struct NIO_Selector, selector);
      |                                  ^~~~~~~~~~~~
/usr/share/rbenv/versions/3.4.1/include/ruby-3.4.0/ruby/internal/cast.h:31:29: note: in definition of macro ‘RBIMPL_CAST’
   31 | # define RBIMPL_CAST(expr) (expr)
      |                             ^~~~
selector.c:515:5: note: in expansion of macro ‘Data_Get_Struct’
  515 |     Data_Get_Struct(self, struct NIO_Selector, selector);
      |     ^~~~~~~~~~~~~~~
In file included from /usr/share/rbenv/versions/3.4.1/include/ruby-3.4.0/ruby/internal/core.h:27,
                 from /usr/share/rbenv/versions/3.4.1/include/ruby-3.4.0/ruby/ruby.h:29,
                 from /usr/share/rbenv/versions/3.4.1/include/ruby-3.4.0/ruby.h:38,
                 from nio4r.h:10,
                 from selector.c:6:
/usr/share/rbenv/versions/3.4.1/include/ruby-3.4.0/ruby/internal/core/rdata.h:325:1: note: declared here
  325 | rb_data_object_get_warning(VALUE obj)
      | ^~~~~~~~~~~~~~~~~~~~~~~~~~
In file included from /usr/share/rbenv/versions/3.4.1/include/ruby-3.4.0/ruby/internal/assume.h:29,
                 from /usr/share/rbenv/versions/3.4.1/include/ruby-3.4.0/ruby/backward/2/assume.h:24,
                 from /usr/share/rbenv/versions/3.4.1/include/ruby-3.4.0/ruby/defines.h:72,
                 from /usr/share/rbenv/versions/3.4.1/include/ruby-3.4.0/ruby/ruby.h:25,
                 from /usr/share/rbenv/versions/3.4.1/include/ruby-3.4.0/ruby.h:38,
                 from nio4r.h:10,
                 from bytebuffer.c:1:
bytebuffer.c: In function ‘NIO_ByteBuffer_mark’:
bytebuffer.c:367:34: warning: ‘rb_data_object_get_warning’ is deprecated: by TypedData [-Wdeprecated-declarations]
  367 |     Data_Get_Struct(self, struct NIO_ByteBuffer, buffer);
      |                                  ^~~~~~~~~~~~~~
/usr/share/rbenv/versions/3.4.1/include/ruby-3.4.0/ruby/internal/cast.h:31:29: note: in definition of macro ‘RBIMPL_CAST’
   31 | # define RBIMPL_CAST(expr) (expr)
      |                             ^~~~
bytebuffer.c:367:5: note: in expansion of macro ‘Data_Get_Struct’
  367 |     Data_Get_Struct(self, struct NIO_ByteBuffer, buffer);
      |     ^~~~~~~~~~~~~~~
In file included from /usr/share/rbenv/versions/3.4.1/include/ruby-3.4.0/ruby/internal/core.h:27,
                 from /usr/share/rbenv/versions/3.4.1/include/ruby-3.4.0/ruby/ruby.h:29,
                 from /usr/share/rbenv/versions/3.4.1/include/ruby-3.4.0/ruby.h:38,
                 from nio4r.h:10,
                 from bytebuffer.c:1:
/usr/share/rbenv/versions/3.4.1/include/ruby-3.4.0/ruby/internal/core/rdata.h:325:1: note: declared here
  325 | rb_data_object_get_warning(VALUE obj)
      | ^~~~~~~~~~~~~~~~~~~~~~~~~~
In file included from /usr/share/rbenv/versions/3.4.1/include/ruby-3.4.0/ruby/internal/assume.h:29,
                 from /usr/share/rbenv/versions/3.4.1/include/ruby-3.4.0/ruby/backward/2/assume.h:24,
                 from /usr/share/rbenv/versions/3.4.1/include/ruby-3.4.0/ruby/defines.h:72,
                 from /usr/share/rbenv/versions/3.4.1/include/ruby-3.4.0/ruby/ruby.h:25,
                 from /usr/share/rbenv/versions/3.4.1/include/ruby-3.4.0/ruby.h:38,
                 from nio4r.h:10,
                 from selector.c:6:
selector.c: In function ‘NIO_Selector_closed_synchronized’:
selector.c:533:34: warning: ‘rb_data_object_get_warning’ is deprecated: by TypedData [-Wdeprecated-declarations]
  533 |     Data_Get_Struct(self, struct NIO_Selector, selector);
      |                                  ^~~~~~~~~~~~
/usr/share/rbenv/versions/3.4.1/include/ruby-3.4.0/ruby/internal/cast.h:31:29: note: in definition of macro ‘RBIMPL_CAST’
   31 | # define RBIMPL_CAST(expr) (expr)
      |                             ^~~~
selector.c:533:5: note: in expansion of macro ‘Data_Get_Struct’
  533 |     Data_Get_Struct(self, struct NIO_Selector, selector);
      |     ^~~~~~~~~~~~~~~
In file included from /usr/share/rbenv/versions/3.4.1/include/ruby-3.4.0/ruby/internal/assume.h:29,
                 from /usr/share/rbenv/versions/3.4.1/include/ruby-3.4.0/ruby/backward/2/assume.h:24,
                 from /usr/share/rbenv/versions/3.4.1/include/ruby-3.4.0/ruby/defines.h:72,
                 from /usr/share/rbenv/versions/3.4.1/include/ruby-3.4.0/ruby/ruby.h:25,
                 from /usr/share/rbenv/versions/3.4.1/include/ruby-3.4.0/ruby.h:38,
                 from nio4r.h:10,
                 from bytebuffer.c:1:
bytebuffer.c: In function ‘NIO_ByteBuffer_reset’:
In file included from /usr/share/rbenv/versions/3.4.1/include/ruby-3.4.0/ruby/internal/core.h:27,
                 from /usr/share/rbenv/versions/3.4.1/include/ruby-3.4.0/ruby/ruby.h:29,
                 from /usr/share/rbenv/versions/3.4.1/include/ruby-3.4.0/ruby.h:38,
                 from nio4r.h:10,
                 from selector.c:6:
/usr/share/rbenv/versions/3.4.1/include/ruby-3.4.0/ruby/internal/core/rdata.h:325:1: note: declared here
  325 | rb_data_object_get_warning(VALUE obj)
      | ^~~~~~~~~~~~~~~~~~~~~~~~~~
bytebuffer.c:376:34: warning: ‘rb_data_object_get_warning’ is deprecated: by TypedData [-Wdeprecated-declarations]
  376 |     Data_Get_Struct(self, struct NIO_ByteBuffer, buffer);
      |                                  ^~~~~~~~~~~~~~
/usr/share/rbenv/versions/3.4.1/include/ruby-3.4.0/ruby/internal/cast.h:31:29: note: in definition of macro ‘RBIMPL_CAST’
   31 | # define RBIMPL_CAST(expr) (expr)
      |                             ^~~~
bytebuffer.c:376:5: note: in expansion of macro ‘Data_Get_Struct’
  376 |     Data_Get_Struct(self, struct NIO_ByteBuffer, buffer);
      |     ^~~~~~~~~~~~~~~
In file included from /usr/share/rbenv/versions/3.4.1/include/ruby-3.4.0/ruby/internal/core.h:27,
                 from /usr/share/rbenv/versions/3.4.1/include/ruby-3.4.0/ruby/ruby.h:29,
                 from /usr/share/rbenv/versions/3.4.1/include/ruby-3.4.0/ruby.h:38,
                 from nio4r.h:10,
                 from bytebuffer.c:1:
/usr/share/rbenv/versions/3.4.1/include/ruby-3.4.0/ruby/internal/core/rdata.h:325:1: note: declared here
  325 | rb_data_object_get_warning(VALUE obj)
      | ^~~~~~~~~~~~~~~~~~~~~~~~~~
In file included from /usr/share/rbenv/versions/3.4.1/include/ruby-3.4.0/ruby/internal/assume.h:29,
                 from /usr/share/rbenv/versions/3.4.1/include/ruby-3.4.0/ruby/backward/2/assume.h:24,
                 from /usr/share/rbenv/versions/3.4.1/include/ruby-3.4.0/ruby/defines.h:72,
                 from /usr/share/rbenv/versions/3.4.1/include/ruby-3.4.0/ruby/ruby.h:25,
                 from /usr/share/rbenv/versions/3.4.1/include/ruby-3.4.0/ruby.h:38,
                 from nio4r.h:10,
                 from bytebuffer.c:1:
bytebuffer.c: In function ‘NIO_ByteBuffer_compact’:
bytebuffer.c:390:34: warning: ‘rb_data_object_get_warning’ is deprecated: by TypedData [-Wdeprecated-declarations]
  390 |     Data_Get_Struct(self, struct NIO_ByteBuffer, buffer);
      |                                  ^~~~~~~~~~~~~~
/usr/share/rbenv/versions/3.4.1/include/ruby-3.4.0/ruby/internal/cast.h:31:29: note: in definition of macro ‘RBIMPL_CAST’
   31 | # define RBIMPL_CAST(expr) (expr)
      |                             ^~~~
bytebuffer.c:390:5: note: in expansion of macro ‘Data_Get_Struct’
  390 |     Data_Get_Struct(self, struct NIO_ByteBuffer, buffer);
      |     ^~~~~~~~~~~~~~~
In file included from /usr/share/rbenv/versions/3.4.1/include/ruby-3.4.0/ruby/internal/core.h:27,
                 from /usr/share/rbenv/versions/3.4.1/include/ruby-3.4.0/ruby/ruby.h:29,
                 from /usr/share/rbenv/versions/3.4.1/include/ruby-3.4.0/ruby.h:38,
                 from nio4r.h:10,
                 from bytebuffer.c:1:
/usr/share/rbenv/versions/3.4.1/include/ruby-3.4.0/ruby/internal/core/rdata.h:325:1: note: declared here
  325 | rb_data_object_get_warning(VALUE obj)
      | ^~~~~~~~~~~~~~~~~~~~~~~~~~
In file included from /usr/share/rbenv/versions/3.4.1/include/ruby-3.4.0/ruby/internal/assume.h:29,
                 from /usr/share/rbenv/versions/3.4.1/include/ruby-3.4.0/ruby/backward/2/assume.h:24,
                 from /usr/share/rbenv/versions/3.4.1/include/ruby-3.4.0/ruby/defines.h:72,
                 from /usr/share/rbenv/versions/3.4.1/include/ruby-3.4.0/ruby/ruby.h:25,
                 from /usr/share/rbenv/versions/3.4.1/include/ruby-3.4.0/ruby.h:38,
                 from nio4r.h:10,
                 from bytebuffer.c:1:
bytebuffer.c: In function ‘NIO_ByteBuffer_each’:
bytebuffer.c:403:34: warning: ‘rb_data_object_get_warning’ is deprecated: by TypedData [-Wdeprecated-declarations]
  403 |     Data_Get_Struct(self, struct NIO_ByteBuffer, buffer);
      |                                  ^~~~~~~~~~~~~~
/usr/share/rbenv/versions/3.4.1/include/ruby-3.4.0/ruby/internal/cast.h:31:29: note: in definition of macro ‘RBIMPL_CAST’
   31 | # define RBIMPL_CAST(expr) (expr)
      |                             ^~~~
bytebuffer.c:403:5: note: in expansion of macro ‘Data_Get_Struct’
  403 |     Data_Get_Struct(self, struct NIO_ByteBuffer, buffer);
      |     ^~~~~~~~~~~~~~~
In file included from /usr/share/rbenv/versions/3.4.1/include/ruby-3.4.0/ruby/internal/core.h:27,
                 from /usr/share/rbenv/versions/3.4.1/include/ruby-3.4.0/ruby/ruby.h:29,
                 from /usr/share/rbenv/versions/3.4.1/include/ruby-3.4.0/ruby.h:38,
                 from nio4r.h:10,
                 from bytebuffer.c:1:
/usr/share/rbenv/versions/3.4.1/include/ruby-3.4.0/ruby/internal/core/rdata.h:325:1: note: declared here
  325 | rb_data_object_get_warning(VALUE obj)
      | ^~~~~~~~~~~~~~~~~~~~~~~~~~
In file included from /usr/share/rbenv/versions/3.4.1/include/ruby-3.4.0/ruby/internal/assume.h:29,
                 from /usr/share/rbenv/versions/3.4.1/include/ruby-3.4.0/ruby/backward/2/assume.h:24,
                 from /usr/share/rbenv/versions/3.4.1/include/ruby-3.4.0/ruby/defines.h:72,
                 from /usr/share/rbenv/versions/3.4.1/include/ruby-3.4.0/ruby/ruby.h:25,
                 from /usr/share/rbenv/versions/3.4.1/include/ruby-3.4.0/ruby.h:38,
                 from nio4r.h:10,
                 from bytebuffer.c:1:
bytebuffer.c: In function ‘NIO_ByteBuffer_inspect’:
bytebuffer.c:419:34: warning: ‘rb_data_object_get_warning’ is deprecated: by TypedData [-Wdeprecated-declarations]
  419 |     Data_Get_Struct(self, struct NIO_ByteBuffer, buffer);
      |                                  ^~~~~~~~~~~~~~
/usr/share/rbenv/versions/3.4.1/include/ruby-3.4.0/ruby/internal/cast.h:31:29: note: in definition of macro ‘RBIMPL_CAST’
   31 | # define RBIMPL_CAST(expr) (expr)
      |                             ^~~~
bytebuffer.c:419:5: note: in expansion of macro ‘Data_Get_Struct’
  419 |     Data_Get_Struct(self, struct NIO_ByteBuffer, buffer);
      |     ^~~~~~~~~~~~~~~
In file included from /usr/share/rbenv/versions/3.4.1/include/ruby-3.4.0/ruby/internal/core.h:27,
                 from /usr/share/rbenv/versions/3.4.1/include/ruby-3.4.0/ruby/ruby.h:29,
                 from /usr/share/rbenv/versions/3.4.1/include/ruby-3.4.0/ruby.h:38,
                 from nio4r.h:10,
                 from bytebuffer.c:1:
/usr/share/rbenv/versions/3.4.1/include/ruby-3.4.0/ruby/internal/core/rdata.h:325:1: note: declared here
  325 | rb_data_object_get_warning(VALUE obj)
      | ^~~~~~~~~~~~~~~~~~~~~~~~~~
selector.c: In function ‘NIO_Selector_wakeup’:
selector.c:499:5: warning: ignoring return value of ‘write’, declared with attribute warn_unused_result [-Wunused-result]
  499 |     write(selector->wakeup_writer, "\0", 1);
      |     ^~~~~~~~~~~~~~~~~~~~~~~~~~~~~~~~~~~~~~~
../libev/ev.c: In function ‘evpipe_write’:
../libev/ev.c:2798:11: warning: ignoring return value of ‘write’, declared with attribute warn_unused_result [-Wunused-result]
 2798 |           write (evpipe [1], &counter, sizeof (uint64_t));
      |           ^~~~~~~~~~~~~~~~~~~~~~~~~~~~~~~~~~~~~~~~~~~~~~~
../libev/ev.c:2810:11: warning: ignoring return value of ‘write’, declared with attribute warn_unused_result [-Wunused-result]
 2810 |           write (evpipe [1], &(evpipe [1]), 1);
      |           ^~~~~~~~~~~~~~~~~~~~~~~~~~~~~~~~~~~~
../libev/ev.c: In function ‘pipecb’:
../libev/ev.c:2831:11: warning: ignoring return value of ‘read’, declared with attribute warn_unused_result [-Wunused-result]
 2831 |           read (evpipe [1], &counter, sizeof (uint64_t));
      |           ^~~~~~~~~~~~~~~~~~~~~~~~~~~~~~~~~~~~~~~~~~~~~~
../libev/ev.c:2845:11: warning: ignoring return value of ‘read’, declared with attribute warn_unused_result [-Wunused-result]
 2845 |           read (evpipe [0], &dummy, sizeof (dummy));
      |           ^~~~~~~~~~~~~~~~~~~~~~~~~~~~~~~~~~~~~~~~~
linking shared-object nio4r_ext.so

current directory: /github/vendor/gems/3.4.1/ruby/3.4.0/gems/nio4r-2.5.8/ext/nio4r
make -j16 DESTDIR\= sitearchdir\=./.gem.20250509-147-ob78l9 sitelibdir\=./.gem.20250509-147-ob78l9 install
/usr/bin/install -c -m 0755 nio4r_ext.so ./.gem.20250509-147-ob78l9

current directory: /github/vendor/gems/3.4.1/ruby/3.4.0/gems/nio4r-2.5.8/ext/nio4r
make -j16 DESTDIR\= sitearchdir\=./.gem.20250509-147-ob78l9 sitelibdir\=./.gem.20250509-147-ob78l9 clean
