current directory: /github/vendor/gems/3.3.6/ruby/3.3.0/gems/re2-2.14.0/ext/re2
/usr/share/rbenv/versions/3.3.6/bin/ruby extconf.rb
Building re2 using packaged libraries.
Cross build is disabled.
---------- IMPORTANT NOTICE ----------
Building re2 with a packaged version of abseil-20240722.0.
Configuration options: -DCMAKE_SYSTEM_NAME\=Linux -DCMAKE_SYSTEM_PROCESSOR\=x86_64 -DCMAKE_C_COMPILER\=gcc -DCMAKE_CXX_COMPILER\=g++ -DCMAKE_BUILD_TYPE\=Release -DCMAKE_CXX_STANDARD\=14 -DCMAKE_POSITION_INDEPENDENT_CODE\=ON -DCMAKE_INSTALL_LIBDIR\=lib -DCMAKE_CXX_VISIBILITY_PRESET\=hidden -DABSL_PROPAGATE_CXX_STD\=ON
Extracting 20240722.0.tar.gz into tmp/x86_64-pc-linux/ports/abseil/20240722.0... OK
Running 'configure' for abseil 20240722.0... OK
Running 'compile' for abseil 20240722.0... OK
Running 'install' for abseil 20240722.0... OK
Cross build is disabled.
---------- IMPORTANT NOTICE ----------
Building re2 with a packaged version of libre2-2024-07-02.
Configuration options: -DCMAKE_SYSTEM_NAME\=Linux -DCMAKE_SYSTEM_PROCESSOR\=x86_64 -DCMAKE_C_COMPILER\=gcc -DCMAKE_CXX_COMPILER\=g++ -DCMAKE_BUILD_TYPE\=Release -DCMAKE_CXX_STANDARD\=14 -DCMAKE_POSITION_INDEPENDENT_CODE\=ON -DCMAKE_INSTALL_LIBDIR\=lib -DCMAKE_CXX_VISIBILITY_PRESET\=hidden -DCMAKE_PREFIX_PATH\=/github/vendor/gems/3.3.6/ruby/3.3.0/gems/re2-2.14.0/ports/x86_64-pc-linux/abseil/20240722.0 -DCMAKE_CXX_FLAGS\=-DNDEBUG
Extracting re2-2024-07-02.tar.gz into tmp/x86_64-pc-linux/ports/libre2/2024-07-02... OK
Running 'configure' for libre2 2024-07-02... OK
Running 'compile' for libre2 2024-07-02... OK
Running 'install' for libre2 2024-07-02... OK
checking for whether -pthread is accepted as LDFLAGS... yes
checking for -lstdc++... yes
checking for stdint.h... yes
checking for rb_gc_mark_movable()... yes
checking for re2 that requires explicit C++ version flag... no
checking for RE2::Match() with endpos argument... yes
checking for RE2::Set::Match() with error information... yes
creating Makefile

current directory: /github/vendor/gems/3.3.6/ruby/3.3.0/gems/re2-2.14.0/ext/re2
make DESTDIR\= sitearchdir\=./.gem.20250416-113-psns17 sitelibdir\=./.gem.20250416-113-psns17 clean

current directory: /github/vendor/gems/3.3.6/ruby/3.3.0/gems/re2-2.14.0/ext/re2
make DESTDIR\= sitearchdir\=./.gem.20250416-113-psns17 sitelibdir\=./.gem.20250416-113-psns17
compiling re2.cc
In file included from /usr/share/rbenv/versions/3.3.6/include/ruby-3.3.0/ruby/encoding.h:22,
                 from re2.cc:21:
/usr/share/rbenv/versions/3.3.6/include/ruby-3.3.0/ruby/internal/encoding/ctype.h: In function ‘bool rb_enc_isascii(OnigCodePoint, rb_encoding*)’:
/usr/share/rbenv/versions/3.3.6/include/ruby-3.3.0/ruby/internal/encoding/ctype.h:82:46: warning: unused parameter ‘enc’ [-Wunused-parameter]
   82 | rb_enc_isascii(OnigCodePoint c, rb_encoding *enc)
      |                                 ~~~~~~~~~~~~~^~~
linking shared-object re2.so

current directory: /github/vendor/gems/3.3.6/ruby/3.3.0/gems/re2-2.14.0/ext/re2
make DESTDIR\= sitearchdir\=./.gem.20250416-113-psns17 sitelibdir\=./.gem.20250416-113-psns17 install
/usr/bin/install -c -m 0755 re2.so ./.gem.20250416-113-psns17

current directory: /github/vendor/gems/3.3.6/ruby/3.3.0/gems/re2-2.14.0/ext/re2
make DESTDIR\= sitearchdir\=./.gem.20250416-113-psns17 sitelibdir\=./.gem.20250416-113-psns17 clean
