current directory: /github/vendor/gems/3.4.4/ruby/3.4.0/gems/redcarpet-3.6.0/ext/redcarpet
/usr/share/rbenv/versions/3.4.4/bin/ruby extconf.rb
creating Makefile

current directory: /github/vendor/gems/3.4.4/ruby/3.4.0/gems/redcarpet-3.6.0/ext/redcarpet
make -j16 DESTDIR\= sitearchdir\=./.gem.20250619-147-k0wla5 sitelibdir\=./.gem.20250619-147-k0wla5 clean

current directory: /github/vendor/gems/3.4.4/ruby/3.4.0/gems/redcarpet-3.6.0/ext/redcarpet
make -j16 DESTDIR\= sitearchdir\=./.gem.20250619-147-k0wla5 sitelibdir\=./.gem.20250619-147-k0wla5
compiling autolink.c
compiling buffer.c
compiling houdini_href_e.c
compiling houdini_html_e.c
compiling html.c
compiling html_smartypants.c
compiling markdown.c
compiling rc_markdown.c
compiling rc_render.c
compiling stack.c
buffer.c: In function ‘bufcstr’:
buffer.c:111:45: warning: passing argument 1 of ‘bufgrow’ discards ‘const’ qualifier from pointer target type [-Wdiscarded-qualifiers]
  111 |  if (buf->size + 1 <= buf->asize || bufgrow(buf, buf->size + 1) == BUF_OK) {
      |                                             ^~~
buffer.c:60:21: note: expected ‘struct buf *’ but argument is of type ‘const struct buf *’
   60 | bufgrow(struct buf *buf, size_t neosz)
      |         ~~~~~~~~~~~~^~~
markdown.c: In function ‘sd_markdown_render’:
markdown.c:2867:52: warning: passing argument 1 of ‘is_codefence’ discards ‘const’ qualifier from pointer target type [-Wdiscarded-qualifiers]
 2867 |   if (codefences_enabled && (is_codefence(document + beg, doc_size - beg, &fence_delim, NULL) != 0))
      |                                           ~~~~~~~~~^~~~~
markdown.c:1402:23: note: expected ‘uint8_t *’ {aka ‘unsigned char *’} but argument is of type ‘const uint8_t *’ {aka ‘const unsigned char *’}
 1402 | is_codefence(uint8_t *data, size_t size, struct buf *curdelim, struct buf *syntax)
      |              ~~~~~~~~~^~~~
In file included from /usr/share/rbenv/versions/3.4.4/include/ruby-3.4.0/ruby/internal/assume.h:29,
                 from /usr/share/rbenv/versions/3.4.4/include/ruby-3.4.0/ruby/backward/2/assume.h:24,
                 from /usr/share/rbenv/versions/3.4.4/include/ruby-3.4.0/ruby/defines.h:72,
                 from /usr/share/rbenv/versions/3.4.4/include/ruby-3.4.0/ruby/ruby.h:25,
                 from /usr/share/rbenv/versions/3.4.4/include/ruby-3.4.0/ruby.h:38,
                 from redcarpet.h:27,
                 from rc_markdown.c:23:
rc_markdown.c: In function ‘rb_redcarpet_md__new’:
rc_markdown.c:114:34: warning: ‘rb_data_object_get_warning’ is deprecated: by TypedData [-Wdeprecated-declarations]
  114 |  Data_Get_Struct(rb_rndr, struct rb_redcarpet_rndr, rndr);
      |                                  ^~~~~~~~~~~~~~~~~
/usr/share/rbenv/versions/3.4.4/include/ruby-3.4.0/ruby/internal/cast.h:31:29: note: in definition of macro ‘RBIMPL_CAST’
   31 | # define RBIMPL_CAST(expr) (expr)
      |                             ^~~~
rc_markdown.c:114:2: note: in expansion of macro ‘Data_Get_Struct’
  114 |  Data_Get_Struct(rb_rndr, struct rb_redcarpet_rndr, rndr);
      |  ^~~~~~~~~~~~~~~
In file included from /usr/share/rbenv/versions/3.4.4/include/ruby-3.4.0/ruby/internal/core.h:27,
                 from /usr/share/rbenv/versions/3.4.4/include/ruby-3.4.0/ruby/ruby.h:29,
                 from /usr/share/rbenv/versions/3.4.4/include/ruby-3.4.0/ruby.h:38,
                 from redcarpet.h:27,
                 from rc_markdown.c:23:
/usr/share/rbenv/versions/3.4.4/include/ruby-3.4.0/ruby/internal/core/rdata.h:325:1: note: declared here
  325 | rb_data_object_get_warning(VALUE obj)
      | ^~~~~~~~~~~~~~~~~~~~~~~~~~
rc_markdown.c:126:2: warning: ‘rb_data_object_wrap_warning’ is deprecated: by TypedData [-Wdeprecated-declarations]
  126 |  rb_markdown = Data_Wrap_Struct(klass, NULL, rb_redcarpet_md__free, markdown);
      |  ^~~~~~~~~~~
In file included from /usr/share/rbenv/versions/3.4.4/include/ruby-3.4.0/ruby/internal/core.h:27,
                 from /usr/share/rbenv/versions/3.4.4/include/ruby-3.4.0/ruby/ruby.h:29,
                 from /usr/share/rbenv/versions/3.4.4/include/ruby-3.4.0/ruby.h:38,
                 from redcarpet.h:27,
                 from rc_markdown.c:23:
/usr/share/rbenv/versions/3.4.4/include/ruby-3.4.0/ruby/internal/core/rdata.h:293:1: note: declared here
  293 | rb_data_object_wrap_warning(VALUE klass, void *ptr, RUBY_DATA_FUNC mark, RUBY_DATA_FUNC free)
      | ^~~~~~~~~~~~~~~~~~~~~~~~~~~
In file included from /usr/share/rbenv/versions/3.4.4/include/ruby-3.4.0/ruby/internal/assume.h:29,
                 from /usr/share/rbenv/versions/3.4.4/include/ruby-3.4.0/ruby/backward/2/assume.h:24,
                 from /usr/share/rbenv/versions/3.4.4/include/ruby-3.4.0/ruby/defines.h:72,
                 from /usr/share/rbenv/versions/3.4.4/include/ruby-3.4.0/ruby/ruby.h:25,
                 from /usr/share/rbenv/versions/3.4.4/include/ruby-3.4.0/ruby.h:38,
                 from redcarpet.h:27,
                 from rc_markdown.c:23:
rc_markdown.c: In function ‘rb_redcarpet_md_render’:
rc_markdown.c:141:31: warning: ‘rb_data_object_get_warning’ is deprecated: by TypedData [-Wdeprecated-declarations]
  141 |  Data_Get_Struct(self, struct sd_markdown, markdown);
      |                               ^~~~~~~~~~~
/usr/share/rbenv/versions/3.4.4/include/ruby-3.4.0/ruby/internal/cast.h:31:29: note: in definition of macro ‘RBIMPL_CAST’
   31 | # define RBIMPL_CAST(expr) (expr)
      |                             ^~~~
rc_markdown.c:141:2: note: in expansion of macro ‘Data_Get_Struct’
  141 |  Data_Get_Struct(self, struct sd_markdown, markdown);
      |  ^~~~~~~~~~~~~~~
In file included from /usr/share/rbenv/versions/3.4.4/include/ruby-3.4.0/ruby/internal/core.h:27,
                 from /usr/share/rbenv/versions/3.4.4/include/ruby-3.4.0/ruby/ruby.h:29,
                 from /usr/share/rbenv/versions/3.4.4/include/ruby-3.4.0/ruby.h:38,
                 from redcarpet.h:27,
                 from rc_markdown.c:23:
/usr/share/rbenv/versions/3.4.4/include/ruby-3.4.0/ruby/internal/core/rdata.h:325:1: note: declared here
  325 | rb_data_object_get_warning(VALUE obj)
      | ^~~~~~~~~~~~~~~~~~~~~~~~~~
In file included from /usr/share/rbenv/versions/3.4.4/include/ruby-3.4.0/ruby/internal/assume.h:29,
                 from /usr/share/rbenv/versions/3.4.4/include/ruby-3.4.0/ruby/backward/2/assume.h:24,
                 from /usr/share/rbenv/versions/3.4.4/include/ruby-3.4.0/ruby/defines.h:72,
                 from /usr/share/rbenv/versions/3.4.4/include/ruby-3.4.0/ruby/ruby.h:25,
                 from /usr/share/rbenv/versions/3.4.4/include/ruby-3.4.0/ruby.h:38,
                 from redcarpet.h:27,
                 from rc_markdown.c:23:
rc_markdown.c:149:34: warning: ‘rb_data_object_get_warning’ is deprecated: by TypedData [-Wdeprecated-declarations]
  149 |  Data_Get_Struct(rb_rndr, struct rb_redcarpet_rndr, renderer);
      |                                  ^~~~~~~~~~~~~~~~~
/usr/share/rbenv/versions/3.4.4/include/ruby-3.4.0/ruby/internal/cast.h:31:29: note: in definition of macro ‘RBIMPL_CAST’
   31 | # define RBIMPL_CAST(expr) (expr)
      |                             ^~~~
rc_markdown.c:149:2: note: in expansion of macro ‘Data_Get_Struct’
  149 |  Data_Get_Struct(rb_rndr, struct rb_redcarpet_rndr, renderer);
      |  ^~~~~~~~~~~~~~~
In file included from /usr/share/rbenv/versions/3.4.4/include/ruby-3.4.0/ruby/internal/core.h:27,
                 from /usr/share/rbenv/versions/3.4.4/include/ruby-3.4.0/ruby/ruby.h:29,
                 from /usr/share/rbenv/versions/3.4.4/include/ruby-3.4.0/ruby.h:38,
                 from redcarpet.h:27,
                 from rc_markdown.c:23:
/usr/share/rbenv/versions/3.4.4/include/ruby-3.4.0/ruby/internal/core/rdata.h:325:1: note: declared here
  325 | rb_data_object_get_warning(VALUE obj)
      | ^~~~~~~~~~~~~~~~~~~~~~~~~~
In file included from /usr/share/rbenv/versions/3.4.4/include/ruby-3.4.0/ruby/internal/assume.h:29,
                 from /usr/share/rbenv/versions/3.4.4/include/ruby-3.4.0/ruby/backward/2/assume.h:24,
                 from /usr/share/rbenv/versions/3.4.4/include/ruby-3.4.0/ruby/defines.h:72,
                 from /usr/share/rbenv/versions/3.4.4/include/ruby-3.4.0/ruby/ruby.h:25,
                 from /usr/share/rbenv/versions/3.4.4/include/ruby-3.4.0/ruby.h:38,
                 from redcarpet.h:27,
                 from rc_render.c:23:
rc_render.c: In function ‘rndr_link_attributes’:
rc_render.c:308:36: warning: ‘rb_data_object_get_warning’ is deprecated: by TypedData [-Wdeprecated-declarations]
  308 |  Data_Get_Struct(opt->self, struct rb_redcarpet_rndr, rndr);
      |                                    ^~~~~~~~~~~~~~~~~
/usr/share/rbenv/versions/3.4.4/include/ruby-3.4.0/ruby/internal/cast.h:31:29: note: in definition of macro ‘RBIMPL_CAST’
   31 | # define RBIMPL_CAST(expr) (expr)
      |                             ^~~~
rc_render.c:308:2: note: in expansion of macro ‘Data_Get_Struct’
  308 |  Data_Get_Struct(opt->self, struct rb_redcarpet_rndr, rndr);
      |  ^~~~~~~~~~~~~~~
In file included from /usr/share/rbenv/versions/3.4.4/include/ruby-3.4.0/ruby/internal/core.h:27,
                 from /usr/share/rbenv/versions/3.4.4/include/ruby-3.4.0/ruby/ruby.h:29,
                 from /usr/share/rbenv/versions/3.4.4/include/ruby-3.4.0/ruby.h:38,
                 from redcarpet.h:27,
                 from rc_render.c:23:
/usr/share/rbenv/versions/3.4.4/include/ruby-3.4.0/ruby/internal/core/rdata.h:325:1: note: declared here
  325 | rb_data_object_get_warning(VALUE obj)
      | ^~~~~~~~~~~~~~~~~~~~~~~~~~
rc_render.c: In function ‘rb_redcarpet_rbase_alloc’:
rc_render.c:406:2: warning: ‘rb_data_object_wrap_warning’ is deprecated: by TypedData [-Wdeprecated-declarations]
  406 |  return Data_Wrap_Struct(klass, rb_redcarpet_rbase_mark, rndr_deallocate, rndr);
      |  ^~~~~~
In file included from /usr/share/rbenv/versions/3.4.4/include/ruby-3.4.0/ruby/internal/core.h:27,
                 from /usr/share/rbenv/versions/3.4.4/include/ruby-3.4.0/ruby/ruby.h:29,
                 from /usr/share/rbenv/versions/3.4.4/include/ruby-3.4.0/ruby.h:38,
                 from redcarpet.h:27,
                 from rc_render.c:23:
/usr/share/rbenv/versions/3.4.4/include/ruby-3.4.0/ruby/internal/core/rdata.h:293:1: note: declared here
  293 | rb_data_object_wrap_warning(VALUE klass, void *ptr, RUBY_DATA_FUNC mark, RUBY_DATA_FUNC free)
      | ^~~~~~~~~~~~~~~~~~~~~~~~~~~
In file included from /usr/share/rbenv/versions/3.4.4/include/ruby-3.4.0/ruby/internal/assume.h:29,
                 from /usr/share/rbenv/versions/3.4.4/include/ruby-3.4.0/ruby/backward/2/assume.h:24,
                 from /usr/share/rbenv/versions/3.4.4/include/ruby-3.4.0/ruby/defines.h:72,
                 from /usr/share/rbenv/versions/3.4.4/include/ruby-3.4.0/ruby/ruby.h:25,
                 from /usr/share/rbenv/versions/3.4.4/include/ruby-3.4.0/ruby.h:38,
                 from redcarpet.h:27,
                 from rc_render.c:23:
rc_render.c: In function ‘rb_redcarpet__overload’:
rc_render.c:414:31: warning: ‘rb_data_object_get_warning’ is deprecated: by TypedData [-Wdeprecated-declarations]
  414 |  Data_Get_Struct(self, struct rb_redcarpet_rndr, rndr);
      |                               ^~~~~~~~~~~~~~~~~
/usr/share/rbenv/versions/3.4.4/include/ruby-3.4.0/ruby/internal/cast.h:31:29: note: in definition of macro ‘RBIMPL_CAST’
   31 | # define RBIMPL_CAST(expr) (expr)
      |                             ^~~~
rc_render.c:414:2: note: in expansion of macro ‘Data_Get_Struct’
  414 |  Data_Get_Struct(self, struct rb_redcarpet_rndr, rndr);
      |  ^~~~~~~~~~~~~~~
In file included from /usr/share/rbenv/versions/3.4.4/include/ruby-3.4.0/ruby/internal/core.h:27,
                 from /usr/share/rbenv/versions/3.4.4/include/ruby-3.4.0/ruby/ruby.h:29,
                 from /usr/share/rbenv/versions/3.4.4/include/ruby-3.4.0/ruby.h:38,
                 from redcarpet.h:27,
                 from rc_render.c:23:
/usr/share/rbenv/versions/3.4.4/include/ruby-3.4.0/ruby/internal/core/rdata.h:325:1: note: declared here
  325 | rb_data_object_get_warning(VALUE obj)
      | ^~~~~~~~~~~~~~~~~~~~~~~~~~
In file included from /usr/share/rbenv/versions/3.4.4/include/ruby-3.4.0/ruby/internal/assume.h:29,
                 from /usr/share/rbenv/versions/3.4.4/include/ruby-3.4.0/ruby/backward/2/assume.h:24,
                 from /usr/share/rbenv/versions/3.4.4/include/ruby-3.4.0/ruby/defines.h:72,
                 from /usr/share/rbenv/versions/3.4.4/include/ruby-3.4.0/ruby/ruby.h:25,
                 from /usr/share/rbenv/versions/3.4.4/include/ruby-3.4.0/ruby.h:38,
                 from redcarpet.h:27,
                 from rc_render.c:23:
rc_render.c: In function ‘rb_redcarpet_html_init’:
rc_render.c:451:31: warning: ‘rb_data_object_get_warning’ is deprecated: by TypedData [-Wdeprecated-declarations]
  451 |  Data_Get_Struct(self, struct rb_redcarpet_rndr, rndr);
      |                               ^~~~~~~~~~~~~~~~~
/usr/share/rbenv/versions/3.4.4/include/ruby-3.4.0/ruby/internal/cast.h:31:29: note: in definition of macro ‘RBIMPL_CAST’
   31 | # define RBIMPL_CAST(expr) (expr)
      |                             ^~~~
rc_render.c:451:2: note: in expansion of macro ‘Data_Get_Struct’
  451 |  Data_Get_Struct(self, struct rb_redcarpet_rndr, rndr);
      |  ^~~~~~~~~~~~~~~
In file included from /usr/share/rbenv/versions/3.4.4/include/ruby-3.4.0/ruby/internal/core.h:27,
                 from /usr/share/rbenv/versions/3.4.4/include/ruby-3.4.0/ruby/ruby.h:29,
                 from /usr/share/rbenv/versions/3.4.4/include/ruby-3.4.0/ruby.h:38,
                 from redcarpet.h:27,
                 from rc_render.c:23:
/usr/share/rbenv/versions/3.4.4/include/ruby-3.4.0/ruby/internal/core/rdata.h:325:1: note: declared here
  325 | rb_data_object_get_warning(VALUE obj)
      | ^~~~~~~~~~~~~~~~~~~~~~~~~~
In file included from /usr/share/rbenv/versions/3.4.4/include/ruby-3.4.0/ruby/internal/assume.h:29,
                 from /usr/share/rbenv/versions/3.4.4/include/ruby-3.4.0/ruby/backward/2/assume.h:24,
                 from /usr/share/rbenv/versions/3.4.4/include/ruby-3.4.0/ruby/defines.h:72,
                 from /usr/share/rbenv/versions/3.4.4/include/ruby-3.4.0/ruby/ruby.h:25,
                 from /usr/share/rbenv/versions/3.4.4/include/ruby-3.4.0/ruby.h:38,
                 from redcarpet.h:27,
                 from rc_render.c:23:
rc_render.c: In function ‘rb_redcarpet_htmltoc_init’:
rc_render.c:516:31: warning: ‘rb_data_object_get_warning’ is deprecated: by TypedData [-Wdeprecated-declarations]
  516 |  Data_Get_Struct(self, struct rb_redcarpet_rndr, rndr);
      |                               ^~~~~~~~~~~~~~~~~
/usr/share/rbenv/versions/3.4.4/include/ruby-3.4.0/ruby/internal/cast.h:31:29: note: in definition of macro ‘RBIMPL_CAST’
   31 | # define RBIMPL_CAST(expr) (expr)
      |                             ^~~~
rc_render.c:516:2: note: in expansion of macro ‘Data_Get_Struct’
  516 |  Data_Get_Struct(self, struct rb_redcarpet_rndr, rndr);
      |  ^~~~~~~~~~~~~~~
In file included from /usr/share/rbenv/versions/3.4.4/include/ruby-3.4.0/ruby/internal/core.h:27,
                 from /usr/share/rbenv/versions/3.4.4/include/ruby-3.4.0/ruby/ruby.h:29,
                 from /usr/share/rbenv/versions/3.4.4/include/ruby-3.4.0/ruby.h:38,
                 from redcarpet.h:27,
                 from rc_render.c:23:
/usr/share/rbenv/versions/3.4.4/include/ruby-3.4.0/ruby/internal/core/rdata.h:325:1: note: declared here
  325 | rb_data_object_get_warning(VALUE obj)
      | ^~~~~~~~~~~~~~~~~~~~~~~~~~
linking shared-object redcarpet.so

current directory: /github/vendor/gems/3.4.4/ruby/3.4.0/gems/redcarpet-3.6.0/ext/redcarpet
make -j16 DESTDIR\= sitearchdir\=./.gem.20250619-147-k0wla5 sitelibdir\=./.gem.20250619-147-k0wla5 install
/usr/bin/install -c -m 0755 redcarpet.so ./.gem.20250619-147-k0wla5

current directory: /github/vendor/gems/3.4.4/ruby/3.4.0/gems/redcarpet-3.6.0/ext/redcarpet
make -j16 DESTDIR\= sitearchdir\=./.gem.20250619-147-k0wla5 sitelibdir\=./.gem.20250619-147-k0wla5 clean
