current directory: /github/vendor/gems/3.4.4/ruby/3.4.0/gems/psych-5.1.2/ext/psych
/usr/share/rbenv/versions/3.4.4/bin/ruby extconf.rb
checking for pkg-config for yaml-0.1... [" ", "", "-lyaml"]
checking for yaml.h... yes
checking for yaml_get_version() in -lyaml... yes
creating Makefile

current directory: /github/vendor/gems/3.4.4/ruby/3.4.0/gems/psych-5.1.2/ext/psych
make -j16 DESTDIR\= sitearchdir\=./.gem.20250710-147-m7v2y1 sitelibdir\=./.gem.20250710-147-m7v2y1 clean
cd libyaml && make -j16 clean
/bin/sh: 1: cd: can't cd to libyaml
make: [Makefile:287: clean-so] Error 2 (ignored)

current directory: /github/vendor/gems/3.4.4/ruby/3.4.0/gems/psych-5.1.2/ext/psych
make -j16 DESTDIR\= sitearchdir\=./.gem.20250710-147-m7v2y1 sitelibdir\=./.gem.20250710-147-m7v2y1
compiling psych.c
compiling psych_emitter.c
compiling psych_parser.c
compiling psych_to_ruby.c
compiling psych_yaml_tree.c
linking shared-object psych.so

current directory: /github/vendor/gems/3.4.4/ruby/3.4.0/gems/psych-5.1.2/ext/psych
make -j16 DESTDIR\= sitearchdir\=./.gem.20250710-147-m7v2y1 sitelibdir\=./.gem.20250710-147-m7v2y1 install
/usr/bin/install -c -m 0755 psych.so ./.gem.20250710-147-m7v2y1

current directory: /github/vendor/gems/3.4.4/ruby/3.4.0/gems/psych-5.1.2/ext/psych
make -j16 DESTDIR\= sitearchdir\=./.gem.20250710-147-m7v2y1 sitelibdir\=./.gem.20250710-147-m7v2y1 clean
cd libyaml && make -j16 clean
/bin/sh: 1: cd: can't cd to libyaml
make: [Makefile:287: clean-so] Error 2 (ignored)
