current directory: /github/vendor/gems/3.4.4/ruby/3.4.0/gems/goomba-0.0.1.524.g069b966/ext/goomba
/usr/share/rbenv/versions/3.4.4/bin/ruby extconf.rb
creating Makefile

current directory: /github/vendor/gems/3.4.4/ruby/3.4.0/gems/goomba-0.0.1.524.g069b966/ext/goomba
make -j16 DESTDIR\= sitearchdir\=./.gem.20250710-147-am05g sitelibdir\=./.gem.20250710-147-am05g clean

current directory: /github/vendor/gems/3.4.4/ruby/3.4.0/gems/goomba-0.0.1.524.g069b966/ext/goomba
make -j16 DESTDIR\= sitearchdir\=./.gem.20250710-147-am05g sitelibdir\=./.gem.20250710-147-am05g
compiling attribute.c
compiling char_ref.c
compiling error.c
compiling goomba.c
compiling goomba_css.c
compiling goomba_css_parse.c
compiling goomba_css_rb.c
compiling goomba_doc.c
compiling goomba_dom_helpers.c
compiling goomba_find.c
compiling goomba_sanitizer.c
compiling goomba_sanitizer_rb.c
compiling goomba_serialize.c
compiling goomba_strset.c
In file included from goomba_dom_helpers.c:1:
goomba.h: In function ‘document_get_output’:
goomba.h:47:5: warning: ‘rb_data_object_get_warning’ is deprecated: by TypedData [-Wdeprecated-declarations]
   47 |     Data_Get_Struct(rb_document, GoombaDocument, document);
      |     ^~~~~~~~~~~~~~~
In file included from /usr/share/rbenv/versions/3.4.4/include/ruby-3.4.0/ruby/internal/core.h:27,
                 from /usr/share/rbenv/versions/3.4.4/include/ruby-3.4.0/ruby/ruby.h:29,
                 from /usr/share/rbenv/versions/3.4.4/include/ruby-3.4.0/ruby.h:38,
                 from goomba.h:5,
                 from goomba_dom_helpers.c:1:
/usr/share/rbenv/versions/3.4.4/include/ruby-3.4.0/ruby/internal/core/rdata.h:325:1: note: declared here
  325 | rb_data_object_get_warning(VALUE obj)
      | ^~~~~~~~~~~~~~~~~~~~~~~~~~
In file included from goomba.c:1:
goomba.h: In function ‘document_get_output’:
goomba.h:47:5: warning: ‘rb_data_object_get_warning’ is deprecated: by TypedData [-Wdeprecated-declarations]
   47 |     Data_Get_Struct(rb_document, GoombaDocument, document);
      |     ^~~~~~~~~~~~~~~
In file included from /usr/share/rbenv/versions/3.4.4/include/ruby-3.4.0/ruby/internal/core.h:27,
                 from /usr/share/rbenv/versions/3.4.4/include/ruby-3.4.0/ruby/ruby.h:29,
                 from /usr/share/rbenv/versions/3.4.4/include/ruby-3.4.0/ruby.h:38,
                 from goomba.h:5,
                 from goomba.c:1:
/usr/share/rbenv/versions/3.4.4/include/ruby-3.4.0/ruby/internal/core/rdata.h:325:1: note: declared here
  325 | rb_data_object_get_warning(VALUE obj)
      | ^~~~~~~~~~~~~~~~~~~~~~~~~~
compiling parser.c
compiling perf.c
compiling string_buffer.c
In file included from goomba_find.c:1:
goomba.h: In function ‘document_get_output’:
goomba.h:47:5: warning: ‘rb_data_object_get_warning’ is deprecated: by TypedData [-Wdeprecated-declarations]
   47 |     Data_Get_Struct(rb_document, GoombaDocument, document);
      |     ^~~~~~~~~~~~~~~
In file included from /usr/share/rbenv/versions/3.4.4/include/ruby-3.4.0/ruby/internal/core.h:27,
                 from /usr/share/rbenv/versions/3.4.4/include/ruby-3.4.0/ruby/ruby.h:29,
                 from /usr/share/rbenv/versions/3.4.4/include/ruby-3.4.0/ruby.h:38,
                 from goomba.h:5,
                 from goomba_find.c:1:
/usr/share/rbenv/versions/3.4.4/include/ruby-3.4.0/ruby/internal/core/rdata.h:325:1: note: declared here
  325 | rb_data_object_get_warning(VALUE obj)
      | ^~~~~~~~~~~~~~~~~~~~~~~~~~
goomba_find.c: In function ‘rb_goomba_select_1’:
goomba_find.c:58:2: warning: ‘rb_data_object_get_warning’ is deprecated: by TypedData [-Wdeprecated-declarations]
   58 |  Data_Get_Struct(rb_selector, GoombaSelector, data.selector);
      |  ^~~~~~~~~~~~~~~
In file included from /usr/share/rbenv/versions/3.4.4/include/ruby-3.4.0/ruby/internal/core.h:27,
                 from /usr/share/rbenv/versions/3.4.4/include/ruby-3.4.0/ruby/ruby.h:29,
                 from /usr/share/rbenv/versions/3.4.4/include/ruby-3.4.0/ruby.h:38,
                 from goomba.h:5,
                 from goomba_find.c:1:
/usr/share/rbenv/versions/3.4.4/include/ruby-3.4.0/ruby/internal/core/rdata.h:325:1: note: declared here
  325 | rb_data_object_get_warning(VALUE obj)
      | ^~~~~~~~~~~~~~~~~~~~~~~~~~
goomba_find.c: In function ‘rb_goomba_select’:
goomba_find.c:96:3: warning: ‘rb_data_object_get_warning’ is deprecated: by TypedData [-Wdeprecated-declarations]
   96 |   Data_Get_Struct(rb_self, GumboNode, node);
      |   ^~~~~~~~~~~~~~~
In file included from /usr/share/rbenv/versions/3.4.4/include/ruby-3.4.0/ruby/internal/core.h:27,
                 from /usr/share/rbenv/versions/3.4.4/include/ruby-3.4.0/ruby/ruby.h:29,
                 from /usr/share/rbenv/versions/3.4.4/include/ruby-3.4.0/ruby.h:38,
                 from goomba.h:5,
                 from goomba_find.c:1:
/usr/share/rbenv/versions/3.4.4/include/ruby-3.4.0/ruby/internal/core/rdata.h:325:1: note: declared here
  325 | rb_data_object_get_warning(VALUE obj)
      | ^~~~~~~~~~~~~~~~~~~~~~~~~~
compiling string_piece.c
In file included from goomba_css_rb.c:1:
goomba.h: In function ‘document_get_output’:
goomba.h:47:5: warning: ‘rb_data_object_get_warning’ is deprecated: by TypedData [-Wdeprecated-declarations]
   47 |     Data_Get_Struct(rb_document, GoombaDocument, document);
      |     ^~~~~~~~~~~~~~~
In file included from /usr/share/rbenv/versions/3.4.4/include/ruby-3.4.0/ruby/internal/core.h:27,
                 from /usr/share/rbenv/versions/3.4.4/include/ruby-3.4.0/ruby/ruby.h:29,
                 from /usr/share/rbenv/versions/3.4.4/include/ruby-3.4.0/ruby.h:38,
                 from goomba.h:5,
                 from goomba_css_rb.c:1:
/usr/share/rbenv/versions/3.4.4/include/ruby-3.4.0/ruby/internal/core/rdata.h:325:1: note: declared here
  325 | rb_data_object_get_warning(VALUE obj)
      | ^~~~~~~~~~~~~~~~~~~~~~~~~~
goomba_css_rb.c: In function ‘rb_goomba_selector_new’:
goomba_css_rb.c:46:2: warning: ‘rb_data_object_wrap_warning’ is deprecated: by TypedData [-Wdeprecated-declarations]
   46 |  VALUE rb_goomba_selector = Data_Wrap_Struct(klass, NULL, selector_free, sel);
      |  ^~~~~
In file included from /usr/share/rbenv/versions/3.4.4/include/ruby-3.4.0/ruby/internal/core.h:27,
                 from /usr/share/rbenv/versions/3.4.4/include/ruby-3.4.0/ruby/ruby.h:29,
                 from /usr/share/rbenv/versions/3.4.4/include/ruby-3.4.0/ruby.h:38,
                 from goomba.h:5,
                 from goomba_css_rb.c:1:
/usr/share/rbenv/versions/3.4.4/include/ruby-3.4.0/ruby/internal/core/rdata.h:293:1: note: declared here
  293 | rb_data_object_wrap_warning(VALUE klass, void *ptr, RUBY_DATA_FUNC mark, RUBY_DATA_FUNC free)
      | ^~~~~~~~~~~~~~~~~~~~~~~~~~~
goomba_css_rb.c: In function ‘rb_goomba_selector_analyze’:
goomba_css_rb.c:77:2: warning: ‘rb_data_object_get_warning’ is deprecated: by TypedData [-Wdeprecated-declarations]
   77 |  Data_Get_Struct(rb_self, GoombaSelector, selector);
      |  ^~~~~~~~~~~~~~~
In file included from /usr/share/rbenv/versions/3.4.4/include/ruby-3.4.0/ruby/internal/core.h:27,
                 from /usr/share/rbenv/versions/3.4.4/include/ruby-3.4.0/ruby/ruby.h:29,
                 from /usr/share/rbenv/versions/3.4.4/include/ruby-3.4.0/ruby.h:38,
                 from goomba.h:5,
                 from goomba_css_rb.c:1:
/usr/share/rbenv/versions/3.4.4/include/ruby-3.4.0/ruby/internal/core/rdata.h:325:1: note: declared here
  325 | rb_data_object_get_warning(VALUE obj)
      | ^~~~~~~~~~~~~~~~~~~~~~~~~~
goomba_css_rb.c: In function ‘rb_goomba_selector_jit_bang’:
goomba_css_rb.c:94:2: warning: ‘rb_data_object_get_warning’ is deprecated: by TypedData [-Wdeprecated-declarations]
   94 |  Data_Get_Struct(rb_self, GoombaSelector, selector);
      |  ^~~~~~~~~~~~~~~
In file included from /usr/share/rbenv/versions/3.4.4/include/ruby-3.4.0/ruby/internal/core.h:27,
                 from /usr/share/rbenv/versions/3.4.4/include/ruby-3.4.0/ruby/ruby.h:29,
                 from /usr/share/rbenv/versions/3.4.4/include/ruby-3.4.0/ruby.h:38,
                 from goomba.h:5,
                 from goomba_css_rb.c:1:
/usr/share/rbenv/versions/3.4.4/include/ruby-3.4.0/ruby/internal/core/rdata.h:325:1: note: declared here
  325 | rb_data_object_get_warning(VALUE obj)
      | ^~~~~~~~~~~~~~~~~~~~~~~~~~
goomba_css_rb.c: In function ‘rb_goomba_selector_jit_code’:
goomba_css_rb.c:110:2: warning: ‘rb_data_object_get_warning’ is deprecated: by TypedData [-Wdeprecated-declarations]
  110 |  Data_Get_Struct(rb_self, GoombaSelector, selector);
      |  ^~~~~~~~~~~~~~~
In file included from /usr/share/rbenv/versions/3.4.4/include/ruby-3.4.0/ruby/internal/core.h:27,
                 from /usr/share/rbenv/versions/3.4.4/include/ruby-3.4.0/ruby/ruby.h:29,
                 from /usr/share/rbenv/versions/3.4.4/include/ruby-3.4.0/ruby.h:38,
                 from goomba.h:5,
                 from goomba_css_rb.c:1:
/usr/share/rbenv/versions/3.4.4/include/ruby-3.4.0/ruby/internal/core/rdata.h:325:1: note: declared here
  325 | rb_data_object_get_warning(VALUE obj)
      | ^~~~~~~~~~~~~~~~~~~~~~~~~~
compiling tag.c
In file included from goomba_doc.c:3:
goomba.h: In function ‘document_get_output’:
goomba.h:47:5: warning: ‘rb_data_object_get_warning’ is deprecated: by TypedData [-Wdeprecated-declarations]
   47 |     Data_Get_Struct(rb_document, GoombaDocument, document);
      |     ^~~~~~~~~~~~~~~
In file included from /usr/share/rbenv/versions/3.4.4/include/ruby-3.4.0/ruby/internal/core.h:27,
                 from /usr/share/rbenv/versions/3.4.4/include/ruby-3.4.0/ruby/ruby.h:29,
                 from /usr/share/rbenv/versions/3.4.4/include/ruby-3.4.0/ruby.h:38,
                 from goomba.h:5,
                 from goomba_doc.c:3:
/usr/share/rbenv/versions/3.4.4/include/ruby-3.4.0/ruby/internal/core/rdata.h:325:1: note: declared here
  325 | rb_data_object_get_warning(VALUE obj)
      | ^~~~~~~~~~~~~~~~~~~~~~~~~~
goomba_doc.c: In function ‘goomba_node_alloc’:
goomba_doc.c:31:2: warning: ‘rb_data_object_wrap_warning’ is deprecated: by TypedData [-Wdeprecated-declarations]
   31 |  VALUE rb_node = Data_Wrap_Struct(klass, NULL, NULL, node);
      |  ^~~~~
In file included from /usr/share/rbenv/versions/3.4.4/include/ruby-3.4.0/ruby/internal/core.h:27,
                 from /usr/share/rbenv/versions/3.4.4/include/ruby-3.4.0/ruby/ruby.h:29,
                 from /usr/share/rbenv/versions/3.4.4/include/ruby-3.4.0/ruby.h:38,
                 from goomba.h:5,
                 from goomba_doc.c:3:
/usr/share/rbenv/versions/3.4.4/include/ruby-3.4.0/ruby/internal/core/rdata.h:293:1: note: declared here
  293 | rb_data_object_wrap_warning(VALUE klass, void *ptr, RUBY_DATA_FUNC mark, RUBY_DATA_FUNC free)
      | ^~~~~~~~~~~~~~~~~~~~~~~~~~~
In file included from goomba_sanitizer_rb.c:2:
goomba.h: In function ‘document_get_output’:
In file included from goomba_sanitizer.c:2:
goomba.h: In function ‘document_get_output’:
goomba_doc.c: In function ‘rb_goomba_parse_and_sanitize’:
goomba_doc.c:181:3: warning: ‘rb_data_object_get_warning’ is deprecated: by TypedData [-Wdeprecated-declarations]
  181 |   Data_Get_Struct(rb_sanitizer, GoombaSanitizer, sanitizer);
      |   ^~~~~~~~~~~~~~~
In file included from /usr/share/rbenv/versions/3.4.4/include/ruby-3.4.0/ruby/internal/core.h:27,
                 from /usr/share/rbenv/versions/3.4.4/include/ruby-3.4.0/ruby/ruby.h:29,
                 from /usr/share/rbenv/versions/3.4.4/include/ruby-3.4.0/ruby.h:38,
                 from goomba.h:5,
                 from goomba_doc.c:3:
/usr/share/rbenv/versions/3.4.4/include/ruby-3.4.0/ruby/internal/core/rdata.h:325:1: note: declared here
  325 | rb_data_object_get_warning(VALUE obj)
      | ^~~~~~~~~~~~~~~~~~~~~~~~~~
goomba_doc.c: In function ‘rb_goomba_element_to_html’:
goomba_doc.c:229:2: warning: ‘rb_data_object_get_warning’ is deprecated: by TypedData [-Wdeprecated-declarations]
  229 |  Data_Get_Struct(rb_self, GumboNode, node);
      |  ^~~~~~~~~~~~~~~
In file included from /usr/share/rbenv/versions/3.4.4/include/ruby-3.4.0/ruby/internal/core.h:27,
                 from /usr/share/rbenv/versions/3.4.4/include/ruby-3.4.0/ruby/ruby.h:29,
                 from /usr/share/rbenv/versions/3.4.4/include/ruby-3.4.0/ruby.h:38,
                 from goomba.h:5,
                 from goomba_doc.c:3:
/usr/share/rbenv/versions/3.4.4/include/ruby-3.4.0/ruby/internal/core/rdata.h:325:1: note: declared here
  325 | rb_data_object_get_warning(VALUE obj)
      | ^~~~~~~~~~~~~~~~~~~~~~~~~~
goomba_doc.c: In function ‘rb_goomba_element_to_s’:
goomba_doc.c:242:2: warning: ‘rb_data_object_get_warning’ is deprecated: by TypedData [-Wdeprecated-declarations]
  242 |  Data_Get_Struct(rb_self, GumboNode, node);
      |  ^~~~~~~~~~~~~~~
In file included from /usr/share/rbenv/versions/3.4.4/include/ruby-3.4.0/ruby/internal/core.h:27,
                 from /usr/share/rbenv/versions/3.4.4/include/ruby-3.4.0/ruby/ruby.h:29,
                 from /usr/share/rbenv/versions/3.4.4/include/ruby-3.4.0/ruby.h:38,
                 from goomba.h:5,
                 from goomba_doc.c:3:
/usr/share/rbenv/versions/3.4.4/include/ruby-3.4.0/ruby/internal/core/rdata.h:325:1: note: declared here
  325 | rb_data_object_get_warning(VALUE obj)
      | ^~~~~~~~~~~~~~~~~~~~~~~~~~
goomba_doc.c: In function ‘rb_goomba_element_inner_html’:
goomba_doc.c:257:2: warning: ‘rb_data_object_get_warning’ is deprecated: by TypedData [-Wdeprecated-declarations]
  257 |  Data_Get_Struct(rb_self, GumboNode, node);
      |  ^~~~~~~~~~~~~~~
In file included from /usr/share/rbenv/versions/3.4.4/include/ruby-3.4.0/ruby/internal/core.h:27,
                 from /usr/share/rbenv/versions/3.4.4/include/ruby-3.4.0/ruby/ruby.h:29,
                 from /usr/share/rbenv/versions/3.4.4/include/ruby-3.4.0/ruby.h:38,
                 from goomba.h:5,
                 from goomba_doc.c:3:
/usr/share/rbenv/versions/3.4.4/include/ruby-3.4.0/ruby/internal/core/rdata.h:325:1: note: declared here
  325 | rb_data_object_get_warning(VALUE obj)
      | ^~~~~~~~~~~~~~~~~~~~~~~~~~
goomba_doc.c: In function ‘rb_goomba_element_text_content’:
goomba_doc.c:272:2: warning: ‘rb_data_object_get_warning’ is deprecated: by TypedData [-Wdeprecated-declarations]
  272 |  Data_Get_Struct(rb_self, GumboNode, node);
      |  ^~~~~~~~~~~~~~~
In file included from /usr/share/rbenv/versions/3.4.4/include/ruby-3.4.0/ruby/internal/core.h:27,
                 from /usr/share/rbenv/versions/3.4.4/include/ruby-3.4.0/ruby/ruby.h:29,
                 from /usr/share/rbenv/versions/3.4.4/include/ruby-3.4.0/ruby.h:38,
                 from goomba.h:5,
                 from goomba_doc.c:3:
/usr/share/rbenv/versions/3.4.4/include/ruby-3.4.0/ruby/internal/core/rdata.h:325:1: note: declared here
  325 | rb_data_object_get_warning(VALUE obj)
      | ^~~~~~~~~~~~~~~~~~~~~~~~~~
goomba_doc.c: In function ‘rb_goomba_text_content’:
goomba_doc.c:282:2: warning: ‘rb_data_object_get_warning’ is deprecated: by TypedData [-Wdeprecated-declarations]
  282 |  Data_Get_Struct(rb_self, GumboNode, node);
      |  ^~~~~~~~~~~~~~~
In file included from /usr/share/rbenv/versions/3.4.4/include/ruby-3.4.0/ruby/internal/core.h:27,
                 from /usr/share/rbenv/versions/3.4.4/include/ruby-3.4.0/ruby/ruby.h:29,
                 from /usr/share/rbenv/versions/3.4.4/include/ruby-3.4.0/ruby.h:38,
                 from goomba.h:5,
                 from goomba_doc.c:3:
/usr/share/rbenv/versions/3.4.4/include/ruby-3.4.0/ruby/internal/core/rdata.h:325:1: note: declared here
  325 | rb_data_object_get_warning(VALUE obj)
      | ^~~~~~~~~~~~~~~~~~~~~~~~~~
goomba_doc.c: In function ‘rb_goomba_text_to_html’:
goomba_doc.c:295:3: warning: ‘rb_data_object_get_warning’ is deprecated: by TypedData [-Wdeprecated-declarations]
  295 |   Data_Get_Struct(rb_self, GumboNode, node);
      |   ^~~~~~~~~~~~~~~
In file included from /usr/share/rbenv/versions/3.4.4/include/ruby-3.4.0/ruby/internal/core.h:27,
                 from /usr/share/rbenv/versions/3.4.4/include/ruby-3.4.0/ruby/ruby.h:29,
                 from /usr/share/rbenv/versions/3.4.4/include/ruby-3.4.0/ruby.h:38,
                 from goomba.h:5,
                 from goomba_doc.c:3:
/usr/share/rbenv/versions/3.4.4/include/ruby-3.4.0/ruby/internal/core/rdata.h:325:1: note: declared here
  325 | rb_data_object_get_warning(VALUE obj)
      | ^~~~~~~~~~~~~~~~~~~~~~~~~~
goomba_doc.c: In function ‘rb_goomba_element_attr_get’:
goomba_doc.c:312:2: warning: ‘rb_data_object_get_warning’ is deprecated: by TypedData [-Wdeprecated-declarations]
  312 |  Data_Get_Struct(rb_self, GumboNode, node);
      |  ^~~~~~~~~~~~~~~
In file included from /usr/share/rbenv/versions/3.4.4/include/ruby-3.4.0/ruby/internal/core.h:27,
                 from /usr/share/rbenv/versions/3.4.4/include/ruby-3.4.0/ruby/ruby.h:29,
                 from /usr/share/rbenv/versions/3.4.4/include/ruby-3.4.0/ruby.h:38,
                 from goomba.h:5,
                 from goomba_doc.c:3:
/usr/share/rbenv/versions/3.4.4/include/ruby-3.4.0/ruby/internal/core/rdata.h:325:1: note: declared here
  325 | rb_data_object_get_warning(VALUE obj)
      | ^~~~~~~~~~~~~~~~~~~~~~~~~~
goomba_doc.c: In function ‘rb_goomba_element_attr_set’:
goomba_doc.c:325:2: warning: ‘rb_data_object_get_warning’ is deprecated: by TypedData [-Wdeprecated-declarations]
  325 |  Data_Get_Struct(rb_self, GumboNode, node);
      |  ^~~~~~~~~~~~~~~
In file included from /usr/share/rbenv/versions/3.4.4/include/ruby-3.4.0/ruby/internal/core.h:27,
                 from /usr/share/rbenv/versions/3.4.4/include/ruby-3.4.0/ruby/ruby.h:29,
                 from /usr/share/rbenv/versions/3.4.4/include/ruby-3.4.0/ruby.h:38,
                 from goomba.h:5,
                 from goomba_doc.c:3:
/usr/share/rbenv/versions/3.4.4/include/ruby-3.4.0/ruby/internal/core/rdata.h:325:1: note: declared here
  325 | rb_data_object_get_warning(VALUE obj)
      | ^~~~~~~~~~~~~~~~~~~~~~~~~~
goomba_doc.c: In function ‘rb_goomba_element_attr_remove’:
goomba_doc.c:336:2: warning: ‘rb_data_object_get_warning’ is deprecated: by TypedData [-Wdeprecated-declarations]
  336 |  Data_Get_Struct(rb_self, GumboNode, node);
      |  ^~~~~~~~~~~~~~~
In file included from /usr/share/rbenv/versions/3.4.4/include/ruby-3.4.0/ruby/internal/core.h:27,
                 from /usr/share/rbenv/versions/3.4.4/include/ruby-3.4.0/ruby/ruby.h:29,
                 from /usr/share/rbenv/versions/3.4.4/include/ruby-3.4.0/ruby.h:38,
                 from goomba.h:5,
                 from goomba_doc.c:3:
/usr/share/rbenv/versions/3.4.4/include/ruby-3.4.0/ruby/internal/core/rdata.h:325:1: note: declared here
  325 | rb_data_object_get_warning(VALUE obj)
      | ^~~~~~~~~~~~~~~~~~~~~~~~~~
goomba_doc.c: In function ‘rb_goomba_element_attributes’:
goomba_doc.c:349:2: warning: ‘rb_data_object_get_warning’ is deprecated: by TypedData [-Wdeprecated-declarations]
  349 |  Data_Get_Struct(rb_self, GumboNode, node);
      |  ^~~~~~~~~~~~~~~
In file included from /usr/share/rbenv/versions/3.4.4/include/ruby-3.4.0/ruby/internal/core.h:27,
                 from /usr/share/rbenv/versions/3.4.4/include/ruby-3.4.0/ruby/ruby.h:29,
                 from /usr/share/rbenv/versions/3.4.4/include/ruby-3.4.0/ruby.h:38,
                 from goomba.h:5,
                 from goomba_doc.c:3:
/usr/share/rbenv/versions/3.4.4/include/ruby-3.4.0/ruby/internal/core/rdata.h:325:1: note: declared here
  325 | rb_data_object_get_warning(VALUE obj)
      | ^~~~~~~~~~~~~~~~~~~~~~~~~~
goomba_doc.c: In function ‘rb_goomba_element_children_load’:
goomba_doc.c:365:2: warning: ‘rb_data_object_get_warning’ is deprecated: by TypedData [-Wdeprecated-declarations]
  365 |  Data_Get_Struct(rb_self, GumboNode, node);
      |  ^~~~~~~~~~~~~~~
In file included from /usr/share/rbenv/versions/3.4.4/include/ruby-3.4.0/ruby/internal/core.h:27,
                 from /usr/share/rbenv/versions/3.4.4/include/ruby-3.4.0/ruby/ruby.h:29,
                 from /usr/share/rbenv/versions/3.4.4/include/ruby-3.4.0/ruby.h:38,
                 from goomba.h:5,
                 from goomba_doc.c:3:
/usr/share/rbenv/versions/3.4.4/include/ruby-3.4.0/ruby/internal/core/rdata.h:325:1: note: declared here
  325 | rb_data_object_get_warning(VALUE obj)
      | ^~~~~~~~~~~~~~~~~~~~~~~~~~
goomba_doc.c: In function ‘rb_goomba_node_parent’:
goomba_doc.c:392:2: warning: ‘rb_data_object_get_warning’ is deprecated: by TypedData [-Wdeprecated-declarations]
  392 |  Data_Get_Struct(rb_self, GumboNode, node);
      |  ^~~~~~~~~~~~~~~
In file included from /usr/share/rbenv/versions/3.4.4/include/ruby-3.4.0/ruby/internal/core.h:27,
                 from /usr/share/rbenv/versions/3.4.4/include/ruby-3.4.0/ruby/ruby.h:29,
                 from /usr/share/rbenv/versions/3.4.4/include/ruby-3.4.0/ruby.h:38,
                 from goomba.h:5,
                 from goomba_doc.c:3:
/usr/share/rbenv/versions/3.4.4/include/ruby-3.4.0/ruby/internal/core/rdata.h:325:1: note: declared here
  325 | rb_data_object_get_warning(VALUE obj)
      | ^~~~~~~~~~~~~~~~~~~~~~~~~~
goomba_doc.c: In function ‘rb_goomba_node_previous_sibling’:
goomba.h:47:5: warning: ‘rb_data_object_get_warning’ is deprecated: by TypedData [-Wdeprecated-declarations]
   47 |     Data_Get_Struct(rb_document, GoombaDocument, document);
      |     ^~~~~~~~~~~~~~~
In file included from /usr/share/rbenv/versions/3.4.4/include/ruby-3.4.0/ruby/internal/core.h:27,
                 from /usr/share/rbenv/versions/3.4.4/include/ruby-3.4.0/ruby/ruby.h:29,
                 from /usr/share/rbenv/versions/3.4.4/include/ruby-3.4.0/ruby.h:38,
                 from goomba.h:5,
                 from goomba_sanitizer_rb.c:2:
/usr/share/rbenv/versions/3.4.4/include/ruby-3.4.0/ruby/internal/core/rdata.h:325:1: note: declared here
  325 | rb_data_object_get_warning(VALUE obj)
      | ^~~~~~~~~~~~~~~~~~~~~~~~~~
goomba_sanitizer_rb.c: In function ‘rb_goomba_sanitizer_get_all_flags’:
goomba_sanitizer_rb.c:14:2: warning: ‘rb_data_object_get_warning’ is deprecated: by TypedData [-Wdeprecated-declarations]
   14 |  Data_Get_Struct(rb_self, GoombaSanitizer, sanitizer);
      |  ^~~~~~~~~~~~~~~
In file included from /usr/share/rbenv/versions/3.4.4/include/ruby-3.4.0/ruby/internal/core.h:27,
                 from /usr/share/rbenv/versions/3.4.4/include/ruby-3.4.0/ruby/ruby.h:29,
                 from /usr/share/rbenv/versions/3.4.4/include/ruby-3.4.0/ruby.h:38,
                 from goomba.h:5,
                 from goomba_sanitizer_rb.c:2:
/usr/share/rbenv/versions/3.4.4/include/ruby-3.4.0/ruby/internal/core/rdata.h:325:1: note: declared here
  325 | rb_data_object_get_warning(VALUE obj)
      | ^~~~~~~~~~~~~~~~~~~~~~~~~~
goomba_sanitizer_rb.c: In function ‘rb_goomba_sanitizer_allowed_attributes’:
goomba_sanitizer_rb.c:57:2: warning: ‘rb_data_object_get_warning’ is deprecated: by TypedData [-Wdeprecated-declarations]
   57 |  Data_Get_Struct(rb_self, GoombaSanitizer, sanitizer);
      |  ^~~~~~~~~~~~~~~
In file included from /usr/share/rbenv/versions/3.4.4/include/ruby-3.4.0/ruby/internal/core.h:27,
                 from /usr/share/rbenv/versions/3.4.4/include/ruby-3.4.0/ruby/ruby.h:29,
                 from /usr/share/rbenv/versions/3.4.4/include/ruby-3.4.0/ruby.h:38,
                 from goomba.h:5,
                 from goomba_sanitizer_rb.c:2:
/usr/share/rbenv/versions/3.4.4/include/ruby-3.4.0/ruby/internal/core/rdata.h:325:1: note: declared here
  325 | rb_data_object_get_warning(VALUE obj)
      | ^~~~~~~~~~~~~~~~~~~~~~~~~~
goomba_sanitizer_rb.c: In function ‘rb_goomba_sanitizer_get_limit_nesting’:
goomba_sanitizer_rb.c:73:2: warning: ‘rb_data_object_get_warning’ is deprecated: by TypedData [-Wdeprecated-declarations]
   73 |  Data_Get_Struct(rb_self, GoombaSanitizer, sanitizer);
      |  ^~~~~~~~~~~~~~~
In file included from /usr/share/rbenv/versions/3.4.4/include/ruby-3.4.0/ruby/internal/core.h:27,
                 from /usr/share/rbenv/versions/3.4.4/include/ruby-3.4.0/ruby/ruby.h:29,
                 from /usr/share/rbenv/versions/3.4.4/include/ruby-3.4.0/ruby.h:38,
                 from goomba.h:5,
                 from goomba_sanitizer_rb.c:2:
/usr/share/rbenv/versions/3.4.4/include/ruby-3.4.0/ruby/internal/core/rdata.h:325:1: note: declared here
  325 | rb_data_object_get_warning(VALUE obj)
      | ^~~~~~~~~~~~~~~~~~~~~~~~~~
goomba_sanitizer_rb.c: In function ‘rb_goomba_sanitizer_set_flag’:
goomba_sanitizer_rb.c:85:2: warning: ‘rb_data_object_get_warning’ is deprecated: by TypedData [-Wdeprecated-declarations]
   85 |  Data_Get_Struct(rb_self, GoombaSanitizer, sanitizer);
      |  ^~~~~~~~~~~~~~~
In file included from /usr/share/rbenv/versions/3.4.4/include/ruby-3.4.0/ruby/internal/core.h:27,
                 from /usr/share/rbenv/versions/3.4.4/include/ruby-3.4.0/ruby/ruby.h:29,
                 from /usr/share/rbenv/versions/3.4.4/include/ruby-3.4.0/ruby.h:38,
                 from goomba.h:5,
                 from goomba_sanitizer_rb.c:2:
/usr/share/rbenv/versions/3.4.4/include/ruby-3.4.0/ruby/internal/core/rdata.h:325:1: note: declared here
  325 | rb_data_object_get_warning(VALUE obj)
      | ^~~~~~~~~~~~~~~~~~~~~~~~~~
goomba_sanitizer_rb.c: In function ‘rb_goomba_sanitizer_set_all_flags’:
goomba_sanitizer_rb.c:98:2: warning: ‘rb_data_object_get_warning’ is deprecated: by TypedData [-Wdeprecated-declarations]
   98 |  Data_Get_Struct(rb_self, GoombaSanitizer, sanitizer);
      |  ^~~~~~~~~~~~~~~
In file included from /usr/share/rbenv/versions/3.4.4/include/ruby-3.4.0/ruby/internal/core.h:27,
                 from /usr/share/rbenv/versions/3.4.4/include/ruby-3.4.0/ruby/ruby.h:29,
                 from /usr/share/rbenv/versions/3.4.4/include/ruby-3.4.0/ruby.h:38,
                 from goomba.h:5,
                 from goomba_sanitizer_rb.c:2:
/usr/share/rbenv/versions/3.4.4/include/ruby-3.4.0/ruby/internal/core/rdata.h:325:1: note: declared here
  325 | rb_data_object_get_warning(VALUE obj)
      | ^~~~~~~~~~~~~~~~~~~~~~~~~~
goomba_sanitizer_rb.c: In function ‘rb_goomba_sanitizer_limit_nesting’:
goomba_sanitizer_rb.c:121:2: warning: ‘rb_data_object_get_warning’ is deprecated: by TypedData [-Wdeprecated-declarations]
  121 |  Data_Get_Struct(rb_self, GoombaSanitizer, sanitizer);
      |  ^~~~~~~~~~~~~~~
In file included from /usr/share/rbenv/versions/3.4.4/include/ruby-3.4.0/ruby/internal/core.h:27,
                 from /usr/share/rbenv/versions/3.4.4/include/ruby-3.4.0/ruby/ruby.h:29,
                 from /usr/share/rbenv/versions/3.4.4/include/ruby-3.4.0/ruby.h:38,
                 from goomba.h:5,
                 from goomba_sanitizer_rb.c:2:
/usr/share/rbenv/versions/3.4.4/include/ruby-3.4.0/ruby/internal/core/rdata.h:325:1: note: declared here
  325 | rb_data_object_get_warning(VALUE obj)
      | ^~~~~~~~~~~~~~~~~~~~~~~~~~
goomba_sanitizer_rb.c: In function ‘rb_goomba_sanitizer_allowed_protocols’:
goomba_sanitizer_rb.c:145:2: warning: ‘rb_data_object_get_warning’ is deprecated: by TypedData [-Wdeprecated-declarations]
  145 |  Data_Get_Struct(rb_self, GoombaSanitizer, sanitizer);
      |  ^~~~~~~~~~~~~~~
In file included from /usr/share/rbenv/versions/3.4.4/include/ruby-3.4.0/ruby/internal/core.h:27,
                 from /usr/share/rbenv/versions/3.4.4/include/ruby-3.4.0/ruby/ruby.h:29,
                 from /usr/share/rbenv/versions/3.4.4/include/ruby-3.4.0/ruby.h:38,
                 from goomba.h:5,
                 from goomba_sanitizer_rb.c:2:
/usr/share/rbenv/versions/3.4.4/include/ruby-3.4.0/ruby/internal/core/rdata.h:325:1: note: declared here
  325 | rb_data_object_get_warning(VALUE obj)
      | ^~~~~~~~~~~~~~~~~~~~~~~~~~
goomba.h:47:5: warning: ‘rb_data_object_get_warning’ is deprecated: by TypedData [-Wdeprecated-declarations]
   47 |     Data_Get_Struct(rb_document, GoombaDocument, document);
      |     ^~~~~~~~~~~~~~~
goomba_sanitizer_rb.c: In function ‘rb_goomba_sanitizer_set_allow_comments’:
goomba_sanitizer_rb.c:178:2: warning: ‘rb_data_object_get_warning’ is deprecated: by TypedData [-Wdeprecated-declarations]
  178 |  Data_Get_Struct(rb_self, GoombaSanitizer, sanitizer);
      |  ^~~~~~~~~~~~~~~
In file included from /usr/share/rbenv/versions/3.4.4/include/ruby-3.4.0/ruby/internal/core.h:27,
                 from /usr/share/rbenv/versions/3.4.4/include/ruby-3.4.0/ruby/ruby.h:29,
                 from /usr/share/rbenv/versions/3.4.4/include/ruby-3.4.0/ruby.h:38,
                 from goomba.h:5,
                 from goomba_sanitizer_rb.c:2:
/usr/share/rbenv/versions/3.4.4/include/ruby-3.4.0/ruby/internal/core/rdata.h:325:1: note: declared here
  325 | rb_data_object_get_warning(VALUE obj)
      | ^~~~~~~~~~~~~~~~~~~~~~~~~~
In file included from /usr/share/rbenv/versions/3.4.4/include/ruby-3.4.0/ruby/internal/core.h:27,
                 from /usr/share/rbenv/versions/3.4.4/include/ruby-3.4.0/ruby/ruby.h:29,
                 from /usr/share/rbenv/versions/3.4.4/include/ruby-3.4.0/ruby.h:38,
                 from goomba.h:5,
                 from goomba_sanitizer.c:2:
/usr/share/rbenv/versions/3.4.4/include/ruby-3.4.0/ruby/internal/core/rdata.h:325:1: note: declared here
  325 | rb_data_object_get_warning(VALUE obj)
      | ^~~~~~~~~~~~~~~~~~~~~~~~~~
goomba_sanitizer_rb.c: In function ‘rb_goomba_sanitizer_get_allow_comments’:
goomba_sanitizer_rb.c:187:2: warning: ‘rb_data_object_get_warning’ is deprecated: by TypedData [-Wdeprecated-declarations]
  187 |  Data_Get_Struct(rb_self, GoombaSanitizer, sanitizer);
      |  ^~~~~~~~~~~~~~~
In file included from /usr/share/rbenv/versions/3.4.4/include/ruby-3.4.0/ruby/internal/core.h:27,
                 from /usr/share/rbenv/versions/3.4.4/include/ruby-3.4.0/ruby/ruby.h:29,
                 from /usr/share/rbenv/versions/3.4.4/include/ruby-3.4.0/ruby.h:38,
                 from goomba.h:5,
                 from goomba_sanitizer_rb.c:2:
/usr/share/rbenv/versions/3.4.4/include/ruby-3.4.0/ruby/internal/core/rdata.h:325:1: note: declared here
  325 | rb_data_object_get_warning(VALUE obj)
      | ^~~~~~~~~~~~~~~~~~~~~~~~~~
goomba_sanitizer_rb.c: In function ‘rb_goomba_sanitizer_set_name_prefix’:
goomba_sanitizer_rb.c:201:2: warning: ‘rb_data_object_get_warning’ is deprecated: by TypedData [-Wdeprecated-declarations]
  201 |  Data_Get_Struct(rb_self, GoombaSanitizer, sanitizer);
      |  ^~~~~~~~~~~~~~~
In file included from /usr/share/rbenv/versions/3.4.4/include/ruby-3.4.0/ruby/internal/core.h:27,
                 from /usr/share/rbenv/versions/3.4.4/include/ruby-3.4.0/ruby/ruby.h:29,
                 from /usr/share/rbenv/versions/3.4.4/include/ruby-3.4.0/ruby.h:38,
                 from goomba.h:5,
                 from goomba_sanitizer_rb.c:2:
/usr/share/rbenv/versions/3.4.4/include/ruby-3.4.0/ruby/internal/core/rdata.h:325:1: note: declared here
  325 | rb_data_object_get_warning(VALUE obj)
      | ^~~~~~~~~~~~~~~~~~~~~~~~~~
goomba_sanitizer_rb.c: In function ‘rb_goomba_sanitizer_get_name_prefix’:
goomba_sanitizer_rb.c:220:2: warning: ‘rb_data_object_get_warning’ is deprecated: by TypedData [-Wdeprecated-declarations]
  220 |  Data_Get_Struct(rb_self, GoombaSanitizer, sanitizer);
      |  ^~~~~~~~~~~~~~~
In file included from /usr/share/rbenv/versions/3.4.4/include/ruby-3.4.0/ruby/internal/core.h:27,
                 from /usr/share/rbenv/versions/3.4.4/include/ruby-3.4.0/ruby/ruby.h:29,
                 from /usr/share/rbenv/versions/3.4.4/include/ruby-3.4.0/ruby.h:38,
                 from goomba.h:5,
                 from goomba_sanitizer_rb.c:2:
/usr/share/rbenv/versions/3.4.4/include/ruby-3.4.0/ruby/internal/core/rdata.h:325:1: note: declared here
  325 | rb_data_object_get_warning(VALUE obj)
      | ^~~~~~~~~~~~~~~~~~~~~~~~~~
goomba_sanitizer_rb.c: In function ‘rb_goomba_sanitizer_allowed_attribute’:
goomba_sanitizer_rb.c:244:2: warning: ‘rb_data_object_get_warning’ is deprecated: by TypedData [-Wdeprecated-declarations]
  244 |  Data_Get_Struct(rb_self, GoombaSanitizer, sanitizer);
      |  ^~~~~~~~~~~~~~~
In file included from /usr/share/rbenv/versions/3.4.4/include/ruby-3.4.0/ruby/internal/core.h:27,
                 from /usr/share/rbenv/versions/3.4.4/include/ruby-3.4.0/ruby/ruby.h:29,
                 from /usr/share/rbenv/versions/3.4.4/include/ruby-3.4.0/ruby.h:38,
                 from goomba.h:5,
                 from goomba_sanitizer_rb.c:2:
/usr/share/rbenv/versions/3.4.4/include/ruby-3.4.0/ruby/internal/core/rdata.h:325:1: note: declared here
  325 | rb_data_object_get_warning(VALUE obj)
      | ^~~~~~~~~~~~~~~~~~~~~~~~~~
goomba_sanitizer_rb.c: In function ‘rb_goomba_sanitizer_required_attribute’:
goomba_sanitizer_rb.c:266:2: warning: ‘rb_data_object_get_warning’ is deprecated: by TypedData [-Wdeprecated-declarations]
  266 |  Data_Get_Struct(rb_self, GoombaSanitizer, sanitizer);
      |  ^~~~~~~~~~~~~~~
In file included from /usr/share/rbenv/versions/3.4.4/include/ruby-3.4.0/ruby/internal/core.h:27,
                 from /usr/share/rbenv/versions/3.4.4/include/ruby-3.4.0/ruby/ruby.h:29,
                 from /usr/share/rbenv/versions/3.4.4/include/ruby-3.4.0/ruby.h:38,
                 from goomba.h:5,
                 from goomba_sanitizer_rb.c:2:
/usr/share/rbenv/versions/3.4.4/include/ruby-3.4.0/ruby/internal/core/rdata.h:325:1: note: declared here
  325 | rb_data_object_get_warning(VALUE obj)
      | ^~~~~~~~~~~~~~~~~~~~~~~~~~
goomba_sanitizer_rb.c: In function ‘rb_goomba_sanitizer_allowed_class’:
goomba_sanitizer_rb.c:282:2: warning: ‘rb_data_object_get_warning’ is deprecated: by TypedData [-Wdeprecated-declarations]
  282 |  Data_Get_Struct(rb_self, GoombaSanitizer, sanitizer);
      |  ^~~~~~~~~~~~~~~
In file included from /usr/share/rbenv/versions/3.4.4/include/ruby-3.4.0/ruby/internal/core.h:27,
                 from /usr/share/rbenv/versions/3.4.4/include/ruby-3.4.0/ruby/ruby.h:29,
                 from /usr/share/rbenv/versions/3.4.4/include/ruby-3.4.0/ruby.h:38,
                 from goomba.h:5,
                 from goomba_sanitizer_rb.c:2:
/usr/share/rbenv/versions/3.4.4/include/ruby-3.4.0/ruby/internal/core/rdata.h:325:1: note: declared here
  325 | rb_data_object_get_warning(VALUE obj)
      | ^~~~~~~~~~~~~~~~~~~~~~~~~~
goomba_sanitizer_rb.c: In function ‘rb_goomba_sanitizer_new’:
goomba_sanitizer_rb.c:300:2: warning: ‘rb_data_object_wrap_warning’ is deprecated: by TypedData [-Wdeprecated-declarations]
  300 |  return Data_Wrap_Struct(klass, NULL, &goomba_sanitizer_free, sanitizer);
      |  ^~~~~~
In file included from /usr/share/rbenv/versions/3.4.4/include/ruby-3.4.0/ruby/internal/core.h:27,
                 from /usr/share/rbenv/versions/3.4.4/include/ruby-3.4.0/ruby/ruby.h:29,
                 from /usr/share/rbenv/versions/3.4.4/include/ruby-3.4.0/ruby.h:38,
                 from goomba.h:5,
                 from goomba_sanitizer_rb.c:2:
/usr/share/rbenv/versions/3.4.4/include/ruby-3.4.0/ruby/internal/core/rdata.h:293:1: note: declared here
  293 | rb_data_object_wrap_warning(VALUE klass, void *ptr, RUBY_DATA_FUNC mark, RUBY_DATA_FUNC free)
      | ^~~~~~~~~~~~~~~~~~~~~~~~~~~
goomba_doc.c:406:2: warning: ‘rb_data_object_get_warning’ is deprecated: by TypedData [-Wdeprecated-declarations]
  406 |  Data_Get_Struct(rb_self, GumboNode, node);
      |  ^~~~~~~~~~~~~~~
In file included from /usr/share/rbenv/versions/3.4.4/include/ruby-3.4.0/ruby/internal/core.h:27,
                 from /usr/share/rbenv/versions/3.4.4/include/ruby-3.4.0/ruby/ruby.h:29,
                 from /usr/share/rbenv/versions/3.4.4/include/ruby-3.4.0/ruby.h:38,
                 from goomba.h:5,
                 from goomba_doc.c:3:
/usr/share/rbenv/versions/3.4.4/include/ruby-3.4.0/ruby/internal/core/rdata.h:325:1: note: declared here
  325 | rb_data_object_get_warning(VALUE obj)
      | ^~~~~~~~~~~~~~~~~~~~~~~~~~
goomba_doc.c: In function ‘rb_goomba_node_next_sibling’:
goomba_doc.c:420:2: warning: ‘rb_data_object_get_warning’ is deprecated: by TypedData [-Wdeprecated-declarations]
  420 |  Data_Get_Struct(rb_self, GumboNode, node);
      |  ^~~~~~~~~~~~~~~
In file included from /usr/share/rbenv/versions/3.4.4/include/ruby-3.4.0/ruby/internal/core.h:27,
                 from /usr/share/rbenv/versions/3.4.4/include/ruby-3.4.0/ruby/ruby.h:29,
                 from /usr/share/rbenv/versions/3.4.4/include/ruby-3.4.0/ruby.h:38,
                 from goomba.h:5,
                 from goomba_doc.c:3:
/usr/share/rbenv/versions/3.4.4/include/ruby-3.4.0/ruby/internal/core/rdata.h:325:1: note: declared here
  325 | rb_data_object_get_warning(VALUE obj)
      | ^~~~~~~~~~~~~~~~~~~~~~~~~~
goomba_doc.c: In function ‘rb_goomba_node_index_within_parent’:
goomba_doc.c:448:2: warning: ‘rb_data_object_get_warning’ is deprecated: by TypedData [-Wdeprecated-declarations]
  448 |  Data_Get_Struct(rb_self, GumboNode, node);
      |  ^~~~~~~~~~~~~~~
In file included from /usr/share/rbenv/versions/3.4.4/include/ruby-3.4.0/ruby/internal/core.h:27,
                 from /usr/share/rbenv/versions/3.4.4/include/ruby-3.4.0/ruby/ruby.h:29,
                 from /usr/share/rbenv/versions/3.4.4/include/ruby-3.4.0/ruby.h:38,
                 from goomba.h:5,
                 from goomba_doc.c:3:
/usr/share/rbenv/versions/3.4.4/include/ruby-3.4.0/ruby/internal/core/rdata.h:325:1: note: declared here
  325 | rb_data_object_get_warning(VALUE obj)
      | ^~~~~~~~~~~~~~~~~~~~~~~~~~
goomba_doc.c: In function ‘rb_goomba_node_is_last_child’:
goomba_doc.c:459:2: warning: ‘rb_data_object_get_warning’ is deprecated: by TypedData [-Wdeprecated-declarations]
  459 |  Data_Get_Struct(rb_self, GumboNode, node);
      |  ^~~~~~~~~~~~~~~
In file included from /usr/share/rbenv/versions/3.4.4/include/ruby-3.4.0/ruby/internal/core.h:27,
                 from /usr/share/rbenv/versions/3.4.4/include/ruby-3.4.0/ruby/ruby.h:29,
                 from /usr/share/rbenv/versions/3.4.4/include/ruby-3.4.0/ruby.h:38,
                 from goomba.h:5,
                 from goomba_doc.c:3:
/usr/share/rbenv/versions/3.4.4/include/ruby-3.4.0/ruby/internal/core/rdata.h:325:1: note: declared here
  325 | rb_data_object_get_warning(VALUE obj)
      | ^~~~~~~~~~~~~~~~~~~~~~~~~~
goomba_doc.c: In function ‘rb_goomba_node_nth_ancestor_is’:
goomba_doc.c:474:2: warning: ‘rb_data_object_get_warning’ is deprecated: by TypedData [-Wdeprecated-declarations]
  474 |  Data_Get_Struct(rb_self, GumboNode, node);
      |  ^~~~~~~~~~~~~~~
In file included from /usr/share/rbenv/versions/3.4.4/include/ruby-3.4.0/ruby/internal/core.h:27,
                 from /usr/share/rbenv/versions/3.4.4/include/ruby-3.4.0/ruby/ruby.h:29,
                 from /usr/share/rbenv/versions/3.4.4/include/ruby-3.4.0/ruby.h:38,
                 from goomba.h:5,
                 from goomba_doc.c:3:
/usr/share/rbenv/versions/3.4.4/include/ruby-3.4.0/ruby/internal/core/rdata.h:325:1: note: declared here
  325 | rb_data_object_get_warning(VALUE obj)
      | ^~~~~~~~~~~~~~~~~~~~~~~~~~
goomba_doc.c:475:2: warning: ‘rb_data_object_get_warning’ is deprecated: by TypedData [-Wdeprecated-declarations]
  475 |  Data_Get_Struct(rb_self, GoombaSanitizer, sanitizer);
      |  ^~~~~~~~~~~~~~~
In file included from /usr/share/rbenv/versions/3.4.4/include/ruby-3.4.0/ruby/internal/core.h:27,
                 from /usr/share/rbenv/versions/3.4.4/include/ruby-3.4.0/ruby/ruby.h:29,
                 from /usr/share/rbenv/versions/3.4.4/include/ruby-3.4.0/ruby.h:38,
                 from goomba.h:5,
                 from goomba_doc.c:3:
/usr/share/rbenv/versions/3.4.4/include/ruby-3.4.0/ruby/internal/core/rdata.h:325:1: note: declared here
  325 | rb_data_object_get_warning(VALUE obj)
      | ^~~~~~~~~~~~~~~~~~~~~~~~~~
goomba_doc.c:486:4: warning: ‘rb_data_object_get_warning’ is deprecated: by TypedData [-Wdeprecated-declarations]
  486 |    Data_Get_Struct(rb_tag, GumboNode, ancestor);
      |    ^~~~~~~~~~~~~~~
In file included from /usr/share/rbenv/versions/3.4.4/include/ruby-3.4.0/ruby/internal/core.h:27,
                 from /usr/share/rbenv/versions/3.4.4/include/ruby-3.4.0/ruby/ruby.h:29,
                 from /usr/share/rbenv/versions/3.4.4/include/ruby-3.4.0/ruby.h:38,
                 from goomba.h:5,
                 from goomba_doc.c:3:
/usr/share/rbenv/versions/3.4.4/include/ruby-3.4.0/ruby/internal/core/rdata.h:325:1: note: declared here
  325 | rb_data_object_get_warning(VALUE obj)
      | ^~~~~~~~~~~~~~~~~~~~~~~~~~
goomba_doc.c: In function ‘rb_goomba_node_matches’:
goomba_doc.c:508:2: warning: ‘rb_data_object_get_warning’ is deprecated: by TypedData [-Wdeprecated-declarations]
  508 |  Data_Get_Struct(rb_self, GumboNode, node);
      |  ^~~~~~~~~~~~~~~
In file included from /usr/share/rbenv/versions/3.4.4/include/ruby-3.4.0/ruby/internal/core.h:27,
                 from /usr/share/rbenv/versions/3.4.4/include/ruby-3.4.0/ruby/ruby.h:29,
                 from /usr/share/rbenv/versions/3.4.4/include/ruby-3.4.0/ruby.h:38,
                 from goomba.h:5,
                 from goomba_doc.c:3:
/usr/share/rbenv/versions/3.4.4/include/ruby-3.4.0/ruby/internal/core/rdata.h:325:1: note: declared here
  325 | rb_data_object_get_warning(VALUE obj)
      | ^~~~~~~~~~~~~~~~~~~~~~~~~~
compiling tokenizer.c
In file included from goomba_serialize.c:1:
goomba.h: In function ‘document_get_output’:
goomba.h:47:5: warning: ‘rb_data_object_get_warning’ is deprecated: by TypedData [-Wdeprecated-declarations]
   47 |     Data_Get_Struct(rb_document, GoombaDocument, document);
      |     ^~~~~~~~~~~~~~~
In file included from /usr/share/rbenv/versions/3.4.4/include/ruby-3.4.0/ruby/internal/core.h:27,
                 from /usr/share/rbenv/versions/3.4.4/include/ruby-3.4.0/ruby/ruby.h:29,
                 from /usr/share/rbenv/versions/3.4.4/include/ruby-3.4.0/ruby.h:38,
                 from goomba.h:5,
                 from goomba_serialize.c:1:
/usr/share/rbenv/versions/3.4.4/include/ruby-3.4.0/ruby/internal/core/rdata.h:325:1: note: declared here
  325 | rb_data_object_get_warning(VALUE obj)
      | ^~~~~~~~~~~~~~~~~~~~~~~~~~
compiling utf8.c
goomba_serialize.c: In function ‘rb_goomba_serializer_to_html’:
goomba_serialize.c:630:2: warning: ‘rb_data_object_get_warning’ is deprecated: by TypedData [-Wdeprecated-declarations]
  630 |  Data_Get_Struct(rb_self, GoombaSerializer, serial);
      |  ^~~~~~~~~~~~~~~
In file included from /usr/share/rbenv/versions/3.4.4/include/ruby-3.4.0/ruby/internal/core.h:27,
                 from /usr/share/rbenv/versions/3.4.4/include/ruby-3.4.0/ruby/ruby.h:29,
                 from /usr/share/rbenv/versions/3.4.4/include/ruby-3.4.0/ruby.h:38,
                 from goomba.h:5,
                 from goomba_serialize.c:1:
/usr/share/rbenv/versions/3.4.4/include/ruby-3.4.0/ruby/internal/core/rdata.h:325:1: note: declared here
  325 | rb_data_object_get_warning(VALUE obj)
      | ^~~~~~~~~~~~~~~~~~~~~~~~~~
In file included from goomba_strset.c:2:
goomba.h: In function ‘document_get_output’:
goomba.h:47:5: warning: ‘rb_data_object_get_warning’ is deprecated: by TypedData [-Wdeprecated-declarations]
   47 |     Data_Get_Struct(rb_document, GoombaDocument, document);
      |     ^~~~~~~~~~~~~~~
In file included from /usr/share/rbenv/versions/3.4.4/include/ruby-3.4.0/ruby/internal/core.h:27,
                 from /usr/share/rbenv/versions/3.4.4/include/ruby-3.4.0/ruby/ruby.h:29,
                 from /usr/share/rbenv/versions/3.4.4/include/ruby-3.4.0/ruby.h:38,
                 from goomba.h:5,
                 from goomba_strset.c:2:
/usr/share/rbenv/versions/3.4.4/include/ruby-3.4.0/ruby/internal/core/rdata.h:325:1: note: declared here
  325 | rb_data_object_get_warning(VALUE obj)
      | ^~~~~~~~~~~~~~~~~~~~~~~~~~
compiling util.c
In file included from perf.c:1:
goomba.h: In function ‘document_get_output’:
goomba.h:47:5: warning: ‘rb_data_object_get_warning’ is deprecated: by TypedData [-Wdeprecated-declarations]
   47 |     Data_Get_Struct(rb_document, GoombaDocument, document);
      |     ^~~~~~~~~~~~~~~
In file included from /usr/share/rbenv/versions/3.4.4/include/ruby-3.4.0/ruby/internal/core.h:27,
                 from /usr/share/rbenv/versions/3.4.4/include/ruby-3.4.0/ruby/ruby.h:29,
                 from /usr/share/rbenv/versions/3.4.4/include/ruby-3.4.0/ruby.h:38,
                 from goomba.h:5,
                 from perf.c:1:
/usr/share/rbenv/versions/3.4.4/include/ruby-3.4.0/ruby/internal/core/rdata.h:325:1: note: declared here
  325 | rb_data_object_get_warning(VALUE obj)
      | ^~~~~~~~~~~~~~~~~~~~~~~~~~
compiling vector.c
linking shared-object goomba.so

current directory: /github/vendor/gems/3.4.4/ruby/3.4.0/gems/goomba-0.0.1.524.g069b966/ext/goomba
make -j16 DESTDIR\= sitearchdir\=./.gem.20250710-147-am05g sitelibdir\=./.gem.20250710-147-am05g install
/usr/bin/install -c -m 0755 goomba.so ./.gem.20250710-147-am05g

current directory: /github/vendor/gems/3.4.4/ruby/3.4.0/gems/goomba-0.0.1.524.g069b966/ext/goomba
make -j16 DESTDIR\= sitearchdir\=./.gem.20250710-147-am05g sitelibdir\=./.gem.20250710-147-am05g clean
