current directory: /github/vendor/gems/3.3.8/ruby/3.3.0/gems/ed25519-1.2.4/ext/ed25519_ref10
/usr/share/rbenv/versions/3.3.8/bin/ruby extconf.rb
creating Makefile

current directory: /github/vendor/gems/3.3.8/ruby/3.3.0/gems/ed25519-1.2.4/ext/ed25519_ref10
make DESTDIR\= sitearchdir\=./.gem.20250507-113-iq7vbh sitelibdir\=./.gem.20250507-113-iq7vbh clean

current directory: /github/vendor/gems/3.3.8/ruby/3.3.0/gems/ed25519-1.2.4/ext/ed25519_ref10
make DESTDIR\= sitearchdir\=./.gem.20250507-113-iq7vbh sitelibdir\=./.gem.20250507-113-iq7vbh
compiling ed25519_ref10.c
compiling fe.c
compiling ge.c
compiling keypair.c
In file included from /usr/share/rbenv/versions/3.3.8/include/ruby-3.3.0/ruby/ruby.h:15,
                 from /usr/share/rbenv/versions/3.3.8/include/ruby-3.3.0/ruby.h:38,
                 from ed25519_ref10.c:1:
/usr/share/rbenv/versions/3.3.8/include/ruby-3.3.0/ruby/internal/config.h:139:50: warning: __VA_OPT__ is not available until C++2a
  139 | # define RBIMPL_TEST2(...)          RBIMPL_TEST3(__VA_OPT__(,),1,0,0)
      |                                                  ^
compiling open.c
compiling sc_muladd.c
In file included from /usr/share/rbenv/versions/3.3.8/include/ruby-3.3.0/ruby/ruby.h:46,
                 from /usr/share/rbenv/versions/3.3.8/include/ruby-3.3.0/ruby.h:38,
                 from ed25519_ref10.c:1:
/usr/share/rbenv/versions/3.3.8/include/ruby-3.3.0/ruby/internal/scan_args.h:502:41: warning: __VA_OPT__ is not available until C++2a
  502 |         (rb_scan_args)(argc, argvp, fmt __VA_OPT__(, __VA_ARGS__)))
      |                                         ^
/usr/share/rbenv/versions/3.3.8/include/ruby-3.3.0/ruby/internal/scan_args.h:510:53: warning: __VA_OPT__ is not available until C++2a
  510 |         (rb_scan_args_kw)(kw_flag, argc, argvp, fmt __VA_OPT__(, __VA_ARGS__)))
      |                                                     ^
compiling sc_reduce.c
compiling sha512.c
compiling sign.c
compiling verify.c
linking shared-object ed25519_ref10.so

current directory: /github/vendor/gems/3.3.8/ruby/3.3.0/gems/ed25519-1.2.4/ext/ed25519_ref10
make DESTDIR\= sitearchdir\=./.gem.20250507-113-iq7vbh sitelibdir\=./.gem.20250507-113-iq7vbh install
/usr/bin/install -c -m 0755 ed25519_ref10.so ./.gem.20250507-113-iq7vbh

current directory: /github/vendor/gems/3.3.8/ruby/3.3.0/gems/ed25519-1.2.4/ext/ed25519_ref10
make DESTDIR\= sitearchdir\=./.gem.20250507-113-iq7vbh sitelibdir\=./.gem.20250507-113-iq7vbh clean
