current directory: /github/vendor/gems/3.4.4/ruby/3.4.0/gems/rblineprof-0.3.7/ext
/usr/share/rbenv/versions/3.4.4/bin/ruby extconf.rb
checking for rb_os_allocated_objects()... no
checking for rb_gc_stat()... yes
checking for rb_profile_frames()... yes
checking for rb_tracepoint_new()... yes
creating Makefile

current directory: /github/vendor/gems/3.4.4/ruby/3.4.0/gems/rblineprof-0.3.7/ext
make -j16 DESTDIR\= sitearchdir\=./.gem.20250613-147-ycn7da sitelibdir\=./.gem.20250613-147-ycn7da clean

current directory: /github/vendor/gems/3.4.4/ruby/3.4.0/gems/rblineprof-0.3.7/ext
make -j16 DESTDIR\= sitearchdir\=./.gem.20250613-147-ycn7da sitelibdir\=./.gem.20250613-147-ycn7da
compiling rblineprof.c
rblineprof.c: In function ‘Init_rblineprof’:
rblineprof.c:682:3: warning: ‘rb_data_object_wrap_warning’ is deprecated: by TypedData [-Wdeprecated-declarations]
  682 |   gc_hook = Data_Wrap_Struct(rb_cObject, rblineprof_gc_mark, NULL, NULL);
      |   ^~~~~~~
In file included from /usr/share/rbenv/versions/3.4.4/include/ruby-3.4.0/ruby/internal/core.h:27,
                 from /usr/share/rbenv/versions/3.4.4/include/ruby-3.4.0/ruby/ruby.h:29,
                 from /usr/share/rbenv/versions/3.4.4/include/ruby-3.4.0/ruby.h:38,
                 from rblineprof.c:1:
/usr/share/rbenv/versions/3.4.4/include/ruby-3.4.0/ruby/internal/core/rdata.h:293:1: note: declared here
  293 | rb_data_object_wrap_warning(VALUE klass, void *ptr, RUBY_DATA_FUNC mark, RUBY_DATA_FUNC free)
      | ^~~~~~~~~~~~~~~~~~~~~~~~~~~
linking shared-object rblineprof.so

current directory: /github/vendor/gems/3.4.4/ruby/3.4.0/gems/rblineprof-0.3.7/ext
make -j16 DESTDIR\= sitearchdir\=./.gem.20250613-147-ycn7da sitelibdir\=./.gem.20250613-147-ycn7da install
/usr/bin/install -c -m 0755 rblineprof.so ./.gem.20250613-147-ycn7da

current directory: /github/vendor/gems/3.4.4/ruby/3.4.0/gems/rblineprof-0.3.7/ext
make -j16 DESTDIR\= sitearchdir\=./.gem.20250613-147-ycn7da sitelibdir\=./.gem.20250613-147-ycn7da clean
