current directory: /github/vendor/gems/3.3.4/ruby/3.3.0/gems/io-console-0.7.2/ext/io/console
/usr/share/rbenv/versions/3.3.4/bin/ruby extconf.rb
checking for rb_io_path()... yes
checking for rb_io_descriptor()... yes
checking for rb_io_get_write_io()... yes
checking for rb_io_closed_p()... yes
checking for rb_io_open_descriptor()... yes
checking for termios.h... yes
checking for cfmakeraw() in termios.h... yes
checking for sys/ioctl.h... yes
checking for HAVE_RUBY_FIBER_SCHEDULER_H... yes
creating Makefile

current directory: /github/vendor/gems/3.3.4/ruby/3.3.0/gems/io-console-0.7.2/ext/io/console
make DESTDIR\= sitearchdir\=./.gem.20250403-113-x2t69w sitelibdir\=./.gem.20250403-113-x2t69w clean

current directory: /github/vendor/gems/3.3.4/ruby/3.3.0/gems/io-console-0.7.2/ext/io/console
make DESTDIR\= sitearchdir\=./.gem.20250403-113-x2t69w sitelibdir\=./.gem.20250403-113-x2t69w
compiling console.c
linking shared-object io/console.so

current directory: /github/vendor/gems/3.3.4/ruby/3.3.0/gems/io-console-0.7.2/ext/io/console
make DESTDIR\= sitearchdir\=./.gem.20250403-113-x2t69w sitelibdir\=./.gem.20250403-113-x2t69w install
/usr/bin/install -c -m 0755 console.so ./.gem.20250403-113-x2t69w/io

current directory: /github/vendor/gems/3.3.4/ruby/3.3.0/gems/io-console-0.7.2/ext/io/console
make DESTDIR\= sitearchdir\=./.gem.20250403-113-x2t69w sitelibdir\=./.gem.20250403-113-x2t69w clean
