The system is: Linux - 5.15.0-1084-aws - x86_64
Compiling the C compiler identification source file "CMakeCCompilerId.c" succeeded.
Compiler: /usr/bin/gcc 
Build flags: -fPIC
Id flags:  

The output was:
0


Compilation of the C compiler identification source "CMakeCCompilerId.c" produced "a.out"

The C compiler identification is GNU, found in "/github/vendor/gems/3.4.4/ruby/3.4.0/gems/rugged-1.4.3.102.ga6b7142/vendor/libgit2/build/CMakeFiles/3.16.3/CompilerIdC/a.out"

Determining if the C compiler works passed with the following output:
Change Dir: /github/vendor/gems/3.4.4/ruby/3.4.0/gems/rugged-1.4.3.102.ga6b7142/vendor/libgit2/build/CMakeFiles/CMakeTmp

Run Build Command(s):/usr/bin/make cmTC_38326/fast && make -j16 -f CMakeFiles/cmTC_38326.dir/build.make CMakeFiles/cmTC_38326.dir/build
make[1]: Entering directory '/github/vendor/gems/3.4.4/ruby/3.4.0/gems/rugged-1.4.3.102.ga6b7142/vendor/libgit2/build/CMakeFiles/CMakeTmp'
Building C object CMakeFiles/cmTC_38326.dir/testCCompiler.c.o
/usr/bin/gcc   -fPIC    -o CMakeFiles/cmTC_38326.dir/testCCompiler.c.o   -c /github/vendor/gems/3.4.4/ruby/3.4.0/gems/rugged-1.4.3.102.ga6b7142/vendor/libgit2/build/CMakeFiles/CMakeTmp/testCCompiler.c
Linking C executable cmTC_38326
/usr/bin/cmake -E cmake_link_script CMakeFiles/cmTC_38326.dir/link.txt --verbose=1
/usr/bin/gcc -fPIC     CMakeFiles/cmTC_38326.dir/testCCompiler.c.o  -o cmTC_38326 
make[1]: Leaving directory '/github/vendor/gems/3.4.4/ruby/3.4.0/gems/rugged-1.4.3.102.ga6b7142/vendor/libgit2/build/CMakeFiles/CMakeTmp'



Detecting C compiler ABI info compiled with the following output:
Change Dir: /github/vendor/gems/3.4.4/ruby/3.4.0/gems/rugged-1.4.3.102.ga6b7142/vendor/libgit2/build/CMakeFiles/CMakeTmp

Run Build Command(s):/usr/bin/make cmTC_7fce9/fast && make -j16 -f CMakeFiles/cmTC_7fce9.dir/build.make CMakeFiles/cmTC_7fce9.dir/build
make[1]: Entering directory '/github/vendor/gems/3.4.4/ruby/3.4.0/gems/rugged-1.4.3.102.ga6b7142/vendor/libgit2/build/CMakeFiles/CMakeTmp'
Building C object CMakeFiles/cmTC_7fce9.dir/CMakeCCompilerABI.c.o
/usr/bin/gcc   -fPIC    -v -o CMakeFiles/cmTC_7fce9.dir/CMakeCCompilerABI.c.o   -c /usr/share/cmake-3.16/Modules/CMakeCCompilerABI.c
Using built-in specs.
COLLECT_GCC=/usr/bin/gcc
OFFLOAD_TARGET_NAMES=nvptx-none:hsa
OFFLOAD_TARGET_DEFAULT=1
Target: x86_64-linux-gnu
Configured with: ../src/configure -v --with-pkgversion='Ubuntu 9.4.0-1ubuntu1~20.04.2' --with-bugurl=file:///usr/share/doc/gcc-9/README.Bugs --enable-languages=c,ada,c++,go,brig,d,fortran,objc,obj-c++,gm2 --prefix=/usr --with-gcc-major-version-only --program-suffix=-9 --program-prefix=x86_64-linux-gnu- --enable-shared --enable-linker-build-id --libexecdir=/usr/lib --without-included-gettext --enable-threads=posix --libdir=/usr/lib --enable-nls --enable-clocale=gnu --enable-libstdcxx-debug --enable-libstdcxx-time=yes --with-default-libstdcxx-abi=new --enable-gnu-unique-object --disable-vtable-verify --enable-plugin --enable-default-pie --with-system-zlib --with-target-system-zlib=auto --enable-objc-gc=auto --enable-multiarch --disable-werror --with-arch-32=i686 --with-abi=m64 --with-multilib-list=m32,m64,mx32 --enable-multilib --with-tune=generic --enable-offload-targets=nvptx-none=/build/gcc-9-9QDOt0/gcc-9-9.4.0/debian/tmp-nvptx/usr,hsa --without-cuda-driver --enable-checking=release --build=x86_64-linux-gnu --host=x86_64-linux-gnu --target=x86_64-linux-gnu
Thread model: posix
gcc version 9.4.0 (Ubuntu 9.4.0-1ubuntu1~20.04.2) 
COLLECT_GCC_OPTIONS='-fPIC' '-v' '-o' 'CMakeFiles/cmTC_7fce9.dir/CMakeCCompilerABI.c.o' '-c' '-mtune=generic' '-march=x86-64'
 /usr/lib/gcc/x86_64-linux-gnu/9/cc1 -quiet -v -imultiarch x86_64-linux-gnu /usr/share/cmake-3.16/Modules/CMakeCCompilerABI.c -quiet -dumpbase CMakeCCompilerABI.c -mtune=generic -march=x86-64 -auxbase-strip CMakeFiles/cmTC_7fce9.dir/CMakeCCompilerABI.c.o -version -fPIC -fasynchronous-unwind-tables -fstack-protector-strong -Wformat -Wformat-security -fstack-clash-protection -fcf-protection -o /tmp/ccQZ7T1I.s
GNU C17 (Ubuntu 9.4.0-1ubuntu1~20.04.2) version 9.4.0 (x86_64-linux-gnu)
	compiled by GNU C version 9.4.0, GMP version 6.2.0, MPFR version 4.0.2, MPC version 1.1.0, isl version isl-0.22.1-GMP

GGC heuristics: --param ggc-min-expand=100 --param ggc-min-heapsize=131072
ignoring nonexistent directory "/usr/local/include/x86_64-linux-gnu"
ignoring nonexistent directory "/usr/lib/gcc/x86_64-linux-gnu/9/include-fixed"
ignoring nonexistent directory "/usr/lib/gcc/x86_64-linux-gnu/9/../../../../x86_64-linux-gnu/include"
#include "..." search starts here:
#include <...> search starts here:
 /usr/lib/gcc/x86_64-linux-gnu/9/include
 /usr/local/include
 /usr/include/x86_64-linux-gnu
 /usr/include
End of search list.
GNU C17 (Ubuntu 9.4.0-1ubuntu1~20.04.2) version 9.4.0 (x86_64-linux-gnu)
	compiled by GNU C version 9.4.0, GMP version 6.2.0, MPFR version 4.0.2, MPC version 1.1.0, isl version isl-0.22.1-GMP

GGC heuristics: --param ggc-min-expand=100 --param ggc-min-heapsize=131072
Compiler executable checksum: 01da938ff5dc2163489aa33cb3b747a7
COLLECT_GCC_OPTIONS='-fPIC' '-v' '-o' 'CMakeFiles/cmTC_7fce9.dir/CMakeCCompilerABI.c.o' '-c' '-mtune=generic' '-march=x86-64'
 as -v --64 -o CMakeFiles/cmTC_7fce9.dir/CMakeCCompilerABI.c.o /tmp/ccQZ7T1I.s
GNU assembler version 2.34 (x86_64-linux-gnu) using BFD version (GNU Binutils for Ubuntu) 2.34
MAKEFLAGS=w -j16 
COMPILER_PATH=/usr/lib/gcc/x86_64-linux-gnu/9/:/usr/lib/gcc/x86_64-linux-gnu/9/:/usr/lib/gcc/x86_64-linux-gnu/:/usr/lib/gcc/x86_64-linux-gnu/9/:/usr/lib/gcc/x86_64-linux-gnu/
LIBRARY_PATH=/usr/lib/gcc/x86_64-linux-gnu/9/:/usr/lib/gcc/x86_64-linux-gnu/9/../../../x86_64-linux-gnu/:/usr/lib/gcc/x86_64-linux-gnu/9/../../../../lib/:/lib/x86_64-linux-gnu/:/lib/../lib/:/usr/lib/x86_64-linux-gnu/:/usr/lib/../lib/:/usr/lib/gcc/x86_64-linux-gnu/9/../../../:/lib/:/usr/lib/
COLLECT_GCC_OPTIONS='-fPIC' '-v' '-o' 'CMakeFiles/cmTC_7fce9.dir/CMakeCCompilerABI.c.o' '-c' '-mtune=generic' '-march=x86-64'
Linking C executable cmTC_7fce9
/usr/bin/cmake -E cmake_link_script CMakeFiles/cmTC_7fce9.dir/link.txt --verbose=1
/usr/bin/gcc -fPIC    -v CMakeFiles/cmTC_7fce9.dir/CMakeCCompilerABI.c.o  -o cmTC_7fce9 
Using built-in specs.
COLLECT_GCC=/usr/bin/gcc
COLLECT_LTO_WRAPPER=/usr/lib/gcc/x86_64-linux-gnu/9/lto-wrapper
OFFLOAD_TARGET_NAMES=nvptx-none:hsa
OFFLOAD_TARGET_DEFAULT=1
Target: x86_64-linux-gnu
Configured with: ../src/configure -v --with-pkgversion='Ubuntu 9.4.0-1ubuntu1~20.04.2' --with-bugurl=file:///usr/share/doc/gcc-9/README.Bugs --enable-languages=c,ada,c++,go,brig,d,fortran,objc,obj-c++,gm2 --prefix=/usr --with-gcc-major-version-only --program-suffix=-9 --program-prefix=x86_64-linux-gnu- --enable-shared --enable-linker-build-id --libexecdir=/usr/lib --without-included-gettext --enable-threads=posix --libdir=/usr/lib --enable-nls --enable-clocale=gnu --enable-libstdcxx-debug --enable-libstdcxx-time=yes --with-default-libstdcxx-abi=new --enable-gnu-unique-object --disable-vtable-verify --enable-plugin --enable-default-pie --with-system-zlib --with-target-system-zlib=auto --enable-objc-gc=auto --enable-multiarch --disable-werror --with-arch-32=i686 --with-abi=m64 --with-multilib-list=m32,m64,mx32 --enable-multilib --with-tune=generic --enable-offload-targets=nvptx-none=/build/gcc-9-9QDOt0/gcc-9-9.4.0/debian/tmp-nvptx/usr,hsa --without-cuda-driver --enable-checking=release --build=x86_64-linux-gnu --host=x86_64-linux-gnu --target=x86_64-linux-gnu
Thread model: posix
gcc version 9.4.0 (Ubuntu 9.4.0-1ubuntu1~20.04.2) 
MAKEFLAGS=w -j16 
COMPILER_PATH=/usr/lib/gcc/x86_64-linux-gnu/9/:/usr/lib/gcc/x86_64-linux-gnu/9/:/usr/lib/gcc/x86_64-linux-gnu/:/usr/lib/gcc/x86_64-linux-gnu/9/:/usr/lib/gcc/x86_64-linux-gnu/
LIBRARY_PATH=/usr/lib/gcc/x86_64-linux-gnu/9/:/usr/lib/gcc/x86_64-linux-gnu/9/../../../x86_64-linux-gnu/:/usr/lib/gcc/x86_64-linux-gnu/9/../../../../lib/:/lib/x86_64-linux-gnu/:/lib/../lib/:/usr/lib/x86_64-linux-gnu/:/usr/lib/../lib/:/usr/lib/gcc/x86_64-linux-gnu/9/../../../:/lib/:/usr/lib/
COLLECT_GCC_OPTIONS='-fPIC' '-v' '-o' 'cmTC_7fce9' '-mtune=generic' '-march=x86-64'
 /usr/lib/gcc/x86_64-linux-gnu/9/collect2 -plugin /usr/lib/gcc/x86_64-linux-gnu/9/liblto_plugin.so -plugin-opt=/usr/lib/gcc/x86_64-linux-gnu/9/lto-wrapper -plugin-opt=-fresolution=/tmp/ccuH3F98.res -plugin-opt=-pass-through=-lgcc -plugin-opt=-pass-through=-lgcc_s -plugin-opt=-pass-through=-lc -plugin-opt=-pass-through=-lgcc -plugin-opt=-pass-through=-lgcc_s --build-id --eh-frame-hdr -m elf_x86_64 --hash-style=gnu --as-needed -dynamic-linker /lib64/ld-linux-x86-64.so.2 -pie -z now -z relro -o cmTC_7fce9 /usr/lib/gcc/x86_64-linux-gnu/9/../../../x86_64-linux-gnu/Scrt1.o /usr/lib/gcc/x86_64-linux-gnu/9/../../../x86_64-linux-gnu/crti.o /usr/lib/gcc/x86_64-linux-gnu/9/crtbeginS.o -L/usr/lib/gcc/x86_64-linux-gnu/9 -L/usr/lib/gcc/x86_64-linux-gnu/9/../../../x86_64-linux-gnu -L/usr/lib/gcc/x86_64-linux-gnu/9/../../../../lib -L/lib/x86_64-linux-gnu -L/lib/../lib -L/usr/lib/x86_64-linux-gnu -L/usr/lib/../lib -L/usr/lib/gcc/x86_64-linux-gnu/9/../../.. CMakeFiles/cmTC_7fce9.dir/CMakeCCompilerABI.c.o -lgcc --push-state --as-needed -lgcc_s --pop-state -lc -lgcc --push-state --as-needed -lgcc_s --pop-state /usr/lib/gcc/x86_64-linux-gnu/9/crtendS.o /usr/lib/gcc/x86_64-linux-gnu/9/../../../x86_64-linux-gnu/crtn.o
COLLECT_GCC_OPTIONS='-fPIC' '-v' '-o' 'cmTC_7fce9' '-mtune=generic' '-march=x86-64'
make[1]: Leaving directory '/github/vendor/gems/3.4.4/ruby/3.4.0/gems/rugged-1.4.3.102.ga6b7142/vendor/libgit2/build/CMakeFiles/CMakeTmp'



Parsed C implicit include dir info from above output: rv=done
  found start of include info
  found start of implicit include info
    add: [/usr/lib/gcc/x86_64-linux-gnu/9/include]
    add: [/usr/local/include]
    add: [/usr/include/x86_64-linux-gnu]
    add: [/usr/include]
  end of search list found
  collapse include dir [/usr/lib/gcc/x86_64-linux-gnu/9/include] ==> [/usr/lib/gcc/x86_64-linux-gnu/9/include]
  collapse include dir [/usr/local/include] ==> [/usr/local/include]
  collapse include dir [/usr/include/x86_64-linux-gnu] ==> [/usr/include/x86_64-linux-gnu]
  collapse include dir [/usr/include] ==> [/usr/include]
  implicit include dirs: [/usr/lib/gcc/x86_64-linux-gnu/9/include;/usr/local/include;/usr/include/x86_64-linux-gnu;/usr/include]


Parsed C implicit link information from above output:
  link line regex: [^( *|.*[/\])(ld|CMAKE_LINK_STARTFILE-NOTFOUND|([^/\]+-)?ld|collect2)[^/\]*( |$)]
  ignore line: [Change Dir: /github/vendor/gems/3.4.4/ruby/3.4.0/gems/rugged-1.4.3.102.ga6b7142/vendor/libgit2/build/CMakeFiles/CMakeTmp]
  ignore line: []
  ignore line: [Run Build Command(s):/usr/bin/make cmTC_7fce9/fast && make -j16 -f CMakeFiles/cmTC_7fce9.dir/build.make CMakeFiles/cmTC_7fce9.dir/build]
  ignore line: [make[1]: Entering directory '/github/vendor/gems/3.4.4/ruby/3.4.0/gems/rugged-1.4.3.102.ga6b7142/vendor/libgit2/build/CMakeFiles/CMakeTmp']
  ignore line: [Building C object CMakeFiles/cmTC_7fce9.dir/CMakeCCompilerABI.c.o]
  ignore line: [/usr/bin/gcc   -fPIC    -v -o CMakeFiles/cmTC_7fce9.dir/CMakeCCompilerABI.c.o   -c /usr/share/cmake-3.16/Modules/CMakeCCompilerABI.c]
  ignore line: [Using built-in specs.]
  ignore line: [COLLECT_GCC=/usr/bin/gcc]
  ignore line: [OFFLOAD_TARGET_NAMES=nvptx-none:hsa]
  ignore line: [OFFLOAD_TARGET_DEFAULT=1]
  ignore line: [Target: x86_64-linux-gnu]
  ignore line: [Configured with: ../src/configure -v --with-pkgversion='Ubuntu 9.4.0-1ubuntu1~20.04.2' --with-bugurl=file:///usr/share/doc/gcc-9/README.Bugs --enable-languages=c ada c++ go brig d fortran objc obj-c++ gm2 --prefix=/usr --with-gcc-major-version-only --program-suffix=-9 --program-prefix=x86_64-linux-gnu- --enable-shared --enable-linker-build-id --libexecdir=/usr/lib --without-included-gettext --enable-threads=posix --libdir=/usr/lib --enable-nls --enable-clocale=gnu --enable-libstdcxx-debug --enable-libstdcxx-time=yes --with-default-libstdcxx-abi=new --enable-gnu-unique-object --disable-vtable-verify --enable-plugin --enable-default-pie --with-system-zlib --with-target-system-zlib=auto --enable-objc-gc=auto --enable-multiarch --disable-werror --with-arch-32=i686 --with-abi=m64 --with-multilib-list=m32 m64 mx32 --enable-multilib --with-tune=generic --enable-offload-targets=nvptx-none=/build/gcc-9-9QDOt0/gcc-9-9.4.0/debian/tmp-nvptx/usr hsa --without-cuda-driver --enable-checking=release --build=x86_64-linux-gnu --host=x86_64-linux-gnu --target=x86_64-linux-gnu]
  ignore line: [Thread model: posix]
  ignore line: [gcc version 9.4.0 (Ubuntu 9.4.0-1ubuntu1~20.04.2) ]
  ignore line: [COLLECT_GCC_OPTIONS='-fPIC' '-v' '-o' 'CMakeFiles/cmTC_7fce9.dir/CMakeCCompilerABI.c.o' '-c' '-mtune=generic' '-march=x86-64']
  ignore line: [ /usr/lib/gcc/x86_64-linux-gnu/9/cc1 -quiet -v -imultiarch x86_64-linux-gnu /usr/share/cmake-3.16/Modules/CMakeCCompilerABI.c -quiet -dumpbase CMakeCCompilerABI.c -mtune=generic -march=x86-64 -auxbase-strip CMakeFiles/cmTC_7fce9.dir/CMakeCCompilerABI.c.o -version -fPIC -fasynchronous-unwind-tables -fstack-protector-strong -Wformat -Wformat-security -fstack-clash-protection -fcf-protection -o /tmp/ccQZ7T1I.s]
  ignore line: [GNU C17 (Ubuntu 9.4.0-1ubuntu1~20.04.2) version 9.4.0 (x86_64-linux-gnu)]
  ignore line: [	compiled by GNU C version 9.4.0  GMP version 6.2.0  MPFR version 4.0.2  MPC version 1.1.0  isl version isl-0.22.1-GMP]
  ignore line: []
  ignore line: [GGC heuristics: --param ggc-min-expand=100 --param ggc-min-heapsize=131072]
  ignore line: [ignoring nonexistent directory "/usr/local/include/x86_64-linux-gnu"]
  ignore line: [ignoring nonexistent directory "/usr/lib/gcc/x86_64-linux-gnu/9/include-fixed"]
  ignore line: [ignoring nonexistent directory "/usr/lib/gcc/x86_64-linux-gnu/9/../../../../x86_64-linux-gnu/include"]
  ignore line: [#include "..." search starts here:]
  ignore line: [#include <...> search starts here:]
  ignore line: [ /usr/lib/gcc/x86_64-linux-gnu/9/include]
  ignore line: [ /usr/local/include]
  ignore line: [ /usr/include/x86_64-linux-gnu]
  ignore line: [ /usr/include]
  ignore line: [End of search list.]
  ignore line: [GNU C17 (Ubuntu 9.4.0-1ubuntu1~20.04.2) version 9.4.0 (x86_64-linux-gnu)]
  ignore line: [	compiled by GNU C version 9.4.0  GMP version 6.2.0  MPFR version 4.0.2  MPC version 1.1.0  isl version isl-0.22.1-GMP]
  ignore line: []
  ignore line: [GGC heuristics: --param ggc-min-expand=100 --param ggc-min-heapsize=131072]
  ignore line: [Compiler executable checksum: 01da938ff5dc2163489aa33cb3b747a7]
  ignore line: [COLLECT_GCC_OPTIONS='-fPIC' '-v' '-o' 'CMakeFiles/cmTC_7fce9.dir/CMakeCCompilerABI.c.o' '-c' '-mtune=generic' '-march=x86-64']
  ignore line: [ as -v --64 -o CMakeFiles/cmTC_7fce9.dir/CMakeCCompilerABI.c.o /tmp/ccQZ7T1I.s]
  ignore line: [GNU assembler version 2.34 (x86_64-linux-gnu) using BFD version (GNU Binutils for Ubuntu) 2.34]
  ignore line: [MAKEFLAGS=w -j16 ]
  ignore line: [COMPILER_PATH=/usr/lib/gcc/x86_64-linux-gnu/9/:/usr/lib/gcc/x86_64-linux-gnu/9/:/usr/lib/gcc/x86_64-linux-gnu/:/usr/lib/gcc/x86_64-linux-gnu/9/:/usr/lib/gcc/x86_64-linux-gnu/]
  ignore line: [LIBRARY_PATH=/usr/lib/gcc/x86_64-linux-gnu/9/:/usr/lib/gcc/x86_64-linux-gnu/9/../../../x86_64-linux-gnu/:/usr/lib/gcc/x86_64-linux-gnu/9/../../../../lib/:/lib/x86_64-linux-gnu/:/lib/../lib/:/usr/lib/x86_64-linux-gnu/:/usr/lib/../lib/:/usr/lib/gcc/x86_64-linux-gnu/9/../../../:/lib/:/usr/lib/]
  ignore line: [COLLECT_GCC_OPTIONS='-fPIC' '-v' '-o' 'CMakeFiles/cmTC_7fce9.dir/CMakeCCompilerABI.c.o' '-c' '-mtune=generic' '-march=x86-64']
  ignore line: [Linking C executable cmTC_7fce9]
  ignore line: [/usr/bin/cmake -E cmake_link_script CMakeFiles/cmTC_7fce9.dir/link.txt --verbose=1]
  ignore line: [/usr/bin/gcc -fPIC    -v CMakeFiles/cmTC_7fce9.dir/CMakeCCompilerABI.c.o  -o cmTC_7fce9 ]
  ignore line: [Using built-in specs.]
  ignore line: [COLLECT_GCC=/usr/bin/gcc]
  ignore line: [COLLECT_LTO_WRAPPER=/usr/lib/gcc/x86_64-linux-gnu/9/lto-wrapper]
  ignore line: [OFFLOAD_TARGET_NAMES=nvptx-none:hsa]
  ignore line: [OFFLOAD_TARGET_DEFAULT=1]
  ignore line: [Target: x86_64-linux-gnu]
  ignore line: [Configured with: ../src/configure -v --with-pkgversion='Ubuntu 9.4.0-1ubuntu1~20.04.2' --with-bugurl=file:///usr/share/doc/gcc-9/README.Bugs --enable-languages=c ada c++ go brig d fortran objc obj-c++ gm2 --prefix=/usr --with-gcc-major-version-only --program-suffix=-9 --program-prefix=x86_64-linux-gnu- --enable-shared --enable-linker-build-id --libexecdir=/usr/lib --without-included-gettext --enable-threads=posix --libdir=/usr/lib --enable-nls --enable-clocale=gnu --enable-libstdcxx-debug --enable-libstdcxx-time=yes --with-default-libstdcxx-abi=new --enable-gnu-unique-object --disable-vtable-verify --enable-plugin --enable-default-pie --with-system-zlib --with-target-system-zlib=auto --enable-objc-gc=auto --enable-multiarch --disable-werror --with-arch-32=i686 --with-abi=m64 --with-multilib-list=m32 m64 mx32 --enable-multilib --with-tune=generic --enable-offload-targets=nvptx-none=/build/gcc-9-9QDOt0/gcc-9-9.4.0/debian/tmp-nvptx/usr hsa --without-cuda-driver --enable-checking=release --build=x86_64-linux-gnu --host=x86_64-linux-gnu --target=x86_64-linux-gnu]
  ignore line: [Thread model: posix]
  ignore line: [gcc version 9.4.0 (Ubuntu 9.4.0-1ubuntu1~20.04.2) ]
  ignore line: [MAKEFLAGS=w -j16 ]
  ignore line: [COMPILER_PATH=/usr/lib/gcc/x86_64-linux-gnu/9/:/usr/lib/gcc/x86_64-linux-gnu/9/:/usr/lib/gcc/x86_64-linux-gnu/:/usr/lib/gcc/x86_64-linux-gnu/9/:/usr/lib/gcc/x86_64-linux-gnu/]
  ignore line: [LIBRARY_PATH=/usr/lib/gcc/x86_64-linux-gnu/9/:/usr/lib/gcc/x86_64-linux-gnu/9/../../../x86_64-linux-gnu/:/usr/lib/gcc/x86_64-linux-gnu/9/../../../../lib/:/lib/x86_64-linux-gnu/:/lib/../lib/:/usr/lib/x86_64-linux-gnu/:/usr/lib/../lib/:/usr/lib/gcc/x86_64-linux-gnu/9/../../../:/lib/:/usr/lib/]
  ignore line: [COLLECT_GCC_OPTIONS='-fPIC' '-v' '-o' 'cmTC_7fce9' '-mtune=generic' '-march=x86-64']
  link line: [ /usr/lib/gcc/x86_64-linux-gnu/9/collect2 -plugin /usr/lib/gcc/x86_64-linux-gnu/9/liblto_plugin.so -plugin-opt=/usr/lib/gcc/x86_64-linux-gnu/9/lto-wrapper -plugin-opt=-fresolution=/tmp/ccuH3F98.res -plugin-opt=-pass-through=-lgcc -plugin-opt=-pass-through=-lgcc_s -plugin-opt=-pass-through=-lc -plugin-opt=-pass-through=-lgcc -plugin-opt=-pass-through=-lgcc_s --build-id --eh-frame-hdr -m elf_x86_64 --hash-style=gnu --as-needed -dynamic-linker /lib64/ld-linux-x86-64.so.2 -pie -z now -z relro -o cmTC_7fce9 /usr/lib/gcc/x86_64-linux-gnu/9/../../../x86_64-linux-gnu/Scrt1.o /usr/lib/gcc/x86_64-linux-gnu/9/../../../x86_64-linux-gnu/crti.o /usr/lib/gcc/x86_64-linux-gnu/9/crtbeginS.o -L/usr/lib/gcc/x86_64-linux-gnu/9 -L/usr/lib/gcc/x86_64-linux-gnu/9/../../../x86_64-linux-gnu -L/usr/lib/gcc/x86_64-linux-gnu/9/../../../../lib -L/lib/x86_64-linux-gnu -L/lib/../lib -L/usr/lib/x86_64-linux-gnu -L/usr/lib/../lib -L/usr/lib/gcc/x86_64-linux-gnu/9/../../.. CMakeFiles/cmTC_7fce9.dir/CMakeCCompilerABI.c.o -lgcc --push-state --as-needed -lgcc_s --pop-state -lc -lgcc --push-state --as-needed -lgcc_s --pop-state /usr/lib/gcc/x86_64-linux-gnu/9/crtendS.o /usr/lib/gcc/x86_64-linux-gnu/9/../../../x86_64-linux-gnu/crtn.o]
    arg [/usr/lib/gcc/x86_64-linux-gnu/9/collect2] ==> ignore
    arg [-plugin] ==> ignore
    arg [/usr/lib/gcc/x86_64-linux-gnu/9/liblto_plugin.so] ==> ignore
    arg [-plugin-opt=/usr/lib/gcc/x86_64-linux-gnu/9/lto-wrapper] ==> ignore
    arg [-plugin-opt=-fresolution=/tmp/ccuH3F98.res] ==> ignore
    arg [-plugin-opt=-pass-through=-lgcc] ==> ignore
    arg [-plugin-opt=-pass-through=-lgcc_s] ==> ignore
    arg [-plugin-opt=-pass-through=-lc] ==> ignore
    arg [-plugin-opt=-pass-through=-lgcc] ==> ignore
    arg [-plugin-opt=-pass-through=-lgcc_s] ==> ignore
    arg [--build-id] ==> ignore
    arg [--eh-frame-hdr] ==> ignore
    arg [-m] ==> ignore
    arg [elf_x86_64] ==> ignore
    arg [--hash-style=gnu] ==> ignore
    arg [--as-needed] ==> ignore
    arg [-dynamic-linker] ==> ignore
    arg [/lib64/ld-linux-x86-64.so.2] ==> ignore
    arg [-pie] ==> ignore
    arg [-znow] ==> ignore
    arg [-zrelro] ==> ignore
    arg [-o] ==> ignore
    arg [cmTC_7fce9] ==> ignore
    arg [/usr/lib/gcc/x86_64-linux-gnu/9/../../../x86_64-linux-gnu/Scrt1.o] ==> ignore
    arg [/usr/lib/gcc/x86_64-linux-gnu/9/../../../x86_64-linux-gnu/crti.o] ==> ignore
    arg [/usr/lib/gcc/x86_64-linux-gnu/9/crtbeginS.o] ==> ignore
    arg [-L/usr/lib/gcc/x86_64-linux-gnu/9] ==> dir [/usr/lib/gcc/x86_64-linux-gnu/9]
    arg [-L/usr/lib/gcc/x86_64-linux-gnu/9/../../../x86_64-linux-gnu] ==> dir [/usr/lib/gcc/x86_64-linux-gnu/9/../../../x86_64-linux-gnu]
    arg [-L/usr/lib/gcc/x86_64-linux-gnu/9/../../../../lib] ==> dir [/usr/lib/gcc/x86_64-linux-gnu/9/../../../../lib]
    arg [-L/lib/x86_64-linux-gnu] ==> dir [/lib/x86_64-linux-gnu]
    arg [-L/lib/../lib] ==> dir [/lib/../lib]
    arg [-L/usr/lib/x86_64-linux-gnu] ==> dir [/usr/lib/x86_64-linux-gnu]
    arg [-L/usr/lib/../lib] ==> dir [/usr/lib/../lib]
    arg [-L/usr/lib/gcc/x86_64-linux-gnu/9/../../..] ==> dir [/usr/lib/gcc/x86_64-linux-gnu/9/../../..]
    arg [CMakeFiles/cmTC_7fce9.dir/CMakeCCompilerABI.c.o] ==> ignore
    arg [-lgcc] ==> lib [gcc]
    arg [--push-state] ==> ignore
    arg [--as-needed] ==> ignore
    arg [-lgcc_s] ==> lib [gcc_s]
    arg [--pop-state] ==> ignore
    arg [-lc] ==> lib [c]
    arg [-lgcc] ==> lib [gcc]
    arg [--push-state] ==> ignore
    arg [--as-needed] ==> ignore
    arg [-lgcc_s] ==> lib [gcc_s]
    arg [--pop-state] ==> ignore
    arg [/usr/lib/gcc/x86_64-linux-gnu/9/crtendS.o] ==> ignore
    arg [/usr/lib/gcc/x86_64-linux-gnu/9/../../../x86_64-linux-gnu/crtn.o] ==> ignore
  collapse library dir [/usr/lib/gcc/x86_64-linux-gnu/9] ==> [/usr/lib/gcc/x86_64-linux-gnu/9]
  collapse library dir [/usr/lib/gcc/x86_64-linux-gnu/9/../../../x86_64-linux-gnu] ==> [/usr/lib/x86_64-linux-gnu]
  collapse library dir [/usr/lib/gcc/x86_64-linux-gnu/9/../../../../lib] ==> [/usr/lib]
  collapse library dir [/lib/x86_64-linux-gnu] ==> [/lib/x86_64-linux-gnu]
  collapse library dir [/lib/../lib] ==> [/lib]
  collapse library dir [/usr/lib/x86_64-linux-gnu] ==> [/usr/lib/x86_64-linux-gnu]
  collapse library dir [/usr/lib/../lib] ==> [/usr/lib]
  collapse library dir [/usr/lib/gcc/x86_64-linux-gnu/9/../../..] ==> [/usr/lib]
  implicit libs: [gcc;gcc_s;c;gcc;gcc_s]
  implicit dirs: [/usr/lib/gcc/x86_64-linux-gnu/9;/usr/lib/x86_64-linux-gnu;/usr/lib;/lib/x86_64-linux-gnu;/lib]
  implicit fwks: []


Determining if the include file pthread.h exists passed with the following output:
Change Dir: /github/vendor/gems/3.4.4/ruby/3.4.0/gems/rugged-1.4.3.102.ga6b7142/vendor/libgit2/build/CMakeFiles/CMakeTmp

Run Build Command(s):/usr/bin/make cmTC_b58f5/fast && make -j16 -f CMakeFiles/cmTC_b58f5.dir/build.make CMakeFiles/cmTC_b58f5.dir/build
make[1]: Entering directory '/github/vendor/gems/3.4.4/ruby/3.4.0/gems/rugged-1.4.3.102.ga6b7142/vendor/libgit2/build/CMakeFiles/CMakeTmp'
Building C object CMakeFiles/cmTC_b58f5.dir/CheckIncludeFile.c.o
/usr/bin/gcc   -fPIC    -o CMakeFiles/cmTC_b58f5.dir/CheckIncludeFile.c.o   -c /github/vendor/gems/3.4.4/ruby/3.4.0/gems/rugged-1.4.3.102.ga6b7142/vendor/libgit2/build/CMakeFiles/CMakeTmp/CheckIncludeFile.c
Linking C executable cmTC_b58f5
/usr/bin/cmake -E cmake_link_script CMakeFiles/cmTC_b58f5.dir/link.txt --verbose=1
/usr/bin/gcc -fPIC     CMakeFiles/cmTC_b58f5.dir/CheckIncludeFile.c.o  -o cmTC_b58f5 
make[1]: Leaving directory '/github/vendor/gems/3.4.4/ruby/3.4.0/gems/rugged-1.4.3.102.ga6b7142/vendor/libgit2/build/CMakeFiles/CMakeTmp'



Determining if the function pthread_create exists in the pthread passed with the following output:
Change Dir: /github/vendor/gems/3.4.4/ruby/3.4.0/gems/rugged-1.4.3.102.ga6b7142/vendor/libgit2/build/CMakeFiles/CMakeTmp

Run Build Command(s):/usr/bin/make cmTC_efb22/fast && make -j16 -f CMakeFiles/cmTC_efb22.dir/build.make CMakeFiles/cmTC_efb22.dir/build
make[1]: Entering directory '/github/vendor/gems/3.4.4/ruby/3.4.0/gems/rugged-1.4.3.102.ga6b7142/vendor/libgit2/build/CMakeFiles/CMakeTmp'
Building C object CMakeFiles/cmTC_efb22.dir/CheckFunctionExists.c.o
/usr/bin/gcc   -fPIC -DCHECK_FUNCTION_EXISTS=pthread_create   -o CMakeFiles/cmTC_efb22.dir/CheckFunctionExists.c.o   -c /usr/share/cmake-3.16/Modules/CheckFunctionExists.c
Linking C executable cmTC_efb22
/usr/bin/cmake -E cmake_link_script CMakeFiles/cmTC_efb22.dir/link.txt --verbose=1
/usr/bin/gcc -fPIC -DCHECK_FUNCTION_EXISTS=pthread_create    CMakeFiles/cmTC_efb22.dir/CheckFunctionExists.c.o  -o cmTC_efb22  -lpthread 
make[1]: Leaving directory '/github/vendor/gems/3.4.4/ruby/3.4.0/gems/rugged-1.4.3.102.ga6b7142/vendor/libgit2/build/CMakeFiles/CMakeTmp'



Performing C SOURCE FILE Test HAVE_STRUCT_STAT_ST_MTIM succeeded with the following output:
Change Dir: /github/vendor/gems/3.4.4/ruby/3.4.0/gems/rugged-1.4.3.102.ga6b7142/vendor/libgit2/build/CMakeFiles/CMakeTmp

Run Build Command(s):/usr/bin/make cmTC_1f4cb/fast && make -j16 -f CMakeFiles/cmTC_1f4cb.dir/build.make CMakeFiles/cmTC_1f4cb.dir/build
make[1]: Entering directory '/github/vendor/gems/3.4.4/ruby/3.4.0/gems/rugged-1.4.3.102.ga6b7142/vendor/libgit2/build/CMakeFiles/CMakeTmp'
Building C object CMakeFiles/cmTC_1f4cb.dir/src.c.o
/usr/bin/gcc   -fPIC -DHAVE_STRUCT_STAT_ST_MTIM   -o CMakeFiles/cmTC_1f4cb.dir/src.c.o   -c /github/vendor/gems/3.4.4/ruby/3.4.0/gems/rugged-1.4.3.102.ga6b7142/vendor/libgit2/build/CMakeFiles/CMakeTmp/src.c
Linking C executable cmTC_1f4cb
/usr/bin/cmake -E cmake_link_script CMakeFiles/cmTC_1f4cb.dir/link.txt --verbose=1
/usr/bin/gcc -fPIC -DHAVE_STRUCT_STAT_ST_MTIM    CMakeFiles/cmTC_1f4cb.dir/src.c.o  -o cmTC_1f4cb 
make[1]: Leaving directory '/github/vendor/gems/3.4.4/ruby/3.4.0/gems/rugged-1.4.3.102.ga6b7142/vendor/libgit2/build/CMakeFiles/CMakeTmp'


Source file was:

#include <sys/types.h>
#include <sys/stat.h>

int main()
{
  (void)sizeof(((struct stat *)0)->st_mtim);
  return 0;
}

Performing C SOURCE FILE Test HAVE_STRUCT_STAT_NSEC succeeded with the following output:
Change Dir: /github/vendor/gems/3.4.4/ruby/3.4.0/gems/rugged-1.4.3.102.ga6b7142/vendor/libgit2/build/CMakeFiles/CMakeTmp

Run Build Command(s):/usr/bin/make cmTC_4460c/fast && make -j16 -f CMakeFiles/cmTC_4460c.dir/build.make CMakeFiles/cmTC_4460c.dir/build
make[1]: Entering directory '/github/vendor/gems/3.4.4/ruby/3.4.0/gems/rugged-1.4.3.102.ga6b7142/vendor/libgit2/build/CMakeFiles/CMakeTmp'
Building C object CMakeFiles/cmTC_4460c.dir/src.c.o
/usr/bin/gcc   -fPIC -DHAVE_STRUCT_STAT_NSEC   -o CMakeFiles/cmTC_4460c.dir/src.c.o   -c /github/vendor/gems/3.4.4/ruby/3.4.0/gems/rugged-1.4.3.102.ga6b7142/vendor/libgit2/build/CMakeFiles/CMakeTmp/src.c
Linking C executable cmTC_4460c
/usr/bin/cmake -E cmake_link_script CMakeFiles/cmTC_4460c.dir/link.txt --verbose=1
/usr/bin/gcc -fPIC -DHAVE_STRUCT_STAT_NSEC    CMakeFiles/cmTC_4460c.dir/src.c.o  -o cmTC_4460c 
make[1]: Leaving directory '/github/vendor/gems/3.4.4/ruby/3.4.0/gems/rugged-1.4.3.102.ga6b7142/vendor/libgit2/build/CMakeFiles/CMakeTmp'


Source file was:

#include <sys/stat.h>

int main()
{
  (void)sizeof(((struct stat *)0)->st_mtim.tv_nsec);
  return 0;
}

Determining if the function futimens exists passed with the following output:
Change Dir: /github/vendor/gems/3.4.4/ruby/3.4.0/gems/rugged-1.4.3.102.ga6b7142/vendor/libgit2/build/CMakeFiles/CMakeTmp

Run Build Command(s):/usr/bin/make cmTC_870b2/fast && make -j16 -f CMakeFiles/cmTC_870b2.dir/build.make CMakeFiles/cmTC_870b2.dir/build
make[1]: Entering directory '/github/vendor/gems/3.4.4/ruby/3.4.0/gems/rugged-1.4.3.102.ga6b7142/vendor/libgit2/build/CMakeFiles/CMakeTmp'
Building C object CMakeFiles/cmTC_870b2.dir/CheckFunctionExists.c.o
/usr/bin/gcc   -fPIC -DCHECK_FUNCTION_EXISTS=futimens   -o CMakeFiles/cmTC_870b2.dir/CheckFunctionExists.c.o   -c /usr/share/cmake-3.16/Modules/CheckFunctionExists.c
Linking C executable cmTC_870b2
/usr/bin/cmake -E cmake_link_script CMakeFiles/cmTC_870b2.dir/link.txt --verbose=1
/usr/bin/gcc -fPIC -DCHECK_FUNCTION_EXISTS=futimens    CMakeFiles/cmTC_870b2.dir/CheckFunctionExists.c.o  -o cmTC_870b2 
make[1]: Leaving directory '/github/vendor/gems/3.4.4/ruby/3.4.0/gems/rugged-1.4.3.102.ga6b7142/vendor/libgit2/build/CMakeFiles/CMakeTmp'



Performing C SOURCE FILE Test IS_WALL_SUPPORTED succeeded with the following output:
Change Dir: /github/vendor/gems/3.4.4/ruby/3.4.0/gems/rugged-1.4.3.102.ga6b7142/vendor/libgit2/build/CMakeFiles/CMakeTmp

Run Build Command(s):/usr/bin/make cmTC_15d63/fast && make -j16 -f CMakeFiles/cmTC_15d63.dir/build.make CMakeFiles/cmTC_15d63.dir/build
make[1]: Entering directory '/github/vendor/gems/3.4.4/ruby/3.4.0/gems/rugged-1.4.3.102.ga6b7142/vendor/libgit2/build/CMakeFiles/CMakeTmp'
Building C object CMakeFiles/cmTC_15d63.dir/src.c.o
/usr/bin/gcc   -D_GNU_SOURCE -fPIC -DIS_WALL_SUPPORTED   -Wall -o CMakeFiles/cmTC_15d63.dir/src.c.o   -c /github/vendor/gems/3.4.4/ruby/3.4.0/gems/rugged-1.4.3.102.ga6b7142/vendor/libgit2/build/CMakeFiles/CMakeTmp/src.c
Linking C executable cmTC_15d63
/usr/bin/cmake -E cmake_link_script CMakeFiles/cmTC_15d63.dir/link.txt --verbose=1
/usr/bin/gcc -D_GNU_SOURCE -fPIC -DIS_WALL_SUPPORTED    CMakeFiles/cmTC_15d63.dir/src.c.o  -o cmTC_15d63 
make[1]: Leaving directory '/github/vendor/gems/3.4.4/ruby/3.4.0/gems/rugged-1.4.3.102.ga6b7142/vendor/libgit2/build/CMakeFiles/CMakeTmp'


Source file was:
int main(void) { return 0; }
Performing C SOURCE FILE Test IS_WEXTRA_SUPPORTED succeeded with the following output:
Change Dir: /github/vendor/gems/3.4.4/ruby/3.4.0/gems/rugged-1.4.3.102.ga6b7142/vendor/libgit2/build/CMakeFiles/CMakeTmp

Run Build Command(s):/usr/bin/make cmTC_91497/fast && make -j16 -f CMakeFiles/cmTC_91497.dir/build.make CMakeFiles/cmTC_91497.dir/build
make[1]: Entering directory '/github/vendor/gems/3.4.4/ruby/3.4.0/gems/rugged-1.4.3.102.ga6b7142/vendor/libgit2/build/CMakeFiles/CMakeTmp'
Building C object CMakeFiles/cmTC_91497.dir/src.c.o
/usr/bin/gcc   -D_GNU_SOURCE -fPIC -Wall -DIS_WEXTRA_SUPPORTED   -Wextra -o CMakeFiles/cmTC_91497.dir/src.c.o   -c /github/vendor/gems/3.4.4/ruby/3.4.0/gems/rugged-1.4.3.102.ga6b7142/vendor/libgit2/build/CMakeFiles/CMakeTmp/src.c
Linking C executable cmTC_91497
/usr/bin/cmake -E cmake_link_script CMakeFiles/cmTC_91497.dir/link.txt --verbose=1
/usr/bin/gcc -D_GNU_SOURCE -fPIC -Wall -DIS_WEXTRA_SUPPORTED    CMakeFiles/cmTC_91497.dir/src.c.o  -o cmTC_91497 
make[1]: Leaving directory '/github/vendor/gems/3.4.4/ruby/3.4.0/gems/rugged-1.4.3.102.ga6b7142/vendor/libgit2/build/CMakeFiles/CMakeTmp'


Source file was:
int main(void) { return 0; }
Performing C SOURCE FILE Test IS_WNO_DOCUMENTATION_DEPRECATED_SYNC_SUPPORTED succeeded with the following output:
Change Dir: /github/vendor/gems/3.4.4/ruby/3.4.0/gems/rugged-1.4.3.102.ga6b7142/vendor/libgit2/build/CMakeFiles/CMakeTmp

Run Build Command(s):/usr/bin/make cmTC_ff6c4/fast && make -j16 -f CMakeFiles/cmTC_ff6c4.dir/build.make CMakeFiles/cmTC_ff6c4.dir/build
make[1]: Entering directory '/github/vendor/gems/3.4.4/ruby/3.4.0/gems/rugged-1.4.3.102.ga6b7142/vendor/libgit2/build/CMakeFiles/CMakeTmp'
Building C object CMakeFiles/cmTC_ff6c4.dir/src.c.o
/usr/bin/gcc   -D_GNU_SOURCE -fPIC -Wall -Wextra -DIS_WNO_DOCUMENTATION_DEPRECATED_SYNC_SUPPORTED   -Wno-documentation-deprecated-sync -o CMakeFiles/cmTC_ff6c4.dir/src.c.o   -c /github/vendor/gems/3.4.4/ruby/3.4.0/gems/rugged-1.4.3.102.ga6b7142/vendor/libgit2/build/CMakeFiles/CMakeTmp/src.c
Linking C executable cmTC_ff6c4
/usr/bin/cmake -E cmake_link_script CMakeFiles/cmTC_ff6c4.dir/link.txt --verbose=1
/usr/bin/gcc -D_GNU_SOURCE -fPIC -Wall -Wextra -DIS_WNO_DOCUMENTATION_DEPRECATED_SYNC_SUPPORTED    CMakeFiles/cmTC_ff6c4.dir/src.c.o  -o cmTC_ff6c4 
make[1]: Leaving directory '/github/vendor/gems/3.4.4/ruby/3.4.0/gems/rugged-1.4.3.102.ga6b7142/vendor/libgit2/build/CMakeFiles/CMakeTmp'


Source file was:
int main(void) { return 0; }
Performing C SOURCE FILE Test IS_WNO_MISSING_FIELD_INITIALIZERS_SUPPORTED succeeded with the following output:
Change Dir: /github/vendor/gems/3.4.4/ruby/3.4.0/gems/rugged-1.4.3.102.ga6b7142/vendor/libgit2/build/CMakeFiles/CMakeTmp

Run Build Command(s):/usr/bin/make cmTC_2f0d0/fast && make -j16 -f CMakeFiles/cmTC_2f0d0.dir/build.make CMakeFiles/cmTC_2f0d0.dir/build
make[1]: Entering directory '/github/vendor/gems/3.4.4/ruby/3.4.0/gems/rugged-1.4.3.102.ga6b7142/vendor/libgit2/build/CMakeFiles/CMakeTmp'
Building C object CMakeFiles/cmTC_2f0d0.dir/src.c.o
/usr/bin/gcc   -D_GNU_SOURCE -fPIC -Wall -Wextra -Wno-documentation-deprecated-sync -DIS_WNO_MISSING_FIELD_INITIALIZERS_SUPPORTED   -Wno-missing-field-initializers -o CMakeFiles/cmTC_2f0d0.dir/src.c.o   -c /github/vendor/gems/3.4.4/ruby/3.4.0/gems/rugged-1.4.3.102.ga6b7142/vendor/libgit2/build/CMakeFiles/CMakeTmp/src.c
Linking C executable cmTC_2f0d0
/usr/bin/cmake -E cmake_link_script CMakeFiles/cmTC_2f0d0.dir/link.txt --verbose=1
/usr/bin/gcc -D_GNU_SOURCE -fPIC -Wall -Wextra -Wno-documentation-deprecated-sync -DIS_WNO_MISSING_FIELD_INITIALIZERS_SUPPORTED    CMakeFiles/cmTC_2f0d0.dir/src.c.o  -o cmTC_2f0d0 
make[1]: Leaving directory '/github/vendor/gems/3.4.4/ruby/3.4.0/gems/rugged-1.4.3.102.ga6b7142/vendor/libgit2/build/CMakeFiles/CMakeTmp'


Source file was:
int main(void) { return 0; }
Performing C SOURCE FILE Test IS_WMISSING_DECLARATIONS_SUPPORTED succeeded with the following output:
Change Dir: /github/vendor/gems/3.4.4/ruby/3.4.0/gems/rugged-1.4.3.102.ga6b7142/vendor/libgit2/build/CMakeFiles/CMakeTmp

Run Build Command(s):/usr/bin/make cmTC_9751e/fast && make -j16 -f CMakeFiles/cmTC_9751e.dir/build.make CMakeFiles/cmTC_9751e.dir/build
make[1]: Entering directory '/github/vendor/gems/3.4.4/ruby/3.4.0/gems/rugged-1.4.3.102.ga6b7142/vendor/libgit2/build/CMakeFiles/CMakeTmp'
Building C object CMakeFiles/cmTC_9751e.dir/src.c.o
/usr/bin/gcc   -D_GNU_SOURCE -fPIC -Wall -Wextra -Wno-documentation-deprecated-sync -Wno-missing-field-initializers -DIS_WMISSING_DECLARATIONS_SUPPORTED   -Wmissing-declarations -o CMakeFiles/cmTC_9751e.dir/src.c.o   -c /github/vendor/gems/3.4.4/ruby/3.4.0/gems/rugged-1.4.3.102.ga6b7142/vendor/libgit2/build/CMakeFiles/CMakeTmp/src.c
Linking C executable cmTC_9751e
/usr/bin/cmake -E cmake_link_script CMakeFiles/cmTC_9751e.dir/link.txt --verbose=1
/usr/bin/gcc -D_GNU_SOURCE -fPIC -Wall -Wextra -Wno-documentation-deprecated-sync -Wno-missing-field-initializers -DIS_WMISSING_DECLARATIONS_SUPPORTED    CMakeFiles/cmTC_9751e.dir/src.c.o  -o cmTC_9751e 
make[1]: Leaving directory '/github/vendor/gems/3.4.4/ruby/3.4.0/gems/rugged-1.4.3.102.ga6b7142/vendor/libgit2/build/CMakeFiles/CMakeTmp'


Source file was:
int main(void) { return 0; }
Performing C SOURCE FILE Test IS_WSTRICT_ALIASING_SUPPORTED succeeded with the following output:
Change Dir: /github/vendor/gems/3.4.4/ruby/3.4.0/gems/rugged-1.4.3.102.ga6b7142/vendor/libgit2/build/CMakeFiles/CMakeTmp

Run Build Command(s):/usr/bin/make cmTC_4f487/fast && make -j16 -f CMakeFiles/cmTC_4f487.dir/build.make CMakeFiles/cmTC_4f487.dir/build
make[1]: Entering directory '/github/vendor/gems/3.4.4/ruby/3.4.0/gems/rugged-1.4.3.102.ga6b7142/vendor/libgit2/build/CMakeFiles/CMakeTmp'
Building C object CMakeFiles/cmTC_4f487.dir/src.c.o
/usr/bin/gcc   -D_GNU_SOURCE -fPIC -Wall -Wextra -Wno-documentation-deprecated-sync -Wno-missing-field-initializers -Wmissing-declarations -DIS_WSTRICT_ALIASING_SUPPORTED   -Wstrict-aliasing -o CMakeFiles/cmTC_4f487.dir/src.c.o   -c /github/vendor/gems/3.4.4/ruby/3.4.0/gems/rugged-1.4.3.102.ga6b7142/vendor/libgit2/build/CMakeFiles/CMakeTmp/src.c
Linking C executable cmTC_4f487
/usr/bin/cmake -E cmake_link_script CMakeFiles/cmTC_4f487.dir/link.txt --verbose=1
/usr/bin/gcc -D_GNU_SOURCE -fPIC -Wall -Wextra -Wno-documentation-deprecated-sync -Wno-missing-field-initializers -Wmissing-declarations -DIS_WSTRICT_ALIASING_SUPPORTED    CMakeFiles/cmTC_4f487.dir/src.c.o  -o cmTC_4f487 
make[1]: Leaving directory '/github/vendor/gems/3.4.4/ruby/3.4.0/gems/rugged-1.4.3.102.ga6b7142/vendor/libgit2/build/CMakeFiles/CMakeTmp'


Source file was:
int main(void) { return 0; }
Performing C SOURCE FILE Test IS_WSTRICT_PROTOTYPES_SUPPORTED succeeded with the following output:
Change Dir: /github/vendor/gems/3.4.4/ruby/3.4.0/gems/rugged-1.4.3.102.ga6b7142/vendor/libgit2/build/CMakeFiles/CMakeTmp

Run Build Command(s):/usr/bin/make cmTC_f4f22/fast && make -j16 -f CMakeFiles/cmTC_f4f22.dir/build.make CMakeFiles/cmTC_f4f22.dir/build
make[1]: Entering directory '/github/vendor/gems/3.4.4/ruby/3.4.0/gems/rugged-1.4.3.102.ga6b7142/vendor/libgit2/build/CMakeFiles/CMakeTmp'
Building C object CMakeFiles/cmTC_f4f22.dir/src.c.o
/usr/bin/gcc   -D_GNU_SOURCE -fPIC -Wall -Wextra -Wno-documentation-deprecated-sync -Wno-missing-field-initializers -Wmissing-declarations -Wstrict-aliasing -DIS_WSTRICT_PROTOTYPES_SUPPORTED   -Wstrict-prototypes -o CMakeFiles/cmTC_f4f22.dir/src.c.o   -c /github/vendor/gems/3.4.4/ruby/3.4.0/gems/rugged-1.4.3.102.ga6b7142/vendor/libgit2/build/CMakeFiles/CMakeTmp/src.c
Linking C executable cmTC_f4f22
/usr/bin/cmake -E cmake_link_script CMakeFiles/cmTC_f4f22.dir/link.txt --verbose=1
/usr/bin/gcc -D_GNU_SOURCE -fPIC -Wall -Wextra -Wno-documentation-deprecated-sync -Wno-missing-field-initializers -Wmissing-declarations -Wstrict-aliasing -DIS_WSTRICT_PROTOTYPES_SUPPORTED    CMakeFiles/cmTC_f4f22.dir/src.c.o  -o cmTC_f4f22 
make[1]: Leaving directory '/github/vendor/gems/3.4.4/ruby/3.4.0/gems/rugged-1.4.3.102.ga6b7142/vendor/libgit2/build/CMakeFiles/CMakeTmp'


Source file was:
int main(void) { return 0; }
Performing C SOURCE FILE Test IS_WDECLARATION_AFTER_STATEMENT_SUPPORTED succeeded with the following output:
Change Dir: /github/vendor/gems/3.4.4/ruby/3.4.0/gems/rugged-1.4.3.102.ga6b7142/vendor/libgit2/build/CMakeFiles/CMakeTmp

Run Build Command(s):/usr/bin/make cmTC_cb7ec/fast && make -j16 -f CMakeFiles/cmTC_cb7ec.dir/build.make CMakeFiles/cmTC_cb7ec.dir/build
make[1]: Entering directory '/github/vendor/gems/3.4.4/ruby/3.4.0/gems/rugged-1.4.3.102.ga6b7142/vendor/libgit2/build/CMakeFiles/CMakeTmp'
Building C object CMakeFiles/cmTC_cb7ec.dir/src.c.o
/usr/bin/gcc   -D_GNU_SOURCE -fPIC -Wall -Wextra -Wno-documentation-deprecated-sync -Wno-missing-field-initializers -Wmissing-declarations -Wstrict-aliasing -Wstrict-prototypes -DIS_WDECLARATION_AFTER_STATEMENT_SUPPORTED   -Wdeclaration-after-statement -o CMakeFiles/cmTC_cb7ec.dir/src.c.o   -c /github/vendor/gems/3.4.4/ruby/3.4.0/gems/rugged-1.4.3.102.ga6b7142/vendor/libgit2/build/CMakeFiles/CMakeTmp/src.c
Linking C executable cmTC_cb7ec
/usr/bin/cmake -E cmake_link_script CMakeFiles/cmTC_cb7ec.dir/link.txt --verbose=1
/usr/bin/gcc -D_GNU_SOURCE -fPIC -Wall -Wextra -Wno-documentation-deprecated-sync -Wno-missing-field-initializers -Wmissing-declarations -Wstrict-aliasing -Wstrict-prototypes -DIS_WDECLARATION_AFTER_STATEMENT_SUPPORTED    CMakeFiles/cmTC_cb7ec.dir/src.c.o  -o cmTC_cb7ec 
make[1]: Leaving directory '/github/vendor/gems/3.4.4/ruby/3.4.0/gems/rugged-1.4.3.102.ga6b7142/vendor/libgit2/build/CMakeFiles/CMakeTmp'


Source file was:
int main(void) { return 0; }
Performing C SOURCE FILE Test IS_WSHIFT_COUNT_OVERFLOW_SUPPORTED succeeded with the following output:
Change Dir: /github/vendor/gems/3.4.4/ruby/3.4.0/gems/rugged-1.4.3.102.ga6b7142/vendor/libgit2/build/CMakeFiles/CMakeTmp

Run Build Command(s):/usr/bin/make cmTC_3f6e0/fast && make -j16 -f CMakeFiles/cmTC_3f6e0.dir/build.make CMakeFiles/cmTC_3f6e0.dir/build
make[1]: Entering directory '/github/vendor/gems/3.4.4/ruby/3.4.0/gems/rugged-1.4.3.102.ga6b7142/vendor/libgit2/build/CMakeFiles/CMakeTmp'
Building C object CMakeFiles/cmTC_3f6e0.dir/src.c.o
/usr/bin/gcc   -D_GNU_SOURCE -fPIC -Wall -Wextra -Wno-documentation-deprecated-sync -Wno-missing-field-initializers -Wmissing-declarations -Wstrict-aliasing -Wstrict-prototypes -Wdeclaration-after-statement -DIS_WSHIFT_COUNT_OVERFLOW_SUPPORTED   -Wshift-count-overflow -o CMakeFiles/cmTC_3f6e0.dir/src.c.o   -c /github/vendor/gems/3.4.4/ruby/3.4.0/gems/rugged-1.4.3.102.ga6b7142/vendor/libgit2/build/CMakeFiles/CMakeTmp/src.c
Linking C executable cmTC_3f6e0
/usr/bin/cmake -E cmake_link_script CMakeFiles/cmTC_3f6e0.dir/link.txt --verbose=1
/usr/bin/gcc -D_GNU_SOURCE -fPIC -Wall -Wextra -Wno-documentation-deprecated-sync -Wno-missing-field-initializers -Wmissing-declarations -Wstrict-aliasing -Wstrict-prototypes -Wdeclaration-after-statement -DIS_WSHIFT_COUNT_OVERFLOW_SUPPORTED    CMakeFiles/cmTC_3f6e0.dir/src.c.o  -o cmTC_3f6e0 
make[1]: Leaving directory '/github/vendor/gems/3.4.4/ruby/3.4.0/gems/rugged-1.4.3.102.ga6b7142/vendor/libgit2/build/CMakeFiles/CMakeTmp'


Source file was:
int main(void) { return 0; }
Performing C SOURCE FILE Test IS_WUNUSED_CONST_VARIABLE_SUPPORTED succeeded with the following output:
Change Dir: /github/vendor/gems/3.4.4/ruby/3.4.0/gems/rugged-1.4.3.102.ga6b7142/vendor/libgit2/build/CMakeFiles/CMakeTmp

Run Build Command(s):/usr/bin/make cmTC_8e617/fast && make -j16 -f CMakeFiles/cmTC_8e617.dir/build.make CMakeFiles/cmTC_8e617.dir/build
make[1]: Entering directory '/github/vendor/gems/3.4.4/ruby/3.4.0/gems/rugged-1.4.3.102.ga6b7142/vendor/libgit2/build/CMakeFiles/CMakeTmp'
Building C object CMakeFiles/cmTC_8e617.dir/src.c.o
/usr/bin/gcc   -D_GNU_SOURCE -fPIC -Wall -Wextra -Wno-documentation-deprecated-sync -Wno-missing-field-initializers -Wmissing-declarations -Wstrict-aliasing -Wstrict-prototypes -Wdeclaration-after-statement -Wshift-count-overflow -DIS_WUNUSED_CONST_VARIABLE_SUPPORTED   -Wunused-const-variable -o CMakeFiles/cmTC_8e617.dir/src.c.o   -c /github/vendor/gems/3.4.4/ruby/3.4.0/gems/rugged-1.4.3.102.ga6b7142/vendor/libgit2/build/CMakeFiles/CMakeTmp/src.c
Linking C executable cmTC_8e617
/usr/bin/cmake -E cmake_link_script CMakeFiles/cmTC_8e617.dir/link.txt --verbose=1
/usr/bin/gcc -D_GNU_SOURCE -fPIC -Wall -Wextra -Wno-documentation-deprecated-sync -Wno-missing-field-initializers -Wmissing-declarations -Wstrict-aliasing -Wstrict-prototypes -Wdeclaration-after-statement -Wshift-count-overflow -DIS_WUNUSED_CONST_VARIABLE_SUPPORTED    CMakeFiles/cmTC_8e617.dir/src.c.o  -o cmTC_8e617 
make[1]: Leaving directory '/github/vendor/gems/3.4.4/ruby/3.4.0/gems/rugged-1.4.3.102.ga6b7142/vendor/libgit2/build/CMakeFiles/CMakeTmp'


Source file was:
int main(void) { return 0; }
Performing C SOURCE FILE Test IS_WUNUSED_FUNCTION_SUPPORTED succeeded with the following output:
Change Dir: /github/vendor/gems/3.4.4/ruby/3.4.0/gems/rugged-1.4.3.102.ga6b7142/vendor/libgit2/build/CMakeFiles/CMakeTmp

Run Build Command(s):/usr/bin/make cmTC_a5df2/fast && make -j16 -f CMakeFiles/cmTC_a5df2.dir/build.make CMakeFiles/cmTC_a5df2.dir/build
make[1]: Entering directory '/github/vendor/gems/3.4.4/ruby/3.4.0/gems/rugged-1.4.3.102.ga6b7142/vendor/libgit2/build/CMakeFiles/CMakeTmp'
Building C object CMakeFiles/cmTC_a5df2.dir/src.c.o
/usr/bin/gcc   -D_GNU_SOURCE -fPIC -Wall -Wextra -Wno-documentation-deprecated-sync -Wno-missing-field-initializers -Wmissing-declarations -Wstrict-aliasing -Wstrict-prototypes -Wdeclaration-after-statement -Wshift-count-overflow -Wunused-const-variable -DIS_WUNUSED_FUNCTION_SUPPORTED   -Wunused-function -o CMakeFiles/cmTC_a5df2.dir/src.c.o   -c /github/vendor/gems/3.4.4/ruby/3.4.0/gems/rugged-1.4.3.102.ga6b7142/vendor/libgit2/build/CMakeFiles/CMakeTmp/src.c
Linking C executable cmTC_a5df2
/usr/bin/cmake -E cmake_link_script CMakeFiles/cmTC_a5df2.dir/link.txt --verbose=1
/usr/bin/gcc -D_GNU_SOURCE -fPIC -Wall -Wextra -Wno-documentation-deprecated-sync -Wno-missing-field-initializers -Wmissing-declarations -Wstrict-aliasing -Wstrict-prototypes -Wdeclaration-after-statement -Wshift-count-overflow -Wunused-const-variable -DIS_WUNUSED_FUNCTION_SUPPORTED    CMakeFiles/cmTC_a5df2.dir/src.c.o  -o cmTC_a5df2 
make[1]: Leaving directory '/github/vendor/gems/3.4.4/ruby/3.4.0/gems/rugged-1.4.3.102.ga6b7142/vendor/libgit2/build/CMakeFiles/CMakeTmp'


Source file was:
int main(void) { return 0; }
Performing C SOURCE FILE Test IS_WINT_CONVERSION_SUPPORTED succeeded with the following output:
Change Dir: /github/vendor/gems/3.4.4/ruby/3.4.0/gems/rugged-1.4.3.102.ga6b7142/vendor/libgit2/build/CMakeFiles/CMakeTmp

Run Build Command(s):/usr/bin/make cmTC_91f71/fast && make -j16 -f CMakeFiles/cmTC_91f71.dir/build.make CMakeFiles/cmTC_91f71.dir/build
make[1]: Entering directory '/github/vendor/gems/3.4.4/ruby/3.4.0/gems/rugged-1.4.3.102.ga6b7142/vendor/libgit2/build/CMakeFiles/CMakeTmp'
Building C object CMakeFiles/cmTC_91f71.dir/src.c.o
/usr/bin/gcc   -D_GNU_SOURCE -fPIC -Wall -Wextra -Wno-documentation-deprecated-sync -Wno-missing-field-initializers -Wmissing-declarations -Wstrict-aliasing -Wstrict-prototypes -Wdeclaration-after-statement -Wshift-count-overflow -Wunused-const-variable -Wunused-function -DIS_WINT_CONVERSION_SUPPORTED   -Wint-conversion -o CMakeFiles/cmTC_91f71.dir/src.c.o   -c /github/vendor/gems/3.4.4/ruby/3.4.0/gems/rugged-1.4.3.102.ga6b7142/vendor/libgit2/build/CMakeFiles/CMakeTmp/src.c
Linking C executable cmTC_91f71
/usr/bin/cmake -E cmake_link_script CMakeFiles/cmTC_91f71.dir/link.txt --verbose=1
/usr/bin/gcc -D_GNU_SOURCE -fPIC -Wall -Wextra -Wno-documentation-deprecated-sync -Wno-missing-field-initializers -Wmissing-declarations -Wstrict-aliasing -Wstrict-prototypes -Wdeclaration-after-statement -Wshift-count-overflow -Wunused-const-variable -Wunused-function -DIS_WINT_CONVERSION_SUPPORTED    CMakeFiles/cmTC_91f71.dir/src.c.o  -o cmTC_91f71 
make[1]: Leaving directory '/github/vendor/gems/3.4.4/ruby/3.4.0/gems/rugged-1.4.3.102.ga6b7142/vendor/libgit2/build/CMakeFiles/CMakeTmp'


Source file was:
int main(void) { return 0; }
Performing C SOURCE FILE Test IS_WC99_C11_COMPAT_SUPPORTED succeeded with the following output:
Change Dir: /github/vendor/gems/3.4.4/ruby/3.4.0/gems/rugged-1.4.3.102.ga6b7142/vendor/libgit2/build/CMakeFiles/CMakeTmp

Run Build Command(s):/usr/bin/make cmTC_6e516/fast && make -j16 -f CMakeFiles/cmTC_6e516.dir/build.make CMakeFiles/cmTC_6e516.dir/build
make[1]: Entering directory '/github/vendor/gems/3.4.4/ruby/3.4.0/gems/rugged-1.4.3.102.ga6b7142/vendor/libgit2/build/CMakeFiles/CMakeTmp'
Building C object CMakeFiles/cmTC_6e516.dir/src.c.o
/usr/bin/gcc   -D_GNU_SOURCE -fPIC -Wall -Wextra -Wno-documentation-deprecated-sync -Wno-missing-field-initializers -Wmissing-declarations -Wstrict-aliasing -Wstrict-prototypes -Wdeclaration-after-statement -Wshift-count-overflow -Wunused-const-variable -Wunused-function -Wint-conversion -DIS_WC99_C11_COMPAT_SUPPORTED   -Wc99-c11-compat -o CMakeFiles/cmTC_6e516.dir/src.c.o   -c /github/vendor/gems/3.4.4/ruby/3.4.0/gems/rugged-1.4.3.102.ga6b7142/vendor/libgit2/build/CMakeFiles/CMakeTmp/src.c
Linking C executable cmTC_6e516
/usr/bin/cmake -E cmake_link_script CMakeFiles/cmTC_6e516.dir/link.txt --verbose=1
/usr/bin/gcc -D_GNU_SOURCE -fPIC -Wall -Wextra -Wno-documentation-deprecated-sync -Wno-missing-field-initializers -Wmissing-declarations -Wstrict-aliasing -Wstrict-prototypes -Wdeclaration-after-statement -Wshift-count-overflow -Wunused-const-variable -Wunused-function -Wint-conversion -DIS_WC99_C11_COMPAT_SUPPORTED    CMakeFiles/cmTC_6e516.dir/src.c.o  -o cmTC_6e516 
make[1]: Leaving directory '/github/vendor/gems/3.4.4/ruby/3.4.0/gems/rugged-1.4.3.102.ga6b7142/vendor/libgit2/build/CMakeFiles/CMakeTmp'


Source file was:
int main(void) { return 0; }
Performing C SOURCE FILE Test IS_WFORMAT_SUPPORTED succeeded with the following output:
Change Dir: /github/vendor/gems/3.4.4/ruby/3.4.0/gems/rugged-1.4.3.102.ga6b7142/vendor/libgit2/build/CMakeFiles/CMakeTmp

Run Build Command(s):/usr/bin/make cmTC_57b7b/fast && make -j16 -f CMakeFiles/cmTC_57b7b.dir/build.make CMakeFiles/cmTC_57b7b.dir/build
make[1]: Entering directory '/github/vendor/gems/3.4.4/ruby/3.4.0/gems/rugged-1.4.3.102.ga6b7142/vendor/libgit2/build/CMakeFiles/CMakeTmp'
Building C object CMakeFiles/cmTC_57b7b.dir/src.c.o
/usr/bin/gcc   -D_GNU_SOURCE -fPIC -Wall -Wextra -Wno-documentation-deprecated-sync -Wno-missing-field-initializers -Wmissing-declarations -Wstrict-aliasing -Wstrict-prototypes -Wdeclaration-after-statement -Wshift-count-overflow -Wunused-const-variable -Wunused-function -Wint-conversion -Wc99-c11-compat -DIS_WFORMAT_SUPPORTED   -Wformat -o CMakeFiles/cmTC_57b7b.dir/src.c.o   -c /github/vendor/gems/3.4.4/ruby/3.4.0/gems/rugged-1.4.3.102.ga6b7142/vendor/libgit2/build/CMakeFiles/CMakeTmp/src.c
Linking C executable cmTC_57b7b
/usr/bin/cmake -E cmake_link_script CMakeFiles/cmTC_57b7b.dir/link.txt --verbose=1
/usr/bin/gcc -D_GNU_SOURCE -fPIC -Wall -Wextra -Wno-documentation-deprecated-sync -Wno-missing-field-initializers -Wmissing-declarations -Wstrict-aliasing -Wstrict-prototypes -Wdeclaration-after-statement -Wshift-count-overflow -Wunused-const-variable -Wunused-function -Wint-conversion -Wc99-c11-compat -DIS_WFORMAT_SUPPORTED    CMakeFiles/cmTC_57b7b.dir/src.c.o  -o cmTC_57b7b 
make[1]: Leaving directory '/github/vendor/gems/3.4.4/ruby/3.4.0/gems/rugged-1.4.3.102.ga6b7142/vendor/libgit2/build/CMakeFiles/CMakeTmp'


Source file was:
int main(void) { return 0; }
Performing C SOURCE FILE Test IS_WFORMAT_SECURITY_SUPPORTED succeeded with the following output:
Change Dir: /github/vendor/gems/3.4.4/ruby/3.4.0/gems/rugged-1.4.3.102.ga6b7142/vendor/libgit2/build/CMakeFiles/CMakeTmp

Run Build Command(s):/usr/bin/make cmTC_a388b/fast && make -j16 -f CMakeFiles/cmTC_a388b.dir/build.make CMakeFiles/cmTC_a388b.dir/build
make[1]: Entering directory '/github/vendor/gems/3.4.4/ruby/3.4.0/gems/rugged-1.4.3.102.ga6b7142/vendor/libgit2/build/CMakeFiles/CMakeTmp'
Building C object CMakeFiles/cmTC_a388b.dir/src.c.o
/usr/bin/gcc   -D_GNU_SOURCE -fPIC -Wall -Wextra -Wno-documentation-deprecated-sync -Wno-missing-field-initializers -Wmissing-declarations -Wstrict-aliasing -Wstrict-prototypes -Wdeclaration-after-statement -Wshift-count-overflow -Wunused-const-variable -Wunused-function -Wint-conversion -Wc99-c11-compat -Wformat -DIS_WFORMAT_SECURITY_SUPPORTED   -Wformat-security -o CMakeFiles/cmTC_a388b.dir/src.c.o   -c /github/vendor/gems/3.4.4/ruby/3.4.0/gems/rugged-1.4.3.102.ga6b7142/vendor/libgit2/build/CMakeFiles/CMakeTmp/src.c
Linking C executable cmTC_a388b
/usr/bin/cmake -E cmake_link_script CMakeFiles/cmTC_a388b.dir/link.txt --verbose=1
/usr/bin/gcc -D_GNU_SOURCE -fPIC -Wall -Wextra -Wno-documentation-deprecated-sync -Wno-missing-field-initializers -Wmissing-declarations -Wstrict-aliasing -Wstrict-prototypes -Wdeclaration-after-statement -Wshift-count-overflow -Wunused-const-variable -Wunused-function -Wint-conversion -Wc99-c11-compat -Wformat -DIS_WFORMAT_SECURITY_SUPPORTED    CMakeFiles/cmTC_a388b.dir/src.c.o  -o cmTC_a388b 
make[1]: Leaving directory '/github/vendor/gems/3.4.4/ruby/3.4.0/gems/rugged-1.4.3.102.ga6b7142/vendor/libgit2/build/CMakeFiles/CMakeTmp'


Source file was:
int main(void) { return 0; }
Determining if the prototype qsort_r exists for GIT_QSORT_R_GNU passed with the following output:
Change Dir: /github/vendor/gems/3.4.4/ruby/3.4.0/gems/rugged-1.4.3.102.ga6b7142/vendor/libgit2/build/CMakeFiles/CMakeTmp

Run Build Command(s):/usr/bin/make cmTC_fc07d/fast && make -j16 -f CMakeFiles/cmTC_fc07d.dir/build.make CMakeFiles/cmTC_fc07d.dir/build
make[1]: Entering directory '/github/vendor/gems/3.4.4/ruby/3.4.0/gems/rugged-1.4.3.102.ga6b7142/vendor/libgit2/build/CMakeFiles/CMakeTmp'
Building C object CMakeFiles/cmTC_fc07d.dir/CheckPrototypeDefinition.c.o
/usr/bin/gcc   -D_GNU_SOURCE -fPIC -Wall -Wextra -Wno-documentation-deprecated-sync -Wno-missing-field-initializers -Wmissing-declarations -Wstrict-aliasing -Wstrict-prototypes -Wdeclaration-after-statement -Wshift-count-overflow -Wunused-const-variable -Wunused-function -Wint-conversion -Wc99-c11-compat -Wformat -Wformat-security    -o CMakeFiles/cmTC_fc07d.dir/CheckPrototypeDefinition.c.o   -c /github/vendor/gems/3.4.4/ruby/3.4.0/gems/rugged-1.4.3.102.ga6b7142/vendor/libgit2/build/CMakeFiles/CMakeTmp/CheckPrototypeDefinition.c
/github/vendor/gems/3.4.4/ruby/3.4.0/gems/rugged-1.4.3.102.ga6b7142/vendor/libgit2/build/CMakeFiles/CMakeTmp/CheckPrototypeDefinition.c: In function ‘qsort_r’:
/github/vendor/gems/3.4.4/ruby/3.4.0/gems/rugged-1.4.3.102.ga6b7142/vendor/libgit2/build/CMakeFiles/CMakeTmp/CheckPrototypeDefinition.c:14:20: warning: unused parameter ‘base’ [-Wunused-parameter]
   14 | void qsort_r(void *base, size_t nmemb, size_t size, int (*compar)(const void *, const void *, void *), void *arg) {
      |              ~~~~~~^~~~
/github/vendor/gems/3.4.4/ruby/3.4.0/gems/rugged-1.4.3.102.ga6b7142/vendor/libgit2/build/CMakeFiles/CMakeTmp/CheckPrototypeDefinition.c:14:33: warning: unused parameter ‘nmemb’ [-Wunused-parameter]
   14 | void qsort_r(void *base, size_t nmemb, size_t size, int (*compar)(const void *, const void *, void *), void *arg) {
      |                          ~~~~~~~^~~~~
/github/vendor/gems/3.4.4/ruby/3.4.0/gems/rugged-1.4.3.102.ga6b7142/vendor/libgit2/build/CMakeFiles/CMakeTmp/CheckPrototypeDefinition.c:14:47: warning: unused parameter ‘size’ [-Wunused-parameter]
   14 | void qsort_r(void *base, size_t nmemb, size_t size, int (*compar)(const void *, const void *, void *), void *arg) {
      |                                        ~~~~~~~^~~~
/github/vendor/gems/3.4.4/ruby/3.4.0/gems/rugged-1.4.3.102.ga6b7142/vendor/libgit2/build/CMakeFiles/CMakeTmp/CheckPrototypeDefinition.c:14:59: warning: unused parameter ‘compar’ [-Wunused-parameter]
   14 | void qsort_r(void *base, size_t nmemb, size_t size, int (*compar)(const void *, const void *, void *), void *arg) {
      |                                                     ~~~~~~^~~~~~~~~~~~~~~~~~~~~~~~~~~~~~~~~~~~~~~~~~~
/github/vendor/gems/3.4.4/ruby/3.4.0/gems/rugged-1.4.3.102.ga6b7142/vendor/libgit2/build/CMakeFiles/CMakeTmp/CheckPrototypeDefinition.c:14:110: warning: unused parameter ‘arg’ [-Wunused-parameter]
   14 | void qsort_r(void *base, size_t nmemb, size_t size, int (*compar)(const void *, const void *, void *), void *arg) {
      |                                                                                                        ~~~~~~^~~
/github/vendor/gems/3.4.4/ruby/3.4.0/gems/rugged-1.4.3.102.ga6b7142/vendor/libgit2/build/CMakeFiles/CMakeTmp/CheckPrototypeDefinition.c: At top level:
cc1: warning: unrecognized command line option ‘-Wno-documentation-deprecated-sync’
Linking C executable cmTC_fc07d
/usr/bin/cmake -E cmake_link_script CMakeFiles/cmTC_fc07d.dir/link.txt --verbose=1
/usr/bin/gcc -D_GNU_SOURCE -fPIC -Wall -Wextra -Wno-documentation-deprecated-sync -Wno-missing-field-initializers -Wmissing-declarations -Wstrict-aliasing -Wstrict-prototypes -Wdeclaration-after-statement -Wshift-count-overflow -Wunused-const-variable -Wunused-function -Wint-conversion -Wc99-c11-compat -Wformat -Wformat-security     CMakeFiles/cmTC_fc07d.dir/CheckPrototypeDefinition.c.o  -o cmTC_fc07d 
make[1]: Leaving directory '/github/vendor/gems/3.4.4/ruby/3.4.0/gems/rugged-1.4.3.102.ga6b7142/vendor/libgit2/build/CMakeFiles/CMakeTmp'



Determining if the function getentropy exists passed with the following output:
Change Dir: /github/vendor/gems/3.4.4/ruby/3.4.0/gems/rugged-1.4.3.102.ga6b7142/vendor/libgit2/build/CMakeFiles/CMakeTmp

Run Build Command(s):/usr/bin/make cmTC_c2cb9/fast && make -j16 -f CMakeFiles/cmTC_c2cb9.dir/build.make CMakeFiles/cmTC_c2cb9.dir/build
make[1]: Entering directory '/github/vendor/gems/3.4.4/ruby/3.4.0/gems/rugged-1.4.3.102.ga6b7142/vendor/libgit2/build/CMakeFiles/CMakeTmp'
Building C object CMakeFiles/cmTC_c2cb9.dir/CheckFunctionExists.c.o
/usr/bin/gcc   -D_GNU_SOURCE -fPIC -Wall -Wextra -Wno-documentation-deprecated-sync -Wno-missing-field-initializers -Wmissing-declarations -Wstrict-aliasing -Wstrict-prototypes -Wdeclaration-after-statement -Wshift-count-overflow -Wunused-const-variable -Wunused-function -Wint-conversion -Wc99-c11-compat -Wformat -Wformat-security -DCHECK_FUNCTION_EXISTS=getentropy   -o CMakeFiles/cmTC_c2cb9.dir/CheckFunctionExists.c.o   -c /usr/share/cmake-3.16/Modules/CheckFunctionExists.c
Linking C executable cmTC_c2cb9
/usr/bin/cmake -E cmake_link_script CMakeFiles/cmTC_c2cb9.dir/link.txt --verbose=1
/usr/bin/gcc -D_GNU_SOURCE -fPIC -Wall -Wextra -Wno-documentation-deprecated-sync -Wno-missing-field-initializers -Wmissing-declarations -Wstrict-aliasing -Wstrict-prototypes -Wdeclaration-after-statement -Wshift-count-overflow -Wunused-const-variable -Wunused-function -Wint-conversion -Wc99-c11-compat -Wformat -Wformat-security -DCHECK_FUNCTION_EXISTS=getentropy    CMakeFiles/cmTC_c2cb9.dir/CheckFunctionExists.c.o  -o cmTC_c2cb9 
make[1]: Leaving directory '/github/vendor/gems/3.4.4/ruby/3.4.0/gems/rugged-1.4.3.102.ga6b7142/vendor/libgit2/build/CMakeFiles/CMakeTmp'



Determining if the function clock_gettime exists in the rt passed with the following output:
Change Dir: /github/vendor/gems/3.4.4/ruby/3.4.0/gems/rugged-1.4.3.102.ga6b7142/vendor/libgit2/build/CMakeFiles/CMakeTmp

Run Build Command(s):/usr/bin/make cmTC_ca3f9/fast && make -j16 -f CMakeFiles/cmTC_ca3f9.dir/build.make CMakeFiles/cmTC_ca3f9.dir/build
make[1]: Entering directory '/github/vendor/gems/3.4.4/ruby/3.4.0/gems/rugged-1.4.3.102.ga6b7142/vendor/libgit2/build/CMakeFiles/CMakeTmp'
Building C object CMakeFiles/cmTC_ca3f9.dir/CheckFunctionExists.c.o
/usr/bin/gcc   -D_GNU_SOURCE -fPIC -Wall -Wextra -Wno-documentation-deprecated-sync -Wno-missing-field-initializers -Wmissing-declarations -Wstrict-aliasing -Wstrict-prototypes -Wdeclaration-after-statement -Wshift-count-overflow -Wunused-const-variable -Wunused-function -Wint-conversion -Wc99-c11-compat -Wformat -Wformat-security -DCHECK_FUNCTION_EXISTS=clock_gettime   -o CMakeFiles/cmTC_ca3f9.dir/CheckFunctionExists.c.o   -c /usr/share/cmake-3.16/Modules/CheckFunctionExists.c
Linking C executable cmTC_ca3f9
/usr/bin/cmake -E cmake_link_script CMakeFiles/cmTC_ca3f9.dir/link.txt --verbose=1
/usr/bin/gcc -D_GNU_SOURCE -fPIC -Wall -Wextra -Wno-documentation-deprecated-sync -Wno-missing-field-initializers -Wmissing-declarations -Wstrict-aliasing -Wstrict-prototypes -Wdeclaration-after-statement -Wshift-count-overflow -Wunused-const-variable -Wunused-function -Wint-conversion -Wc99-c11-compat -Wformat -Wformat-security -DCHECK_FUNCTION_EXISTS=clock_gettime    CMakeFiles/cmTC_ca3f9.dir/CheckFunctionExists.c.o  -o cmTC_ca3f9   -L/github/vendor/gems/3.4.4/ruby/3.4.0/gems/rugged-1.4.3.102.ga6b7142/vendor/libgit2/build/CMakeFiles/CMakeTmp/time.h  -Wl,-rpath,/github/vendor/gems/3.4.4/ruby/3.4.0/gems/rugged-1.4.3.102.ga6b7142/vendor/libgit2/build/CMakeFiles/CMakeTmp/time.h -lrt 
make[1]: Leaving directory '/github/vendor/gems/3.4.4/ruby/3.4.0/gems/rugged-1.4.3.102.ga6b7142/vendor/libgit2/build/CMakeFiles/CMakeTmp'



Performing C SOURCE FILE Test IS_WIMPLICIT_FALLTHROUGH_1_SUPPORTED succeeded with the following output:
Change Dir: /github/vendor/gems/3.4.4/ruby/3.4.0/gems/rugged-1.4.3.102.ga6b7142/vendor/libgit2/build/CMakeFiles/CMakeTmp

Run Build Command(s):/usr/bin/make cmTC_7663b/fast && make -j16 -f CMakeFiles/cmTC_7663b.dir/build.make CMakeFiles/cmTC_7663b.dir/build
make[1]: Entering directory '/github/vendor/gems/3.4.4/ruby/3.4.0/gems/rugged-1.4.3.102.ga6b7142/vendor/libgit2/build/CMakeFiles/CMakeTmp'
Building C object CMakeFiles/cmTC_7663b.dir/src.c.o
/usr/bin/gcc   -D_GNU_SOURCE -fPIC -Wall -Wextra -Wno-documentation-deprecated-sync -Wno-missing-field-initializers -Wmissing-declarations -Wstrict-aliasing -Wstrict-prototypes -Wdeclaration-after-statement -Wshift-count-overflow -Wunused-const-variable -Wunused-function -Wint-conversion -Wc99-c11-compat -Wformat -Wformat-security -DIS_WIMPLICIT_FALLTHROUGH_1_SUPPORTED   -Wimplicit-fallthrough=1 -o CMakeFiles/cmTC_7663b.dir/src.c.o   -c /github/vendor/gems/3.4.4/ruby/3.4.0/gems/rugged-1.4.3.102.ga6b7142/vendor/libgit2/build/CMakeFiles/CMakeTmp/src.c
Linking C executable cmTC_7663b
/usr/bin/cmake -E cmake_link_script CMakeFiles/cmTC_7663b.dir/link.txt --verbose=1
/usr/bin/gcc -D_GNU_SOURCE -fPIC -Wall -Wextra -Wno-documentation-deprecated-sync -Wno-missing-field-initializers -Wmissing-declarations -Wstrict-aliasing -Wstrict-prototypes -Wdeclaration-after-statement -Wshift-count-overflow -Wunused-const-variable -Wunused-function -Wint-conversion -Wc99-c11-compat -Wformat -Wformat-security -DIS_WIMPLICIT_FALLTHROUGH_1_SUPPORTED    CMakeFiles/cmTC_7663b.dir/src.c.o  -o cmTC_7663b 
make[1]: Leaving directory '/github/vendor/gems/3.4.4/ruby/3.4.0/gems/rugged-1.4.3.102.ga6b7142/vendor/libgit2/build/CMakeFiles/CMakeTmp'


Source file was:
int main(void) { return 0; }
Determining if the include file dirent.h exists passed with the following output:
Change Dir: /github/vendor/gems/3.4.4/ruby/3.4.0/gems/rugged-1.4.3.102.ga6b7142/vendor/libgit2/build/CMakeFiles/CMakeTmp

Run Build Command(s):/usr/bin/make cmTC_ebbcc/fast && make -j16 -f CMakeFiles/cmTC_ebbcc.dir/build.make CMakeFiles/cmTC_ebbcc.dir/build
make[1]: Entering directory '/github/vendor/gems/3.4.4/ruby/3.4.0/gems/rugged-1.4.3.102.ga6b7142/vendor/libgit2/build/CMakeFiles/CMakeTmp'
Building C object CMakeFiles/cmTC_ebbcc.dir/CheckIncludeFile.c.o
/usr/bin/gcc   -D_GNU_SOURCE -fPIC -Wall -Wextra -Wno-documentation-deprecated-sync -Wno-missing-field-initializers -Wmissing-declarations -Wstrict-aliasing -Wstrict-prototypes -Wdeclaration-after-statement -Wshift-count-overflow -Wunused-const-variable -Wunused-function -Wint-conversion -Wc99-c11-compat -Wformat -Wformat-security    -o CMakeFiles/cmTC_ebbcc.dir/CheckIncludeFile.c.o   -c /github/vendor/gems/3.4.4/ruby/3.4.0/gems/rugged-1.4.3.102.ga6b7142/vendor/libgit2/build/CMakeFiles/CMakeTmp/CheckIncludeFile.c
Linking C executable cmTC_ebbcc
/usr/bin/cmake -E cmake_link_script CMakeFiles/cmTC_ebbcc.dir/link.txt --verbose=1
/usr/bin/gcc -D_GNU_SOURCE -fPIC -Wall -Wextra -Wno-documentation-deprecated-sync -Wno-missing-field-initializers -Wmissing-declarations -Wstrict-aliasing -Wstrict-prototypes -Wdeclaration-after-statement -Wshift-count-overflow -Wunused-const-variable -Wunused-function -Wint-conversion -Wc99-c11-compat -Wformat -Wformat-security     CMakeFiles/cmTC_ebbcc.dir/CheckIncludeFile.c.o  -o cmTC_ebbcc 
make[1]: Leaving directory '/github/vendor/gems/3.4.4/ruby/3.4.0/gems/rugged-1.4.3.102.ga6b7142/vendor/libgit2/build/CMakeFiles/CMakeTmp'



Determining if the include file stdint.h exists passed with the following output:
Change Dir: /github/vendor/gems/3.4.4/ruby/3.4.0/gems/rugged-1.4.3.102.ga6b7142/vendor/libgit2/build/CMakeFiles/CMakeTmp

Run Build Command(s):/usr/bin/make cmTC_e256e/fast && make -j16 -f CMakeFiles/cmTC_e256e.dir/build.make CMakeFiles/cmTC_e256e.dir/build
make[1]: Entering directory '/github/vendor/gems/3.4.4/ruby/3.4.0/gems/rugged-1.4.3.102.ga6b7142/vendor/libgit2/build/CMakeFiles/CMakeTmp'
Building C object CMakeFiles/cmTC_e256e.dir/CheckIncludeFile.c.o
/usr/bin/gcc   -D_GNU_SOURCE -fPIC -Wall -Wextra -Wno-documentation-deprecated-sync -Wno-missing-field-initializers -Wmissing-declarations -Wstrict-aliasing -Wstrict-prototypes -Wdeclaration-after-statement -Wshift-count-overflow -Wunused-const-variable -Wunused-function -Wint-conversion -Wc99-c11-compat -Wformat -Wformat-security    -o CMakeFiles/cmTC_e256e.dir/CheckIncludeFile.c.o   -c /github/vendor/gems/3.4.4/ruby/3.4.0/gems/rugged-1.4.3.102.ga6b7142/vendor/libgit2/build/CMakeFiles/CMakeTmp/CheckIncludeFile.c
Linking C executable cmTC_e256e
/usr/bin/cmake -E cmake_link_script CMakeFiles/cmTC_e256e.dir/link.txt --verbose=1
/usr/bin/gcc -D_GNU_SOURCE -fPIC -Wall -Wextra -Wno-documentation-deprecated-sync -Wno-missing-field-initializers -Wmissing-declarations -Wstrict-aliasing -Wstrict-prototypes -Wdeclaration-after-statement -Wshift-count-overflow -Wunused-const-variable -Wunused-function -Wint-conversion -Wc99-c11-compat -Wformat -Wformat-security     CMakeFiles/cmTC_e256e.dir/CheckIncludeFile.c.o  -o cmTC_e256e 
make[1]: Leaving directory '/github/vendor/gems/3.4.4/ruby/3.4.0/gems/rugged-1.4.3.102.ga6b7142/vendor/libgit2/build/CMakeFiles/CMakeTmp'



Determining if the include file inttypes.h exists passed with the following output:
Change Dir: /github/vendor/gems/3.4.4/ruby/3.4.0/gems/rugged-1.4.3.102.ga6b7142/vendor/libgit2/build/CMakeFiles/CMakeTmp

Run Build Command(s):/usr/bin/make cmTC_1228f/fast && make -j16 -f CMakeFiles/cmTC_1228f.dir/build.make CMakeFiles/cmTC_1228f.dir/build
make[1]: Entering directory '/github/vendor/gems/3.4.4/ruby/3.4.0/gems/rugged-1.4.3.102.ga6b7142/vendor/libgit2/build/CMakeFiles/CMakeTmp'
Building C object CMakeFiles/cmTC_1228f.dir/CheckIncludeFile.c.o
/usr/bin/gcc   -D_GNU_SOURCE -fPIC -Wall -Wextra -Wno-documentation-deprecated-sync -Wno-missing-field-initializers -Wmissing-declarations -Wstrict-aliasing -Wstrict-prototypes -Wdeclaration-after-statement -Wshift-count-overflow -Wunused-const-variable -Wunused-function -Wint-conversion -Wc99-c11-compat -Wformat -Wformat-security    -o CMakeFiles/cmTC_1228f.dir/CheckIncludeFile.c.o   -c /github/vendor/gems/3.4.4/ruby/3.4.0/gems/rugged-1.4.3.102.ga6b7142/vendor/libgit2/build/CMakeFiles/CMakeTmp/CheckIncludeFile.c
Linking C executable cmTC_1228f
/usr/bin/cmake -E cmake_link_script CMakeFiles/cmTC_1228f.dir/link.txt --verbose=1
/usr/bin/gcc -D_GNU_SOURCE -fPIC -Wall -Wextra -Wno-documentation-deprecated-sync -Wno-missing-field-initializers -Wmissing-declarations -Wstrict-aliasing -Wstrict-prototypes -Wdeclaration-after-statement -Wshift-count-overflow -Wunused-const-variable -Wunused-function -Wint-conversion -Wc99-c11-compat -Wformat -Wformat-security     CMakeFiles/cmTC_1228f.dir/CheckIncludeFile.c.o  -o cmTC_1228f 
make[1]: Leaving directory '/github/vendor/gems/3.4.4/ruby/3.4.0/gems/rugged-1.4.3.102.ga6b7142/vendor/libgit2/build/CMakeFiles/CMakeTmp'



Determining if the include file sys/stat.h exists passed with the following output:
Change Dir: /github/vendor/gems/3.4.4/ruby/3.4.0/gems/rugged-1.4.3.102.ga6b7142/vendor/libgit2/build/CMakeFiles/CMakeTmp

Run Build Command(s):/usr/bin/make cmTC_2d6ac/fast && make -j16 -f CMakeFiles/cmTC_2d6ac.dir/build.make CMakeFiles/cmTC_2d6ac.dir/build
make[1]: Entering directory '/github/vendor/gems/3.4.4/ruby/3.4.0/gems/rugged-1.4.3.102.ga6b7142/vendor/libgit2/build/CMakeFiles/CMakeTmp'
Building C object CMakeFiles/cmTC_2d6ac.dir/CheckIncludeFile.c.o
/usr/bin/gcc   -D_GNU_SOURCE -fPIC -Wall -Wextra -Wno-documentation-deprecated-sync -Wno-missing-field-initializers -Wmissing-declarations -Wstrict-aliasing -Wstrict-prototypes -Wdeclaration-after-statement -Wshift-count-overflow -Wunused-const-variable -Wunused-function -Wint-conversion -Wc99-c11-compat -Wformat -Wformat-security    -o CMakeFiles/cmTC_2d6ac.dir/CheckIncludeFile.c.o   -c /github/vendor/gems/3.4.4/ruby/3.4.0/gems/rugged-1.4.3.102.ga6b7142/vendor/libgit2/build/CMakeFiles/CMakeTmp/CheckIncludeFile.c
Linking C executable cmTC_2d6ac
/usr/bin/cmake -E cmake_link_script CMakeFiles/cmTC_2d6ac.dir/link.txt --verbose=1
/usr/bin/gcc -D_GNU_SOURCE -fPIC -Wall -Wextra -Wno-documentation-deprecated-sync -Wno-missing-field-initializers -Wmissing-declarations -Wstrict-aliasing -Wstrict-prototypes -Wdeclaration-after-statement -Wshift-count-overflow -Wunused-const-variable -Wunused-function -Wint-conversion -Wc99-c11-compat -Wformat -Wformat-security     CMakeFiles/cmTC_2d6ac.dir/CheckIncludeFile.c.o  -o cmTC_2d6ac 
make[1]: Leaving directory '/github/vendor/gems/3.4.4/ruby/3.4.0/gems/rugged-1.4.3.102.ga6b7142/vendor/libgit2/build/CMakeFiles/CMakeTmp'



Determining if the include file sys/types.h exists passed with the following output:
Change Dir: /github/vendor/gems/3.4.4/ruby/3.4.0/gems/rugged-1.4.3.102.ga6b7142/vendor/libgit2/build/CMakeFiles/CMakeTmp

Run Build Command(s):/usr/bin/make cmTC_12db8/fast && make -j16 -f CMakeFiles/cmTC_12db8.dir/build.make CMakeFiles/cmTC_12db8.dir/build
make[1]: Entering directory '/github/vendor/gems/3.4.4/ruby/3.4.0/gems/rugged-1.4.3.102.ga6b7142/vendor/libgit2/build/CMakeFiles/CMakeTmp'
Building C object CMakeFiles/cmTC_12db8.dir/CheckIncludeFile.c.o
/usr/bin/gcc   -D_GNU_SOURCE -fPIC -Wall -Wextra -Wno-documentation-deprecated-sync -Wno-missing-field-initializers -Wmissing-declarations -Wstrict-aliasing -Wstrict-prototypes -Wdeclaration-after-statement -Wshift-count-overflow -Wunused-const-variable -Wunused-function -Wint-conversion -Wc99-c11-compat -Wformat -Wformat-security    -o CMakeFiles/cmTC_12db8.dir/CheckIncludeFile.c.o   -c /github/vendor/gems/3.4.4/ruby/3.4.0/gems/rugged-1.4.3.102.ga6b7142/vendor/libgit2/build/CMakeFiles/CMakeTmp/CheckIncludeFile.c
Linking C executable cmTC_12db8
/usr/bin/cmake -E cmake_link_script CMakeFiles/cmTC_12db8.dir/link.txt --verbose=1
/usr/bin/gcc -D_GNU_SOURCE -fPIC -Wall -Wextra -Wno-documentation-deprecated-sync -Wno-missing-field-initializers -Wmissing-declarations -Wstrict-aliasing -Wstrict-prototypes -Wdeclaration-after-statement -Wshift-count-overflow -Wunused-const-variable -Wunused-function -Wint-conversion -Wc99-c11-compat -Wformat -Wformat-security     CMakeFiles/cmTC_12db8.dir/CheckIncludeFile.c.o  -o cmTC_12db8 
make[1]: Leaving directory '/github/vendor/gems/3.4.4/ruby/3.4.0/gems/rugged-1.4.3.102.ga6b7142/vendor/libgit2/build/CMakeFiles/CMakeTmp'



Determining if the include file unistd.h exists passed with the following output:
Change Dir: /github/vendor/gems/3.4.4/ruby/3.4.0/gems/rugged-1.4.3.102.ga6b7142/vendor/libgit2/build/CMakeFiles/CMakeTmp

Run Build Command(s):/usr/bin/make cmTC_88797/fast && make -j16 -f CMakeFiles/cmTC_88797.dir/build.make CMakeFiles/cmTC_88797.dir/build
make[1]: Entering directory '/github/vendor/gems/3.4.4/ruby/3.4.0/gems/rugged-1.4.3.102.ga6b7142/vendor/libgit2/build/CMakeFiles/CMakeTmp'
Building C object CMakeFiles/cmTC_88797.dir/CheckIncludeFile.c.o
/usr/bin/gcc   -D_GNU_SOURCE -fPIC -Wall -Wextra -Wno-documentation-deprecated-sync -Wno-missing-field-initializers -Wmissing-declarations -Wstrict-aliasing -Wstrict-prototypes -Wdeclaration-after-statement -Wshift-count-overflow -Wunused-const-variable -Wunused-function -Wint-conversion -Wc99-c11-compat -Wformat -Wformat-security    -o CMakeFiles/cmTC_88797.dir/CheckIncludeFile.c.o   -c /github/vendor/gems/3.4.4/ruby/3.4.0/gems/rugged-1.4.3.102.ga6b7142/vendor/libgit2/build/CMakeFiles/CMakeTmp/CheckIncludeFile.c
Linking C executable cmTC_88797
/usr/bin/cmake -E cmake_link_script CMakeFiles/cmTC_88797.dir/link.txt --verbose=1
/usr/bin/gcc -D_GNU_SOURCE -fPIC -Wall -Wextra -Wno-documentation-deprecated-sync -Wno-missing-field-initializers -Wmissing-declarations -Wstrict-aliasing -Wstrict-prototypes -Wdeclaration-after-statement -Wshift-count-overflow -Wunused-const-variable -Wunused-function -Wint-conversion -Wc99-c11-compat -Wformat -Wformat-security     CMakeFiles/cmTC_88797.dir/CheckIncludeFile.c.o  -o cmTC_88797 
make[1]: Leaving directory '/github/vendor/gems/3.4.4/ruby/3.4.0/gems/rugged-1.4.3.102.ga6b7142/vendor/libgit2/build/CMakeFiles/CMakeTmp'



Determining if the function bcopy exists passed with the following output:
Change Dir: /github/vendor/gems/3.4.4/ruby/3.4.0/gems/rugged-1.4.3.102.ga6b7142/vendor/libgit2/build/CMakeFiles/CMakeTmp

Run Build Command(s):/usr/bin/make cmTC_1f2ec/fast && make -j16 -f CMakeFiles/cmTC_1f2ec.dir/build.make CMakeFiles/cmTC_1f2ec.dir/build
make[1]: Entering directory '/github/vendor/gems/3.4.4/ruby/3.4.0/gems/rugged-1.4.3.102.ga6b7142/vendor/libgit2/build/CMakeFiles/CMakeTmp'
Building C object CMakeFiles/cmTC_1f2ec.dir/CheckFunctionExists.c.o
/usr/bin/gcc   -D_GNU_SOURCE -fPIC -Wall -Wextra -Wno-documentation-deprecated-sync -Wno-missing-field-initializers -Wmissing-declarations -Wstrict-aliasing -Wstrict-prototypes -Wdeclaration-after-statement -Wshift-count-overflow -Wunused-const-variable -Wunused-function -Wint-conversion -Wc99-c11-compat -Wformat -Wformat-security -DCHECK_FUNCTION_EXISTS=bcopy   -o CMakeFiles/cmTC_1f2ec.dir/CheckFunctionExists.c.o   -c /usr/share/cmake-3.16/Modules/CheckFunctionExists.c
<command-line>: warning: conflicting types for built-in function ‘bcopy’; expected ‘void(const void *, void *, long unsigned int)’ [-Wbuiltin-declaration-mismatch]
/usr/share/cmake-3.16/Modules/CheckFunctionExists.c:7:3: note: in expansion of macro ‘CHECK_FUNCTION_EXISTS’
    7 |   CHECK_FUNCTION_EXISTS(void);
      |   ^~~~~~~~~~~~~~~~~~~~~
cc1: warning: unrecognized command line option ‘-Wno-documentation-deprecated-sync’
Linking C executable cmTC_1f2ec
/usr/bin/cmake -E cmake_link_script CMakeFiles/cmTC_1f2ec.dir/link.txt --verbose=1
/usr/bin/gcc -D_GNU_SOURCE -fPIC -Wall -Wextra -Wno-documentation-deprecated-sync -Wno-missing-field-initializers -Wmissing-declarations -Wstrict-aliasing -Wstrict-prototypes -Wdeclaration-after-statement -Wshift-count-overflow -Wunused-const-variable -Wunused-function -Wint-conversion -Wc99-c11-compat -Wformat -Wformat-security -DCHECK_FUNCTION_EXISTS=bcopy    CMakeFiles/cmTC_1f2ec.dir/CheckFunctionExists.c.o  -o cmTC_1f2ec 
make[1]: Leaving directory '/github/vendor/gems/3.4.4/ruby/3.4.0/gems/rugged-1.4.3.102.ga6b7142/vendor/libgit2/build/CMakeFiles/CMakeTmp'



Determining if the function memmove exists passed with the following output:
Change Dir: /github/vendor/gems/3.4.4/ruby/3.4.0/gems/rugged-1.4.3.102.ga6b7142/vendor/libgit2/build/CMakeFiles/CMakeTmp

Run Build Command(s):/usr/bin/make cmTC_f7115/fast && make -j16 -f CMakeFiles/cmTC_f7115.dir/build.make CMakeFiles/cmTC_f7115.dir/build
make[1]: Entering directory '/github/vendor/gems/3.4.4/ruby/3.4.0/gems/rugged-1.4.3.102.ga6b7142/vendor/libgit2/build/CMakeFiles/CMakeTmp'
Building C object CMakeFiles/cmTC_f7115.dir/CheckFunctionExists.c.o
/usr/bin/gcc   -D_GNU_SOURCE -fPIC -Wall -Wextra -Wno-documentation-deprecated-sync -Wno-missing-field-initializers -Wmissing-declarations -Wstrict-aliasing -Wstrict-prototypes -Wdeclaration-after-statement -Wshift-count-overflow -Wunused-const-variable -Wunused-function -Wint-conversion -Wc99-c11-compat -Wformat -Wformat-security -DCHECK_FUNCTION_EXISTS=memmove   -o CMakeFiles/cmTC_f7115.dir/CheckFunctionExists.c.o   -c /usr/share/cmake-3.16/Modules/CheckFunctionExists.c
<command-line>: warning: conflicting types for built-in function ‘memmove’; expected ‘void *(void *, const void *, long unsigned int)’ [-Wbuiltin-declaration-mismatch]
/usr/share/cmake-3.16/Modules/CheckFunctionExists.c:7:3: note: in expansion of macro ‘CHECK_FUNCTION_EXISTS’
    7 |   CHECK_FUNCTION_EXISTS(void);
      |   ^~~~~~~~~~~~~~~~~~~~~
/usr/share/cmake-3.16/Modules/CheckFunctionExists.c:1:1: note: ‘memmove’ is declared in header ‘<string.h>’
  +++ |+#include <string.h>
    1 | #ifdef CHECK_FUNCTION_EXISTS
cc1: warning: unrecognized command line option ‘-Wno-documentation-deprecated-sync’
Linking C executable cmTC_f7115
/usr/bin/cmake -E cmake_link_script CMakeFiles/cmTC_f7115.dir/link.txt --verbose=1
/usr/bin/gcc -D_GNU_SOURCE -fPIC -Wall -Wextra -Wno-documentation-deprecated-sync -Wno-missing-field-initializers -Wmissing-declarations -Wstrict-aliasing -Wstrict-prototypes -Wdeclaration-after-statement -Wshift-count-overflow -Wunused-const-variable -Wunused-function -Wint-conversion -Wc99-c11-compat -Wformat -Wformat-security -DCHECK_FUNCTION_EXISTS=memmove    CMakeFiles/cmTC_f7115.dir/CheckFunctionExists.c.o  -o cmTC_f7115 
make[1]: Leaving directory '/github/vendor/gems/3.4.4/ruby/3.4.0/gems/rugged-1.4.3.102.ga6b7142/vendor/libgit2/build/CMakeFiles/CMakeTmp'



Determining if the function strerror exists passed with the following output:
Change Dir: /github/vendor/gems/3.4.4/ruby/3.4.0/gems/rugged-1.4.3.102.ga6b7142/vendor/libgit2/build/CMakeFiles/CMakeTmp

Run Build Command(s):/usr/bin/make cmTC_f6263/fast && make -j16 -f CMakeFiles/cmTC_f6263.dir/build.make CMakeFiles/cmTC_f6263.dir/build
make[1]: Entering directory '/github/vendor/gems/3.4.4/ruby/3.4.0/gems/rugged-1.4.3.102.ga6b7142/vendor/libgit2/build/CMakeFiles/CMakeTmp'
Building C object CMakeFiles/cmTC_f6263.dir/CheckFunctionExists.c.o
/usr/bin/gcc   -D_GNU_SOURCE -fPIC -Wall -Wextra -Wno-documentation-deprecated-sync -Wno-missing-field-initializers -Wmissing-declarations -Wstrict-aliasing -Wstrict-prototypes -Wdeclaration-after-statement -Wshift-count-overflow -Wunused-const-variable -Wunused-function -Wint-conversion -Wc99-c11-compat -Wformat -Wformat-security -DCHECK_FUNCTION_EXISTS=strerror   -o CMakeFiles/cmTC_f6263.dir/CheckFunctionExists.c.o   -c /usr/share/cmake-3.16/Modules/CheckFunctionExists.c
Linking C executable cmTC_f6263
/usr/bin/cmake -E cmake_link_script CMakeFiles/cmTC_f6263.dir/link.txt --verbose=1
/usr/bin/gcc -D_GNU_SOURCE -fPIC -Wall -Wextra -Wno-documentation-deprecated-sync -Wno-missing-field-initializers -Wmissing-declarations -Wstrict-aliasing -Wstrict-prototypes -Wdeclaration-after-statement -Wshift-count-overflow -Wunused-const-variable -Wunused-function -Wint-conversion -Wc99-c11-compat -Wformat -Wformat-security -DCHECK_FUNCTION_EXISTS=strerror    CMakeFiles/cmTC_f6263.dir/CheckFunctionExists.c.o  -o cmTC_f6263 
make[1]: Leaving directory '/github/vendor/gems/3.4.4/ruby/3.4.0/gems/rugged-1.4.3.102.ga6b7142/vendor/libgit2/build/CMakeFiles/CMakeTmp'



Determining if the function strtoll exists passed with the following output:
Change Dir: /github/vendor/gems/3.4.4/ruby/3.4.0/gems/rugged-1.4.3.102.ga6b7142/vendor/libgit2/build/CMakeFiles/CMakeTmp

Run Build Command(s):/usr/bin/make cmTC_9ea51/fast && make -j16 -f CMakeFiles/cmTC_9ea51.dir/build.make CMakeFiles/cmTC_9ea51.dir/build
make[1]: Entering directory '/github/vendor/gems/3.4.4/ruby/3.4.0/gems/rugged-1.4.3.102.ga6b7142/vendor/libgit2/build/CMakeFiles/CMakeTmp'
Building C object CMakeFiles/cmTC_9ea51.dir/CheckFunctionExists.c.o
/usr/bin/gcc   -D_GNU_SOURCE -fPIC -Wall -Wextra -Wno-documentation-deprecated-sync -Wno-missing-field-initializers -Wmissing-declarations -Wstrict-aliasing -Wstrict-prototypes -Wdeclaration-after-statement -Wshift-count-overflow -Wunused-const-variable -Wunused-function -Wint-conversion -Wc99-c11-compat -Wformat -Wformat-security -DCHECK_FUNCTION_EXISTS=strtoll   -o CMakeFiles/cmTC_9ea51.dir/CheckFunctionExists.c.o   -c /usr/share/cmake-3.16/Modules/CheckFunctionExists.c
Linking C executable cmTC_9ea51
/usr/bin/cmake -E cmake_link_script CMakeFiles/cmTC_9ea51.dir/link.txt --verbose=1
/usr/bin/gcc -D_GNU_SOURCE -fPIC -Wall -Wextra -Wno-documentation-deprecated-sync -Wno-missing-field-initializers -Wmissing-declarations -Wstrict-aliasing -Wstrict-prototypes -Wdeclaration-after-statement -Wshift-count-overflow -Wunused-const-variable -Wunused-function -Wint-conversion -Wc99-c11-compat -Wformat -Wformat-security -DCHECK_FUNCTION_EXISTS=strtoll    CMakeFiles/cmTC_9ea51.dir/CheckFunctionExists.c.o  -o cmTC_9ea51 
make[1]: Leaving directory '/github/vendor/gems/3.4.4/ruby/3.4.0/gems/rugged-1.4.3.102.ga6b7142/vendor/libgit2/build/CMakeFiles/CMakeTmp'



Determining if the function strtoq exists passed with the following output:
Change Dir: /github/vendor/gems/3.4.4/ruby/3.4.0/gems/rugged-1.4.3.102.ga6b7142/vendor/libgit2/build/CMakeFiles/CMakeTmp

Run Build Command(s):/usr/bin/make cmTC_07363/fast && make -j16 -f CMakeFiles/cmTC_07363.dir/build.make CMakeFiles/cmTC_07363.dir/build
make[1]: Entering directory '/github/vendor/gems/3.4.4/ruby/3.4.0/gems/rugged-1.4.3.102.ga6b7142/vendor/libgit2/build/CMakeFiles/CMakeTmp'
Building C object CMakeFiles/cmTC_07363.dir/CheckFunctionExists.c.o
/usr/bin/gcc   -D_GNU_SOURCE -fPIC -Wall -Wextra -Wno-documentation-deprecated-sync -Wno-missing-field-initializers -Wmissing-declarations -Wstrict-aliasing -Wstrict-prototypes -Wdeclaration-after-statement -Wshift-count-overflow -Wunused-const-variable -Wunused-function -Wint-conversion -Wc99-c11-compat -Wformat -Wformat-security -DCHECK_FUNCTION_EXISTS=strtoq   -o CMakeFiles/cmTC_07363.dir/CheckFunctionExists.c.o   -c /usr/share/cmake-3.16/Modules/CheckFunctionExists.c
Linking C executable cmTC_07363
/usr/bin/cmake -E cmake_link_script CMakeFiles/cmTC_07363.dir/link.txt --verbose=1
/usr/bin/gcc -D_GNU_SOURCE -fPIC -Wall -Wextra -Wno-documentation-deprecated-sync -Wno-missing-field-initializers -Wmissing-declarations -Wstrict-aliasing -Wstrict-prototypes -Wdeclaration-after-statement -Wshift-count-overflow -Wunused-const-variable -Wunused-function -Wint-conversion -Wc99-c11-compat -Wformat -Wformat-security -DCHECK_FUNCTION_EXISTS=strtoq    CMakeFiles/cmTC_07363.dir/CheckFunctionExists.c.o  -o cmTC_07363 
make[1]: Leaving directory '/github/vendor/gems/3.4.4/ruby/3.4.0/gems/rugged-1.4.3.102.ga6b7142/vendor/libgit2/build/CMakeFiles/CMakeTmp'



Determining if the include file stddef.h exists passed with the following output:
Change Dir: /github/vendor/gems/3.4.4/ruby/3.4.0/gems/rugged-1.4.3.102.ga6b7142/vendor/libgit2/build/CMakeFiles/CMakeTmp

Run Build Command(s):/usr/bin/make cmTC_f8292/fast && make -j16 -f CMakeFiles/cmTC_f8292.dir/build.make CMakeFiles/cmTC_f8292.dir/build
make[1]: Entering directory '/github/vendor/gems/3.4.4/ruby/3.4.0/gems/rugged-1.4.3.102.ga6b7142/vendor/libgit2/build/CMakeFiles/CMakeTmp'
Building C object CMakeFiles/cmTC_f8292.dir/CheckIncludeFile.c.o
/usr/bin/gcc   -D_GNU_SOURCE -fPIC -Wall -Wextra -Wno-documentation-deprecated-sync -Wno-missing-field-initializers -Wmissing-declarations -Wstrict-aliasing -Wstrict-prototypes -Wdeclaration-after-statement -Wshift-count-overflow -Wunused-const-variable -Wunused-function -Wint-conversion -Wc99-c11-compat -Wformat -Wformat-security    -o CMakeFiles/cmTC_f8292.dir/CheckIncludeFile.c.o   -c /github/vendor/gems/3.4.4/ruby/3.4.0/gems/rugged-1.4.3.102.ga6b7142/vendor/libgit2/build/CMakeFiles/CMakeTmp/CheckIncludeFile.c
Linking C executable cmTC_f8292
/usr/bin/cmake -E cmake_link_script CMakeFiles/cmTC_f8292.dir/link.txt --verbose=1
/usr/bin/gcc -D_GNU_SOURCE -fPIC -Wall -Wextra -Wno-documentation-deprecated-sync -Wno-missing-field-initializers -Wmissing-declarations -Wstrict-aliasing -Wstrict-prototypes -Wdeclaration-after-statement -Wshift-count-overflow -Wunused-const-variable -Wunused-function -Wint-conversion -Wc99-c11-compat -Wformat -Wformat-security     CMakeFiles/cmTC_f8292.dir/CheckIncludeFile.c.o  -o cmTC_f8292 
make[1]: Leaving directory '/github/vendor/gems/3.4.4/ruby/3.4.0/gems/rugged-1.4.3.102.ga6b7142/vendor/libgit2/build/CMakeFiles/CMakeTmp'



Determining size of long long passed with the following output:
Change Dir: /github/vendor/gems/3.4.4/ruby/3.4.0/gems/rugged-1.4.3.102.ga6b7142/vendor/libgit2/build/CMakeFiles/CMakeTmp

Run Build Command(s):/usr/bin/make cmTC_80d5a/fast && make -j16 -f CMakeFiles/cmTC_80d5a.dir/build.make CMakeFiles/cmTC_80d5a.dir/build
make[1]: Entering directory '/github/vendor/gems/3.4.4/ruby/3.4.0/gems/rugged-1.4.3.102.ga6b7142/vendor/libgit2/build/CMakeFiles/CMakeTmp'
Building C object CMakeFiles/cmTC_80d5a.dir/LONG_LONG.c.o
/usr/bin/gcc   -D_GNU_SOURCE -fPIC -Wall -Wextra -Wno-documentation-deprecated-sync -Wno-missing-field-initializers -Wmissing-declarations -Wstrict-aliasing -Wstrict-prototypes -Wdeclaration-after-statement -Wshift-count-overflow -Wunused-const-variable -Wunused-function -Wint-conversion -Wc99-c11-compat -Wformat -Wformat-security    -o CMakeFiles/cmTC_80d5a.dir/LONG_LONG.c.o   -c /github/vendor/gems/3.4.4/ruby/3.4.0/gems/rugged-1.4.3.102.ga6b7142/vendor/libgit2/build/CMakeFiles/CheckTypeSize/LONG_LONG.c
Linking C executable cmTC_80d5a
/usr/bin/cmake -E cmake_link_script CMakeFiles/cmTC_80d5a.dir/link.txt --verbose=1
/usr/bin/gcc -D_GNU_SOURCE -fPIC -Wall -Wextra -Wno-documentation-deprecated-sync -Wno-missing-field-initializers -Wmissing-declarations -Wstrict-aliasing -Wstrict-prototypes -Wdeclaration-after-statement -Wshift-count-overflow -Wunused-const-variable -Wunused-function -Wint-conversion -Wc99-c11-compat -Wformat -Wformat-security     CMakeFiles/cmTC_80d5a.dir/LONG_LONG.c.o  -o cmTC_80d5a 
make[1]: Leaving directory '/github/vendor/gems/3.4.4/ruby/3.4.0/gems/rugged-1.4.3.102.ga6b7142/vendor/libgit2/build/CMakeFiles/CMakeTmp'



Determining size of unsigned long long passed with the following output:
Change Dir: /github/vendor/gems/3.4.4/ruby/3.4.0/gems/rugged-1.4.3.102.ga6b7142/vendor/libgit2/build/CMakeFiles/CMakeTmp

Run Build Command(s):/usr/bin/make cmTC_bfd1a/fast && make -j16 -f CMakeFiles/cmTC_bfd1a.dir/build.make CMakeFiles/cmTC_bfd1a.dir/build
make[1]: Entering directory '/github/vendor/gems/3.4.4/ruby/3.4.0/gems/rugged-1.4.3.102.ga6b7142/vendor/libgit2/build/CMakeFiles/CMakeTmp'
Building C object CMakeFiles/cmTC_bfd1a.dir/UNSIGNED_LONG_LONG.c.o
/usr/bin/gcc   -D_GNU_SOURCE -fPIC -Wall -Wextra -Wno-documentation-deprecated-sync -Wno-missing-field-initializers -Wmissing-declarations -Wstrict-aliasing -Wstrict-prototypes -Wdeclaration-after-statement -Wshift-count-overflow -Wunused-const-variable -Wunused-function -Wint-conversion -Wc99-c11-compat -Wformat -Wformat-security    -o CMakeFiles/cmTC_bfd1a.dir/UNSIGNED_LONG_LONG.c.o   -c /github/vendor/gems/3.4.4/ruby/3.4.0/gems/rugged-1.4.3.102.ga6b7142/vendor/libgit2/build/CMakeFiles/CheckTypeSize/UNSIGNED_LONG_LONG.c
Linking C executable cmTC_bfd1a
/usr/bin/cmake -E cmake_link_script CMakeFiles/cmTC_bfd1a.dir/link.txt --verbose=1
/usr/bin/gcc -D_GNU_SOURCE -fPIC -Wall -Wextra -Wno-documentation-deprecated-sync -Wno-missing-field-initializers -Wmissing-declarations -Wstrict-aliasing -Wstrict-prototypes -Wdeclaration-after-statement -Wshift-count-overflow -Wunused-const-variable -Wunused-function -Wint-conversion -Wc99-c11-compat -Wformat -Wformat-security     CMakeFiles/cmTC_bfd1a.dir/UNSIGNED_LONG_LONG.c.o  -o cmTC_bfd1a 
make[1]: Leaving directory '/github/vendor/gems/3.4.4/ruby/3.4.0/gems/rugged-1.4.3.102.ga6b7142/vendor/libgit2/build/CMakeFiles/CMakeTmp'



Performing C SOURCE FILE Test IS_WNO_UNUSED_FUNCTION_SUPPORTED succeeded with the following output:
Change Dir: /github/vendor/gems/3.4.4/ruby/3.4.0/gems/rugged-1.4.3.102.ga6b7142/vendor/libgit2/build/CMakeFiles/CMakeTmp

Run Build Command(s):/usr/bin/make cmTC_26e39/fast && make -j16 -f CMakeFiles/cmTC_26e39.dir/build.make CMakeFiles/cmTC_26e39.dir/build
make[1]: Entering directory '/github/vendor/gems/3.4.4/ruby/3.4.0/gems/rugged-1.4.3.102.ga6b7142/vendor/libgit2/build/CMakeFiles/CMakeTmp'
Building C object CMakeFiles/cmTC_26e39.dir/src.c.o
/usr/bin/gcc   -D_GNU_SOURCE -fPIC -Wall -Wextra -Wno-documentation-deprecated-sync -Wno-missing-field-initializers -Wmissing-declarations -Wstrict-aliasing -Wstrict-prototypes -Wdeclaration-after-statement -Wshift-count-overflow -Wunused-const-variable -Wunused-function -Wint-conversion -Wc99-c11-compat -Wformat -Wformat-security -DIS_WNO_UNUSED_FUNCTION_SUPPORTED   -Wno-unused-function -o CMakeFiles/cmTC_26e39.dir/src.c.o   -c /github/vendor/gems/3.4.4/ruby/3.4.0/gems/rugged-1.4.3.102.ga6b7142/vendor/libgit2/build/CMakeFiles/CMakeTmp/src.c
Linking C executable cmTC_26e39
/usr/bin/cmake -E cmake_link_script CMakeFiles/cmTC_26e39.dir/link.txt --verbose=1
/usr/bin/gcc -D_GNU_SOURCE -fPIC -Wall -Wextra -Wno-documentation-deprecated-sync -Wno-missing-field-initializers -Wmissing-declarations -Wstrict-aliasing -Wstrict-prototypes -Wdeclaration-after-statement -Wshift-count-overflow -Wunused-const-variable -Wunused-function -Wint-conversion -Wc99-c11-compat -Wformat -Wformat-security -DIS_WNO_UNUSED_FUNCTION_SUPPORTED    CMakeFiles/cmTC_26e39.dir/src.c.o  -o cmTC_26e39 
make[1]: Leaving directory '/github/vendor/gems/3.4.4/ruby/3.4.0/gems/rugged-1.4.3.102.ga6b7142/vendor/libgit2/build/CMakeFiles/CMakeTmp'


Source file was:
int main(void) { return 0; }
Performing C SOURCE FILE Test IS_WNO_IMPLICIT_FALLTHROUGH_SUPPORTED succeeded with the following output:
Change Dir: /github/vendor/gems/3.4.4/ruby/3.4.0/gems/rugged-1.4.3.102.ga6b7142/vendor/libgit2/build/CMakeFiles/CMakeTmp

Run Build Command(s):/usr/bin/make cmTC_3602a/fast && make -j16 -f CMakeFiles/cmTC_3602a.dir/build.make CMakeFiles/cmTC_3602a.dir/build
make[1]: Entering directory '/github/vendor/gems/3.4.4/ruby/3.4.0/gems/rugged-1.4.3.102.ga6b7142/vendor/libgit2/build/CMakeFiles/CMakeTmp'
Building C object CMakeFiles/cmTC_3602a.dir/src.c.o
/usr/bin/gcc   -D_GNU_SOURCE -fPIC -Wall -Wextra -Wno-documentation-deprecated-sync -Wno-missing-field-initializers -Wmissing-declarations -Wstrict-aliasing -Wstrict-prototypes -Wdeclaration-after-statement -Wshift-count-overflow -Wunused-const-variable -Wunused-function -Wint-conversion -Wc99-c11-compat -Wformat -Wformat-security -Wno-unused-function -DIS_WNO_IMPLICIT_FALLTHROUGH_SUPPORTED   -Wno-implicit-fallthrough -o CMakeFiles/cmTC_3602a.dir/src.c.o   -c /github/vendor/gems/3.4.4/ruby/3.4.0/gems/rugged-1.4.3.102.ga6b7142/vendor/libgit2/build/CMakeFiles/CMakeTmp/src.c
Linking C executable cmTC_3602a
/usr/bin/cmake -E cmake_link_script CMakeFiles/cmTC_3602a.dir/link.txt --verbose=1
/usr/bin/gcc -D_GNU_SOURCE -fPIC -Wall -Wextra -Wno-documentation-deprecated-sync -Wno-missing-field-initializers -Wmissing-declarations -Wstrict-aliasing -Wstrict-prototypes -Wdeclaration-after-statement -Wshift-count-overflow -Wunused-const-variable -Wunused-function -Wint-conversion -Wc99-c11-compat -Wformat -Wformat-security -Wno-unused-function -DIS_WNO_IMPLICIT_FALLTHROUGH_SUPPORTED    CMakeFiles/cmTC_3602a.dir/src.c.o  -o cmTC_3602a 
make[1]: Leaving directory '/github/vendor/gems/3.4.4/ruby/3.4.0/gems/rugged-1.4.3.102.ga6b7142/vendor/libgit2/build/CMakeFiles/CMakeTmp'


Source file was:
int main(void) { return 0; }
