current directory: /github/vendor/gems/3.3.8/ruby/3.3.0/gems/psych-5.1.2/ext/psych
/usr/share/rbenv/versions/3.3.8/bin/ruby extconf.rb
checking for pkg-config for yaml-0.1... [" ", "", "-lyaml"]
checking for yaml.h... yes
checking for yaml_get_version() in -lyaml... yes
creating Makefile

current directory: /github/vendor/gems/3.3.8/ruby/3.3.0/gems/psych-5.1.2/ext/psych
make DESTDIR\= sitearchdir\=./.gem.20250507-113-3bbpv0 sitelibdir\=./.gem.20250507-113-3bbpv0 clean
cd libyaml && make clean
/bin/sh: 1: cd: can't cd to libyaml
make: [Makefile:283: clean-so] Error 2 (ignored)

current directory: /github/vendor/gems/3.3.8/ruby/3.3.0/gems/psych-5.1.2/ext/psych
make DESTDIR\= sitearchdir\=./.gem.20250507-113-3bbpv0 sitelibdir\=./.gem.20250507-113-3bbpv0
compiling psych.c
compiling psych_emitter.c
compiling psych_parser.c
compiling psych_to_ruby.c
compiling psych_yaml_tree.c
linking shared-object psych.so

current directory: /github/vendor/gems/3.3.8/ruby/3.3.0/gems/psych-5.1.2/ext/psych
make DESTDIR\= sitearchdir\=./.gem.20250507-113-3bbpv0 sitelibdir\=./.gem.20250507-113-3bbpv0 install
/usr/bin/install -c -m 0755 psych.so ./.gem.20250507-113-3bbpv0

current directory: /github/vendor/gems/3.3.8/ruby/3.3.0/gems/psych-5.1.2/ext/psych
make DESTDIR\= sitearchdir\=./.gem.20250507-113-3bbpv0 sitelibdir\=./.gem.20250507-113-3bbpv0 clean
cd libyaml && make clean
/bin/sh: 1: cd: can't cd to libyaml
make: [Makefile:283: clean-so] Error 2 (ignored)
