current directory: /github/vendor/gems/3.4.4/ruby/3.4.0/gems/charlock_holmes-0.7.9/ext/charlock_holmes
/usr/share/rbenv/versions/3.4.4/bin/ruby extconf.rb
checking for pkg-config for icu-i18n... [" ", "", "-licui18n -licuuc -licudata"]
checking for pkg-config for icu-io... [" ", "", "-licuio -licui18n -licuuc -licudata"]
checking for pkg-config for icu-uc... [" ", "", "-licuuc -licudata"]
checking for -licui18n... yes
checking for unicode/ucnv.h... yes
checking for -lz... yes
checking for -licuuc... yes
checking for -licudata... yes
checking for icu that requires explicit C++ version flag... no
Static linking is disabled.
creating Makefile

current directory: /github/vendor/gems/3.4.4/ruby/3.4.0/gems/charlock_holmes-0.7.9/ext/charlock_holmes
make -j16 DESTDIR\= sitearchdir\=./.gem.20250613-147-yjq374 sitelibdir\=./.gem.20250613-147-yjq374 clean

current directory: /github/vendor/gems/3.4.4/ruby/3.4.0/gems/charlock_holmes-0.7.9/ext/charlock_holmes
make -j16 DESTDIR\= sitearchdir\=./.gem.20250613-147-yjq374 sitelibdir\=./.gem.20250613-147-yjq374
compiling converter.c
compiling encoding_detector.c
compiling ext.c
compiling transliterator.cpp
linking shared-object charlock_holmes/charlock_holmes.so

current directory: /github/vendor/gems/3.4.4/ruby/3.4.0/gems/charlock_holmes-0.7.9/ext/charlock_holmes
make -j16 DESTDIR\= sitearchdir\=./.gem.20250613-147-yjq374 sitelibdir\=./.gem.20250613-147-yjq374 install
/usr/bin/install -c -m 0755 charlock_holmes.so ./.gem.20250613-147-yjq374/charlock_holmes

current directory: /github/vendor/gems/3.4.4/ruby/3.4.0/gems/charlock_holmes-0.7.9/ext/charlock_holmes
make -j16 DESTDIR\= sitearchdir\=./.gem.20250613-147-yjq374 sitelibdir\=./.gem.20250613-147-yjq374 clean
