current directory: /github/vendor/gems/3.4.4/ruby/3.4.0/gems/yajl-ruby-1.4.3/ext/yajl
/usr/share/rbenv/versions/3.4.4/bin/ruby extconf.rb
creating Makefile

current directory: /github/vendor/gems/3.4.4/ruby/3.4.0/gems/yajl-ruby-1.4.3/ext/yajl
make -j16 DESTDIR\= sitearchdir\=./.gem.20250619-147-515jpi sitelibdir\=./.gem.20250619-147-515jpi clean

current directory: /github/vendor/gems/3.4.4/ruby/3.4.0/gems/yajl-ruby-1.4.3/ext/yajl
make -j16 DESTDIR\= sitearchdir\=./.gem.20250619-147-515jpi sitelibdir\=./.gem.20250619-147-515jpi
compiling yajl.c
compiling yajl_alloc.c
compiling yajl_buf.c
compiling yajl_encode.c
compiling yajl_ext.c
compiling yajl_gen.c
compiling yajl_lex.c
compiling yajl_parser.c
compiling yajl_version.c
yajl_ext.c: In function ‘yajl_check_and_fire_callback’:
yajl_ext.c:63:5: warning: ‘rb_data_object_get_warning’ is deprecated: by TypedData [-Wdeprecated-declarations]
   63 |     GetParser((VALUE)ctx, wrapper);
      |     ^~~~~~~~~
In file included from /usr/share/rbenv/versions/3.4.4/include/ruby-3.4.0/ruby/internal/core.h:27,
                 from /usr/share/rbenv/versions/3.4.4/include/ruby-3.4.0/ruby/ruby.h:29,
                 from /usr/share/rbenv/versions/3.4.4/include/ruby-3.4.0/ruby.h:38,
                 from yajl_ext.h:32,
                 from yajl_ext.c:24:
/usr/share/rbenv/versions/3.4.4/include/ruby-3.4.0/ruby/internal/core/rdata.h:325:1: note: declared here
  325 | rb_data_object_get_warning(VALUE obj)
      | ^~~~~~~~~~~~~~~~~~~~~~~~~~
yajl_ext.c: In function ‘yajl_set_static_value’:
yajl_ext.c:110:5: warning: ‘rb_data_object_get_warning’ is deprecated: by TypedData [-Wdeprecated-declarations]
  110 |     GetParser((VALUE)ctx, wrapper);
      |     ^~~~~~~~~
In file included from /usr/share/rbenv/versions/3.4.4/include/ruby-3.4.0/ruby/internal/core.h:27,
                 from /usr/share/rbenv/versions/3.4.4/include/ruby-3.4.0/ruby/ruby.h:29,
                 from /usr/share/rbenv/versions/3.4.4/include/ruby-3.4.0/ruby.h:38,
                 from yajl_ext.h:32,
                 from yajl_ext.c:24:
/usr/share/rbenv/versions/3.4.4/include/ruby-3.4.0/ruby/internal/core/rdata.h:325:1: note: declared here
  325 | rb_data_object_get_warning(VALUE obj)
      | ^~~~~~~~~~~~~~~~~~~~~~~~~~
yajl_ext.c: In function ‘yajl_found_hash_key’:
yajl_ext.c:380:5: warning: ‘rb_data_object_get_warning’ is deprecated: by TypedData [-Wdeprecated-declarations]
  380 |     GetParser((VALUE)ctx, wrapper);
      |     ^~~~~~~~~
In file included from /usr/share/rbenv/versions/3.4.4/include/ruby-3.4.0/ruby/internal/core.h:27,
                 from /usr/share/rbenv/versions/3.4.4/include/ruby-3.4.0/ruby/ruby.h:29,
                 from /usr/share/rbenv/versions/3.4.4/include/ruby-3.4.0/ruby.h:38,
                 from yajl_ext.h:32,
                 from yajl_ext.c:24:
/usr/share/rbenv/versions/3.4.4/include/ruby-3.4.0/ruby/internal/core/rdata.h:325:1: note: declared here
  325 | rb_data_object_get_warning(VALUE obj)
      | ^~~~~~~~~~~~~~~~~~~~~~~~~~
yajl_ext.c: In function ‘yajl_found_start_hash’:
yajl_ext.c:409:5: warning: ‘rb_data_object_get_warning’ is deprecated: by TypedData [-Wdeprecated-declarations]
  409 |     GetParser((VALUE)ctx, wrapper);
      |     ^~~~~~~~~
In file included from /usr/share/rbenv/versions/3.4.4/include/ruby-3.4.0/ruby/internal/core.h:27,
                 from /usr/share/rbenv/versions/3.4.4/include/ruby-3.4.0/ruby/ruby.h:29,
                 from /usr/share/rbenv/versions/3.4.4/include/ruby-3.4.0/ruby.h:38,
                 from yajl_ext.h:32,
                 from yajl_ext.c:24:
/usr/share/rbenv/versions/3.4.4/include/ruby-3.4.0/ruby/internal/core/rdata.h:325:1: note: declared here
  325 | rb_data_object_get_warning(VALUE obj)
      | ^~~~~~~~~~~~~~~~~~~~~~~~~~
yajl_ext.c: In function ‘yajl_found_end_hash’:
yajl_ext.c:417:5: warning: ‘rb_data_object_get_warning’ is deprecated: by TypedData [-Wdeprecated-declarations]
  417 |     GetParser((VALUE)ctx, wrapper);
      |     ^~~~~~~~~
In file included from /usr/share/rbenv/versions/3.4.4/include/ruby-3.4.0/ruby/internal/core.h:27,
                 from /usr/share/rbenv/versions/3.4.4/include/ruby-3.4.0/ruby/ruby.h:29,
                 from /usr/share/rbenv/versions/3.4.4/include/ruby-3.4.0/ruby.h:38,
                 from yajl_ext.h:32,
                 from yajl_ext.c:24:
/usr/share/rbenv/versions/3.4.4/include/ruby-3.4.0/ruby/internal/core/rdata.h:325:1: note: declared here
  325 | rb_data_object_get_warning(VALUE obj)
      | ^~~~~~~~~~~~~~~~~~~~~~~~~~
yajl_ext.c: In function ‘yajl_found_start_array’:
yajl_ext.c:428:5: warning: ‘rb_data_object_get_warning’ is deprecated: by TypedData [-Wdeprecated-declarations]
  428 |     GetParser((VALUE)ctx, wrapper);
      |     ^~~~~~~~~
In file included from /usr/share/rbenv/versions/3.4.4/include/ruby-3.4.0/ruby/internal/core.h:27,
                 from /usr/share/rbenv/versions/3.4.4/include/ruby-3.4.0/ruby/ruby.h:29,
                 from /usr/share/rbenv/versions/3.4.4/include/ruby-3.4.0/ruby.h:38,
                 from yajl_ext.h:32,
                 from yajl_ext.c:24:
/usr/share/rbenv/versions/3.4.4/include/ruby-3.4.0/ruby/internal/core/rdata.h:325:1: note: declared here
  325 | rb_data_object_get_warning(VALUE obj)
      | ^~~~~~~~~~~~~~~~~~~~~~~~~~
yajl_ext.c: In function ‘yajl_found_end_array’:
yajl_ext.c:436:5: warning: ‘rb_data_object_get_warning’ is deprecated: by TypedData [-Wdeprecated-declarations]
  436 |     GetParser((VALUE)ctx, wrapper);
      |     ^~~~~~~~~
In file included from /usr/share/rbenv/versions/3.4.4/include/ruby-3.4.0/ruby/internal/core.h:27,
                 from /usr/share/rbenv/versions/3.4.4/include/ruby-3.4.0/ruby/ruby.h:29,
                 from /usr/share/rbenv/versions/3.4.4/include/ruby-3.4.0/ruby.h:38,
                 from yajl_ext.h:32,
                 from yajl_ext.c:24:
/usr/share/rbenv/versions/3.4.4/include/ruby-3.4.0/ruby/internal/core/rdata.h:325:1: note: declared here
  325 | rb_data_object_get_warning(VALUE obj)
      | ^~~~~~~~~~~~~~~~~~~~~~~~~~
yajl_ext.c: In function ‘rb_yajl_parser_parse’:
yajl_ext.c:544:5: warning: ‘rb_data_object_get_warning’ is deprecated: by TypedData [-Wdeprecated-declarations]
  544 |     GetParser(self, wrapper);
      |     ^~~~~~~~~
In file included from /usr/share/rbenv/versions/3.4.4/include/ruby-3.4.0/ruby/internal/core.h:27,
                 from /usr/share/rbenv/versions/3.4.4/include/ruby-3.4.0/ruby/ruby.h:29,
                 from /usr/share/rbenv/versions/3.4.4/include/ruby-3.4.0/ruby.h:38,
                 from yajl_ext.h:32,
                 from yajl_ext.c:24:
/usr/share/rbenv/versions/3.4.4/include/ruby-3.4.0/ruby/internal/core/rdata.h:325:1: note: declared here
  325 | rb_data_object_get_warning(VALUE obj)
      | ^~~~~~~~~~~~~~~~~~~~~~~~~~
yajl_ext.c:538:17: warning: variable ‘stat’ set but not used [-Wunused-but-set-variable]
  538 |     yajl_status stat;
      |                 ^~~~
yajl_ext.c: In function ‘rb_yajl_parser_parse_chunk’:
yajl_ext.c:598:5: warning: ‘rb_data_object_get_warning’ is deprecated: by TypedData [-Wdeprecated-declarations]
  598 |     GetParser(self, wrapper);
      |     ^~~~~~~~~
In file included from /usr/share/rbenv/versions/3.4.4/include/ruby-3.4.0/ruby/internal/core.h:27,
                 from /usr/share/rbenv/versions/3.4.4/include/ruby-3.4.0/ruby/ruby.h:29,
                 from /usr/share/rbenv/versions/3.4.4/include/ruby-3.4.0/ruby.h:38,
                 from yajl_ext.h:32,
                 from yajl_ext.c:24:
/usr/share/rbenv/versions/3.4.4/include/ruby-3.4.0/ruby/internal/core/rdata.h:325:1: note: declared here
  325 | rb_data_object_get_warning(VALUE obj)
      | ^~~~~~~~~~~~~~~~~~~~~~~~~~
yajl_ext.c: In function ‘rb_yajl_parser_set_complete_cb’:
yajl_ext.c:625:5: warning: ‘rb_data_object_get_warning’ is deprecated: by TypedData [-Wdeprecated-declarations]
  625 |     GetParser(self, wrapper);
      |     ^~~~~~~~~
In file included from /usr/share/rbenv/versions/3.4.4/include/ruby-3.4.0/ruby/internal/core.h:27,
                 from /usr/share/rbenv/versions/3.4.4/include/ruby-3.4.0/ruby/ruby.h:29,
                 from /usr/share/rbenv/versions/3.4.4/include/ruby-3.4.0/ruby.h:38,
                 from yajl_ext.h:32,
                 from yajl_ext.c:24:
/usr/share/rbenv/versions/3.4.4/include/ruby-3.4.0/ruby/internal/core/rdata.h:325:1: note: declared here
  325 | rb_data_object_get_warning(VALUE obj)
      | ^~~~~~~~~~~~~~~~~~~~~~~~~~
yajl_ext.c: In function ‘rb_yajl_encoder_encode’:
yajl_ext.c:1152:5: warning: ‘rb_data_object_get_warning’ is deprecated: by TypedData [-Wdeprecated-declarations]
 1152 |     GetEncoder(self, wrapper);
      |     ^~~~~~~~~~
In file included from /usr/share/rbenv/versions/3.4.4/include/ruby-3.4.0/ruby/internal/core.h:27,
                 from /usr/share/rbenv/versions/3.4.4/include/ruby-3.4.0/ruby/ruby.h:29,
                 from /usr/share/rbenv/versions/3.4.4/include/ruby-3.4.0/ruby.h:38,
                 from yajl_ext.h:32,
                 from yajl_ext.c:24:
/usr/share/rbenv/versions/3.4.4/include/ruby-3.4.0/ruby/internal/core/rdata.h:325:1: note: declared here
  325 | rb_data_object_get_warning(VALUE obj)
      | ^~~~~~~~~~~~~~~~~~~~~~~~~~
yajl_ext.c: In function ‘rb_yajl_encoder_set_progress_cb’:
yajl_ext.c:1208:5: warning: ‘rb_data_object_get_warning’ is deprecated: by TypedData [-Wdeprecated-declarations]
 1208 |     GetEncoder(self, wrapper);
      |     ^~~~~~~~~~
In file included from /usr/share/rbenv/versions/3.4.4/include/ruby-3.4.0/ruby/internal/core.h:27,
                 from /usr/share/rbenv/versions/3.4.4/include/ruby-3.4.0/ruby/ruby.h:29,
                 from /usr/share/rbenv/versions/3.4.4/include/ruby-3.4.0/ruby.h:38,
                 from yajl_ext.h:32,
                 from yajl_ext.c:24:
/usr/share/rbenv/versions/3.4.4/include/ruby-3.4.0/ruby/internal/core/rdata.h:325:1: note: declared here
  325 | rb_data_object_get_warning(VALUE obj)
      | ^~~~~~~~~~~~~~~~~~~~~~~~~~
linking shared-object yajl/yajl.so

current directory: /github/vendor/gems/3.4.4/ruby/3.4.0/gems/yajl-ruby-1.4.3/ext/yajl
make -j16 DESTDIR\= sitearchdir\=./.gem.20250619-147-515jpi sitelibdir\=./.gem.20250619-147-515jpi install
/usr/bin/install -c -m 0755 yajl.so ./.gem.20250619-147-515jpi/yajl

current directory: /github/vendor/gems/3.4.4/ruby/3.4.0/gems/yajl-ruby-1.4.3/ext/yajl
make -j16 DESTDIR\= sitearchdir\=./.gem.20250619-147-515jpi sitelibdir\=./.gem.20250619-147-515jpi clean
