current directory: /github/vendor/gems/3.3.6/ruby/3.3.0/gems/charlock_holmes-0.7.9/ext/charlock_holmes
/usr/share/rbenv/versions/3.3.6/bin/ruby extconf.rb
checking for pkg-config for icu-i18n... [" ", "", "-licui18n -licuuc -licudata"]
checking for pkg-config for icu-io... [" ", "", "-licuio -licui18n -licuuc -licudata"]
checking for pkg-config for icu-uc... [" ", "", "-licuuc -licudata"]
checking for -licui18n... yes
checking for unicode/ucnv.h... yes
checking for -lz... yes
checking for -licuuc... yes
checking for -licudata... yes
checking for icu that requires explicit C++ version flag... no
Static linking is disabled.
creating Makefile

current directory: /github/vendor/gems/3.3.6/ruby/3.3.0/gems/charlock_holmes-0.7.9/ext/charlock_holmes
make DESTDIR\= sitearchdir\=./.gem.20250318-114-jm3lbn sitelibdir\=./.gem.20250318-114-jm3lbn clean

current directory: /github/vendor/gems/3.3.6/ruby/3.3.0/gems/charlock_holmes-0.7.9/ext/charlock_holmes
make DESTDIR\= sitearchdir\=./.gem.20250318-114-jm3lbn sitelibdir\=./.gem.20250318-114-jm3lbn
compiling converter.c
compiling encoding_detector.c
compiling ext.c
compiling transliterator.cpp
linking shared-object charlock_holmes/charlock_holmes.so

current directory: /github/vendor/gems/3.3.6/ruby/3.3.0/gems/charlock_holmes-0.7.9/ext/charlock_holmes
make DESTDIR\= sitearchdir\=./.gem.20250318-114-jm3lbn sitelibdir\=./.gem.20250318-114-jm3lbn install
/usr/bin/install -c -m 0755 charlock_holmes.so ./.gem.20250318-114-jm3lbn/charlock_holmes

current directory: /github/vendor/gems/3.3.6/ruby/3.3.0/gems/charlock_holmes-0.7.9/ext/charlock_holmes
make DESTDIR\= sitearchdir\=./.gem.20250318-114-jm3lbn sitelibdir\=./.gem.20250318-114-jm3lbn clean
