current directory: /github/vendor/gems/3.3.6/ruby/3.3.0/gems/bcrypt-3.1.18/ext/mri
/usr/share/rbenv/versions/3.3.6/bin/ruby extconf.rb
creating Makefile

current directory: /github/vendor/gems/3.3.6/ruby/3.3.0/gems/bcrypt-3.1.18/ext/mri
make DESTDIR\= sitearchdir\=./.gem.20250416-113-rgla4b sitelibdir\=./.gem.20250416-113-rgla4b clean

current directory: /github/vendor/gems/3.3.6/ruby/3.3.0/gems/bcrypt-3.1.18/ext/mri
make DESTDIR\= sitearchdir\=./.gem.20250416-113-rgla4b sitelibdir\=./.gem.20250416-113-rgla4b
gcc  -D__SKIP_GNU -Wdate-time -D_FORTIFY_SOURCE=2    -c -o x86.o x86.S
compiling bcrypt_ext.c
compiling crypt_blowfish.c
compiling crypt_gensalt.c
compiling wrapper.c
wrapper.c:182:60: warning: ‘struct crypt_data’ declared inside parameter list will not be visible outside of this definition or declaration
  182 | char *crypt_r(const char *key, const char *setting, struct crypt_data *data)
      |                                                            ^~~~~~~~~~
linking shared-object bcrypt_ext.so

current directory: /github/vendor/gems/3.3.6/ruby/3.3.0/gems/bcrypt-3.1.18/ext/mri
make DESTDIR\= sitearchdir\=./.gem.20250416-113-rgla4b sitelibdir\=./.gem.20250416-113-rgla4b install
/usr/bin/install -c -m 0755 bcrypt_ext.so ./.gem.20250416-113-rgla4b

current directory: /github/vendor/gems/3.3.6/ruby/3.3.0/gems/bcrypt-3.1.18/ext/mri
make DESTDIR\= sitearchdir\=./.gem.20250416-113-rgla4b sitelibdir\=./.gem.20250416-113-rgla4b clean
