current directory: /github/vendor/gems/3.4.1/ruby/3.4.0/gems/json-2.10.2/ext/json/ext/parser
/usr/share/rbenv/versions/3.4.1/bin/ruby extconf.rb
checking for rb_enc_interned_str() in ruby.h... yes
checking for rb_hash_new_capa() in ruby.h... yes
checking for rb_hash_bulk_insert() in ruby.h... yes
checking for rb_category_warn() in ruby.h... yes
checking for strnlen() in string.h... yes
checking for whether -std=c99 is accepted as CFLAGS... yes
creating Makefile

current directory: /github/vendor/gems/3.4.1/ruby/3.4.0/gems/json-2.10.2/ext/json/ext/parser
make -j16 DESTDIR\= sitearchdir\=./.gem.20250509-147-8mx1fg sitelibdir\=./.gem.20250509-147-8mx1fg clean

current directory: /github/vendor/gems/3.4.1/ruby/3.4.0/gems/json-2.10.2/ext/json/ext/parser
make -j16 DESTDIR\= sitearchdir\=./.gem.20250509-147-8mx1fg sitelibdir\=./.gem.20250509-147-8mx1fg
compiling parser.c
linking shared-object json/ext/parser.so

current directory: /github/vendor/gems/3.4.1/ruby/3.4.0/gems/json-2.10.2/ext/json/ext/parser
make -j16 DESTDIR\= sitearchdir\=./.gem.20250509-147-8mx1fg sitelibdir\=./.gem.20250509-147-8mx1fg install
/usr/bin/install -c -m 0755 parser.so ./.gem.20250509-147-8mx1fg/json/ext

current directory: /github/vendor/gems/3.4.1/ruby/3.4.0/gems/json-2.10.2/ext/json/ext/parser
make -j16 DESTDIR\= sitearchdir\=./.gem.20250509-147-8mx1fg sitelibdir\=./.gem.20250509-147-8mx1fg clean
