have_func: checking for rb_enc_interned_str() in ruby.h... -------------------- yes

LD_LIBRARY_PATH=.:/usr/share/rbenv/versions/3.4.1/lib ASAN_OPTIONS=detect_leaks=0 "gcc -o conftest -I/usr/share/rbenv/versions/3.4.1/include/ruby-3.4.0/x86_64-linux -I/usr/share/rbenv/versions/3.4.1/include/ruby-3.4.0/ruby/backward -I/usr/share/rbenv/versions/3.4.1/include/ruby-3.4.0 -I. -Wdate-time -D_FORTIFY_SOURCE=2   -g -O2 -fdebug-prefix-map=/tmp/brew2deb/packages/ruby=. -fstack-protector-strong -Wformat -Werror=format-security conftest.c -L. -L/usr/share/rbenv/versions/3.4.1/lib -Wl,-rpath,/usr/share/rbenv/versions/3.4.1/lib -L. -Wl,-Bsymbolic-functions -Wl,-z,relro -fstack-protector-strong -rdynamic -Wl,-export-dynamic     -Wl,-rpath,/usr/share/rbenv/versions/3.4.1/lib -L/usr/share/rbenv/versions/3.4.1/lib -lruby-static -lz -lrt -lrt -ljemalloc -lgmp -ldl -lcrypt -lm -lpthread   -lm -lpthread  -ljemalloc -lc"
checked program was:
/* begin */
1: #include "ruby.h"
2: 
3: int main(int argc, char **argv)
4: {
5:   return !!argv[argc];
6: }
/* end */

LD_LIBRARY_PATH=.:/usr/share/rbenv/versions/3.4.1/lib ASAN_OPTIONS=detect_leaks=0 "gcc -o conftest -I/usr/share/rbenv/versions/3.4.1/include/ruby-3.4.0/x86_64-linux -I/usr/share/rbenv/versions/3.4.1/include/ruby-3.4.0/ruby/backward -I/usr/share/rbenv/versions/3.4.1/include/ruby-3.4.0 -I. -Wdate-time -D_FORTIFY_SOURCE=2   -g -O2 -fdebug-prefix-map=/tmp/brew2deb/packages/ruby=. -fstack-protector-strong -Wformat -Werror=format-security conftest.c -L. -L/usr/share/rbenv/versions/3.4.1/lib -Wl,-rpath,/usr/share/rbenv/versions/3.4.1/lib -L. -Wl,-Bsymbolic-functions -Wl,-z,relro -fstack-protector-strong -rdynamic -Wl,-export-dynamic     -Wl,-rpath,/usr/share/rbenv/versions/3.4.1/lib -L/usr/share/rbenv/versions/3.4.1/lib -lruby-static -lz -lrt -lrt -ljemalloc -lgmp -ldl -lcrypt -lm -lpthread   -lm -lpthread  -ljemalloc -lc"
conftest.c: In function ‘t’:
conftest.c:16:57: error: ‘rb_enc_interned_str’ undeclared (first use in this function); did you mean ‘rb_interned_str’?
   16 | int t(void) { void ((*volatile p)()); p = (void ((*)()))rb_enc_interned_str; return !p; }
      |                                                         ^~~~~~~~~~~~~~~~~~~
      |                                                         rb_interned_str
conftest.c:16:57: note: each undeclared identifier is reported only once for each function it appears in
checked program was:
/* begin */
 1: #include "ruby.h"
 2: 
 3: #include <ruby.h>
 4: 
 5: /*top*/
 6: extern int t(void);
 7: int main(int argc, char **argv)
 8: {
 9:   if (argc > 1000000) {
10:     int (* volatile tp)(void)=(int (*)(void))&t;
11:     printf("%d", (*tp)());
12:   }
13: 
14:   return !!argv[argc];
15: }
16: int t(void) { void ((*volatile p)()); p = (void ((*)()))rb_enc_interned_str; return !p; }
/* end */

LD_LIBRARY_PATH=.:/usr/share/rbenv/versions/3.4.1/lib ASAN_OPTIONS=detect_leaks=0 "gcc -o conftest -I/usr/share/rbenv/versions/3.4.1/include/ruby-3.4.0/x86_64-linux -I/usr/share/rbenv/versions/3.4.1/include/ruby-3.4.0/ruby/backward -I/usr/share/rbenv/versions/3.4.1/include/ruby-3.4.0 -I. -Wdate-time -D_FORTIFY_SOURCE=2   -g -O2 -fdebug-prefix-map=/tmp/brew2deb/packages/ruby=. -fstack-protector-strong -Wformat -Werror=format-security conftest.c -L. -L/usr/share/rbenv/versions/3.4.1/lib -Wl,-rpath,/usr/share/rbenv/versions/3.4.1/lib -L. -Wl,-Bsymbolic-functions -Wl,-z,relro -fstack-protector-strong -rdynamic -Wl,-export-dynamic     -Wl,-rpath,/usr/share/rbenv/versions/3.4.1/lib -L/usr/share/rbenv/versions/3.4.1/lib -lruby-static -lz -lrt -lrt -ljemalloc -lgmp -ldl -lcrypt -lm -lpthread   -lm -lpthread  -ljemalloc -lc"
checked program was:
/* begin */
 1: #include "ruby.h"
 2: 
 3: #include <ruby.h>
 4: 
 5: /*top*/
 6: extern int t(void);
 7: int main(int argc, char **argv)
 8: {
 9:   if (argc > 1000000) {
10:     int (* volatile tp)(void)=(int (*)(void))&t;
11:     printf("%d", (*tp)());
12:   }
13: 
14:   return !!argv[argc];
15: }
16: extern void rb_enc_interned_str();
17: int t(void) { rb_enc_interned_str(); return 0; }
/* end */

--------------------

have_func: checking for rb_hash_new_capa() in ruby.h... -------------------- yes

LD_LIBRARY_PATH=.:/usr/share/rbenv/versions/3.4.1/lib ASAN_OPTIONS=detect_leaks=0 "gcc -o conftest -I/usr/share/rbenv/versions/3.4.1/include/ruby-3.4.0/x86_64-linux -I/usr/share/rbenv/versions/3.4.1/include/ruby-3.4.0/ruby/backward -I/usr/share/rbenv/versions/3.4.1/include/ruby-3.4.0 -I. -Wdate-time -D_FORTIFY_SOURCE=2   -g -O2 -fdebug-prefix-map=/tmp/brew2deb/packages/ruby=. -fstack-protector-strong -Wformat -Werror=format-security conftest.c -L. -L/usr/share/rbenv/versions/3.4.1/lib -Wl,-rpath,/usr/share/rbenv/versions/3.4.1/lib -L. -Wl,-Bsymbolic-functions -Wl,-z,relro -fstack-protector-strong -rdynamic -Wl,-export-dynamic     -Wl,-rpath,/usr/share/rbenv/versions/3.4.1/lib -L/usr/share/rbenv/versions/3.4.1/lib -lruby-static -lz -lrt -lrt -ljemalloc -lgmp -ldl -lcrypt -lm -lpthread   -lm -lpthread  -ljemalloc -lc"
checked program was:
/* begin */
 1: #include "ruby.h"
 2: 
 3: #include <ruby.h>
 4: 
 5: /*top*/
 6: extern int t(void);
 7: int main(int argc, char **argv)
 8: {
 9:   if (argc > 1000000) {
10:     int (* volatile tp)(void)=(int (*)(void))&t;
11:     printf("%d", (*tp)());
12:   }
13: 
14:   return !!argv[argc];
15: }
16: int t(void) { void ((*volatile p)()); p = (void ((*)()))rb_hash_new_capa; return !p; }
/* end */

--------------------

have_func: checking for rb_hash_bulk_insert() in ruby.h... -------------------- yes

LD_LIBRARY_PATH=.:/usr/share/rbenv/versions/3.4.1/lib ASAN_OPTIONS=detect_leaks=0 "gcc -o conftest -I/usr/share/rbenv/versions/3.4.1/include/ruby-3.4.0/x86_64-linux -I/usr/share/rbenv/versions/3.4.1/include/ruby-3.4.0/ruby/backward -I/usr/share/rbenv/versions/3.4.1/include/ruby-3.4.0 -I. -Wdate-time -D_FORTIFY_SOURCE=2   -g -O2 -fdebug-prefix-map=/tmp/brew2deb/packages/ruby=. -fstack-protector-strong -Wformat -Werror=format-security conftest.c -L. -L/usr/share/rbenv/versions/3.4.1/lib -Wl,-rpath,/usr/share/rbenv/versions/3.4.1/lib -L. -Wl,-Bsymbolic-functions -Wl,-z,relro -fstack-protector-strong -rdynamic -Wl,-export-dynamic     -Wl,-rpath,/usr/share/rbenv/versions/3.4.1/lib -L/usr/share/rbenv/versions/3.4.1/lib -lruby-static -lz -lrt -lrt -ljemalloc -lgmp -ldl -lcrypt -lm -lpthread   -lm -lpthread  -ljemalloc -lc"
checked program was:
/* begin */
 1: #include "ruby.h"
 2: 
 3: #include <ruby.h>
 4: 
 5: /*top*/
 6: extern int t(void);
 7: int main(int argc, char **argv)
 8: {
 9:   if (argc > 1000000) {
10:     int (* volatile tp)(void)=(int (*)(void))&t;
11:     printf("%d", (*tp)());
12:   }
13: 
14:   return !!argv[argc];
15: }
16: int t(void) { void ((*volatile p)()); p = (void ((*)()))rb_hash_bulk_insert; return !p; }
/* end */

--------------------

have_func: checking for rb_category_warn() in ruby.h... -------------------- yes

LD_LIBRARY_PATH=.:/usr/share/rbenv/versions/3.4.1/lib ASAN_OPTIONS=detect_leaks=0 "gcc -o conftest -I/usr/share/rbenv/versions/3.4.1/include/ruby-3.4.0/x86_64-linux -I/usr/share/rbenv/versions/3.4.1/include/ruby-3.4.0/ruby/backward -I/usr/share/rbenv/versions/3.4.1/include/ruby-3.4.0 -I. -Wdate-time -D_FORTIFY_SOURCE=2   -g -O2 -fdebug-prefix-map=/tmp/brew2deb/packages/ruby=. -fstack-protector-strong -Wformat -Werror=format-security conftest.c -L. -L/usr/share/rbenv/versions/3.4.1/lib -Wl,-rpath,/usr/share/rbenv/versions/3.4.1/lib -L. -Wl,-Bsymbolic-functions -Wl,-z,relro -fstack-protector-strong -rdynamic -Wl,-export-dynamic     -Wl,-rpath,/usr/share/rbenv/versions/3.4.1/lib -L/usr/share/rbenv/versions/3.4.1/lib -lruby-static -lz -lrt -lrt -ljemalloc -lgmp -ldl -lcrypt -lm -lpthread   -lm -lpthread  -ljemalloc -lc"
checked program was:
/* begin */
 1: #include "ruby.h"
 2: 
 3: #include <ruby.h>
 4: 
 5: /*top*/
 6: extern int t(void);
 7: int main(int argc, char **argv)
 8: {
 9:   if (argc > 1000000) {
10:     int (* volatile tp)(void)=(int (*)(void))&t;
11:     printf("%d", (*tp)());
12:   }
13: 
14:   return !!argv[argc];
15: }
16: int t(void) { void ((*volatile p)()); p = (void ((*)()))rb_category_warn; return !p; }
/* end */

--------------------

have_func: checking for strnlen() in string.h... -------------------- yes

LD_LIBRARY_PATH=.:/usr/share/rbenv/versions/3.4.1/lib ASAN_OPTIONS=detect_leaks=0 "gcc -o conftest -I/usr/share/rbenv/versions/3.4.1/include/ruby-3.4.0/x86_64-linux -I/usr/share/rbenv/versions/3.4.1/include/ruby-3.4.0/ruby/backward -I/usr/share/rbenv/versions/3.4.1/include/ruby-3.4.0 -I. -Wdate-time -D_FORTIFY_SOURCE=2   -g -O2 -fdebug-prefix-map=/tmp/brew2deb/packages/ruby=. -fstack-protector-strong -Wformat -Werror=format-security conftest.c -L. -L/usr/share/rbenv/versions/3.4.1/lib -Wl,-rpath,/usr/share/rbenv/versions/3.4.1/lib -L. -Wl,-Bsymbolic-functions -Wl,-z,relro -fstack-protector-strong -rdynamic -Wl,-export-dynamic     -Wl,-rpath,/usr/share/rbenv/versions/3.4.1/lib -L/usr/share/rbenv/versions/3.4.1/lib -lruby-static -lz -lrt -lrt -ljemalloc -lgmp -ldl -lcrypt -lm -lpthread   -lm -lpthread  -ljemalloc -lc"
checked program was:
/* begin */
 1: #include "ruby.h"
 2: 
 3: #include <string.h>
 4: 
 5: /*top*/
 6: extern int t(void);
 7: int main(int argc, char **argv)
 8: {
 9:   if (argc > 1000000) {
10:     int (* volatile tp)(void)=(int (*)(void))&t;
11:     printf("%d", (*tp)());
12:   }
13: 
14:   return !!argv[argc];
15: }
16: int t(void) { void ((*volatile p)()); p = (void ((*)()))strnlen; return !p; }
/* end */

--------------------

append_cflags: checking for whether -std=c99 is accepted as CFLAGS... -------------------- yes

LD_LIBRARY_PATH=.:/usr/share/rbenv/versions/3.4.1/lib ASAN_OPTIONS=detect_leaks=0 "gcc -I/usr/share/rbenv/versions/3.4.1/include/ruby-3.4.0/x86_64-linux -I/usr/share/rbenv/versions/3.4.1/include/ruby-3.4.0/ruby/backward -I/usr/share/rbenv/versions/3.4.1/include/ruby-3.4.0 -I. -Wdate-time -D_FORTIFY_SOURCE=2   -g -O2 -fdebug-prefix-map=/tmp/brew2deb/packages/ruby=. -fstack-protector-strong -Wformat -Werror=format-security  -std=c99 -Werror -c conftest.c"
checked program was:
/* begin */
1: #include "ruby.h"
2: 
3: int main(int argc, char **argv)
4: {
5:   return !!argv[argc];
6: }
/* end */

--------------------

