current directory: /github/vendor/gems/3.4.4/ruby/3.4.0/gems/unicorn-6.1.0.66.g1370/ext/unicorn_http
/usr/share/rbenv/versions/3.4.4/bin/ruby extconf.rb
checking for rb_hash_clear() in ruby.h... yes
checking if String#-@ (str_uminus) dedupes... yes
checking if Hash#[]= (rb_hash_aset) dedupes... yes
checking for epoll_create1() in sys/epoll.h... yes
checking for rb_io_descriptor()... yes
creating Makefile

current directory: /github/vendor/gems/3.4.4/ruby/3.4.0/gems/unicorn-6.1.0.66.g1370/ext/unicorn_http
make -j16 DESTDIR\= sitearchdir\=./.gem.20250710-147-89kfhe sitelibdir\=./.gem.20250710-147-89kfhe clean

current directory: /github/vendor/gems/3.4.4/ruby/3.4.0/gems/unicorn-6.1.0.66.g1370/ext/unicorn_http
make -j16 DESTDIR\= sitearchdir\=./.gem.20250710-147-89kfhe sitelibdir\=./.gem.20250710-147-89kfhe
compiling httpdate.c
compiling unicorn_http.c
linking shared-object unicorn_http.so

current directory: /github/vendor/gems/3.4.4/ruby/3.4.0/gems/unicorn-6.1.0.66.g1370/ext/unicorn_http
make -j16 DESTDIR\= sitearchdir\=./.gem.20250710-147-89kfhe sitelibdir\=./.gem.20250710-147-89kfhe install
/usr/bin/install -c -m 0755 unicorn_http.so ./.gem.20250710-147-89kfhe

current directory: /github/vendor/gems/3.4.4/ruby/3.4.0/gems/unicorn-6.1.0.66.g1370/ext/unicorn_http
make -j16 DESTDIR\= sitearchdir\=./.gem.20250710-147-89kfhe sitelibdir\=./.gem.20250710-147-89kfhe clean
