current directory: /github/vendor/gems/3.4.4/ruby/3.4.0/gems/mochilo-1.3.8.g0a99999/ext/mochilo
/usr/share/rbenv/versions/3.4.4/bin/ruby extconf.rb
checking for ruby/st.h... yes
checking for st.h... no
creating Makefile

current directory: /github/vendor/gems/3.4.4/ruby/3.4.0/gems/mochilo-1.3.8.g0a99999/ext/mochilo
make -j16 DESTDIR\= sitearchdir\=./.gem.20250710-147-y5lj1e sitelibdir\=./.gem.20250710-147-y5lj1e clean

current directory: /github/vendor/gems/3.4.4/ruby/3.4.0/gems/mochilo-1.3.8.g0a99999/ext/mochilo
make -j16 DESTDIR\= sitearchdir\=./.gem.20250710-147-y5lj1e sitelibdir\=./.gem.20250710-147-y5lj1e
compiling buffer.c
compiling mochilo.rb.c
compiling mochilo_pack.c
compiling mochilo_unpack.c
mochilo_pack.c: In function ‘mochilo_pack_regexp’:
mochilo_pack.c:91:12: warning: assignment discards ‘const’ qualifier from pointer target type [-Wdiscarded-qualifiers]
   91 |   enc_name = rb_enc_name(encoding);
      |            ^
linking shared-object mochilo/mochilo.so

current directory: /github/vendor/gems/3.4.4/ruby/3.4.0/gems/mochilo-1.3.8.g0a99999/ext/mochilo
make -j16 DESTDIR\= sitearchdir\=./.gem.20250710-147-y5lj1e sitelibdir\=./.gem.20250710-147-y5lj1e install
/usr/bin/install -c -m 0755 mochilo.so ./.gem.20250710-147-y5lj1e/mochilo

current directory: /github/vendor/gems/3.4.4/ruby/3.4.0/gems/mochilo-1.3.8.g0a99999/ext/mochilo
make -j16 DESTDIR\= sitearchdir\=./.gem.20250710-147-y5lj1e sitelibdir\=./.gem.20250710-147-y5lj1e clean
