append_cflags: checking for whether -std=gnu99 is accepted as CFLAGS... -------------------- yes

LD_LIBRARY_PATH=.:/usr/share/rbenv/versions/3.3.8/lib "gcc -o conftest -I/usr/share/rbenv/versions/3.3.8/include/ruby-3.3.0/x86_64-linux -I/usr/share/rbenv/versions/3.3.8/include/ruby-3.3.0/ruby/backward -I/usr/share/rbenv/versions/3.3.8/include/ruby-3.3.0 -I. -Wdate-time -D_FORTIFY_SOURCE=2   -g -O2 -fdebug-prefix-map=/tmp/brew2deb/packages/ruby=. -fstack-protector-strong -Wformat -Werror=format-security conftest.c  -L. -L/usr/share/rbenv/versions/3.3.8/lib -Wl,-rpath,/usr/share/rbenv/versions/3.3.8/lib -L. -Wl,-Bsymbolic-functions -Wl,-z,relro -fstack-protector-strong -rdynamic -Wl,-export-dynamic     -Wl,-rpath,/usr/share/rbenv/versions/3.3.8/lib -L/usr/share/rbenv/versions/3.3.8/lib -lruby-static -lz -lrt -lrt -ljemalloc -lgmp -ldl -lcrypt -lm -lpthread   -lm -lpthread  -ljemalloc -lc"
checked program was:
/* begin */
1: #include "ruby.h"
2: 
3: int main(int argc, char **argv)
4: {
5:   return !!argv[argc];
6: }
/* end */

LD_LIBRARY_PATH=.:/usr/share/rbenv/versions/3.3.8/lib "gcc -I/usr/share/rbenv/versions/3.3.8/include/ruby-3.3.0/x86_64-linux -I/usr/share/rbenv/versions/3.3.8/include/ruby-3.3.0/ruby/backward -I/usr/share/rbenv/versions/3.3.8/include/ruby-3.3.0 -I. -Wdate-time -D_FORTIFY_SOURCE=2   -g -O2 -fdebug-prefix-map=/tmp/brew2deb/packages/ruby=. -fstack-protector-strong -Wformat -Werror=format-security  -std=gnu99 -Werror -c conftest.c"
checked program was:
/* begin */
1: #include "ruby.h"
2: 
3: int main(int argc, char **argv)
4: {
5:   return !!argv[argc];
6: }
/* end */

--------------------

append_cflags: checking for whether -Wno-declaration-after-statement is accepted as CFLAGS... -------------------- yes

LD_LIBRARY_PATH=.:/usr/share/rbenv/versions/3.3.8/lib "gcc -I/usr/share/rbenv/versions/3.3.8/include/ruby-3.3.0/x86_64-linux -I/usr/share/rbenv/versions/3.3.8/include/ruby-3.3.0/ruby/backward -I/usr/share/rbenv/versions/3.3.8/include/ruby-3.3.0 -I. -Wdate-time -D_FORTIFY_SOURCE=2   -g -O2 -fdebug-prefix-map=/tmp/brew2deb/packages/ruby=. -fstack-protector-strong -Wformat -Werror=format-security -std=gnu99  -Wno-declaration-after-statement -Werror -c conftest.c"
checked program was:
/* begin */
1: #include "ruby.h"
2: 
3: int main(int argc, char **argv)
4: {
5:   return !!argv[argc];
6: }
/* end */

--------------------

append_cflags: checking for whether -Werror-implicit-function-declaration is accepted as CFLAGS... -------------------- yes

LD_LIBRARY_PATH=.:/usr/share/rbenv/versions/3.3.8/lib "gcc -I/usr/share/rbenv/versions/3.3.8/include/ruby-3.3.0/x86_64-linux -I/usr/share/rbenv/versions/3.3.8/include/ruby-3.3.0/ruby/backward -I/usr/share/rbenv/versions/3.3.8/include/ruby-3.3.0 -I. -Wdate-time -D_FORTIFY_SOURCE=2   -g -O2 -fdebug-prefix-map=/tmp/brew2deb/packages/ruby=. -fstack-protector-strong -Wformat -Werror=format-security -std=gnu99 -Wno-declaration-after-statement  -Werror-implicit-function-declaration -Werror -c conftest.c"
checked program was:
/* begin */
1: #include "ruby.h"
2: 
3: int main(int argc, char **argv)
4: {
5:   return !!argv[argc];
6: }
/* end */

--------------------

append_cflags: checking for whether -Wunused-parameter is accepted as CFLAGS... -------------------- yes

LD_LIBRARY_PATH=.:/usr/share/rbenv/versions/3.3.8/lib "gcc -I/usr/share/rbenv/versions/3.3.8/include/ruby-3.3.0/x86_64-linux -I/usr/share/rbenv/versions/3.3.8/include/ruby-3.3.0/ruby/backward -I/usr/share/rbenv/versions/3.3.8/include/ruby-3.3.0 -I. -Wdate-time -D_FORTIFY_SOURCE=2   -g -O2 -fdebug-prefix-map=/tmp/brew2deb/packages/ruby=. -fstack-protector-strong -Wformat -Werror=format-security -std=gnu99 -Wno-declaration-after-statement -Werror-implicit-function-declaration  -Wunused-parameter -Werror -c conftest.c"
checked program was:
/* begin */
1: #include "ruby.h"
2: 
3: int main(int argc, char **argv)
4: {
5:   return !!argv[argc];
6: }
/* end */

--------------------

append_cflags: checking for whether -fvisibility=hidden is accepted as CFLAGS... -------------------- yes

LD_LIBRARY_PATH=.:/usr/share/rbenv/versions/3.3.8/lib "gcc -I/usr/share/rbenv/versions/3.3.8/include/ruby-3.3.0/x86_64-linux -I/usr/share/rbenv/versions/3.3.8/include/ruby-3.3.0/ruby/backward -I/usr/share/rbenv/versions/3.3.8/include/ruby-3.3.0 -I. -Wdate-time -D_FORTIFY_SOURCE=2   -g -O2 -fdebug-prefix-map=/tmp/brew2deb/packages/ruby=. -fstack-protector-strong -Wformat -Werror=format-security -std=gnu99 -Wno-declaration-after-statement -Werror-implicit-function-declaration -Wunused-parameter  -fvisibility=hidden -Werror -c conftest.c"
checked program was:
/* begin */
1: #include "ruby.h"
2: 
3: int main(int argc, char **argv)
4: {
5:   return !!argv[argc];
6: }
/* end */

--------------------

append_cflags: checking for whether -Wold-style-definition is accepted as CFLAGS... -------------------- yes

LD_LIBRARY_PATH=.:/usr/share/rbenv/versions/3.3.8/lib "gcc -I/usr/share/rbenv/versions/3.3.8/include/ruby-3.3.0/x86_64-linux -I/usr/share/rbenv/versions/3.3.8/include/ruby-3.3.0/ruby/backward -I/usr/share/rbenv/versions/3.3.8/include/ruby-3.3.0 -I. -Wdate-time -D_FORTIFY_SOURCE=2   -g -O2 -fdebug-prefix-map=/tmp/brew2deb/packages/ruby=. -fstack-protector-strong -Wformat -Werror=format-security -std=gnu99 -Wno-declaration-after-statement -Werror-implicit-function-declaration -Wunused-parameter -fvisibility=hidden  -Wold-style-definition -Werror -c conftest.c"
checked program was:
/* begin */
1: #include "ruby.h"
2: 
3: int main(int argc, char **argv)
4: {
5:   return !!argv[argc];
6: }
/* end */

--------------------

append_cflags: checking for whether -Wall is accepted as CFLAGS... -------------------- yes

LD_LIBRARY_PATH=.:/usr/share/rbenv/versions/3.3.8/lib "gcc -I/usr/share/rbenv/versions/3.3.8/include/ruby-3.3.0/x86_64-linux -I/usr/share/rbenv/versions/3.3.8/include/ruby-3.3.0/ruby/backward -I/usr/share/rbenv/versions/3.3.8/include/ruby-3.3.0 -I. -Wdate-time -D_FORTIFY_SOURCE=2   -g -O2 -fdebug-prefix-map=/tmp/brew2deb/packages/ruby=. -fstack-protector-strong -Wformat -Werror=format-security -std=gnu99 -Wno-declaration-after-statement -Werror-implicit-function-declaration -Wunused-parameter -fvisibility=hidden -Wold-style-definition  -Wall -Werror -c conftest.c"
checked program was:
/* begin */
1: #include "ruby.h"
2: 
3: int main(int argc, char **argv)
4: {
5:   return !!argv[argc];
6: }
/* end */

--------------------

append_cflags: checking for whether -Wextra is accepted as CFLAGS... -------------------- yes

LD_LIBRARY_PATH=.:/usr/share/rbenv/versions/3.3.8/lib "gcc -I/usr/share/rbenv/versions/3.3.8/include/ruby-3.3.0/x86_64-linux -I/usr/share/rbenv/versions/3.3.8/include/ruby-3.3.0/ruby/backward -I/usr/share/rbenv/versions/3.3.8/include/ruby-3.3.0 -I. -Wdate-time -D_FORTIFY_SOURCE=2   -g -O2 -fdebug-prefix-map=/tmp/brew2deb/packages/ruby=. -fstack-protector-strong -Wformat -Werror=format-security -std=gnu99 -Wno-declaration-after-statement -Werror-implicit-function-declaration -Wunused-parameter -fvisibility=hidden -Wold-style-definition -Wall  -Wextra -Werror -c conftest.c"
checked program was:
/* begin */
1: #include "ruby.h"
2: 
3: int main(int argc, char **argv)
4: {
5:   return !!argv[argc];
6: }
/* end */

--------------------

[datadog] PKG_CONFIG_PATH set to ":/github/vendor/gems/3.3.8/ruby/3.3.0/gems/libdatadog-12.0.0.1.0-x86_64-linux/vendor/libdatadog-12.0.0/x86_64-linux/libdatadog-x86_64-unknown-linux-gnu/lib/pkgconfig"
pkg_config: checking for pkg-config for datadog_profiling_with_rpath... -------------------- ["-I/github/vendor/gems/3.3.8/ruby/3.3.0/gems/libdatadog-12.0.0.1.0-x86_64-linux/vendor/libdatadog-12.0.0/x86_64-linux/libdatadog-x86_64-unknown-linux-gnu/lib/pkgconfig/../../include ", "-L/github/vendor/gems/3.3.8/ruby/3.3.0/gems/libdatadog-12.0.0.1.0-x86_64-linux/vendor/libdatadog-12.0.0/x86_64-linux/libdatadog-x86_64-unknown-linux-gnu/lib/pkgconfig/../../lib -Wl,-rpath,/github/vendor/gems/3.3.8/ruby/3.3.0/gems/libdatadog-12.0.0.1.0-x86_64-linux/vendor/libdatadog-12.0.0/x86_64-linux/libdatadog-x86_64-unknown-linux-gnu/lib/pkgconfig/../../lib", "-ldatadog_profiling"]

LD_LIBRARY_PATH=.:/usr/share/rbenv/versions/3.3.8/lib pkg-config --exists datadog_profiling_with_rpath
LD_LIBRARY_PATH=.:/usr/share/rbenv/versions/3.3.8/lib pkg-config --libs datadog_profiling_with_rpath |
=> "-L/github/vendor/gems/3.3.8/ruby/3.3.0/gems/libdatadog-12.0.0.1.0-x86_64-linux/vendor/libdatadog-12.0.0/x86_64-linux/libdatadog-x86_64-unknown-linux-gnu/lib/pkgconfig/../../lib -ldatadog_profiling -Wl,-rpath,/github/vendor/gems/3.3.8/ruby/3.3.0/gems/libdatadog-12.0.0.1.0-x86_64-linux/vendor/libdatadog-12.0.0/x86_64-linux/libdatadog-x86_64-unknown-linux-gnu/lib/pkgconfig/../../lib\n"
LD_LIBRARY_PATH=.:/usr/share/rbenv/versions/3.3.8/lib "gcc -o conftest -I/usr/share/rbenv/versions/3.3.8/include/ruby-3.3.0/x86_64-linux -I/usr/share/rbenv/versions/3.3.8/include/ruby-3.3.0/ruby/backward -I/usr/share/rbenv/versions/3.3.8/include/ruby-3.3.0 -I. -Wdate-time -D_FORTIFY_SOURCE=2   -g -O2 -fdebug-prefix-map=/tmp/brew2deb/packages/ruby=. -fstack-protector-strong -Wformat -Werror=format-security -std=gnu99 -Wno-declaration-after-statement -Werror-implicit-function-declaration -Wunused-parameter -fvisibility=hidden -Wold-style-definition -Wall -Wextra conftest.c  -L. -L/usr/share/rbenv/versions/3.3.8/lib -Wl,-rpath,/usr/share/rbenv/versions/3.3.8/lib -L. -Wl,-Bsymbolic-functions -Wl,-z,relro -fstack-protector-strong -rdynamic -Wl,-export-dynamic     -Wl,-rpath,/usr/share/rbenv/versions/3.3.8/lib -L/usr/share/rbenv/versions/3.3.8/lib -lruby-static -lz -lrt -lrt -ljemalloc -lgmp -ldl -lcrypt -lm -lpthread  -L/github/vendor/gems/3.3.8/ruby/3.3.0/gems/libdatadog-12.0.0.1.0-x86_64-linux/vendor/libdatadog-12.0.0/x86_64-linux/libdatadog-x86_64-unknown-linux-gnu/lib/pkgconfig/../../lib -ldatadog_profiling -Wl,-rpath,/github/vendor/gems/3.3.8/ruby/3.3.0/gems/libdatadog-12.0.0.1.0-x86_64-linux/vendor/libdatadog-12.0.0/x86_64-linux/libdatadog-x86_64-unknown-linux-gnu/lib/pkgconfig/../../lib -lm -lpthread  -ljemalloc -lc"
checked program was:
/* begin */
1: #include "ruby.h"
2: 
3: int main(int argc, char **argv)
4: {
5:   return !!argv[argc];
6: }
/* end */

LD_LIBRARY_PATH=.:/usr/share/rbenv/versions/3.3.8/lib pkg-config --cflags-only-I datadog_profiling_with_rpath |
=> "-I/github/vendor/gems/3.3.8/ruby/3.3.0/gems/libdatadog-12.0.0.1.0-x86_64-linux/vendor/libdatadog-12.0.0/x86_64-linux/libdatadog-x86_64-unknown-linux-gnu/lib/pkgconfig/../../include\n"
LD_LIBRARY_PATH=.:/usr/share/rbenv/versions/3.3.8/lib pkg-config --cflags-only-other datadog_profiling_with_rpath |
=> "\n"
LD_LIBRARY_PATH=.:/usr/share/rbenv/versions/3.3.8/lib pkg-config --libs-only-l datadog_profiling_with_rpath |
=> "-ldatadog_profiling\n"
package configuration for datadog_profiling_with_rpath
incflags: -I/github/vendor/gems/3.3.8/ruby/3.3.0/gems/libdatadog-12.0.0.1.0-x86_64-linux/vendor/libdatadog-12.0.0/x86_64-linux/libdatadog-x86_64-unknown-linux-gnu/lib/pkgconfig/../../include
cflags: 
ldflags: -L/github/vendor/gems/3.3.8/ruby/3.3.0/gems/libdatadog-12.0.0.1.0-x86_64-linux/vendor/libdatadog-12.0.0/x86_64-linux/libdatadog-x86_64-unknown-linux-gnu/lib/pkgconfig/../../lib -Wl,-rpath,/github/vendor/gems/3.3.8/ruby/3.3.0/gems/libdatadog-12.0.0.1.0-x86_64-linux/vendor/libdatadog-12.0.0/x86_64-linux/libdatadog-x86_64-unknown-linux-gnu/lib/pkgconfig/../../lib
libs: -ldatadog_profiling

--------------------

[datadog] After pkg-config $LDFLAGS were set to: "-L. -Wl,-Bsymbolic-functions -Wl,-z,relro -fstack-protector-strong -rdynamic -Wl,-export-dynamic -L/github/vendor/gems/3.3.8/ruby/3.3.0/gems/libdatadog-12.0.0.1.0-x86_64-linux/vendor/libdatadog-12.0.0/x86_64-linux/libdatadog-x86_64-unknown-linux-gnu/lib/pkgconfig/../../lib -Wl,-rpath,/github/vendor/gems/3.3.8/ruby/3.3.0/gems/libdatadog-12.0.0.1.0-x86_64-linux/vendor/libdatadog-12.0.0/x86_64-linux/libdatadog-x86_64-unknown-linux-gnu/lib/pkgconfig/../../lib -Wl,-rpath,$$$\\\\{ORIGIN\\}/../../../../gems/libdatadog-12.0.0.1.0-x86_64-linux/vendor/libdatadog-12.0.0/x86_64-linux/libdatadog-x86_64-unknown-linux-gnu/lib -Wl,-rpath,$$$\\\\{ORIGIN\\}/../../../../gems/libdatadog-12.0.0.1.0-x86_64-linux/vendor/libdatadog-12.0.0/x86_64-linux/libdatadog-x86_64-unknown-linux-gnu/lib -Wl,-rpath,$$$\\\\{ORIGIN\\}/../../../../../../gems/libdatadog-12.0.0.1.0-x86_64-linux/vendor/libdatadog-12.0.0/x86_64-linux/libdatadog-x86_64-unknown-linux-gnu/lib"
