have_library: checking for -llog... -------------------- no

LD_LIBRARY_PATH=.:/usr/share/rbenv/versions/3.3.8/lib "gcc -o conftest -I/usr/share/rbenv/versions/3.3.8/include/ruby-3.3.0/x86_64-linux -I/usr/share/rbenv/versions/3.3.8/include/ruby-3.3.0/ruby/backward -I/usr/share/rbenv/versions/3.3.8/include/ruby-3.3.0 -I. -Wdate-time -D_FORTIFY_SOURCE=2   -g -O2 -fdebug-prefix-map=/tmp/brew2deb/packages/ruby=. -fstack-protector-strong -Wformat -Werror=format-security conftest.c  -L. -L/usr/share/rbenv/versions/3.3.8/lib -Wl,-rpath,/usr/share/rbenv/versions/3.3.8/lib -L. -Wl,-Bsymbolic-functions -Wl,-z,relro -fstack-protector-strong -rdynamic -Wl,-export-dynamic     -Wl,-rpath,/usr/share/rbenv/versions/3.3.8/lib -L/usr/share/rbenv/versions/3.3.8/lib -lruby-static -lz -lrt -lrt -ljemalloc -lgmp -ldl -lcrypt -lm -lpthread   -lm -lpthread  -ljemalloc -lc"
checked program was:
/* begin */
1: #include "ruby.h"
2: 
3: int main(int argc, char **argv)
4: {
5:   return !!argv[argc];
6: }
/* end */

LD_LIBRARY_PATH=.:/usr/share/rbenv/versions/3.3.8/lib "gcc -o conftest -I/usr/share/rbenv/versions/3.3.8/include/ruby-3.3.0/x86_64-linux -I/usr/share/rbenv/versions/3.3.8/include/ruby-3.3.0/ruby/backward -I/usr/share/rbenv/versions/3.3.8/include/ruby-3.3.0 -I. -Wdate-time -D_FORTIFY_SOURCE=2   -g -O2 -fdebug-prefix-map=/tmp/brew2deb/packages/ruby=. -fstack-protector-strong -Wformat -Werror=format-security conftest.c  -L. -L/usr/share/rbenv/versions/3.3.8/lib -Wl,-rpath,/usr/share/rbenv/versions/3.3.8/lib -L. -Wl,-Bsymbolic-functions -Wl,-z,relro -fstack-protector-strong -rdynamic -Wl,-export-dynamic     -Wl,-rpath,/usr/share/rbenv/versions/3.3.8/lib -L/usr/share/rbenv/versions/3.3.8/lib -lruby-static -lz -lrt -lrt -ljemalloc -lgmp -ldl -lcrypt -lm -lpthread  -llog  -lm -lpthread  -ljemalloc -lc"
/usr/bin/ld: cannot find -llog
collect2: error: ld returned 1 exit status
checked program was:
/* begin */
 1: #include "ruby.h"
 2: 
 3: /*top*/
 4: extern int t(void);
 5: int main(int argc, char **argv)
 6: {
 7:   if (argc > 1000000) {
 8:     int (* volatile tp)(void)=(int (*)(void))&t;
 9:     printf("%d", (*tp)());
10:   }
11: 
12:   return !!argv[argc];
13: }
14: 
15: int t(void) { ; return 0; }
/* end */

--------------------

have_header: checking for syslog.h... -------------------- yes

LD_LIBRARY_PATH=.:/usr/share/rbenv/versions/3.3.8/lib "gcc -I/usr/share/rbenv/versions/3.3.8/include/ruby-3.3.0/x86_64-linux -I/usr/share/rbenv/versions/3.3.8/include/ruby-3.3.0/ruby/backward -I/usr/share/rbenv/versions/3.3.8/include/ruby-3.3.0 -I. -Wdate-time -D_FORTIFY_SOURCE=2   -g -O2 -fdebug-prefix-map=/tmp/brew2deb/packages/ruby=. -fstack-protector-strong -Wformat -Werror=format-security   -c conftest.c"
checked program was:
/* begin */
1: #include "ruby.h"
2: 
3: #include <syslog.h>
/* end */

--------------------

have_func: checking for openlog()... -------------------- yes

LD_LIBRARY_PATH=.:/usr/share/rbenv/versions/3.3.8/lib "gcc -o conftest -I/usr/share/rbenv/versions/3.3.8/include/ruby-3.3.0/x86_64-linux -I/usr/share/rbenv/versions/3.3.8/include/ruby-3.3.0/ruby/backward -I/usr/share/rbenv/versions/3.3.8/include/ruby-3.3.0 -I. -Wdate-time -D_FORTIFY_SOURCE=2   -g -O2 -fdebug-prefix-map=/tmp/brew2deb/packages/ruby=. -fstack-protector-strong -Wformat -Werror=format-security conftest.c  -L. -L/usr/share/rbenv/versions/3.3.8/lib -Wl,-rpath,/usr/share/rbenv/versions/3.3.8/lib -L. -Wl,-Bsymbolic-functions -Wl,-z,relro -fstack-protector-strong -rdynamic -Wl,-export-dynamic     -Wl,-rpath,/usr/share/rbenv/versions/3.3.8/lib -L/usr/share/rbenv/versions/3.3.8/lib -lruby-static -lz -lrt -lrt -ljemalloc -lgmp -ldl -lcrypt -lm -lpthread   -lm -lpthread  -ljemalloc -lc"
conftest.c: In function ‘t’:
conftest.c:14:57: error: ‘openlog’ undeclared (first use in this function)
   14 | int t(void) { void ((*volatile p)()); p = (void ((*)()))openlog; return !p; }
      |                                                         ^~~~~~~
conftest.c:14:57: note: each undeclared identifier is reported only once for each function it appears in
checked program was:
/* begin */
 1: #include "ruby.h"
 2: 
 3: /*top*/
 4: extern int t(void);
 5: int main(int argc, char **argv)
 6: {
 7:   if (argc > 1000000) {
 8:     int (* volatile tp)(void)=(int (*)(void))&t;
 9:     printf("%d", (*tp)());
10:   }
11: 
12:   return !!argv[argc];
13: }
14: int t(void) { void ((*volatile p)()); p = (void ((*)()))openlog; return !p; }
/* end */

LD_LIBRARY_PATH=.:/usr/share/rbenv/versions/3.3.8/lib "gcc -o conftest -I/usr/share/rbenv/versions/3.3.8/include/ruby-3.3.0/x86_64-linux -I/usr/share/rbenv/versions/3.3.8/include/ruby-3.3.0/ruby/backward -I/usr/share/rbenv/versions/3.3.8/include/ruby-3.3.0 -I. -Wdate-time -D_FORTIFY_SOURCE=2   -g -O2 -fdebug-prefix-map=/tmp/brew2deb/packages/ruby=. -fstack-protector-strong -Wformat -Werror=format-security conftest.c  -L. -L/usr/share/rbenv/versions/3.3.8/lib -Wl,-rpath,/usr/share/rbenv/versions/3.3.8/lib -L. -Wl,-Bsymbolic-functions -Wl,-z,relro -fstack-protector-strong -rdynamic -Wl,-export-dynamic     -Wl,-rpath,/usr/share/rbenv/versions/3.3.8/lib -L/usr/share/rbenv/versions/3.3.8/lib -lruby-static -lz -lrt -lrt -ljemalloc -lgmp -ldl -lcrypt -lm -lpthread   -lm -lpthread  -ljemalloc -lc"
checked program was:
/* begin */
 1: #include "ruby.h"
 2: 
 3: /*top*/
 4: extern int t(void);
 5: int main(int argc, char **argv)
 6: {
 7:   if (argc > 1000000) {
 8:     int (* volatile tp)(void)=(int (*)(void))&t;
 9:     printf("%d", (*tp)());
10:   }
11: 
12:   return !!argv[argc];
13: }
14: extern void openlog();
15: int t(void) { openlog(); return 0; }
/* end */

--------------------

have_func: checking for setlogmask()... -------------------- yes

LD_LIBRARY_PATH=.:/usr/share/rbenv/versions/3.3.8/lib "gcc -o conftest -I/usr/share/rbenv/versions/3.3.8/include/ruby-3.3.0/x86_64-linux -I/usr/share/rbenv/versions/3.3.8/include/ruby-3.3.0/ruby/backward -I/usr/share/rbenv/versions/3.3.8/include/ruby-3.3.0 -I. -Wdate-time -D_FORTIFY_SOURCE=2   -g -O2 -fdebug-prefix-map=/tmp/brew2deb/packages/ruby=. -fstack-protector-strong -Wformat -Werror=format-security conftest.c  -L. -L/usr/share/rbenv/versions/3.3.8/lib -Wl,-rpath,/usr/share/rbenv/versions/3.3.8/lib -L. -Wl,-Bsymbolic-functions -Wl,-z,relro -fstack-protector-strong -rdynamic -Wl,-export-dynamic     -Wl,-rpath,/usr/share/rbenv/versions/3.3.8/lib -L/usr/share/rbenv/versions/3.3.8/lib -lruby-static -lz -lrt -lrt -ljemalloc -lgmp -ldl -lcrypt -lm -lpthread   -lm -lpthread  -ljemalloc -lc"
conftest.c: In function ‘t’:
conftest.c:14:57: error: ‘setlogmask’ undeclared (first use in this function); did you mean ‘setlogin’?
   14 | int t(void) { void ((*volatile p)()); p = (void ((*)()))setlogmask; return !p; }
      |                                                         ^~~~~~~~~~
      |                                                         setlogin
conftest.c:14:57: note: each undeclared identifier is reported only once for each function it appears in
checked program was:
/* begin */
 1: #include "ruby.h"
 2: 
 3: /*top*/
 4: extern int t(void);
 5: int main(int argc, char **argv)
 6: {
 7:   if (argc > 1000000) {
 8:     int (* volatile tp)(void)=(int (*)(void))&t;
 9:     printf("%d", (*tp)());
10:   }
11: 
12:   return !!argv[argc];
13: }
14: int t(void) { void ((*volatile p)()); p = (void ((*)()))setlogmask; return !p; }
/* end */

LD_LIBRARY_PATH=.:/usr/share/rbenv/versions/3.3.8/lib "gcc -o conftest -I/usr/share/rbenv/versions/3.3.8/include/ruby-3.3.0/x86_64-linux -I/usr/share/rbenv/versions/3.3.8/include/ruby-3.3.0/ruby/backward -I/usr/share/rbenv/versions/3.3.8/include/ruby-3.3.0 -I. -Wdate-time -D_FORTIFY_SOURCE=2   -g -O2 -fdebug-prefix-map=/tmp/brew2deb/packages/ruby=. -fstack-protector-strong -Wformat -Werror=format-security conftest.c  -L. -L/usr/share/rbenv/versions/3.3.8/lib -Wl,-rpath,/usr/share/rbenv/versions/3.3.8/lib -L. -Wl,-Bsymbolic-functions -Wl,-z,relro -fstack-protector-strong -rdynamic -Wl,-export-dynamic     -Wl,-rpath,/usr/share/rbenv/versions/3.3.8/lib -L/usr/share/rbenv/versions/3.3.8/lib -lruby-static -lz -lrt -lrt -ljemalloc -lgmp -ldl -lcrypt -lm -lpthread   -lm -lpthread  -ljemalloc -lc"
checked program was:
/* begin */
 1: #include "ruby.h"
 2: 
 3: /*top*/
 4: extern int t(void);
 5: int main(int argc, char **argv)
 6: {
 7:   if (argc > 1000000) {
 8:     int (* volatile tp)(void)=(int (*)(void))&t;
 9:     printf("%d", (*tp)());
10:   }
11: 
12:   return !!argv[argc];
13: }
14: extern void setlogmask();
15: int t(void) { setlogmask(); return 0; }
/* end */

--------------------

