current directory: /github/vendor/gems/3.4.1/ruby/3.4.0/gems/cbor-0.5.9.8/ext/cbor
/usr/share/rbenv/versions/3.4.1/bin/ruby extconf.rb
checking for ruby/st.h... yes
checking for st.h... no
checking for rb_str_replace() in ruby.h... yes
checking for rb_big_new() in ruby.h... yes
checking for rb_intern_str() in ruby.h... yes
checking for rb_sym2str() in ruby.h... yes
checking for rb_str_intern() in ruby.h... yes
checking for rb_integer_unpack() in ruby.h... yes
creating Makefile

current directory: /github/vendor/gems/3.4.1/ruby/3.4.0/gems/cbor-0.5.9.8/ext/cbor
make -j16 DESTDIR\= sitearchdir\=./.gem.20250509-147-i7oev sitelibdir\=./.gem.20250509-147-i7oev clean

current directory: /github/vendor/gems/3.4.1/ruby/3.4.0/gems/cbor-0.5.9.8/ext/cbor
make -j16 DESTDIR\= sitearchdir\=./.gem.20250509-147-i7oev sitelibdir\=./.gem.20250509-147-i7oev
compiling buffer.c
compiling buffer_class.c
compiling core_ext.c
compiling packer.c
compiling packer_class.c
compiling rbinit.c
compiling rmem.c
compiling unpacker.c
compiling unpacker_class.c
packer_class.c: In function ‘Packer_alloc’:
packer_class.c:63:5: warning: ‘rb_data_object_wrap_warning’ is deprecated: by TypedData [-Wdeprecated-declarations]
   63 |     VALUE self = Data_Wrap_Struct(klass, msgpack_packer_mark, Packer_free, pk);
      |     ^~~~~
In file included from /usr/share/rbenv/versions/3.4.1/include/ruby-3.4.0/ruby/internal/core.h:27,
                 from /usr/share/rbenv/versions/3.4.1/include/ruby-3.4.0/ruby/ruby.h:29,
                 from /usr/share/rbenv/versions/3.4.1/include/ruby-3.4.0/ruby.h:38,
                 from compat.h:30,
                 from packer_class.c:28:
/usr/share/rbenv/versions/3.4.1/include/ruby-3.4.0/ruby/internal/core/rdata.h:293:1: note: declared here
  293 | rb_data_object_wrap_warning(VALUE klass, void *ptr, RUBY_DATA_FUNC mark, RUBY_DATA_FUNC free)
      | ^~~~~~~~~~~~~~~~~~~~~~~~~~~
packer_class.c: In function ‘Packer_initialize’:
packer_class.c:98:5: warning: ‘rb_data_object_get_warning’ is deprecated: by TypedData [-Wdeprecated-declarations]
   98 |     PACKER(self, pk);
      |     ^~~~~~
In file included from /usr/share/rbenv/versions/3.4.1/include/ruby-3.4.0/ruby/internal/core.h:27,
                 from /usr/share/rbenv/versions/3.4.1/include/ruby-3.4.0/ruby/ruby.h:29,
                 from /usr/share/rbenv/versions/3.4.1/include/ruby-3.4.0/ruby.h:38,
                 from compat.h:30,
                 from packer_class.c:28:
/usr/share/rbenv/versions/3.4.1/include/ruby-3.4.0/ruby/internal/core/rdata.h:325:1: note: declared here
  325 | rb_data_object_get_warning(VALUE obj)
      | ^~~~~~~~~~~~~~~~~~~~~~~~~~
packer_class.c: In function ‘Packer_buffer’:
packer_class.c:110:5: warning: ‘rb_data_object_get_warning’ is deprecated: by TypedData [-Wdeprecated-declarations]
  110 |     PACKER(self, pk);
      |     ^~~~~~
In file included from /usr/share/rbenv/versions/3.4.1/include/ruby-3.4.0/ruby/internal/core.h:27,
                 from /usr/share/rbenv/versions/3.4.1/include/ruby-3.4.0/ruby/ruby.h:29,
                 from /usr/share/rbenv/versions/3.4.1/include/ruby-3.4.0/ruby.h:38,
                 from compat.h:30,
                 from packer_class.c:28:
/usr/share/rbenv/versions/3.4.1/include/ruby-3.4.0/ruby/internal/core/rdata.h:325:1: note: declared here
  325 | rb_data_object_get_warning(VALUE obj)
      | ^~~~~~~~~~~~~~~~~~~~~~~~~~
packer_class.c: In function ‘Packer_write’:
packer_class.c:116:5: warning: ‘rb_data_object_get_warning’ is deprecated: by TypedData [-Wdeprecated-declarations]
  116 |     PACKER(self, pk);
      |     ^~~~~~
In file included from /usr/share/rbenv/versions/3.4.1/include/ruby-3.4.0/ruby/internal/core.h:27,
                 from /usr/share/rbenv/versions/3.4.1/include/ruby-3.4.0/ruby/ruby.h:29,
                 from /usr/share/rbenv/versions/3.4.1/include/ruby-3.4.0/ruby.h:38,
                 from compat.h:30,
                 from packer_class.c:28:
/usr/share/rbenv/versions/3.4.1/include/ruby-3.4.0/ruby/internal/core/rdata.h:325:1: note: declared here
  325 | rb_data_object_get_warning(VALUE obj)
      | ^~~~~~~~~~~~~~~~~~~~~~~~~~
packer_class.c: In function ‘Packer_write_nil’:
packer_class.c:123:5: warning: ‘rb_data_object_get_warning’ is deprecated: by TypedData [-Wdeprecated-declarations]
  123 |     PACKER(self, pk);
      |     ^~~~~~
In file included from /usr/share/rbenv/versions/3.4.1/include/ruby-3.4.0/ruby/internal/core.h:27,
                 from /usr/share/rbenv/versions/3.4.1/include/ruby-3.4.0/ruby/ruby.h:29,
                 from /usr/share/rbenv/versions/3.4.1/include/ruby-3.4.0/ruby.h:38,
                 from compat.h:30,
                 from packer_class.c:28:
/usr/share/rbenv/versions/3.4.1/include/ruby-3.4.0/ruby/internal/core/rdata.h:325:1: note: declared here
  325 | rb_data_object_get_warning(VALUE obj)
      | ^~~~~~~~~~~~~~~~~~~~~~~~~~
packer_class.c: In function ‘Packer_write_array_header’:
packer_class.c:130:5: warning: ‘rb_data_object_get_warning’ is deprecated: by TypedData [-Wdeprecated-declarations]
  130 |     PACKER(self, pk);
      |     ^~~~~~
In file included from /usr/share/rbenv/versions/3.4.1/include/ruby-3.4.0/ruby/internal/core.h:27,
                 from /usr/share/rbenv/versions/3.4.1/include/ruby-3.4.0/ruby/ruby.h:29,
                 from /usr/share/rbenv/versions/3.4.1/include/ruby-3.4.0/ruby.h:38,
                 from compat.h:30,
                 from packer_class.c:28:
/usr/share/rbenv/versions/3.4.1/include/ruby-3.4.0/ruby/internal/core/rdata.h:325:1: note: declared here
  325 | rb_data_object_get_warning(VALUE obj)
      | ^~~~~~~~~~~~~~~~~~~~~~~~~~
packer_class.c: In function ‘Packer_write_map_header’:
packer_class.c:137:5: warning: ‘rb_data_object_get_warning’ is deprecated: by TypedData [-Wdeprecated-declarations]
  137 |     PACKER(self, pk);
      |     ^~~~~~
In file included from /usr/share/rbenv/versions/3.4.1/include/ruby-3.4.0/ruby/internal/core.h:27,
                 from /usr/share/rbenv/versions/3.4.1/include/ruby-3.4.0/ruby/ruby.h:29,
                 from /usr/share/rbenv/versions/3.4.1/include/ruby-3.4.0/ruby.h:38,
                 from compat.h:30,
                 from packer_class.c:28:
/usr/share/rbenv/versions/3.4.1/include/ruby-3.4.0/ruby/internal/core/rdata.h:325:1: note: declared here
  325 | rb_data_object_get_warning(VALUE obj)
      | ^~~~~~~~~~~~~~~~~~~~~~~~~~
packer_class.c: In function ‘Packer_flush’:
packer_class.c:144:5: warning: ‘rb_data_object_get_warning’ is deprecated: by TypedData [-Wdeprecated-declarations]
  144 |     PACKER(self, pk);
      |     ^~~~~~
In file included from /usr/share/rbenv/versions/3.4.1/include/ruby-3.4.0/ruby/internal/core.h:27,
                 from /usr/share/rbenv/versions/3.4.1/include/ruby-3.4.0/ruby/ruby.h:29,
                 from /usr/share/rbenv/versions/3.4.1/include/ruby-3.4.0/ruby.h:38,
                 from compat.h:30,
                 from packer_class.c:28:
/usr/share/rbenv/versions/3.4.1/include/ruby-3.4.0/ruby/internal/core/rdata.h:325:1: note: declared here
  325 | rb_data_object_get_warning(VALUE obj)
      | ^~~~~~~~~~~~~~~~~~~~~~~~~~
packer_class.c: In function ‘Packer_clear’:
packer_class.c:151:5: warning: ‘rb_data_object_get_warning’ is deprecated: by TypedData [-Wdeprecated-declarations]
  151 |     PACKER(self, pk);
      |     ^~~~~~
In file included from /usr/share/rbenv/versions/3.4.1/include/ruby-3.4.0/ruby/internal/core.h:27,
                 from /usr/share/rbenv/versions/3.4.1/include/ruby-3.4.0/ruby/ruby.h:29,
                 from /usr/share/rbenv/versions/3.4.1/include/ruby-3.4.0/ruby.h:38,
                 from compat.h:30,
                 from packer_class.c:28:
/usr/share/rbenv/versions/3.4.1/include/ruby-3.4.0/ruby/internal/core/rdata.h:325:1: note: declared here
  325 | rb_data_object_get_warning(VALUE obj)
      | ^~~~~~~~~~~~~~~~~~~~~~~~~~
packer_class.c: In function ‘Packer_size’:
packer_class.c:158:5: warning: ‘rb_data_object_get_warning’ is deprecated: by TypedData [-Wdeprecated-declarations]
  158 |     PACKER(self, pk);
      |     ^~~~~~
In file included from /usr/share/rbenv/versions/3.4.1/include/ruby-3.4.0/ruby/internal/core.h:27,
                 from /usr/share/rbenv/versions/3.4.1/include/ruby-3.4.0/ruby/ruby.h:29,
                 from /usr/share/rbenv/versions/3.4.1/include/ruby-3.4.0/ruby.h:38,
                 from compat.h:30,
                 from packer_class.c:28:
/usr/share/rbenv/versions/3.4.1/include/ruby-3.4.0/ruby/internal/core/rdata.h:325:1: note: declared here
  325 | rb_data_object_get_warning(VALUE obj)
      | ^~~~~~~~~~~~~~~~~~~~~~~~~~
packer_class.c: In function ‘Packer_empty_p’:
packer_class.c:165:5: warning: ‘rb_data_object_get_warning’ is deprecated: by TypedData [-Wdeprecated-declarations]
  165 |     PACKER(self, pk);
      |     ^~~~~~
In file included from /usr/share/rbenv/versions/3.4.1/include/ruby-3.4.0/ruby/internal/core.h:27,
                 from /usr/share/rbenv/versions/3.4.1/include/ruby-3.4.0/ruby/ruby.h:29,
                 from /usr/share/rbenv/versions/3.4.1/include/ruby-3.4.0/ruby.h:38,
                 from compat.h:30,
                 from packer_class.c:28:
/usr/share/rbenv/versions/3.4.1/include/ruby-3.4.0/ruby/internal/core/rdata.h:325:1: note: declared here
  325 | rb_data_object_get_warning(VALUE obj)
      | ^~~~~~~~~~~~~~~~~~~~~~~~~~
packer_class.c: In function ‘Packer_to_str’:
packer_class.c:175:5: warning: ‘rb_data_object_get_warning’ is deprecated: by TypedData [-Wdeprecated-declarations]
  175 |     PACKER(self, pk);
      |     ^~~~~~
In file included from /usr/share/rbenv/versions/3.4.1/include/ruby-3.4.0/ruby/internal/core.h:27,
                 from /usr/share/rbenv/versions/3.4.1/include/ruby-3.4.0/ruby/ruby.h:29,
                 from /usr/share/rbenv/versions/3.4.1/include/ruby-3.4.0/ruby.h:38,
                 from compat.h:30,
                 from packer_class.c:28:
/usr/share/rbenv/versions/3.4.1/include/ruby-3.4.0/ruby/internal/core/rdata.h:325:1: note: declared here
  325 | rb_data_object_get_warning(VALUE obj)
      | ^~~~~~~~~~~~~~~~~~~~~~~~~~
packer_class.c: In function ‘Packer_to_a’:
packer_class.c:181:5: warning: ‘rb_data_object_get_warning’ is deprecated: by TypedData [-Wdeprecated-declarations]
  181 |     PACKER(self, pk);
      |     ^~~~~~
In file included from /usr/share/rbenv/versions/3.4.1/include/ruby-3.4.0/ruby/internal/core.h:27,
                 from /usr/share/rbenv/versions/3.4.1/include/ruby-3.4.0/ruby/ruby.h:29,
                 from /usr/share/rbenv/versions/3.4.1/include/ruby-3.4.0/ruby.h:38,
                 from compat.h:30,
                 from packer_class.c:28:
/usr/share/rbenv/versions/3.4.1/include/ruby-3.4.0/ruby/internal/core/rdata.h:325:1: note: declared here
  325 | rb_data_object_get_warning(VALUE obj)
      | ^~~~~~~~~~~~~~~~~~~~~~~~~~
packer_class.c: In function ‘Packer_write_to’:
packer_class.c:187:5: warning: ‘rb_data_object_get_warning’ is deprecated: by TypedData [-Wdeprecated-declarations]
  187 |     PACKER(self, pk);
      |     ^~~~~~
In file included from /usr/share/rbenv/versions/3.4.1/include/ruby-3.4.0/ruby/internal/core.h:27,
                 from /usr/share/rbenv/versions/3.4.1/include/ruby-3.4.0/ruby/ruby.h:29,
                 from /usr/share/rbenv/versions/3.4.1/include/ruby-3.4.0/ruby.h:38,
                 from compat.h:30,
                 from packer_class.c:28:
/usr/share/rbenv/versions/3.4.1/include/ruby-3.4.0/ruby/internal/core/rdata.h:325:1: note: declared here
  325 | rb_data_object_get_warning(VALUE obj)
      | ^~~~~~~~~~~~~~~~~~~~~~~~~~
packer_class.c: In function ‘CBOR_pack’:
packer_class.c:223:5: warning: ‘rb_data_object_get_warning’ is deprecated: by TypedData [-Wdeprecated-declarations]
  223 |     PACKER(self, pk);
      |     ^~~~~~
In file included from /usr/share/rbenv/versions/3.4.1/include/ruby-3.4.0/ruby/internal/core.h:27,
                 from /usr/share/rbenv/versions/3.4.1/include/ruby-3.4.0/ruby/ruby.h:29,
                 from /usr/share/rbenv/versions/3.4.1/include/ruby-3.4.0/ruby.h:38,
                 from compat.h:30,
                 from packer_class.c:28:
/usr/share/rbenv/versions/3.4.1/include/ruby-3.4.0/ruby/internal/core/rdata.h:325:1: note: declared here
  325 | rb_data_object_get_warning(VALUE obj)
      | ^~~~~~~~~~~~~~~~~~~~~~~~~~
buffer_class.c: In function ‘Buffer_alloc’:
buffer_class.c:69:5: warning: ‘rb_data_object_wrap_warning’ is deprecated: by TypedData [-Wdeprecated-declarations]
   69 |     return Data_Wrap_Struct(klass, msgpack_buffer_mark, Buffer_free, b);
      |     ^~~~~~
In file included from /usr/share/rbenv/versions/3.4.1/include/ruby-3.4.0/ruby/internal/core.h:27,
                 from /usr/share/rbenv/versions/3.4.1/include/ruby-3.4.0/ruby/ruby.h:29,
                 from /usr/share/rbenv/versions/3.4.1/include/ruby-3.4.0/ruby.h:38,
                 from compat.h:30,
                 from buffer_class.c:28:
/usr/share/rbenv/versions/3.4.1/include/ruby-3.4.0/ruby/internal/core/rdata.h:293:1: note: declared here
  293 | rb_data_object_wrap_warning(VALUE klass, void *ptr, RUBY_DATA_FUNC mark, RUBY_DATA_FUNC free)
      | ^~~~~~~~~~~~~~~~~~~~~~~~~~~
buffer_class.c: In function ‘CBOR_Buffer_wrap’:
buffer_class.c:123:5: warning: ‘rb_data_object_wrap_warning’ is deprecated: by TypedData [-Wdeprecated-declarations]
  123 |     return Data_Wrap_Struct(cMessagePack_Buffer, msgpack_buffer_mark, NULL, b);
      |     ^~~~~~
In file included from /usr/share/rbenv/versions/3.4.1/include/ruby-3.4.0/ruby/internal/core.h:27,
                 from /usr/share/rbenv/versions/3.4.1/include/ruby-3.4.0/ruby/ruby.h:29,
                 from /usr/share/rbenv/versions/3.4.1/include/ruby-3.4.0/ruby.h:38,
                 from compat.h:30,
                 from buffer_class.c:28:
/usr/share/rbenv/versions/3.4.1/include/ruby-3.4.0/ruby/internal/core/rdata.h:293:1: note: declared here
  293 | rb_data_object_wrap_warning(VALUE klass, void *ptr, RUBY_DATA_FUNC mark, RUBY_DATA_FUNC free)
      | ^~~~~~~~~~~~~~~~~~~~~~~~~~~
buffer_class.c: In function ‘Buffer_initialize’:
buffer_class.c:153:5: warning: ‘rb_data_object_get_warning’ is deprecated: by TypedData [-Wdeprecated-declarations]
  153 |     BUFFER(self, b);
      |     ^~~~~~
In file included from /usr/share/rbenv/versions/3.4.1/include/ruby-3.4.0/ruby/internal/core.h:27,
                 from /usr/share/rbenv/versions/3.4.1/include/ruby-3.4.0/ruby/ruby.h:29,
                 from /usr/share/rbenv/versions/3.4.1/include/ruby-3.4.0/ruby.h:38,
                 from compat.h:30,
                 from buffer_class.c:28:
/usr/share/rbenv/versions/3.4.1/include/ruby-3.4.0/ruby/internal/core/rdata.h:325:1: note: declared here
  325 | rb_data_object_get_warning(VALUE obj)
      | ^~~~~~~~~~~~~~~~~~~~~~~~~~
buffer_class.c: In function ‘Buffer_clear’:
buffer_class.c:162:5: warning: ‘rb_data_object_get_warning’ is deprecated: by TypedData [-Wdeprecated-declarations]
  162 |     BUFFER(self, b);
      |     ^~~~~~
In file included from /usr/share/rbenv/versions/3.4.1/include/ruby-3.4.0/ruby/internal/core.h:27,
                 from /usr/share/rbenv/versions/3.4.1/include/ruby-3.4.0/ruby/ruby.h:29,
                 from /usr/share/rbenv/versions/3.4.1/include/ruby-3.4.0/ruby.h:38,
                 from compat.h:30,
                 from buffer_class.c:28:
/usr/share/rbenv/versions/3.4.1/include/ruby-3.4.0/ruby/internal/core/rdata.h:325:1: note: declared here
  325 | rb_data_object_get_warning(VALUE obj)
      | ^~~~~~~~~~~~~~~~~~~~~~~~~~
buffer_class.c: In function ‘Buffer_size’:
buffer_class.c:169:5: warning: ‘rb_data_object_get_warning’ is deprecated: by TypedData [-Wdeprecated-declarations]
  169 |     BUFFER(self, b);
      |     ^~~~~~
In file included from /usr/share/rbenv/versions/3.4.1/include/ruby-3.4.0/ruby/internal/core.h:27,
                 from /usr/share/rbenv/versions/3.4.1/include/ruby-3.4.0/ruby/ruby.h:29,
                 from /usr/share/rbenv/versions/3.4.1/include/ruby-3.4.0/ruby.h:38,
                 from compat.h:30,
                 from buffer_class.c:28:
/usr/share/rbenv/versions/3.4.1/include/ruby-3.4.0/ruby/internal/core/rdata.h:325:1: note: declared here
  325 | rb_data_object_get_warning(VALUE obj)
      | ^~~~~~~~~~~~~~~~~~~~~~~~~~
buffer_class.c: In function ‘Buffer_empty_p’:
buffer_class.c:176:5: warning: ‘rb_data_object_get_warning’ is deprecated: by TypedData [-Wdeprecated-declarations]
  176 |     BUFFER(self, b);
      |     ^~~~~~
In file included from /usr/share/rbenv/versions/3.4.1/include/ruby-3.4.0/ruby/internal/core.h:27,
                 from /usr/share/rbenv/versions/3.4.1/include/ruby-3.4.0/ruby/ruby.h:29,
                 from /usr/share/rbenv/versions/3.4.1/include/ruby-3.4.0/ruby.h:38,
                 from compat.h:30,
                 from buffer_class.c:28:
/usr/share/rbenv/versions/3.4.1/include/ruby-3.4.0/ruby/internal/core/rdata.h:325:1: note: declared here
  325 | rb_data_object_get_warning(VALUE obj)
      | ^~~~~~~~~~~~~~~~~~~~~~~~~~
buffer_class.c: In function ‘Buffer_write’:
buffer_class.c:186:5: warning: ‘rb_data_object_get_warning’ is deprecated: by TypedData [-Wdeprecated-declarations]
  186 |     BUFFER(self, b);
      |     ^~~~~~
In file included from /usr/share/rbenv/versions/3.4.1/include/ruby-3.4.0/ruby/internal/core.h:27,
                 from /usr/share/rbenv/versions/3.4.1/include/ruby-3.4.0/ruby/ruby.h:29,
                 from /usr/share/rbenv/versions/3.4.1/include/ruby-3.4.0/ruby.h:38,
                 from compat.h:30,
                 from buffer_class.c:28:
/usr/share/rbenv/versions/3.4.1/include/ruby-3.4.0/ruby/internal/core/rdata.h:325:1: note: declared here
  325 | rb_data_object_get_warning(VALUE obj)
      | ^~~~~~~~~~~~~~~~~~~~~~~~~~
buffer_class.c: In function ‘Buffer_append’:
buffer_class.c:198:5: warning: ‘rb_data_object_get_warning’ is deprecated: by TypedData [-Wdeprecated-declarations]
  198 |     BUFFER(self, b);
      |     ^~~~~~
In file included from /usr/share/rbenv/versions/3.4.1/include/ruby-3.4.0/ruby/internal/core.h:27,
                 from /usr/share/rbenv/versions/3.4.1/include/ruby-3.4.0/ruby/ruby.h:29,
                 from /usr/share/rbenv/versions/3.4.1/include/ruby-3.4.0/ruby.h:38,
                 from compat.h:30,
                 from buffer_class.c:28:
/usr/share/rbenv/versions/3.4.1/include/ruby-3.4.0/ruby/internal/core/rdata.h:325:1: note: declared here
  325 | rb_data_object_get_warning(VALUE obj)
      | ^~~~~~~~~~~~~~~~~~~~~~~~~~
buffer_class.c: In function ‘Buffer_skip’:
buffer_class.c:304:5: warning: ‘rb_data_object_get_warning’ is deprecated: by TypedData [-Wdeprecated-declarations]
  304 |     BUFFER(self, b);
      |     ^~~~~~
In file included from /usr/share/rbenv/versions/3.4.1/include/ruby-3.4.0/ruby/internal/core.h:27,
                 from /usr/share/rbenv/versions/3.4.1/include/ruby-3.4.0/ruby/ruby.h:29,
                 from /usr/share/rbenv/versions/3.4.1/include/ruby-3.4.0/ruby.h:38,
                 from compat.h:30,
                 from buffer_class.c:28:
/usr/share/rbenv/versions/3.4.1/include/ruby-3.4.0/ruby/internal/core/rdata.h:325:1: note: declared here
  325 | rb_data_object_get_warning(VALUE obj)
      | ^~~~~~~~~~~~~~~~~~~~~~~~~~
buffer_class.c: In function ‘Buffer_skip_all’:
buffer_class.c:319:5: warning: ‘rb_data_object_get_warning’ is deprecated: by TypedData [-Wdeprecated-declarations]
  319 |     BUFFER(self, b);
      |     ^~~~~~
In file included from /usr/share/rbenv/versions/3.4.1/include/ruby-3.4.0/ruby/internal/core.h:27,
                 from /usr/share/rbenv/versions/3.4.1/include/ruby-3.4.0/ruby/ruby.h:29,
                 from /usr/share/rbenv/versions/3.4.1/include/ruby-3.4.0/ruby.h:38,
                 from compat.h:30,
                 from buffer_class.c:28:
/usr/share/rbenv/versions/3.4.1/include/ruby-3.4.0/ruby/internal/core/rdata.h:325:1: note: declared here
  325 | rb_data_object_get_warning(VALUE obj)
      | ^~~~~~~~~~~~~~~~~~~~~~~~~~
buffer_class.c: In function ‘Buffer_read_all’:
buffer_class.c:357:5: warning: ‘rb_data_object_get_warning’ is deprecated: by TypedData [-Wdeprecated-declarations]
  357 |     BUFFER(self, b);
      |     ^~~~~~
In file included from /usr/share/rbenv/versions/3.4.1/include/ruby-3.4.0/ruby/internal/core.h:27,
                 from /usr/share/rbenv/versions/3.4.1/include/ruby-3.4.0/ruby/ruby.h:29,
                 from /usr/share/rbenv/versions/3.4.1/include/ruby-3.4.0/ruby.h:38,
                 from compat.h:30,
                 from buffer_class.c:28:
/usr/share/rbenv/versions/3.4.1/include/ruby-3.4.0/ruby/internal/core/rdata.h:325:1: note: declared here
  325 | rb_data_object_get_warning(VALUE obj)
      | ^~~~~~~~~~~~~~~~~~~~~~~~~~
buffer_class.c: In function ‘Buffer_read’:
buffer_class.c:403:5: warning: ‘rb_data_object_get_warning’ is deprecated: by TypedData [-Wdeprecated-declarations]
  403 |     BUFFER(self, b);
      |     ^~~~~~
In file included from /usr/share/rbenv/versions/3.4.1/include/ruby-3.4.0/ruby/internal/core.h:27,
                 from /usr/share/rbenv/versions/3.4.1/include/ruby-3.4.0/ruby/ruby.h:29,
                 from /usr/share/rbenv/versions/3.4.1/include/ruby-3.4.0/ruby.h:38,
                 from compat.h:30,
                 from buffer_class.c:28:
/usr/share/rbenv/versions/3.4.1/include/ruby-3.4.0/ruby/internal/core/rdata.h:325:1: note: declared here
  325 | rb_data_object_get_warning(VALUE obj)
      | ^~~~~~~~~~~~~~~~~~~~~~~~~~
buffer_class.c: In function ‘Buffer_to_str’:
buffer_class.c:446:5: warning: ‘rb_data_object_get_warning’ is deprecated: by TypedData [-Wdeprecated-declarations]
  446 |     BUFFER(self, b);
      |     ^~~~~~
In file included from /usr/share/rbenv/versions/3.4.1/include/ruby-3.4.0/ruby/internal/core.h:27,
                 from /usr/share/rbenv/versions/3.4.1/include/ruby-3.4.0/ruby/ruby.h:29,
                 from /usr/share/rbenv/versions/3.4.1/include/ruby-3.4.0/ruby.h:38,
                 from compat.h:30,
                 from buffer_class.c:28:
/usr/share/rbenv/versions/3.4.1/include/ruby-3.4.0/ruby/internal/core/rdata.h:325:1: note: declared here
  325 | rb_data_object_get_warning(VALUE obj)
      | ^~~~~~~~~~~~~~~~~~~~~~~~~~
buffer_class.c: In function ‘Buffer_to_a’:
buffer_class.c:452:5: warning: ‘rb_data_object_get_warning’ is deprecated: by TypedData [-Wdeprecated-declarations]
  452 |     BUFFER(self, b);
      |     ^~~~~~
In file included from /usr/share/rbenv/versions/3.4.1/include/ruby-3.4.0/ruby/internal/core.h:27,
                 from /usr/share/rbenv/versions/3.4.1/include/ruby-3.4.0/ruby/ruby.h:29,
                 from /usr/share/rbenv/versions/3.4.1/include/ruby-3.4.0/ruby.h:38,
                 from compat.h:30,
                 from buffer_class.c:28:
/usr/share/rbenv/versions/3.4.1/include/ruby-3.4.0/ruby/internal/core/rdata.h:325:1: note: declared here
  325 | rb_data_object_get_warning(VALUE obj)
      | ^~~~~~~~~~~~~~~~~~~~~~~~~~
core_ext.c: In function ‘NilClass_to_msgpack’:
buffer_class.c: In function ‘Buffer_flush’:
core_ext.c:57:5: warning: ‘rb_data_object_get_warning’ is deprecated: by TypedData [-Wdeprecated-declarations]
   57 |     ENSURE_PACKER(argc, argv, packer, pk);
      |     ^~~~~~~~~~~~~
buffer_class.c:458:5: warning: ‘rb_data_object_get_warning’ is deprecated: by TypedData [-Wdeprecated-declarations]
  458 |     BUFFER(self, b);
      |     ^~~~~~
In file included from /usr/share/rbenv/versions/3.4.1/include/ruby-3.4.0/ruby/internal/core.h:27,
                 from /usr/share/rbenv/versions/3.4.1/include/ruby-3.4.0/ruby/ruby.h:29,
                 from /usr/share/rbenv/versions/3.4.1/include/ruby-3.4.0/ruby.h:38,
                 from compat.h:30,
                 from buffer_class.c:28:
/usr/share/rbenv/versions/3.4.1/include/ruby-3.4.0/ruby/internal/core/rdata.h:325:1: note: declared here
  325 | rb_data_object_get_warning(VALUE obj)
      | ^~~~~~~~~~~~~~~~~~~~~~~~~~
In file included from /usr/share/rbenv/versions/3.4.1/include/ruby-3.4.0/ruby/internal/core.h:27,
                 from /usr/share/rbenv/versions/3.4.1/include/ruby-3.4.0/ruby/ruby.h:29,
                 from /usr/share/rbenv/versions/3.4.1/include/ruby-3.4.0/ruby.h:38,
                 from compat.h:30,
                 from core_ext.h:30,
                 from core_ext.c:28:
/usr/share/rbenv/versions/3.4.1/include/ruby-3.4.0/ruby/internal/core/rdata.h:325:1: note: declared here
  325 | rb_data_object_get_warning(VALUE obj)
      | ^~~~~~~~~~~~~~~~~~~~~~~~~~
buffer_class.c: In function ‘Buffer_io’:
buffer_class.c:465:5: warning: ‘rb_data_object_get_warning’ is deprecated: by TypedData [-Wdeprecated-declarations]
  465 |     BUFFER(self, b);
      |     ^~~~~~
In file included from /usr/share/rbenv/versions/3.4.1/include/ruby-3.4.0/ruby/internal/core.h:27,
                 from /usr/share/rbenv/versions/3.4.1/include/ruby-3.4.0/ruby/ruby.h:29,
                 from /usr/share/rbenv/versions/3.4.1/include/ruby-3.4.0/ruby.h:38,
                 from compat.h:30,
                 from buffer_class.c:28:
/usr/share/rbenv/versions/3.4.1/include/ruby-3.4.0/ruby/internal/core/rdata.h:325:1: note: declared here
  325 | rb_data_object_get_warning(VALUE obj)
      | ^~~~~~~~~~~~~~~~~~~~~~~~~~
core_ext.c: In function ‘TrueClass_to_msgpack’:
core_ext.c:64:5: warning: ‘rb_data_object_get_warning’ is deprecated: by TypedData [-Wdeprecated-declarations]
   64 |     ENSURE_PACKER(argc, argv, packer, pk);
      |     ^~~~~~~~~~~~~
In file included from /usr/share/rbenv/versions/3.4.1/include/ruby-3.4.0/ruby/internal/core.h:27,
                 from /usr/share/rbenv/versions/3.4.1/include/ruby-3.4.0/ruby/ruby.h:29,
                 from /usr/share/rbenv/versions/3.4.1/include/ruby-3.4.0/ruby.h:38,
                 from compat.h:30,
                 from core_ext.h:30,
                 from core_ext.c:28:
/usr/share/rbenv/versions/3.4.1/include/ruby-3.4.0/ruby/internal/core/rdata.h:325:1: note: declared here
  325 | rb_data_object_get_warning(VALUE obj)
      | ^~~~~~~~~~~~~~~~~~~~~~~~~~
buffer_class.c: In function ‘Buffer_close’:
buffer_class.c:471:5: warning: ‘rb_data_object_get_warning’ is deprecated: by TypedData [-Wdeprecated-declarations]
  471 |     BUFFER(self, b);
      |     ^~~~~~
In file included from /usr/share/rbenv/versions/3.4.1/include/ruby-3.4.0/ruby/internal/core.h:27,
                 from /usr/share/rbenv/versions/3.4.1/include/ruby-3.4.0/ruby/ruby.h:29,
                 from /usr/share/rbenv/versions/3.4.1/include/ruby-3.4.0/ruby.h:38,
                 from compat.h:30,
                 from buffer_class.c:28:
/usr/share/rbenv/versions/3.4.1/include/ruby-3.4.0/ruby/internal/core/rdata.h:325:1: note: declared here
  325 | rb_data_object_get_warning(VALUE obj)
      | ^~~~~~~~~~~~~~~~~~~~~~~~~~
core_ext.c: In function ‘FalseClass_to_msgpack’:
core_ext.c:71:5: warning: ‘rb_data_object_get_warning’ is deprecated: by TypedData [-Wdeprecated-declarations]
   71 |     ENSURE_PACKER(argc, argv, packer, pk);
      |     ^~~~~~~~~~~~~
In file included from /usr/share/rbenv/versions/3.4.1/include/ruby-3.4.0/ruby/internal/core.h:27,
                 from /usr/share/rbenv/versions/3.4.1/include/ruby-3.4.0/ruby/ruby.h:29,
                 from /usr/share/rbenv/versions/3.4.1/include/ruby-3.4.0/ruby.h:38,
                 from compat.h:30,
                 from core_ext.h:30,
                 from core_ext.c:28:
/usr/share/rbenv/versions/3.4.1/include/ruby-3.4.0/ruby/internal/core/rdata.h:325:1: note: declared here
  325 | rb_data_object_get_warning(VALUE obj)
      | ^~~~~~~~~~~~~~~~~~~~~~~~~~
core_ext.c: In function ‘Integer_to_msgpack’:
core_ext.c:80:3: warning: ‘rb_data_object_get_warning’ is deprecated: by TypedData [-Wdeprecated-declarations]
   80 |   ENSURE_PACKER(argc, argv, packer, pk);
      |   ^~~~~~~~~~~~~
In file included from /usr/share/rbenv/versions/3.4.1/include/ruby-3.4.0/ruby/internal/core.h:27,
                 from /usr/share/rbenv/versions/3.4.1/include/ruby-3.4.0/ruby/ruby.h:29,
                 from /usr/share/rbenv/versions/3.4.1/include/ruby-3.4.0/ruby.h:38,
                 from compat.h:30,
                 from core_ext.h:30,
                 from core_ext.c:28:
/usr/share/rbenv/versions/3.4.1/include/ruby-3.4.0/ruby/internal/core/rdata.h:325:1: note: declared here
  325 | rb_data_object_get_warning(VALUE obj)
      | ^~~~~~~~~~~~~~~~~~~~~~~~~~
buffer_class.c: In function ‘Buffer_write_to’:
buffer_class.c:480:5: warning: ‘rb_data_object_get_warning’ is deprecated: by TypedData [-Wdeprecated-declarations]
  480 |     BUFFER(self, b);
      |     ^~~~~~
In file included from /usr/share/rbenv/versions/3.4.1/include/ruby-3.4.0/ruby/internal/core.h:27,
                 from /usr/share/rbenv/versions/3.4.1/include/ruby-3.4.0/ruby/ruby.h:29,
                 from /usr/share/rbenv/versions/3.4.1/include/ruby-3.4.0/ruby.h:38,
                 from compat.h:30,
                 from buffer_class.c:28:
/usr/share/rbenv/versions/3.4.1/include/ruby-3.4.0/ruby/internal/core/rdata.h:325:1: note: declared here
  325 | rb_data_object_get_warning(VALUE obj)
      | ^~~~~~~~~~~~~~~~~~~~~~~~~~
core_ext.c: In function ‘Float_to_msgpack’:
core_ext.c:108:5: warning: ‘rb_data_object_get_warning’ is deprecated: by TypedData [-Wdeprecated-declarations]
  108 |     ENSURE_PACKER(argc, argv, packer, pk);
      |     ^~~~~~~~~~~~~
In file included from /usr/share/rbenv/versions/3.4.1/include/ruby-3.4.0/ruby/internal/core.h:27,
                 from /usr/share/rbenv/versions/3.4.1/include/ruby-3.4.0/ruby/ruby.h:29,
                 from /usr/share/rbenv/versions/3.4.1/include/ruby-3.4.0/ruby.h:38,
                 from compat.h:30,
                 from core_ext.h:30,
                 from core_ext.c:28:
/usr/share/rbenv/versions/3.4.1/include/ruby-3.4.0/ruby/internal/core/rdata.h:325:1: note: declared here
  325 | rb_data_object_get_warning(VALUE obj)
      | ^~~~~~~~~~~~~~~~~~~~~~~~~~
core_ext.c: In function ‘String_to_msgpack’:
core_ext.c:115:5: warning: ‘rb_data_object_get_warning’ is deprecated: by TypedData [-Wdeprecated-declarations]
  115 |     ENSURE_PACKER(argc, argv, packer, pk);
      |     ^~~~~~~~~~~~~
In file included from /usr/share/rbenv/versions/3.4.1/include/ruby-3.4.0/ruby/internal/core.h:27,
                 from /usr/share/rbenv/versions/3.4.1/include/ruby-3.4.0/ruby/ruby.h:29,
                 from /usr/share/rbenv/versions/3.4.1/include/ruby-3.4.0/ruby.h:38,
                 from compat.h:30,
                 from core_ext.h:30,
                 from core_ext.c:28:
/usr/share/rbenv/versions/3.4.1/include/ruby-3.4.0/ruby/internal/core/rdata.h:325:1: note: declared here
  325 | rb_data_object_get_warning(VALUE obj)
      | ^~~~~~~~~~~~~~~~~~~~~~~~~~
core_ext.c: In function ‘Array_to_msgpack’:
core_ext.c:122:5: warning: ‘rb_data_object_get_warning’ is deprecated: by TypedData [-Wdeprecated-declarations]
  122 |     ENSURE_PACKER(argc, argv, packer, pk);
      |     ^~~~~~~~~~~~~
In file included from /usr/share/rbenv/versions/3.4.1/include/ruby-3.4.0/ruby/internal/core.h:27,
                 from /usr/share/rbenv/versions/3.4.1/include/ruby-3.4.0/ruby/ruby.h:29,
                 from /usr/share/rbenv/versions/3.4.1/include/ruby-3.4.0/ruby.h:38,
                 from compat.h:30,
                 from core_ext.h:30,
                 from core_ext.c:28:
/usr/share/rbenv/versions/3.4.1/include/ruby-3.4.0/ruby/internal/core/rdata.h:325:1: note: declared here
  325 | rb_data_object_get_warning(VALUE obj)
      | ^~~~~~~~~~~~~~~~~~~~~~~~~~
core_ext.c: In function ‘Hash_to_msgpack’:
core_ext.c:129:5: warning: ‘rb_data_object_get_warning’ is deprecated: by TypedData [-Wdeprecated-declarations]
  129 |     ENSURE_PACKER(argc, argv, packer, pk);
      |     ^~~~~~~~~~~~~
In file included from /usr/share/rbenv/versions/3.4.1/include/ruby-3.4.0/ruby/internal/core.h:27,
                 from /usr/share/rbenv/versions/3.4.1/include/ruby-3.4.0/ruby/ruby.h:29,
                 from /usr/share/rbenv/versions/3.4.1/include/ruby-3.4.0/ruby.h:38,
                 from compat.h:30,
                 from core_ext.h:30,
                 from core_ext.c:28:
/usr/share/rbenv/versions/3.4.1/include/ruby-3.4.0/ruby/internal/core/rdata.h:325:1: note: declared here
  325 | rb_data_object_get_warning(VALUE obj)
      | ^~~~~~~~~~~~~~~~~~~~~~~~~~
core_ext.c: In function ‘Symbol_to_msgpack’:
core_ext.c:136:5: warning: ‘rb_data_object_get_warning’ is deprecated: by TypedData [-Wdeprecated-declarations]
  136 |     ENSURE_PACKER(argc, argv, packer, pk);
      |     ^~~~~~~~~~~~~
In file included from /usr/share/rbenv/versions/3.4.1/include/ruby-3.4.0/ruby/internal/core.h:27,
                 from /usr/share/rbenv/versions/3.4.1/include/ruby-3.4.0/ruby/ruby.h:29,
                 from /usr/share/rbenv/versions/3.4.1/include/ruby-3.4.0/ruby.h:38,
                 from compat.h:30,
                 from core_ext.h:30,
                 from core_ext.c:28:
/usr/share/rbenv/versions/3.4.1/include/ruby-3.4.0/ruby/internal/core/rdata.h:325:1: note: declared here
  325 | rb_data_object_get_warning(VALUE obj)
      | ^~~~~~~~~~~~~~~~~~~~~~~~~~
core_ext.c: In function ‘Simple_to_msgpack’:
core_ext.c:143:5: warning: ‘rb_data_object_get_warning’ is deprecated: by TypedData [-Wdeprecated-declarations]
  143 |     ENSURE_PACKER(argc, argv, packer, pk);
      |     ^~~~~~~~~~~~~
In file included from /usr/share/rbenv/versions/3.4.1/include/ruby-3.4.0/ruby/internal/core.h:27,
                 from /usr/share/rbenv/versions/3.4.1/include/ruby-3.4.0/ruby/ruby.h:29,
                 from /usr/share/rbenv/versions/3.4.1/include/ruby-3.4.0/ruby.h:38,
                 from compat.h:30,
                 from core_ext.h:30,
                 from core_ext.c:28:
/usr/share/rbenv/versions/3.4.1/include/ruby-3.4.0/ruby/internal/core/rdata.h:325:1: note: declared here
  325 | rb_data_object_get_warning(VALUE obj)
      | ^~~~~~~~~~~~~~~~~~~~~~~~~~
core_ext.c: In function ‘Tagged_to_msgpack’:
core_ext.c:150:5: warning: ‘rb_data_object_get_warning’ is deprecated: by TypedData [-Wdeprecated-declarations]
  150 |     ENSURE_PACKER(argc, argv, packer, pk);
      |     ^~~~~~~~~~~~~
In file included from /usr/share/rbenv/versions/3.4.1/include/ruby-3.4.0/ruby/internal/core.h:27,
                 from /usr/share/rbenv/versions/3.4.1/include/ruby-3.4.0/ruby/ruby.h:29,
                 from /usr/share/rbenv/versions/3.4.1/include/ruby-3.4.0/ruby.h:38,
                 from compat.h:30,
                 from core_ext.h:30,
                 from core_ext.c:28:
/usr/share/rbenv/versions/3.4.1/include/ruby-3.4.0/ruby/internal/core/rdata.h:325:1: note: declared here
  325 | rb_data_object_get_warning(VALUE obj)
      | ^~~~~~~~~~~~~~~~~~~~~~~~~~
core_ext.c: In function ‘Regexp_to_msgpack’:
core_ext.c:157:5: warning: ‘rb_data_object_get_warning’ is deprecated: by TypedData [-Wdeprecated-declarations]
  157 |     ENSURE_PACKER(argc, argv, packer, pk);
      |     ^~~~~~~~~~~~~
In file included from /usr/share/rbenv/versions/3.4.1/include/ruby-3.4.0/ruby/internal/core.h:27,
                 from /usr/share/rbenv/versions/3.4.1/include/ruby-3.4.0/ruby/ruby.h:29,
                 from /usr/share/rbenv/versions/3.4.1/include/ruby-3.4.0/ruby.h:38,
                 from compat.h:30,
                 from core_ext.h:30,
                 from core_ext.c:28:
/usr/share/rbenv/versions/3.4.1/include/ruby-3.4.0/ruby/internal/core/rdata.h:325:1: note: declared here
  325 | rb_data_object_get_warning(VALUE obj)
      | ^~~~~~~~~~~~~~~~~~~~~~~~~~
core_ext.c: In function ‘URI_to_msgpack’:
core_ext.c:164:5: warning: ‘rb_data_object_get_warning’ is deprecated: by TypedData [-Wdeprecated-declarations]
  164 |     ENSURE_PACKER(argc, argv, packer, pk);
      |     ^~~~~~~~~~~~~
In file included from /usr/share/rbenv/versions/3.4.1/include/ruby-3.4.0/ruby/internal/core.h:27,
                 from /usr/share/rbenv/versions/3.4.1/include/ruby-3.4.0/ruby/ruby.h:29,
                 from /usr/share/rbenv/versions/3.4.1/include/ruby-3.4.0/ruby.h:38,
                 from compat.h:30,
                 from core_ext.h:30,
                 from core_ext.c:28:
/usr/share/rbenv/versions/3.4.1/include/ruby-3.4.0/ruby/internal/core/rdata.h:325:1: note: declared here
  325 | rb_data_object_get_warning(VALUE obj)
      | ^~~~~~~~~~~~~~~~~~~~~~~~~~
core_ext.c: In function ‘Time_to_msgpack’:
core_ext.c:171:5: warning: ‘rb_data_object_get_warning’ is deprecated: by TypedData [-Wdeprecated-declarations]
  171 |     ENSURE_PACKER(argc, argv, packer, pk);
      |     ^~~~~~~~~~~~~
In file included from /usr/share/rbenv/versions/3.4.1/include/ruby-3.4.0/ruby/internal/core.h:27,
                 from /usr/share/rbenv/versions/3.4.1/include/ruby-3.4.0/ruby/ruby.h:29,
                 from /usr/share/rbenv/versions/3.4.1/include/ruby-3.4.0/ruby.h:38,
                 from compat.h:30,
                 from core_ext.h:30,
                 from core_ext.c:28:
/usr/share/rbenv/versions/3.4.1/include/ruby-3.4.0/ruby/internal/core/rdata.h:325:1: note: declared here
  325 | rb_data_object_get_warning(VALUE obj)
      | ^~~~~~~~~~~~~~~~~~~~~~~~~~
unpacker_class.c: In function ‘Unpacker_alloc’:
unpacker_class.c:63:5: warning: ‘rb_data_object_wrap_warning’ is deprecated: by TypedData [-Wdeprecated-declarations]
   63 |     VALUE self = Data_Wrap_Struct(klass, msgpack_unpacker_mark, Unpacker_free, uk);
      |     ^~~~~
In file included from /usr/share/rbenv/versions/3.4.1/include/ruby-3.4.0/ruby/internal/core.h:27,
                 from /usr/share/rbenv/versions/3.4.1/include/ruby-3.4.0/ruby/ruby.h:29,
                 from /usr/share/rbenv/versions/3.4.1/include/ruby-3.4.0/ruby.h:38,
                 from compat.h:30,
                 from buffer.h:32,
                 from unpacker.h:30,
                 from unpacker_class.c:28:
/usr/share/rbenv/versions/3.4.1/include/ruby-3.4.0/ruby/internal/core/rdata.h:293:1: note: declared here
  293 | rb_data_object_wrap_warning(VALUE klass, void *ptr, RUBY_DATA_FUNC mark, RUBY_DATA_FUNC free)
      | ^~~~~~~~~~~~~~~~~~~~~~~~~~~
unpacker_class.c: In function ‘Unpacker_initialize’:
unpacker_class.c:97:5: warning: ‘rb_data_object_get_warning’ is deprecated: by TypedData [-Wdeprecated-declarations]
   97 |     UNPACKER(self, uk);
      |     ^~~~~~~~
In file included from /usr/share/rbenv/versions/3.4.1/include/ruby-3.4.0/ruby/internal/core.h:27,
                 from /usr/share/rbenv/versions/3.4.1/include/ruby-3.4.0/ruby/ruby.h:29,
                 from /usr/share/rbenv/versions/3.4.1/include/ruby-3.4.0/ruby.h:38,
                 from compat.h:30,
                 from buffer.h:32,
                 from unpacker.h:30,
                 from unpacker_class.c:28:
/usr/share/rbenv/versions/3.4.1/include/ruby-3.4.0/ruby/internal/core/rdata.h:325:1: note: declared here
  325 | rb_data_object_get_warning(VALUE obj)
      | ^~~~~~~~~~~~~~~~~~~~~~~~~~
unpacker_class.c: In function ‘Unpacker_buffer’:
unpacker_class.c:130:5: warning: ‘rb_data_object_get_warning’ is deprecated: by TypedData [-Wdeprecated-declarations]
  130 |     UNPACKER(self, uk);
      |     ^~~~~~~~
In file included from /usr/share/rbenv/versions/3.4.1/include/ruby-3.4.0/ruby/internal/core.h:27,
                 from /usr/share/rbenv/versions/3.4.1/include/ruby-3.4.0/ruby/ruby.h:29,
                 from /usr/share/rbenv/versions/3.4.1/include/ruby-3.4.0/ruby.h:38,
                 from compat.h:30,
                 from buffer.h:32,
                 from unpacker.h:30,
                 from unpacker_class.c:28:
/usr/share/rbenv/versions/3.4.1/include/ruby-3.4.0/ruby/internal/core/rdata.h:325:1: note: declared here
  325 | rb_data_object_get_warning(VALUE obj)
      | ^~~~~~~~~~~~~~~~~~~~~~~~~~
unpacker_class.c: In function ‘Unpacker_read’:
unpacker_class.c:136:5: warning: ‘rb_data_object_get_warning’ is deprecated: by TypedData [-Wdeprecated-declarations]
  136 |     UNPACKER(self, uk);
      |     ^~~~~~~~
In file included from /usr/share/rbenv/versions/3.4.1/include/ruby-3.4.0/ruby/internal/core.h:27,
                 from /usr/share/rbenv/versions/3.4.1/include/ruby-3.4.0/ruby/ruby.h:29,
                 from /usr/share/rbenv/versions/3.4.1/include/ruby-3.4.0/ruby.h:38,
                 from compat.h:30,
                 from buffer.h:32,
                 from unpacker.h:30,
                 from unpacker_class.c:28:
/usr/share/rbenv/versions/3.4.1/include/ruby-3.4.0/ruby/internal/core/rdata.h:325:1: note: declared here
  325 | rb_data_object_get_warning(VALUE obj)
      | ^~~~~~~~~~~~~~~~~~~~~~~~~~
unpacker_class.c: In function ‘Unpacker_skip’:
unpacker_class.c:148:5: warning: ‘rb_data_object_get_warning’ is deprecated: by TypedData [-Wdeprecated-declarations]
  148 |     UNPACKER(self, uk);
      |     ^~~~~~~~
In file included from /usr/share/rbenv/versions/3.4.1/include/ruby-3.4.0/ruby/internal/core.h:27,
                 from /usr/share/rbenv/versions/3.4.1/include/ruby-3.4.0/ruby/ruby.h:29,
                 from /usr/share/rbenv/versions/3.4.1/include/ruby-3.4.0/ruby.h:38,
                 from compat.h:30,
                 from buffer.h:32,
                 from unpacker.h:30,
                 from unpacker_class.c:28:
/usr/share/rbenv/versions/3.4.1/include/ruby-3.4.0/ruby/internal/core/rdata.h:325:1: note: declared here
  325 | rb_data_object_get_warning(VALUE obj)
      | ^~~~~~~~~~~~~~~~~~~~~~~~~~
unpacker_class.c: In function ‘Unpacker_skip_nil’:
unpacker_class.c:160:5: warning: ‘rb_data_object_get_warning’ is deprecated: by TypedData [-Wdeprecated-declarations]
  160 |     UNPACKER(self, uk);
      |     ^~~~~~~~
In file included from /usr/share/rbenv/versions/3.4.1/include/ruby-3.4.0/ruby/internal/core.h:27,
                 from /usr/share/rbenv/versions/3.4.1/include/ruby-3.4.0/ruby/ruby.h:29,
                 from /usr/share/rbenv/versions/3.4.1/include/ruby-3.4.0/ruby.h:38,
                 from compat.h:30,
                 from buffer.h:32,
                 from unpacker.h:30,
                 from unpacker_class.c:28:
/usr/share/rbenv/versions/3.4.1/include/ruby-3.4.0/ruby/internal/core/rdata.h:325:1: note: declared here
  325 | rb_data_object_get_warning(VALUE obj)
      | ^~~~~~~~~~~~~~~~~~~~~~~~~~
unpacker_class.c: In function ‘Unpacker_read_array_header’:
unpacker_class.c:175:5: warning: ‘rb_data_object_get_warning’ is deprecated: by TypedData [-Wdeprecated-declarations]
  175 |     UNPACKER(self, uk);
      |     ^~~~~~~~
In file included from /usr/share/rbenv/versions/3.4.1/include/ruby-3.4.0/ruby/internal/core.h:27,
                 from /usr/share/rbenv/versions/3.4.1/include/ruby-3.4.0/ruby/ruby.h:29,
                 from /usr/share/rbenv/versions/3.4.1/include/ruby-3.4.0/ruby.h:38,
                 from compat.h:30,
                 from buffer.h:32,
                 from unpacker.h:30,
                 from unpacker_class.c:28:
/usr/share/rbenv/versions/3.4.1/include/ruby-3.4.0/ruby/internal/core/rdata.h:325:1: note: declared here
  325 | rb_data_object_get_warning(VALUE obj)
      | ^~~~~~~~~~~~~~~~~~~~~~~~~~
unpacker_class.c: In function ‘Unpacker_read_map_header’:
unpacker_class.c:188:5: warning: ‘rb_data_object_get_warning’ is deprecated: by TypedData [-Wdeprecated-declarations]
  188 |     UNPACKER(self, uk);
      |     ^~~~~~~~
In file included from /usr/share/rbenv/versions/3.4.1/include/ruby-3.4.0/ruby/internal/core.h:27,
                 from /usr/share/rbenv/versions/3.4.1/include/ruby-3.4.0/ruby/ruby.h:29,
                 from /usr/share/rbenv/versions/3.4.1/include/ruby-3.4.0/ruby.h:38,
                 from compat.h:30,
                 from buffer.h:32,
                 from unpacker.h:30,
                 from unpacker_class.c:28:
/usr/share/rbenv/versions/3.4.1/include/ruby-3.4.0/ruby/internal/core/rdata.h:325:1: note: declared here
  325 | rb_data_object_get_warning(VALUE obj)
      | ^~~~~~~~~~~~~~~~~~~~~~~~~~
unpacker_class.c: In function ‘Unpacker_feed’:
unpacker_class.c:232:5: warning: ‘rb_data_object_get_warning’ is deprecated: by TypedData [-Wdeprecated-declarations]
  232 |     UNPACKER(self, uk);
      |     ^~~~~~~~
In file included from /usr/share/rbenv/versions/3.4.1/include/ruby-3.4.0/ruby/internal/core.h:27,
                 from /usr/share/rbenv/versions/3.4.1/include/ruby-3.4.0/ruby/ruby.h:29,
                 from /usr/share/rbenv/versions/3.4.1/include/ruby-3.4.0/ruby.h:38,
                 from compat.h:30,
                 from buffer.h:32,
                 from unpacker.h:30,
                 from unpacker_class.c:28:
/usr/share/rbenv/versions/3.4.1/include/ruby-3.4.0/ruby/internal/core/rdata.h:325:1: note: declared here
  325 | rb_data_object_get_warning(VALUE obj)
      | ^~~~~~~~~~~~~~~~~~~~~~~~~~
unpacker_class.c: In function ‘Unpacker_each_impl’:
unpacker_class.c:243:5: warning: ‘rb_data_object_get_warning’ is deprecated: by TypedData [-Wdeprecated-declarations]
  243 |     UNPACKER(self, uk);
      |     ^~~~~~~~
In file included from /usr/share/rbenv/versions/3.4.1/include/ruby-3.4.0/ruby/internal/core.h:27,
                 from /usr/share/rbenv/versions/3.4.1/include/ruby-3.4.0/ruby/ruby.h:29,
                 from /usr/share/rbenv/versions/3.4.1/include/ruby-3.4.0/ruby.h:38,
                 from compat.h:30,
                 from buffer.h:32,
                 from unpacker.h:30,
                 from unpacker_class.c:28:
/usr/share/rbenv/versions/3.4.1/include/ruby-3.4.0/ruby/internal/core/rdata.h:325:1: note: declared here
  325 | rb_data_object_get_warning(VALUE obj)
      | ^~~~~~~~~~~~~~~~~~~~~~~~~~
unpacker_class.c: In function ‘Unpacker_each’:
unpacker_class.c:273:5: warning: ‘rb_data_object_get_warning’ is deprecated: by TypedData [-Wdeprecated-declarations]
  273 |     UNPACKER(self, uk);
      |     ^~~~~~~~
In file included from /usr/share/rbenv/versions/3.4.1/include/ruby-3.4.0/ruby/internal/core.h:27,
                 from /usr/share/rbenv/versions/3.4.1/include/ruby-3.4.0/ruby/ruby.h:29,
                 from /usr/share/rbenv/versions/3.4.1/include/ruby-3.4.0/ruby.h:38,
                 from compat.h:30,
                 from buffer.h:32,
                 from unpacker.h:30,
                 from unpacker_class.c:28:
/usr/share/rbenv/versions/3.4.1/include/ruby-3.4.0/ruby/internal/core/rdata.h:325:1: note: declared here
  325 | rb_data_object_get_warning(VALUE obj)
      | ^~~~~~~~~~~~~~~~~~~~~~~~~~
unpacker_class.c: In function ‘Unpacker_reset’:
unpacker_class.c:298:5: warning: ‘rb_data_object_get_warning’ is deprecated: by TypedData [-Wdeprecated-declarations]
  298 |     UNPACKER(self, uk);
      |     ^~~~~~~~
In file included from /usr/share/rbenv/versions/3.4.1/include/ruby-3.4.0/ruby/internal/core.h:27,
                 from /usr/share/rbenv/versions/3.4.1/include/ruby-3.4.0/ruby/ruby.h:29,
                 from /usr/share/rbenv/versions/3.4.1/include/ruby-3.4.0/ruby.h:38,
                 from compat.h:30,
                 from buffer.h:32,
                 from unpacker.h:30,
                 from unpacker_class.c:28:
/usr/share/rbenv/versions/3.4.1/include/ruby-3.4.0/ruby/internal/core/rdata.h:325:1: note: declared here
  325 | rb_data_object_get_warning(VALUE obj)
      | ^~~~~~~~~~~~~~~~~~~~~~~~~~
unpacker_class.c: In function ‘CBOR_unpack’:
unpacker_class.c:339:5: warning: ‘rb_data_object_get_warning’ is deprecated: by TypedData [-Wdeprecated-declarations]
  339 |     UNPACKER(self, uk);
      |     ^~~~~~~~
In file included from /usr/share/rbenv/versions/3.4.1/include/ruby-3.4.0/ruby/internal/core.h:27,
                 from /usr/share/rbenv/versions/3.4.1/include/ruby-3.4.0/ruby/ruby.h:29,
                 from /usr/share/rbenv/versions/3.4.1/include/ruby-3.4.0/ruby.h:38,
                 from compat.h:30,
                 from buffer.h:32,
                 from unpacker.h:30,
                 from unpacker_class.c:28:
/usr/share/rbenv/versions/3.4.1/include/ruby-3.4.0/ruby/internal/core/rdata.h:325:1: note: declared here
  325 | rb_data_object_get_warning(VALUE obj)
      | ^~~~~~~~~~~~~~~~~~~~~~~~~~
linking shared-object cbor/cbor.so

current directory: /github/vendor/gems/3.4.1/ruby/3.4.0/gems/cbor-0.5.9.8/ext/cbor
make -j16 DESTDIR\= sitearchdir\=./.gem.20250509-147-i7oev sitelibdir\=./.gem.20250509-147-i7oev install
/usr/bin/install -c -m 0755 cbor.so ./.gem.20250509-147-i7oev/cbor

current directory: /github/vendor/gems/3.4.1/ruby/3.4.0/gems/cbor-0.5.9.8/ext/cbor
make -j16 DESTDIR\= sitearchdir\=./.gem.20250509-147-i7oev sitelibdir\=./.gem.20250509-147-i7oev clean
