current directory: /github/vendor/gems/3.3.4/ruby/3.3.0/gems/goomba-0.0.1.524.g069b966/ext/goomba
/usr/share/rbenv/versions/3.3.4/bin/ruby extconf.rb
creating Makefile

current directory: /github/vendor/gems/3.3.4/ruby/3.3.0/gems/goomba-0.0.1.524.g069b966/ext/goomba
make DESTDIR\= sitearchdir\=./.gem.20241106-113-t3vgng sitelibdir\=./.gem.20241106-113-t3vgng clean

current directory: /github/vendor/gems/3.3.4/ruby/3.3.0/gems/goomba-0.0.1.524.g069b966/ext/goomba
make DESTDIR\= sitearchdir\=./.gem.20241106-113-t3vgng sitelibdir\=./.gem.20241106-113-t3vgng
compiling attribute.c
compiling char_ref.c
compiling error.c
compiling goomba.c
compiling goomba_css.c
compiling goomba_css_parse.c
compiling goomba_css_rb.c
compiling goomba_doc.c
compiling goomba_dom_helpers.c
compiling goomba_find.c
compiling goomba_sanitizer.c
compiling goomba_sanitizer_rb.c
compiling goomba_serialize.c
compiling parser.c
compiling goomba_strset.c
compiling perf.c
compiling string_buffer.c
compiling string_piece.c
compiling tag.c
compiling tokenizer.c
compiling utf8.c
compiling util.c
compiling vector.c
linking shared-object goomba.so

current directory: /github/vendor/gems/3.3.4/ruby/3.3.0/gems/goomba-0.0.1.524.g069b966/ext/goomba
make DESTDIR\= sitearchdir\=./.gem.20241106-113-t3vgng sitelibdir\=./.gem.20241106-113-t3vgng install
/usr/bin/install -c -m 0755 goomba.so ./.gem.20241106-113-t3vgng

current directory: /github/vendor/gems/3.3.4/ruby/3.3.0/gems/goomba-0.0.1.524.g069b966/ext/goomba
make DESTDIR\= sitearchdir\=./.gem.20241106-113-t3vgng sitelibdir\=./.gem.20241106-113-t3vgng clean
