Performing C SOURCE FILE Test CMAKE_HAVE_LIBC_PTHREAD failed with the following output:
Change Dir: /github/vendor/gems/3.3.4/ruby/3.3.0/gems/rugged-1.4.3.102.ga6b7142/vendor/libgit2/build/CMakeFiles/CMakeTmp

Run Build Command(s):/usr/bin/make cmTC_01fac/fast && /usr/bin/make -f CMakeFiles/cmTC_01fac.dir/build.make CMakeFiles/cmTC_01fac.dir/build
make[1]: Entering directory '/github/vendor/gems/3.3.4/ruby/3.3.0/gems/rugged-1.4.3.102.ga6b7142/vendor/libgit2/build/CMakeFiles/CMakeTmp'
Building C object CMakeFiles/cmTC_01fac.dir/src.c.o
/usr/bin/gcc   -fPIC -DCMAKE_HAVE_LIBC_PTHREAD   -o CMakeFiles/cmTC_01fac.dir/src.c.o   -c /github/vendor/gems/3.3.4/ruby/3.3.0/gems/rugged-1.4.3.102.ga6b7142/vendor/libgit2/build/CMakeFiles/CMakeTmp/src.c
Linking C executable cmTC_01fac
/usr/bin/cmake -E cmake_link_script CMakeFiles/cmTC_01fac.dir/link.txt --verbose=1
/usr/bin/gcc -fPIC -DCMAKE_HAVE_LIBC_PTHREAD    CMakeFiles/cmTC_01fac.dir/src.c.o  -o cmTC_01fac 
/usr/bin/ld: CMakeFiles/cmTC_01fac.dir/src.c.o: in function `main':
src.c:(.text+0x46): undefined reference to `pthread_create'
/usr/bin/ld: src.c:(.text+0x52): undefined reference to `pthread_detach'
/usr/bin/ld: src.c:(.text+0x63): undefined reference to `pthread_join'
collect2: error: ld returned 1 exit status
make[1]: *** [CMakeFiles/cmTC_01fac.dir/build.make:87: cmTC_01fac] Error 1
make[1]: Leaving directory '/github/vendor/gems/3.3.4/ruby/3.3.0/gems/rugged-1.4.3.102.ga6b7142/vendor/libgit2/build/CMakeFiles/CMakeTmp'
make: *** [Makefile:121: cmTC_01fac/fast] Error 2


Source file was:
#include <pthread.h>

void* test_func(void* data)
{
  return data;
}

int main(void)
{
  pthread_t thread;
  pthread_create(&thread, NULL, test_func, NULL);
  pthread_detach(thread);
  pthread_join(thread, NULL);
  pthread_atfork(NULL, NULL, NULL);
  pthread_exit(NULL);

  return 0;
}

Determining if the function pthread_create exists in the pthreads failed with the following output:
Change Dir: /github/vendor/gems/3.3.4/ruby/3.3.0/gems/rugged-1.4.3.102.ga6b7142/vendor/libgit2/build/CMakeFiles/CMakeTmp

Run Build Command(s):/usr/bin/make cmTC_0d538/fast && /usr/bin/make -f CMakeFiles/cmTC_0d538.dir/build.make CMakeFiles/cmTC_0d538.dir/build
make[1]: Entering directory '/github/vendor/gems/3.3.4/ruby/3.3.0/gems/rugged-1.4.3.102.ga6b7142/vendor/libgit2/build/CMakeFiles/CMakeTmp'
Building C object CMakeFiles/cmTC_0d538.dir/CheckFunctionExists.c.o
/usr/bin/gcc   -fPIC -DCHECK_FUNCTION_EXISTS=pthread_create   -o CMakeFiles/cmTC_0d538.dir/CheckFunctionExists.c.o   -c /usr/share/cmake-3.16/Modules/CheckFunctionExists.c
Linking C executable cmTC_0d538
/usr/bin/cmake -E cmake_link_script CMakeFiles/cmTC_0d538.dir/link.txt --verbose=1
/usr/bin/gcc -fPIC -DCHECK_FUNCTION_EXISTS=pthread_create    CMakeFiles/cmTC_0d538.dir/CheckFunctionExists.c.o  -o cmTC_0d538  -lpthreads 
/usr/bin/ld: cannot find -lpthreads
collect2: error: ld returned 1 exit status
make[1]: *** [CMakeFiles/cmTC_0d538.dir/build.make:87: cmTC_0d538] Error 1
make[1]: Leaving directory '/github/vendor/gems/3.3.4/ruby/3.3.0/gems/rugged-1.4.3.102.ga6b7142/vendor/libgit2/build/CMakeFiles/CMakeTmp'
make: *** [Makefile:121: cmTC_0d538/fast] Error 2



Performing C SOURCE FILE Test HAVE_STRUCT_STAT_ST_MTIMESPEC failed with the following output:
Change Dir: /github/vendor/gems/3.3.4/ruby/3.3.0/gems/rugged-1.4.3.102.ga6b7142/vendor/libgit2/build/CMakeFiles/CMakeTmp

Run Build Command(s):/usr/bin/make cmTC_2d58c/fast && /usr/bin/make -f CMakeFiles/cmTC_2d58c.dir/build.make CMakeFiles/cmTC_2d58c.dir/build
make[1]: Entering directory '/github/vendor/gems/3.3.4/ruby/3.3.0/gems/rugged-1.4.3.102.ga6b7142/vendor/libgit2/build/CMakeFiles/CMakeTmp'
Building C object CMakeFiles/cmTC_2d58c.dir/src.c.o
/usr/bin/gcc   -fPIC -DHAVE_STRUCT_STAT_ST_MTIMESPEC   -o CMakeFiles/cmTC_2d58c.dir/src.c.o   -c /github/vendor/gems/3.3.4/ruby/3.3.0/gems/rugged-1.4.3.102.ga6b7142/vendor/libgit2/build/CMakeFiles/CMakeTmp/src.c
/github/vendor/gems/3.3.4/ruby/3.3.0/gems/rugged-1.4.3.102.ga6b7142/vendor/libgit2/build/CMakeFiles/CMakeTmp/src.c: In function ‘main’:
/github/vendor/gems/3.3.4/ruby/3.3.0/gems/rugged-1.4.3.102.ga6b7142/vendor/libgit2/build/CMakeFiles/CMakeTmp/src.c:7:34: error: ‘struct stat’ has no member named ‘st_mtimespec’
    7 |   (void)sizeof(((struct stat *)0)->st_mtimespec);
      |                                  ^~
make[1]: *** [CMakeFiles/cmTC_2d58c.dir/build.make:66: CMakeFiles/cmTC_2d58c.dir/src.c.o] Error 1
make[1]: Leaving directory '/github/vendor/gems/3.3.4/ruby/3.3.0/gems/rugged-1.4.3.102.ga6b7142/vendor/libgit2/build/CMakeFiles/CMakeTmp'
make: *** [Makefile:121: cmTC_2d58c/fast] Error 2


Source file was:

#include <sys/types.h>
#include <sys/stat.h>

int main()
{
  (void)sizeof(((struct stat *)0)->st_mtimespec);
  return 0;
}

Performing C SOURCE FILE Test HAVE_STRUCT_STAT_MTIME_NSEC failed with the following output:
Change Dir: /github/vendor/gems/3.3.4/ruby/3.3.0/gems/rugged-1.4.3.102.ga6b7142/vendor/libgit2/build/CMakeFiles/CMakeTmp

Run Build Command(s):/usr/bin/make cmTC_dd5e7/fast && /usr/bin/make -f CMakeFiles/cmTC_dd5e7.dir/build.make CMakeFiles/cmTC_dd5e7.dir/build
make[1]: Entering directory '/github/vendor/gems/3.3.4/ruby/3.3.0/gems/rugged-1.4.3.102.ga6b7142/vendor/libgit2/build/CMakeFiles/CMakeTmp'
Building C object CMakeFiles/cmTC_dd5e7.dir/src.c.o
/usr/bin/gcc   -fPIC -DHAVE_STRUCT_STAT_MTIME_NSEC   -o CMakeFiles/cmTC_dd5e7.dir/src.c.o   -c /github/vendor/gems/3.3.4/ruby/3.3.0/gems/rugged-1.4.3.102.ga6b7142/vendor/libgit2/build/CMakeFiles/CMakeTmp/src.c
/github/vendor/gems/3.3.4/ruby/3.3.0/gems/rugged-1.4.3.102.ga6b7142/vendor/libgit2/build/CMakeFiles/CMakeTmp/src.c: In function ‘main’:
/github/vendor/gems/3.3.4/ruby/3.3.0/gems/rugged-1.4.3.102.ga6b7142/vendor/libgit2/build/CMakeFiles/CMakeTmp/src.c:6:34: error: ‘struct stat’ has no member named ‘st_mtime_nsec’
    6 |   (void)sizeof(((struct stat *)0)->st_mtime_nsec);
      |                                  ^~
make[1]: *** [CMakeFiles/cmTC_dd5e7.dir/build.make:66: CMakeFiles/cmTC_dd5e7.dir/src.c.o] Error 1
make[1]: Leaving directory '/github/vendor/gems/3.3.4/ruby/3.3.0/gems/rugged-1.4.3.102.ga6b7142/vendor/libgit2/build/CMakeFiles/CMakeTmp'
make: *** [Makefile:121: cmTC_dd5e7/fast] Error 2


Source file was:

#include <sys/stat.h>

int main()
{
  (void)sizeof(((struct stat *)0)->st_mtime_nsec);
  return 0;
}

Performing C SOURCE FILE Test IS_WDOCUMENTATION_SUPPORTED failed with the following output:
Change Dir: /github/vendor/gems/3.3.4/ruby/3.3.0/gems/rugged-1.4.3.102.ga6b7142/vendor/libgit2/build/CMakeFiles/CMakeTmp

Run Build Command(s):/usr/bin/make cmTC_a2ea1/fast && /usr/bin/make -f CMakeFiles/cmTC_a2ea1.dir/build.make CMakeFiles/cmTC_a2ea1.dir/build
make[1]: Entering directory '/github/vendor/gems/3.3.4/ruby/3.3.0/gems/rugged-1.4.3.102.ga6b7142/vendor/libgit2/build/CMakeFiles/CMakeTmp'
Building C object CMakeFiles/cmTC_a2ea1.dir/src.c.o
/usr/bin/gcc   -D_GNU_SOURCE -fPIC -Wall -Wextra -DIS_WDOCUMENTATION_SUPPORTED   -Wdocumentation -o CMakeFiles/cmTC_a2ea1.dir/src.c.o   -c /github/vendor/gems/3.3.4/ruby/3.3.0/gems/rugged-1.4.3.102.ga6b7142/vendor/libgit2/build/CMakeFiles/CMakeTmp/src.c
gcc: error: unrecognized command line option '-Wdocumentation'
make[1]: *** [CMakeFiles/cmTC_a2ea1.dir/build.make:66: CMakeFiles/cmTC_a2ea1.dir/src.c.o] Error 1
make[1]: Leaving directory '/github/vendor/gems/3.3.4/ruby/3.3.0/gems/rugged-1.4.3.102.ga6b7142/vendor/libgit2/build/CMakeFiles/CMakeTmp'
make: *** [Makefile:121: cmTC_a2ea1/fast] Error 2


Source file was:
int main(void) { return 0; }
Performing C SOURCE FILE Test IS_WC11_EXTENSIONS_SUPPORTED failed with the following output:
Change Dir: /github/vendor/gems/3.3.4/ruby/3.3.0/gems/rugged-1.4.3.102.ga6b7142/vendor/libgit2/build/CMakeFiles/CMakeTmp

Run Build Command(s):/usr/bin/make cmTC_9b42f/fast && /usr/bin/make -f CMakeFiles/cmTC_9b42f.dir/build.make CMakeFiles/cmTC_9b42f.dir/build
make[1]: Entering directory '/github/vendor/gems/3.3.4/ruby/3.3.0/gems/rugged-1.4.3.102.ga6b7142/vendor/libgit2/build/CMakeFiles/CMakeTmp'
Building C object CMakeFiles/cmTC_9b42f.dir/src.c.o
/usr/bin/gcc   -D_GNU_SOURCE -fPIC -Wall -Wextra -Wno-documentation-deprecated-sync -Wno-missing-field-initializers -Wmissing-declarations -Wstrict-aliasing -Wstrict-prototypes -Wdeclaration-after-statement -Wshift-count-overflow -Wunused-const-variable -Wunused-function -Wint-conversion -DIS_WC11_EXTENSIONS_SUPPORTED   -Wc11-extensions -o CMakeFiles/cmTC_9b42f.dir/src.c.o   -c /github/vendor/gems/3.3.4/ruby/3.3.0/gems/rugged-1.4.3.102.ga6b7142/vendor/libgit2/build/CMakeFiles/CMakeTmp/src.c
gcc: error: unrecognized command line option '-Wc11-extensions'; did you mean '-fms-extensions'?
make[1]: *** [CMakeFiles/cmTC_9b42f.dir/build.make:66: CMakeFiles/cmTC_9b42f.dir/src.c.o] Error 1
make[1]: Leaving directory '/github/vendor/gems/3.3.4/ruby/3.3.0/gems/rugged-1.4.3.102.ga6b7142/vendor/libgit2/build/CMakeFiles/CMakeTmp'
make: *** [Makefile:121: cmTC_9b42f/fast] Error 2


Source file was:
int main(void) { return 0; }
Determining if the prototype qsort_r exists for GIT_QSORT_R_BSD failed with the following output:
Change Dir: /github/vendor/gems/3.3.4/ruby/3.3.0/gems/rugged-1.4.3.102.ga6b7142/vendor/libgit2/build/CMakeFiles/CMakeTmp

Run Build Command(s):/usr/bin/make cmTC_684ca/fast && /usr/bin/make -f CMakeFiles/cmTC_684ca.dir/build.make CMakeFiles/cmTC_684ca.dir/build
make[1]: Entering directory '/github/vendor/gems/3.3.4/ruby/3.3.0/gems/rugged-1.4.3.102.ga6b7142/vendor/libgit2/build/CMakeFiles/CMakeTmp'
Building C object CMakeFiles/cmTC_684ca.dir/CheckPrototypeDefinition.c.o
/usr/bin/gcc   -D_GNU_SOURCE -fPIC -Wall -Wextra -Wno-documentation-deprecated-sync -Wno-missing-field-initializers -Wmissing-declarations -Wstrict-aliasing -Wstrict-prototypes -Wdeclaration-after-statement -Wshift-count-overflow -Wunused-const-variable -Wunused-function -Wint-conversion -Wc99-c11-compat -Wformat -Wformat-security    -o CMakeFiles/cmTC_684ca.dir/CheckPrototypeDefinition.c.o   -c /github/vendor/gems/3.3.4/ruby/3.3.0/gems/rugged-1.4.3.102.ga6b7142/vendor/libgit2/build/CMakeFiles/CMakeTmp/CheckPrototypeDefinition.c
/github/vendor/gems/3.3.4/ruby/3.3.0/gems/rugged-1.4.3.102.ga6b7142/vendor/libgit2/build/CMakeFiles/CMakeTmp/CheckPrototypeDefinition.c:14:6: error: conflicting types for ‘qsort_r’
   14 | void qsort_r(void *base, size_t nmemb, size_t size, void *thunk, int (*compar)(void *, const void *, const void *)) {
      |      ^~~~~~~
In file included from /github/vendor/gems/3.3.4/ruby/3.3.0/gems/rugged-1.4.3.102.ga6b7142/vendor/libgit2/build/CMakeFiles/CMakeTmp/CheckPrototypeDefinition.c:1:
/usr/include/stdlib.h:833:13: note: previous declaration of ‘qsort_r’ was here
  833 | extern void qsort_r (void *__base, size_t __nmemb, size_t __size,
      |             ^~~~~~~
/github/vendor/gems/3.3.4/ruby/3.3.0/gems/rugged-1.4.3.102.ga6b7142/vendor/libgit2/build/CMakeFiles/CMakeTmp/CheckPrototypeDefinition.c: In function ‘qsort_r’:
/github/vendor/gems/3.3.4/ruby/3.3.0/gems/rugged-1.4.3.102.ga6b7142/vendor/libgit2/build/CMakeFiles/CMakeTmp/CheckPrototypeDefinition.c:14:20: warning: unused parameter ‘base’ [-Wunused-parameter]
   14 | void qsort_r(void *base, size_t nmemb, size_t size, void *thunk, int (*compar)(void *, const void *, const void *)) {
      |              ~~~~~~^~~~
/github/vendor/gems/3.3.4/ruby/3.3.0/gems/rugged-1.4.3.102.ga6b7142/vendor/libgit2/build/CMakeFiles/CMakeTmp/CheckPrototypeDefinition.c:14:33: warning: unused parameter ‘nmemb’ [-Wunused-parameter]
   14 | void qsort_r(void *base, size_t nmemb, size_t size, void *thunk, int (*compar)(void *, const void *, const void *)) {
      |                          ~~~~~~~^~~~~
/github/vendor/gems/3.3.4/ruby/3.3.0/gems/rugged-1.4.3.102.ga6b7142/vendor/libgit2/build/CMakeFiles/CMakeTmp/CheckPrototypeDefinition.c:14:47: warning: unused parameter ‘size’ [-Wunused-parameter]
   14 | void qsort_r(void *base, size_t nmemb, size_t size, void *thunk, int (*compar)(void *, const void *, const void *)) {
      |                                        ~~~~~~~^~~~
/github/vendor/gems/3.3.4/ruby/3.3.0/gems/rugged-1.4.3.102.ga6b7142/vendor/libgit2/build/CMakeFiles/CMakeTmp/CheckPrototypeDefinition.c:14:59: warning: unused parameter ‘thunk’ [-Wunused-parameter]
   14 | void qsort_r(void *base, size_t nmemb, size_t size, void *thunk, int (*compar)(void *, const void *, const void *)) {
      |                                                     ~~~~~~^~~~~
/github/vendor/gems/3.3.4/ruby/3.3.0/gems/rugged-1.4.3.102.ga6b7142/vendor/libgit2/build/CMakeFiles/CMakeTmp/CheckPrototypeDefinition.c:14:72: warning: unused parameter ‘compar’ [-Wunused-parameter]
   14 | void qsort_r(void *base, size_t nmemb, size_t size, void *thunk, int (*compar)(void *, const void *, const void *)) {
      |                                                                  ~~~~~~^~~~~~~~~~~~~~~~~~~~~~~~~~~~~~~~~~~~~~~~~~~
/github/vendor/gems/3.3.4/ruby/3.3.0/gems/rugged-1.4.3.102.ga6b7142/vendor/libgit2/build/CMakeFiles/CMakeTmp/CheckPrototypeDefinition.c: At top level:
cc1: warning: unrecognized command line option ‘-Wno-documentation-deprecated-sync’
make[1]: *** [CMakeFiles/cmTC_684ca.dir/build.make:66: CMakeFiles/cmTC_684ca.dir/CheckPrototypeDefinition.c.o] Error 1
make[1]: Leaving directory '/github/vendor/gems/3.3.4/ruby/3.3.0/gems/rugged-1.4.3.102.ga6b7142/vendor/libgit2/build/CMakeFiles/CMakeTmp'
make: *** [Makefile:121: cmTC_684ca/fast] Error 2



#include <stdlib.h>


static void cmakeRequireSymbol(int dummy, ...) {
  (void) dummy;
}

static void checkSymbol(void) {
#ifndef qsort_r
  cmakeRequireSymbol(0, &qsort_r);
#endif
}

void qsort_r(void *base, size_t nmemb, size_t size, void *thunk, int (*compar)(void *, const void *, const void *)) {
  return ;
}

#ifdef __CLASSIC_C__
int main() {
  int ac;
  char*av[];
#else
int main(int ac, char *av[]) {
#endif
  checkSymbol();
  if (ac > 1000) {
    return *av[0];
  }
  return 0;
}


Determining if the function qsort_s exists failed with the following output:
Change Dir: /github/vendor/gems/3.3.4/ruby/3.3.0/gems/rugged-1.4.3.102.ga6b7142/vendor/libgit2/build/CMakeFiles/CMakeTmp

Run Build Command(s):/usr/bin/make cmTC_bc924/fast && /usr/bin/make -f CMakeFiles/cmTC_bc924.dir/build.make CMakeFiles/cmTC_bc924.dir/build
make[1]: Entering directory '/github/vendor/gems/3.3.4/ruby/3.3.0/gems/rugged-1.4.3.102.ga6b7142/vendor/libgit2/build/CMakeFiles/CMakeTmp'
Building C object CMakeFiles/cmTC_bc924.dir/CheckFunctionExists.c.o
/usr/bin/gcc   -D_GNU_SOURCE -fPIC -Wall -Wextra -Wno-documentation-deprecated-sync -Wno-missing-field-initializers -Wmissing-declarations -Wstrict-aliasing -Wstrict-prototypes -Wdeclaration-after-statement -Wshift-count-overflow -Wunused-const-variable -Wunused-function -Wint-conversion -Wc99-c11-compat -Wformat -Wformat-security -DCHECK_FUNCTION_EXISTS=qsort_s   -o CMakeFiles/cmTC_bc924.dir/CheckFunctionExists.c.o   -c /usr/share/cmake-3.16/Modules/CheckFunctionExists.c
Linking C executable cmTC_bc924
/usr/bin/cmake -E cmake_link_script CMakeFiles/cmTC_bc924.dir/link.txt --verbose=1
/usr/bin/gcc -D_GNU_SOURCE -fPIC -Wall -Wextra -Wno-documentation-deprecated-sync -Wno-missing-field-initializers -Wmissing-declarations -Wstrict-aliasing -Wstrict-prototypes -Wdeclaration-after-statement -Wshift-count-overflow -Wunused-const-variable -Wunused-function -Wint-conversion -Wc99-c11-compat -Wformat -Wformat-security -DCHECK_FUNCTION_EXISTS=qsort_s    CMakeFiles/cmTC_bc924.dir/CheckFunctionExists.c.o  -o cmTC_bc924 
/usr/bin/ld: CMakeFiles/cmTC_bc924.dir/CheckFunctionExists.c.o: in function `main':
CheckFunctionExists.c:(.text+0x14): undefined reference to `qsort_s'
collect2: error: ld returned 1 exit status
make[1]: *** [CMakeFiles/cmTC_bc924.dir/build.make:87: cmTC_bc924] Error 1
make[1]: Leaving directory '/github/vendor/gems/3.3.4/ruby/3.3.0/gems/rugged-1.4.3.102.ga6b7142/vendor/libgit2/build/CMakeFiles/CMakeTmp'
make: *** [Makefile:121: cmTC_bc924/fast] Error 2



Determining if the include file windows.h exists failed with the following output:
Change Dir: /github/vendor/gems/3.3.4/ruby/3.3.0/gems/rugged-1.4.3.102.ga6b7142/vendor/libgit2/build/CMakeFiles/CMakeTmp

Run Build Command(s):/usr/bin/make cmTC_a3e38/fast && /usr/bin/make -f CMakeFiles/cmTC_a3e38.dir/build.make CMakeFiles/cmTC_a3e38.dir/build
make[1]: Entering directory '/github/vendor/gems/3.3.4/ruby/3.3.0/gems/rugged-1.4.3.102.ga6b7142/vendor/libgit2/build/CMakeFiles/CMakeTmp'
Building C object CMakeFiles/cmTC_a3e38.dir/CheckIncludeFile.c.o
/usr/bin/gcc   -D_GNU_SOURCE -fPIC -Wall -Wextra -Wno-documentation-deprecated-sync -Wno-missing-field-initializers -Wmissing-declarations -Wstrict-aliasing -Wstrict-prototypes -Wdeclaration-after-statement -Wshift-count-overflow -Wunused-const-variable -Wunused-function -Wint-conversion -Wc99-c11-compat -Wformat -Wformat-security    -o CMakeFiles/cmTC_a3e38.dir/CheckIncludeFile.c.o   -c /github/vendor/gems/3.3.4/ruby/3.3.0/gems/rugged-1.4.3.102.ga6b7142/vendor/libgit2/build/CMakeFiles/CMakeTmp/CheckIncludeFile.c
/github/vendor/gems/3.3.4/ruby/3.3.0/gems/rugged-1.4.3.102.ga6b7142/vendor/libgit2/build/CMakeFiles/CMakeTmp/CheckIncludeFile.c:1:10: fatal error: windows.h: No such file or directory
    1 | #include <windows.h>
      |          ^~~~~~~~~~~
compilation terminated.
make[1]: *** [CMakeFiles/cmTC_a3e38.dir/build.make:66: CMakeFiles/cmTC_a3e38.dir/CheckIncludeFile.c.o] Error 1
make[1]: Leaving directory '/github/vendor/gems/3.3.4/ruby/3.3.0/gems/rugged-1.4.3.102.ga6b7142/vendor/libgit2/build/CMakeFiles/CMakeTmp'
make: *** [Makefile:121: cmTC_a3e38/fast] Error 2



Determining if the function _strtoi64 exists failed with the following output:
Change Dir: /github/vendor/gems/3.3.4/ruby/3.3.0/gems/rugged-1.4.3.102.ga6b7142/vendor/libgit2/build/CMakeFiles/CMakeTmp

Run Build Command(s):/usr/bin/make cmTC_dffc9/fast && /usr/bin/make -f CMakeFiles/cmTC_dffc9.dir/build.make CMakeFiles/cmTC_dffc9.dir/build
make[1]: Entering directory '/github/vendor/gems/3.3.4/ruby/3.3.0/gems/rugged-1.4.3.102.ga6b7142/vendor/libgit2/build/CMakeFiles/CMakeTmp'
Building C object CMakeFiles/cmTC_dffc9.dir/CheckFunctionExists.c.o
/usr/bin/gcc   -D_GNU_SOURCE -fPIC -Wall -Wextra -Wno-documentation-deprecated-sync -Wno-missing-field-initializers -Wmissing-declarations -Wstrict-aliasing -Wstrict-prototypes -Wdeclaration-after-statement -Wshift-count-overflow -Wunused-const-variable -Wunused-function -Wint-conversion -Wc99-c11-compat -Wformat -Wformat-security -DCHECK_FUNCTION_EXISTS=_strtoi64   -o CMakeFiles/cmTC_dffc9.dir/CheckFunctionExists.c.o   -c /usr/share/cmake-3.16/Modules/CheckFunctionExists.c
Linking C executable cmTC_dffc9
/usr/bin/cmake -E cmake_link_script CMakeFiles/cmTC_dffc9.dir/link.txt --verbose=1
/usr/bin/gcc -D_GNU_SOURCE -fPIC -Wall -Wextra -Wno-documentation-deprecated-sync -Wno-missing-field-initializers -Wmissing-declarations -Wstrict-aliasing -Wstrict-prototypes -Wdeclaration-after-statement -Wshift-count-overflow -Wunused-const-variable -Wunused-function -Wint-conversion -Wc99-c11-compat -Wformat -Wformat-security -DCHECK_FUNCTION_EXISTS=_strtoi64    CMakeFiles/cmTC_dffc9.dir/CheckFunctionExists.c.o  -o cmTC_dffc9 
/usr/bin/ld: CMakeFiles/cmTC_dffc9.dir/CheckFunctionExists.c.o: in function `main':
CheckFunctionExists.c:(.text+0x14): undefined reference to `_strtoi64'
collect2: error: ld returned 1 exit status
make[1]: *** [CMakeFiles/cmTC_dffc9.dir/build.make:87: cmTC_dffc9] Error 1
make[1]: Leaving directory '/github/vendor/gems/3.3.4/ruby/3.3.0/gems/rugged-1.4.3.102.ga6b7142/vendor/libgit2/build/CMakeFiles/CMakeTmp'
make: *** [Makefile:121: cmTC_dffc9/fast] Error 2



