The system is: Linux - 5.15.0-1075-aws - x86_64
Compiling the C compiler identification source file "CMakeCCompilerId.c" succeeded.
Compiler: /usr/bin/gcc 
Build flags: -fPIC
Id flags:  

The output was:
0


Compilation of the C compiler identification source "CMakeCCompilerId.c" produced "a.out"

The C compiler identification is GNU, found in "/github/vendor/gems/3.3.4/ruby/3.3.0/gems/rugged-1.4.3.102.ga6b7142/vendor/libgit2/build/CMakeFiles/3.16.3/CompilerIdC/a.out"

Determining if the C compiler works passed with the following output:
Change Dir: /github/vendor/gems/3.3.4/ruby/3.3.0/gems/rugged-1.4.3.102.ga6b7142/vendor/libgit2/build/CMakeFiles/CMakeTmp

Run Build Command(s):/usr/bin/make cmTC_bf1c1/fast && /usr/bin/make -f CMakeFiles/cmTC_bf1c1.dir/build.make CMakeFiles/cmTC_bf1c1.dir/build
make[1]: Entering directory '/github/vendor/gems/3.3.4/ruby/3.3.0/gems/rugged-1.4.3.102.ga6b7142/vendor/libgit2/build/CMakeFiles/CMakeTmp'
Building C object CMakeFiles/cmTC_bf1c1.dir/testCCompiler.c.o
/usr/bin/gcc   -fPIC    -o CMakeFiles/cmTC_bf1c1.dir/testCCompiler.c.o   -c /github/vendor/gems/3.3.4/ruby/3.3.0/gems/rugged-1.4.3.102.ga6b7142/vendor/libgit2/build/CMakeFiles/CMakeTmp/testCCompiler.c
Linking C executable cmTC_bf1c1
/usr/bin/cmake -E cmake_link_script CMakeFiles/cmTC_bf1c1.dir/link.txt --verbose=1
/usr/bin/gcc -fPIC     CMakeFiles/cmTC_bf1c1.dir/testCCompiler.c.o  -o cmTC_bf1c1 
make[1]: Leaving directory '/github/vendor/gems/3.3.4/ruby/3.3.0/gems/rugged-1.4.3.102.ga6b7142/vendor/libgit2/build/CMakeFiles/CMakeTmp'



Detecting C compiler ABI info compiled with the following output:
Change Dir: /github/vendor/gems/3.3.4/ruby/3.3.0/gems/rugged-1.4.3.102.ga6b7142/vendor/libgit2/build/CMakeFiles/CMakeTmp

Run Build Command(s):/usr/bin/make cmTC_5fa08/fast && /usr/bin/make -f CMakeFiles/cmTC_5fa08.dir/build.make CMakeFiles/cmTC_5fa08.dir/build
make[1]: Entering directory '/github/vendor/gems/3.3.4/ruby/3.3.0/gems/rugged-1.4.3.102.ga6b7142/vendor/libgit2/build/CMakeFiles/CMakeTmp'
Building C object CMakeFiles/cmTC_5fa08.dir/CMakeCCompilerABI.c.o
/usr/bin/gcc   -fPIC    -v -o CMakeFiles/cmTC_5fa08.dir/CMakeCCompilerABI.c.o   -c /usr/share/cmake-3.16/Modules/CMakeCCompilerABI.c
Using built-in specs.
COLLECT_GCC=/usr/bin/gcc
OFFLOAD_TARGET_NAMES=nvptx-none:hsa
OFFLOAD_TARGET_DEFAULT=1
Target: x86_64-linux-gnu
Configured with: ../src/configure -v --with-pkgversion='Ubuntu 9.4.0-1ubuntu1~20.04.2' --with-bugurl=file:///usr/share/doc/gcc-9/README.Bugs --enable-languages=c,ada,c++,go,brig,d,fortran,objc,obj-c++,gm2 --prefix=/usr --with-gcc-major-version-only --program-suffix=-9 --program-prefix=x86_64-linux-gnu- --enable-shared --enable-linker-build-id --libexecdir=/usr/lib --without-included-gettext --enable-threads=posix --libdir=/usr/lib --enable-nls --enable-clocale=gnu --enable-libstdcxx-debug --enable-libstdcxx-time=yes --with-default-libstdcxx-abi=new --enable-gnu-unique-object --disable-vtable-verify --enable-plugin --enable-default-pie --with-system-zlib --with-target-system-zlib=auto --enable-objc-gc=auto --enable-multiarch --disable-werror --with-arch-32=i686 --with-abi=m64 --with-multilib-list=m32,m64,mx32 --enable-multilib --with-tune=generic --enable-offload-targets=nvptx-none=/build/gcc-9-9QDOt0/gcc-9-9.4.0/debian/tmp-nvptx/usr,hsa --without-cuda-driver --enable-checking=release --build=x86_64-linux-gnu --host=x86_64-linux-gnu --target=x86_64-linux-gnu
Thread model: posix
gcc version 9.4.0 (Ubuntu 9.4.0-1ubuntu1~20.04.2) 
COLLECT_GCC_OPTIONS='-fPIC' '-v' '-o' 'CMakeFiles/cmTC_5fa08.dir/CMakeCCompilerABI.c.o' '-c' '-mtune=generic' '-march=x86-64'
 /usr/lib/gcc/x86_64-linux-gnu/9/cc1 -quiet -v -imultiarch x86_64-linux-gnu /usr/share/cmake-3.16/Modules/CMakeCCompilerABI.c -quiet -dumpbase CMakeCCompilerABI.c -mtune=generic -march=x86-64 -auxbase-strip CMakeFiles/cmTC_5fa08.dir/CMakeCCompilerABI.c.o -version -fPIC -fasynchronous-unwind-tables -fstack-protector-strong -Wformat -Wformat-security -fstack-clash-protection -fcf-protection -o /tmp/ccAFI7lP.s
GNU C17 (Ubuntu 9.4.0-1ubuntu1~20.04.2) version 9.4.0 (x86_64-linux-gnu)
	compiled by GNU C version 9.4.0, GMP version 6.2.0, MPFR version 4.0.2, MPC version 1.1.0, isl version isl-0.22.1-GMP

GGC heuristics: --param ggc-min-expand=100 --param ggc-min-heapsize=131072
ignoring nonexistent directory "/usr/local/include/x86_64-linux-gnu"
ignoring nonexistent directory "/usr/lib/gcc/x86_64-linux-gnu/9/include-fixed"
ignoring nonexistent directory "/usr/lib/gcc/x86_64-linux-gnu/9/../../../../x86_64-linux-gnu/include"
#include "..." search starts here:
#include <...> search starts here:
 /usr/lib/gcc/x86_64-linux-gnu/9/include
 /usr/local/include
 /usr/include/x86_64-linux-gnu
 /usr/include
End of search list.
GNU C17 (Ubuntu 9.4.0-1ubuntu1~20.04.2) version 9.4.0 (x86_64-linux-gnu)
	compiled by GNU C version 9.4.0, GMP version 6.2.0, MPFR version 4.0.2, MPC version 1.1.0, isl version isl-0.22.1-GMP

GGC heuristics: --param ggc-min-expand=100 --param ggc-min-heapsize=131072
Compiler executable checksum: 01da938ff5dc2163489aa33cb3b747a7
COLLECT_GCC_OPTIONS='-fPIC' '-v' '-o' 'CMakeFiles/cmTC_5fa08.dir/CMakeCCompilerABI.c.o' '-c' '-mtune=generic' '-march=x86-64'
 as -v --64 -o CMakeFiles/cmTC_5fa08.dir/CMakeCCompilerABI.c.o /tmp/ccAFI7lP.s
GNU assembler version 2.34 (x86_64-linux-gnu) using BFD version (GNU Binutils for Ubuntu) 2.34
COMPILER_PATH=/usr/lib/gcc/x86_64-linux-gnu/9/:/usr/lib/gcc/x86_64-linux-gnu/9/:/usr/lib/gcc/x86_64-linux-gnu/:/usr/lib/gcc/x86_64-linux-gnu/9/:/usr/lib/gcc/x86_64-linux-gnu/
LIBRARY_PATH=/usr/lib/gcc/x86_64-linux-gnu/9/:/usr/lib/gcc/x86_64-linux-gnu/9/../../../x86_64-linux-gnu/:/usr/lib/gcc/x86_64-linux-gnu/9/../../../../lib/:/lib/x86_64-linux-gnu/:/lib/../lib/:/usr/lib/x86_64-linux-gnu/:/usr/lib/../lib/:/usr/lib/gcc/x86_64-linux-gnu/9/../../../:/lib/:/usr/lib/
COLLECT_GCC_OPTIONS='-fPIC' '-v' '-o' 'CMakeFiles/cmTC_5fa08.dir/CMakeCCompilerABI.c.o' '-c' '-mtune=generic' '-march=x86-64'
Linking C executable cmTC_5fa08
/usr/bin/cmake -E cmake_link_script CMakeFiles/cmTC_5fa08.dir/link.txt --verbose=1
/usr/bin/gcc -fPIC    -v CMakeFiles/cmTC_5fa08.dir/CMakeCCompilerABI.c.o  -o cmTC_5fa08 
Using built-in specs.
COLLECT_GCC=/usr/bin/gcc
COLLECT_LTO_WRAPPER=/usr/lib/gcc/x86_64-linux-gnu/9/lto-wrapper
OFFLOAD_TARGET_NAMES=nvptx-none:hsa
OFFLOAD_TARGET_DEFAULT=1
Target: x86_64-linux-gnu
Configured with: ../src/configure -v --with-pkgversion='Ubuntu 9.4.0-1ubuntu1~20.04.2' --with-bugurl=file:///usr/share/doc/gcc-9/README.Bugs --enable-languages=c,ada,c++,go,brig,d,fortran,objc,obj-c++,gm2 --prefix=/usr --with-gcc-major-version-only --program-suffix=-9 --program-prefix=x86_64-linux-gnu- --enable-shared --enable-linker-build-id --libexecdir=/usr/lib --without-included-gettext --enable-threads=posix --libdir=/usr/lib --enable-nls --enable-clocale=gnu --enable-libstdcxx-debug --enable-libstdcxx-time=yes --with-default-libstdcxx-abi=new --enable-gnu-unique-object --disable-vtable-verify --enable-plugin --enable-default-pie --with-system-zlib --with-target-system-zlib=auto --enable-objc-gc=auto --enable-multiarch --disable-werror --with-arch-32=i686 --with-abi=m64 --with-multilib-list=m32,m64,mx32 --enable-multilib --with-tune=generic --enable-offload-targets=nvptx-none=/build/gcc-9-9QDOt0/gcc-9-9.4.0/debian/tmp-nvptx/usr,hsa --without-cuda-driver --enable-checking=release --build=x86_64-linux-gnu --host=x86_64-linux-gnu --target=x86_64-linux-gnu
Thread model: posix
gcc version 9.4.0 (Ubuntu 9.4.0-1ubuntu1~20.04.2) 
COMPILER_PATH=/usr/lib/gcc/x86_64-linux-gnu/9/:/usr/lib/gcc/x86_64-linux-gnu/9/:/usr/lib/gcc/x86_64-linux-gnu/:/usr/lib/gcc/x86_64-linux-gnu/9/:/usr/lib/gcc/x86_64-linux-gnu/
LIBRARY_PATH=/usr/lib/gcc/x86_64-linux-gnu/9/:/usr/lib/gcc/x86_64-linux-gnu/9/../../../x86_64-linux-gnu/:/usr/lib/gcc/x86_64-linux-gnu/9/../../../../lib/:/lib/x86_64-linux-gnu/:/lib/../lib/:/usr/lib/x86_64-linux-gnu/:/usr/lib/../lib/:/usr/lib/gcc/x86_64-linux-gnu/9/../../../:/lib/:/usr/lib/
COLLECT_GCC_OPTIONS='-fPIC' '-v' '-o' 'cmTC_5fa08' '-mtune=generic' '-march=x86-64'
 /usr/lib/gcc/x86_64-linux-gnu/9/collect2 -plugin /usr/lib/gcc/x86_64-linux-gnu/9/liblto_plugin.so -plugin-opt=/usr/lib/gcc/x86_64-linux-gnu/9/lto-wrapper -plugin-opt=-fresolution=/tmp/cc2tywVe.res -plugin-opt=-pass-through=-lgcc -plugin-opt=-pass-through=-lgcc_s -plugin-opt=-pass-through=-lc -plugin-opt=-pass-through=-lgcc -plugin-opt=-pass-through=-lgcc_s --build-id --eh-frame-hdr -m elf_x86_64 --hash-style=gnu --as-needed -dynamic-linker /lib64/ld-linux-x86-64.so.2 -pie -z now -z relro -o cmTC_5fa08 /usr/lib/gcc/x86_64-linux-gnu/9/../../../x86_64-linux-gnu/Scrt1.o /usr/lib/gcc/x86_64-linux-gnu/9/../../../x86_64-linux-gnu/crti.o /usr/lib/gcc/x86_64-linux-gnu/9/crtbeginS.o -L/usr/lib/gcc/x86_64-linux-gnu/9 -L/usr/lib/gcc/x86_64-linux-gnu/9/../../../x86_64-linux-gnu -L/usr/lib/gcc/x86_64-linux-gnu/9/../../../../lib -L/lib/x86_64-linux-gnu -L/lib/../lib -L/usr/lib/x86_64-linux-gnu -L/usr/lib/../lib -L/usr/lib/gcc/x86_64-linux-gnu/9/../../.. CMakeFiles/cmTC_5fa08.dir/CMakeCCompilerABI.c.o -lgcc --push-state --as-needed -lgcc_s --pop-state -lc -lgcc --push-state --as-needed -lgcc_s --pop-state /usr/lib/gcc/x86_64-linux-gnu/9/crtendS.o /usr/lib/gcc/x86_64-linux-gnu/9/../../../x86_64-linux-gnu/crtn.o
COLLECT_GCC_OPTIONS='-fPIC' '-v' '-o' 'cmTC_5fa08' '-mtune=generic' '-march=x86-64'
make[1]: Leaving directory '/github/vendor/gems/3.3.4/ruby/3.3.0/gems/rugged-1.4.3.102.ga6b7142/vendor/libgit2/build/CMakeFiles/CMakeTmp'



Parsed C implicit include dir info from above output: rv=done
  found start of include info
  found start of implicit include info
    add: [/usr/lib/gcc/x86_64-linux-gnu/9/include]
    add: [/usr/local/include]
    add: [/usr/include/x86_64-linux-gnu]
    add: [/usr/include]
  end of search list found
  collapse include dir [/usr/lib/gcc/x86_64-linux-gnu/9/include] ==> [/usr/lib/gcc/x86_64-linux-gnu/9/include]
  collapse include dir [/usr/local/include] ==> [/usr/local/include]
  collapse include dir [/usr/include/x86_64-linux-gnu] ==> [/usr/include/x86_64-linux-gnu]
  collapse include dir [/usr/include] ==> [/usr/include]
  implicit include dirs: [/usr/lib/gcc/x86_64-linux-gnu/9/include;/usr/local/include;/usr/include/x86_64-linux-gnu;/usr/include]


Parsed C implicit link information from above output:
  link line regex: [^( *|.*[/\])(ld|CMAKE_LINK_STARTFILE-NOTFOUND|([^/\]+-)?ld|collect2)[^/\]*( |$)]
  ignore line: [Change Dir: /github/vendor/gems/3.3.4/ruby/3.3.0/gems/rugged-1.4.3.102.ga6b7142/vendor/libgit2/build/CMakeFiles/CMakeTmp]
  ignore line: []
  ignore line: [Run Build Command(s):/usr/bin/make cmTC_5fa08/fast && /usr/bin/make -f CMakeFiles/cmTC_5fa08.dir/build.make CMakeFiles/cmTC_5fa08.dir/build]
  ignore line: [make[1]: Entering directory '/github/vendor/gems/3.3.4/ruby/3.3.0/gems/rugged-1.4.3.102.ga6b7142/vendor/libgit2/build/CMakeFiles/CMakeTmp']
  ignore line: [Building C object CMakeFiles/cmTC_5fa08.dir/CMakeCCompilerABI.c.o]
  ignore line: [/usr/bin/gcc   -fPIC    -v -o CMakeFiles/cmTC_5fa08.dir/CMakeCCompilerABI.c.o   -c /usr/share/cmake-3.16/Modules/CMakeCCompilerABI.c]
  ignore line: [Using built-in specs.]
  ignore line: [COLLECT_GCC=/usr/bin/gcc]
  ignore line: [OFFLOAD_TARGET_NAMES=nvptx-none:hsa]
  ignore line: [OFFLOAD_TARGET_DEFAULT=1]
  ignore line: [Target: x86_64-linux-gnu]
  ignore line: [Configured with: ../src/configure -v --with-pkgversion='Ubuntu 9.4.0-1ubuntu1~20.04.2' --with-bugurl=file:///usr/share/doc/gcc-9/README.Bugs --enable-languages=c ada c++ go brig d fortran objc obj-c++ gm2 --prefix=/usr --with-gcc-major-version-only --program-suffix=-9 --program-prefix=x86_64-linux-gnu- --enable-shared --enable-linker-build-id --libexecdir=/usr/lib --without-included-gettext --enable-threads=posix --libdir=/usr/lib --enable-nls --enable-clocale=gnu --enable-libstdcxx-debug --enable-libstdcxx-time=yes --with-default-libstdcxx-abi=new --enable-gnu-unique-object --disable-vtable-verify --enable-plugin --enable-default-pie --with-system-zlib --with-target-system-zlib=auto --enable-objc-gc=auto --enable-multiarch --disable-werror --with-arch-32=i686 --with-abi=m64 --with-multilib-list=m32 m64 mx32 --enable-multilib --with-tune=generic --enable-offload-targets=nvptx-none=/build/gcc-9-9QDOt0/gcc-9-9.4.0/debian/tmp-nvptx/usr hsa --without-cuda-driver --enable-checking=release --build=x86_64-linux-gnu --host=x86_64-linux-gnu --target=x86_64-linux-gnu]
  ignore line: [Thread model: posix]
  ignore line: [gcc version 9.4.0 (Ubuntu 9.4.0-1ubuntu1~20.04.2) ]
  ignore line: [COLLECT_GCC_OPTIONS='-fPIC' '-v' '-o' 'CMakeFiles/cmTC_5fa08.dir/CMakeCCompilerABI.c.o' '-c' '-mtune=generic' '-march=x86-64']
  ignore line: [ /usr/lib/gcc/x86_64-linux-gnu/9/cc1 -quiet -v -imultiarch x86_64-linux-gnu /usr/share/cmake-3.16/Modules/CMakeCCompilerABI.c -quiet -dumpbase CMakeCCompilerABI.c -mtune=generic -march=x86-64 -auxbase-strip CMakeFiles/cmTC_5fa08.dir/CMakeCCompilerABI.c.o -version -fPIC -fasynchronous-unwind-tables -fstack-protector-strong -Wformat -Wformat-security -fstack-clash-protection -fcf-protection -o /tmp/ccAFI7lP.s]
  ignore line: [GNU C17 (Ubuntu 9.4.0-1ubuntu1~20.04.2) version 9.4.0 (x86_64-linux-gnu)]
  ignore line: [	compiled by GNU C version 9.4.0  GMP version 6.2.0  MPFR version 4.0.2  MPC version 1.1.0  isl version isl-0.22.1-GMP]
  ignore line: []
  ignore line: [GGC heuristics: --param ggc-min-expand=100 --param ggc-min-heapsize=131072]
  ignore line: [ignoring nonexistent directory "/usr/local/include/x86_64-linux-gnu"]
  ignore line: [ignoring nonexistent directory "/usr/lib/gcc/x86_64-linux-gnu/9/include-fixed"]
  ignore line: [ignoring nonexistent directory "/usr/lib/gcc/x86_64-linux-gnu/9/../../../../x86_64-linux-gnu/include"]
  ignore line: [#include "..." search starts here:]
  ignore line: [#include <...> search starts here:]
  ignore line: [ /usr/lib/gcc/x86_64-linux-gnu/9/include]
  ignore line: [ /usr/local/include]
  ignore line: [ /usr/include/x86_64-linux-gnu]
  ignore line: [ /usr/include]
  ignore line: [End of search list.]
  ignore line: [GNU C17 (Ubuntu 9.4.0-1ubuntu1~20.04.2) version 9.4.0 (x86_64-linux-gnu)]
  ignore line: [	compiled by GNU C version 9.4.0  GMP version 6.2.0  MPFR version 4.0.2  MPC version 1.1.0  isl version isl-0.22.1-GMP]
  ignore line: []
  ignore line: [GGC heuristics: --param ggc-min-expand=100 --param ggc-min-heapsize=131072]
  ignore line: [Compiler executable checksum: 01da938ff5dc2163489aa33cb3b747a7]
  ignore line: [COLLECT_GCC_OPTIONS='-fPIC' '-v' '-o' 'CMakeFiles/cmTC_5fa08.dir/CMakeCCompilerABI.c.o' '-c' '-mtune=generic' '-march=x86-64']
  ignore line: [ as -v --64 -o CMakeFiles/cmTC_5fa08.dir/CMakeCCompilerABI.c.o /tmp/ccAFI7lP.s]
  ignore line: [GNU assembler version 2.34 (x86_64-linux-gnu) using BFD version (GNU Binutils for Ubuntu) 2.34]
  ignore line: [COMPILER_PATH=/usr/lib/gcc/x86_64-linux-gnu/9/:/usr/lib/gcc/x86_64-linux-gnu/9/:/usr/lib/gcc/x86_64-linux-gnu/:/usr/lib/gcc/x86_64-linux-gnu/9/:/usr/lib/gcc/x86_64-linux-gnu/]
  ignore line: [LIBRARY_PATH=/usr/lib/gcc/x86_64-linux-gnu/9/:/usr/lib/gcc/x86_64-linux-gnu/9/../../../x86_64-linux-gnu/:/usr/lib/gcc/x86_64-linux-gnu/9/../../../../lib/:/lib/x86_64-linux-gnu/:/lib/../lib/:/usr/lib/x86_64-linux-gnu/:/usr/lib/../lib/:/usr/lib/gcc/x86_64-linux-gnu/9/../../../:/lib/:/usr/lib/]
  ignore line: [COLLECT_GCC_OPTIONS='-fPIC' '-v' '-o' 'CMakeFiles/cmTC_5fa08.dir/CMakeCCompilerABI.c.o' '-c' '-mtune=generic' '-march=x86-64']
  ignore line: [Linking C executable cmTC_5fa08]
  ignore line: [/usr/bin/cmake -E cmake_link_script CMakeFiles/cmTC_5fa08.dir/link.txt --verbose=1]
  ignore line: [/usr/bin/gcc -fPIC    -v CMakeFiles/cmTC_5fa08.dir/CMakeCCompilerABI.c.o  -o cmTC_5fa08 ]
  ignore line: [Using built-in specs.]
  ignore line: [COLLECT_GCC=/usr/bin/gcc]
  ignore line: [COLLECT_LTO_WRAPPER=/usr/lib/gcc/x86_64-linux-gnu/9/lto-wrapper]
  ignore line: [OFFLOAD_TARGET_NAMES=nvptx-none:hsa]
  ignore line: [OFFLOAD_TARGET_DEFAULT=1]
  ignore line: [Target: x86_64-linux-gnu]
  ignore line: [Configured with: ../src/configure -v --with-pkgversion='Ubuntu 9.4.0-1ubuntu1~20.04.2' --with-bugurl=file:///usr/share/doc/gcc-9/README.Bugs --enable-languages=c ada c++ go brig d fortran objc obj-c++ gm2 --prefix=/usr --with-gcc-major-version-only --program-suffix=-9 --program-prefix=x86_64-linux-gnu- --enable-shared --enable-linker-build-id --libexecdir=/usr/lib --without-included-gettext --enable-threads=posix --libdir=/usr/lib --enable-nls --enable-clocale=gnu --enable-libstdcxx-debug --enable-libstdcxx-time=yes --with-default-libstdcxx-abi=new --enable-gnu-unique-object --disable-vtable-verify --enable-plugin --enable-default-pie --with-system-zlib --with-target-system-zlib=auto --enable-objc-gc=auto --enable-multiarch --disable-werror --with-arch-32=i686 --with-abi=m64 --with-multilib-list=m32 m64 mx32 --enable-multilib --with-tune=generic --enable-offload-targets=nvptx-none=/build/gcc-9-9QDOt0/gcc-9-9.4.0/debian/tmp-nvptx/usr hsa --without-cuda-driver --enable-checking=release --build=x86_64-linux-gnu --host=x86_64-linux-gnu --target=x86_64-linux-gnu]
  ignore line: [Thread model: posix]
  ignore line: [gcc version 9.4.0 (Ubuntu 9.4.0-1ubuntu1~20.04.2) ]
  ignore line: [COMPILER_PATH=/usr/lib/gcc/x86_64-linux-gnu/9/:/usr/lib/gcc/x86_64-linux-gnu/9/:/usr/lib/gcc/x86_64-linux-gnu/:/usr/lib/gcc/x86_64-linux-gnu/9/:/usr/lib/gcc/x86_64-linux-gnu/]
  ignore line: [LIBRARY_PATH=/usr/lib/gcc/x86_64-linux-gnu/9/:/usr/lib/gcc/x86_64-linux-gnu/9/../../../x86_64-linux-gnu/:/usr/lib/gcc/x86_64-linux-gnu/9/../../../../lib/:/lib/x86_64-linux-gnu/:/lib/../lib/:/usr/lib/x86_64-linux-gnu/:/usr/lib/../lib/:/usr/lib/gcc/x86_64-linux-gnu/9/../../../:/lib/:/usr/lib/]
  ignore line: [COLLECT_GCC_OPTIONS='-fPIC' '-v' '-o' 'cmTC_5fa08' '-mtune=generic' '-march=x86-64']
  link line: [ /usr/lib/gcc/x86_64-linux-gnu/9/collect2 -plugin /usr/lib/gcc/x86_64-linux-gnu/9/liblto_plugin.so -plugin-opt=/usr/lib/gcc/x86_64-linux-gnu/9/lto-wrapper -plugin-opt=-fresolution=/tmp/cc2tywVe.res -plugin-opt=-pass-through=-lgcc -plugin-opt=-pass-through=-lgcc_s -plugin-opt=-pass-through=-lc -plugin-opt=-pass-through=-lgcc -plugin-opt=-pass-through=-lgcc_s --build-id --eh-frame-hdr -m elf_x86_64 --hash-style=gnu --as-needed -dynamic-linker /lib64/ld-linux-x86-64.so.2 -pie -z now -z relro -o cmTC_5fa08 /usr/lib/gcc/x86_64-linux-gnu/9/../../../x86_64-linux-gnu/Scrt1.o /usr/lib/gcc/x86_64-linux-gnu/9/../../../x86_64-linux-gnu/crti.o /usr/lib/gcc/x86_64-linux-gnu/9/crtbeginS.o -L/usr/lib/gcc/x86_64-linux-gnu/9 -L/usr/lib/gcc/x86_64-linux-gnu/9/../../../x86_64-linux-gnu -L/usr/lib/gcc/x86_64-linux-gnu/9/../../../../lib -L/lib/x86_64-linux-gnu -L/lib/../lib -L/usr/lib/x86_64-linux-gnu -L/usr/lib/../lib -L/usr/lib/gcc/x86_64-linux-gnu/9/../../.. CMakeFiles/cmTC_5fa08.dir/CMakeCCompilerABI.c.o -lgcc --push-state --as-needed -lgcc_s --pop-state -lc -lgcc --push-state --as-needed -lgcc_s --pop-state /usr/lib/gcc/x86_64-linux-gnu/9/crtendS.o /usr/lib/gcc/x86_64-linux-gnu/9/../../../x86_64-linux-gnu/crtn.o]
    arg [/usr/lib/gcc/x86_64-linux-gnu/9/collect2] ==> ignore
    arg [-plugin] ==> ignore
    arg [/usr/lib/gcc/x86_64-linux-gnu/9/liblto_plugin.so] ==> ignore
    arg [-plugin-opt=/usr/lib/gcc/x86_64-linux-gnu/9/lto-wrapper] ==> ignore
    arg [-plugin-opt=-fresolution=/tmp/cc2tywVe.res] ==> ignore
    arg [-plugin-opt=-pass-through=-lgcc] ==> ignore
    arg [-plugin-opt=-pass-through=-lgcc_s] ==> ignore
    arg [-plugin-opt=-pass-through=-lc] ==> ignore
    arg [-plugin-opt=-pass-through=-lgcc] ==> ignore
    arg [-plugin-opt=-pass-through=-lgcc_s] ==> ignore
    arg [--build-id] ==> ignore
    arg [--eh-frame-hdr] ==> ignore
    arg [-m] ==> ignore
    arg [elf_x86_64] ==> ignore
    arg [--hash-style=gnu] ==> ignore
    arg [--as-needed] ==> ignore
    arg [-dynamic-linker] ==> ignore
    arg [/lib64/ld-linux-x86-64.so.2] ==> ignore
    arg [-pie] ==> ignore
    arg [-znow] ==> ignore
    arg [-zrelro] ==> ignore
    arg [-o] ==> ignore
    arg [cmTC_5fa08] ==> ignore
    arg [/usr/lib/gcc/x86_64-linux-gnu/9/../../../x86_64-linux-gnu/Scrt1.o] ==> ignore
    arg [/usr/lib/gcc/x86_64-linux-gnu/9/../../../x86_64-linux-gnu/crti.o] ==> ignore
    arg [/usr/lib/gcc/x86_64-linux-gnu/9/crtbeginS.o] ==> ignore
    arg [-L/usr/lib/gcc/x86_64-linux-gnu/9] ==> dir [/usr/lib/gcc/x86_64-linux-gnu/9]
    arg [-L/usr/lib/gcc/x86_64-linux-gnu/9/../../../x86_64-linux-gnu] ==> dir [/usr/lib/gcc/x86_64-linux-gnu/9/../../../x86_64-linux-gnu]
    arg [-L/usr/lib/gcc/x86_64-linux-gnu/9/../../../../lib] ==> dir [/usr/lib/gcc/x86_64-linux-gnu/9/../../../../lib]
    arg [-L/lib/x86_64-linux-gnu] ==> dir [/lib/x86_64-linux-gnu]
    arg [-L/lib/../lib] ==> dir [/lib/../lib]
    arg [-L/usr/lib/x86_64-linux-gnu] ==> dir [/usr/lib/x86_64-linux-gnu]
    arg [-L/usr/lib/../lib] ==> dir [/usr/lib/../lib]
    arg [-L/usr/lib/gcc/x86_64-linux-gnu/9/../../..] ==> dir [/usr/lib/gcc/x86_64-linux-gnu/9/../../..]
    arg [CMakeFiles/cmTC_5fa08.dir/CMakeCCompilerABI.c.o] ==> ignore
    arg [-lgcc] ==> lib [gcc]
    arg [--push-state] ==> ignore
    arg [--as-needed] ==> ignore
    arg [-lgcc_s] ==> lib [gcc_s]
    arg [--pop-state] ==> ignore
    arg [-lc] ==> lib [c]
    arg [-lgcc] ==> lib [gcc]
    arg [--push-state] ==> ignore
    arg [--as-needed] ==> ignore
    arg [-lgcc_s] ==> lib [gcc_s]
    arg [--pop-state] ==> ignore
    arg [/usr/lib/gcc/x86_64-linux-gnu/9/crtendS.o] ==> ignore
    arg [/usr/lib/gcc/x86_64-linux-gnu/9/../../../x86_64-linux-gnu/crtn.o] ==> ignore
  collapse library dir [/usr/lib/gcc/x86_64-linux-gnu/9] ==> [/usr/lib/gcc/x86_64-linux-gnu/9]
  collapse library dir [/usr/lib/gcc/x86_64-linux-gnu/9/../../../x86_64-linux-gnu] ==> [/usr/lib/x86_64-linux-gnu]
  collapse library dir [/usr/lib/gcc/x86_64-linux-gnu/9/../../../../lib] ==> [/usr/lib]
  collapse library dir [/lib/x86_64-linux-gnu] ==> [/lib/x86_64-linux-gnu]
  collapse library dir [/lib/../lib] ==> [/lib]
  collapse library dir [/usr/lib/x86_64-linux-gnu] ==> [/usr/lib/x86_64-linux-gnu]
  collapse library dir [/usr/lib/../lib] ==> [/usr/lib]
  collapse library dir [/usr/lib/gcc/x86_64-linux-gnu/9/../../..] ==> [/usr/lib]
  implicit libs: [gcc;gcc_s;c;gcc;gcc_s]
  implicit dirs: [/usr/lib/gcc/x86_64-linux-gnu/9;/usr/lib/x86_64-linux-gnu;/usr/lib;/lib/x86_64-linux-gnu;/lib]
  implicit fwks: []


Determining if the include file pthread.h exists passed with the following output:
Change Dir: /github/vendor/gems/3.3.4/ruby/3.3.0/gems/rugged-1.4.3.102.ga6b7142/vendor/libgit2/build/CMakeFiles/CMakeTmp

Run Build Command(s):/usr/bin/make cmTC_5885a/fast && /usr/bin/make -f CMakeFiles/cmTC_5885a.dir/build.make CMakeFiles/cmTC_5885a.dir/build
make[1]: Entering directory '/github/vendor/gems/3.3.4/ruby/3.3.0/gems/rugged-1.4.3.102.ga6b7142/vendor/libgit2/build/CMakeFiles/CMakeTmp'
Building C object CMakeFiles/cmTC_5885a.dir/CheckIncludeFile.c.o
/usr/bin/gcc   -fPIC    -o CMakeFiles/cmTC_5885a.dir/CheckIncludeFile.c.o   -c /github/vendor/gems/3.3.4/ruby/3.3.0/gems/rugged-1.4.3.102.ga6b7142/vendor/libgit2/build/CMakeFiles/CMakeTmp/CheckIncludeFile.c
Linking C executable cmTC_5885a
/usr/bin/cmake -E cmake_link_script CMakeFiles/cmTC_5885a.dir/link.txt --verbose=1
/usr/bin/gcc -fPIC     CMakeFiles/cmTC_5885a.dir/CheckIncludeFile.c.o  -o cmTC_5885a 
make[1]: Leaving directory '/github/vendor/gems/3.3.4/ruby/3.3.0/gems/rugged-1.4.3.102.ga6b7142/vendor/libgit2/build/CMakeFiles/CMakeTmp'



Determining if the function pthread_create exists in the pthread passed with the following output:
Change Dir: /github/vendor/gems/3.3.4/ruby/3.3.0/gems/rugged-1.4.3.102.ga6b7142/vendor/libgit2/build/CMakeFiles/CMakeTmp

Run Build Command(s):/usr/bin/make cmTC_6617c/fast && /usr/bin/make -f CMakeFiles/cmTC_6617c.dir/build.make CMakeFiles/cmTC_6617c.dir/build
make[1]: Entering directory '/github/vendor/gems/3.3.4/ruby/3.3.0/gems/rugged-1.4.3.102.ga6b7142/vendor/libgit2/build/CMakeFiles/CMakeTmp'
Building C object CMakeFiles/cmTC_6617c.dir/CheckFunctionExists.c.o
/usr/bin/gcc   -fPIC -DCHECK_FUNCTION_EXISTS=pthread_create   -o CMakeFiles/cmTC_6617c.dir/CheckFunctionExists.c.o   -c /usr/share/cmake-3.16/Modules/CheckFunctionExists.c
Linking C executable cmTC_6617c
/usr/bin/cmake -E cmake_link_script CMakeFiles/cmTC_6617c.dir/link.txt --verbose=1
/usr/bin/gcc -fPIC -DCHECK_FUNCTION_EXISTS=pthread_create    CMakeFiles/cmTC_6617c.dir/CheckFunctionExists.c.o  -o cmTC_6617c  -lpthread 
make[1]: Leaving directory '/github/vendor/gems/3.3.4/ruby/3.3.0/gems/rugged-1.4.3.102.ga6b7142/vendor/libgit2/build/CMakeFiles/CMakeTmp'



Performing C SOURCE FILE Test HAVE_STRUCT_STAT_ST_MTIM succeeded with the following output:
Change Dir: /github/vendor/gems/3.3.4/ruby/3.3.0/gems/rugged-1.4.3.102.ga6b7142/vendor/libgit2/build/CMakeFiles/CMakeTmp

Run Build Command(s):/usr/bin/make cmTC_f9262/fast && /usr/bin/make -f CMakeFiles/cmTC_f9262.dir/build.make CMakeFiles/cmTC_f9262.dir/build
make[1]: Entering directory '/github/vendor/gems/3.3.4/ruby/3.3.0/gems/rugged-1.4.3.102.ga6b7142/vendor/libgit2/build/CMakeFiles/CMakeTmp'
Building C object CMakeFiles/cmTC_f9262.dir/src.c.o
/usr/bin/gcc   -fPIC -DHAVE_STRUCT_STAT_ST_MTIM   -o CMakeFiles/cmTC_f9262.dir/src.c.o   -c /github/vendor/gems/3.3.4/ruby/3.3.0/gems/rugged-1.4.3.102.ga6b7142/vendor/libgit2/build/CMakeFiles/CMakeTmp/src.c
Linking C executable cmTC_f9262
/usr/bin/cmake -E cmake_link_script CMakeFiles/cmTC_f9262.dir/link.txt --verbose=1
/usr/bin/gcc -fPIC -DHAVE_STRUCT_STAT_ST_MTIM    CMakeFiles/cmTC_f9262.dir/src.c.o  -o cmTC_f9262 
make[1]: Leaving directory '/github/vendor/gems/3.3.4/ruby/3.3.0/gems/rugged-1.4.3.102.ga6b7142/vendor/libgit2/build/CMakeFiles/CMakeTmp'


Source file was:

#include <sys/types.h>
#include <sys/stat.h>

int main()
{
  (void)sizeof(((struct stat *)0)->st_mtim);
  return 0;
}

Performing C SOURCE FILE Test HAVE_STRUCT_STAT_NSEC succeeded with the following output:
Change Dir: /github/vendor/gems/3.3.4/ruby/3.3.0/gems/rugged-1.4.3.102.ga6b7142/vendor/libgit2/build/CMakeFiles/CMakeTmp

Run Build Command(s):/usr/bin/make cmTC_fc576/fast && /usr/bin/make -f CMakeFiles/cmTC_fc576.dir/build.make CMakeFiles/cmTC_fc576.dir/build
make[1]: Entering directory '/github/vendor/gems/3.3.4/ruby/3.3.0/gems/rugged-1.4.3.102.ga6b7142/vendor/libgit2/build/CMakeFiles/CMakeTmp'
Building C object CMakeFiles/cmTC_fc576.dir/src.c.o
/usr/bin/gcc   -fPIC -DHAVE_STRUCT_STAT_NSEC   -o CMakeFiles/cmTC_fc576.dir/src.c.o   -c /github/vendor/gems/3.3.4/ruby/3.3.0/gems/rugged-1.4.3.102.ga6b7142/vendor/libgit2/build/CMakeFiles/CMakeTmp/src.c
Linking C executable cmTC_fc576
/usr/bin/cmake -E cmake_link_script CMakeFiles/cmTC_fc576.dir/link.txt --verbose=1
/usr/bin/gcc -fPIC -DHAVE_STRUCT_STAT_NSEC    CMakeFiles/cmTC_fc576.dir/src.c.o  -o cmTC_fc576 
make[1]: Leaving directory '/github/vendor/gems/3.3.4/ruby/3.3.0/gems/rugged-1.4.3.102.ga6b7142/vendor/libgit2/build/CMakeFiles/CMakeTmp'


Source file was:

#include <sys/stat.h>

int main()
{
  (void)sizeof(((struct stat *)0)->st_mtim.tv_nsec);
  return 0;
}

Determining if the function futimens exists passed with the following output:
Change Dir: /github/vendor/gems/3.3.4/ruby/3.3.0/gems/rugged-1.4.3.102.ga6b7142/vendor/libgit2/build/CMakeFiles/CMakeTmp

Run Build Command(s):/usr/bin/make cmTC_ab6f4/fast && /usr/bin/make -f CMakeFiles/cmTC_ab6f4.dir/build.make CMakeFiles/cmTC_ab6f4.dir/build
make[1]: Entering directory '/github/vendor/gems/3.3.4/ruby/3.3.0/gems/rugged-1.4.3.102.ga6b7142/vendor/libgit2/build/CMakeFiles/CMakeTmp'
Building C object CMakeFiles/cmTC_ab6f4.dir/CheckFunctionExists.c.o
/usr/bin/gcc   -fPIC -DCHECK_FUNCTION_EXISTS=futimens   -o CMakeFiles/cmTC_ab6f4.dir/CheckFunctionExists.c.o   -c /usr/share/cmake-3.16/Modules/CheckFunctionExists.c
Linking C executable cmTC_ab6f4
/usr/bin/cmake -E cmake_link_script CMakeFiles/cmTC_ab6f4.dir/link.txt --verbose=1
/usr/bin/gcc -fPIC -DCHECK_FUNCTION_EXISTS=futimens    CMakeFiles/cmTC_ab6f4.dir/CheckFunctionExists.c.o  -o cmTC_ab6f4 
make[1]: Leaving directory '/github/vendor/gems/3.3.4/ruby/3.3.0/gems/rugged-1.4.3.102.ga6b7142/vendor/libgit2/build/CMakeFiles/CMakeTmp'



Performing C SOURCE FILE Test IS_WALL_SUPPORTED succeeded with the following output:
Change Dir: /github/vendor/gems/3.3.4/ruby/3.3.0/gems/rugged-1.4.3.102.ga6b7142/vendor/libgit2/build/CMakeFiles/CMakeTmp

Run Build Command(s):/usr/bin/make cmTC_cf987/fast && /usr/bin/make -f CMakeFiles/cmTC_cf987.dir/build.make CMakeFiles/cmTC_cf987.dir/build
make[1]: Entering directory '/github/vendor/gems/3.3.4/ruby/3.3.0/gems/rugged-1.4.3.102.ga6b7142/vendor/libgit2/build/CMakeFiles/CMakeTmp'
Building C object CMakeFiles/cmTC_cf987.dir/src.c.o
/usr/bin/gcc   -D_GNU_SOURCE -fPIC -DIS_WALL_SUPPORTED   -Wall -o CMakeFiles/cmTC_cf987.dir/src.c.o   -c /github/vendor/gems/3.3.4/ruby/3.3.0/gems/rugged-1.4.3.102.ga6b7142/vendor/libgit2/build/CMakeFiles/CMakeTmp/src.c
Linking C executable cmTC_cf987
/usr/bin/cmake -E cmake_link_script CMakeFiles/cmTC_cf987.dir/link.txt --verbose=1
/usr/bin/gcc -D_GNU_SOURCE -fPIC -DIS_WALL_SUPPORTED    CMakeFiles/cmTC_cf987.dir/src.c.o  -o cmTC_cf987 
make[1]: Leaving directory '/github/vendor/gems/3.3.4/ruby/3.3.0/gems/rugged-1.4.3.102.ga6b7142/vendor/libgit2/build/CMakeFiles/CMakeTmp'


Source file was:
int main(void) { return 0; }
Performing C SOURCE FILE Test IS_WEXTRA_SUPPORTED succeeded with the following output:
Change Dir: /github/vendor/gems/3.3.4/ruby/3.3.0/gems/rugged-1.4.3.102.ga6b7142/vendor/libgit2/build/CMakeFiles/CMakeTmp

Run Build Command(s):/usr/bin/make cmTC_63035/fast && /usr/bin/make -f CMakeFiles/cmTC_63035.dir/build.make CMakeFiles/cmTC_63035.dir/build
make[1]: Entering directory '/github/vendor/gems/3.3.4/ruby/3.3.0/gems/rugged-1.4.3.102.ga6b7142/vendor/libgit2/build/CMakeFiles/CMakeTmp'
Building C object CMakeFiles/cmTC_63035.dir/src.c.o
/usr/bin/gcc   -D_GNU_SOURCE -fPIC -Wall -DIS_WEXTRA_SUPPORTED   -Wextra -o CMakeFiles/cmTC_63035.dir/src.c.o   -c /github/vendor/gems/3.3.4/ruby/3.3.0/gems/rugged-1.4.3.102.ga6b7142/vendor/libgit2/build/CMakeFiles/CMakeTmp/src.c
Linking C executable cmTC_63035
/usr/bin/cmake -E cmake_link_script CMakeFiles/cmTC_63035.dir/link.txt --verbose=1
/usr/bin/gcc -D_GNU_SOURCE -fPIC -Wall -DIS_WEXTRA_SUPPORTED    CMakeFiles/cmTC_63035.dir/src.c.o  -o cmTC_63035 
make[1]: Leaving directory '/github/vendor/gems/3.3.4/ruby/3.3.0/gems/rugged-1.4.3.102.ga6b7142/vendor/libgit2/build/CMakeFiles/CMakeTmp'


Source file was:
int main(void) { return 0; }
Performing C SOURCE FILE Test IS_WNO_DOCUMENTATION_DEPRECATED_SYNC_SUPPORTED succeeded with the following output:
Change Dir: /github/vendor/gems/3.3.4/ruby/3.3.0/gems/rugged-1.4.3.102.ga6b7142/vendor/libgit2/build/CMakeFiles/CMakeTmp

Run Build Command(s):/usr/bin/make cmTC_8ac04/fast && /usr/bin/make -f CMakeFiles/cmTC_8ac04.dir/build.make CMakeFiles/cmTC_8ac04.dir/build
make[1]: Entering directory '/github/vendor/gems/3.3.4/ruby/3.3.0/gems/rugged-1.4.3.102.ga6b7142/vendor/libgit2/build/CMakeFiles/CMakeTmp'
Building C object CMakeFiles/cmTC_8ac04.dir/src.c.o
/usr/bin/gcc   -D_GNU_SOURCE -fPIC -Wall -Wextra -DIS_WNO_DOCUMENTATION_DEPRECATED_SYNC_SUPPORTED   -Wno-documentation-deprecated-sync -o CMakeFiles/cmTC_8ac04.dir/src.c.o   -c /github/vendor/gems/3.3.4/ruby/3.3.0/gems/rugged-1.4.3.102.ga6b7142/vendor/libgit2/build/CMakeFiles/CMakeTmp/src.c
Linking C executable cmTC_8ac04
/usr/bin/cmake -E cmake_link_script CMakeFiles/cmTC_8ac04.dir/link.txt --verbose=1
/usr/bin/gcc -D_GNU_SOURCE -fPIC -Wall -Wextra -DIS_WNO_DOCUMENTATION_DEPRECATED_SYNC_SUPPORTED    CMakeFiles/cmTC_8ac04.dir/src.c.o  -o cmTC_8ac04 
make[1]: Leaving directory '/github/vendor/gems/3.3.4/ruby/3.3.0/gems/rugged-1.4.3.102.ga6b7142/vendor/libgit2/build/CMakeFiles/CMakeTmp'


Source file was:
int main(void) { return 0; }
Performing C SOURCE FILE Test IS_WNO_MISSING_FIELD_INITIALIZERS_SUPPORTED succeeded with the following output:
Change Dir: /github/vendor/gems/3.3.4/ruby/3.3.0/gems/rugged-1.4.3.102.ga6b7142/vendor/libgit2/build/CMakeFiles/CMakeTmp

Run Build Command(s):/usr/bin/make cmTC_ebf1e/fast && /usr/bin/make -f CMakeFiles/cmTC_ebf1e.dir/build.make CMakeFiles/cmTC_ebf1e.dir/build
make[1]: Entering directory '/github/vendor/gems/3.3.4/ruby/3.3.0/gems/rugged-1.4.3.102.ga6b7142/vendor/libgit2/build/CMakeFiles/CMakeTmp'
Building C object CMakeFiles/cmTC_ebf1e.dir/src.c.o
/usr/bin/gcc   -D_GNU_SOURCE -fPIC -Wall -Wextra -Wno-documentation-deprecated-sync -DIS_WNO_MISSING_FIELD_INITIALIZERS_SUPPORTED   -Wno-missing-field-initializers -o CMakeFiles/cmTC_ebf1e.dir/src.c.o   -c /github/vendor/gems/3.3.4/ruby/3.3.0/gems/rugged-1.4.3.102.ga6b7142/vendor/libgit2/build/CMakeFiles/CMakeTmp/src.c
Linking C executable cmTC_ebf1e
/usr/bin/cmake -E cmake_link_script CMakeFiles/cmTC_ebf1e.dir/link.txt --verbose=1
/usr/bin/gcc -D_GNU_SOURCE -fPIC -Wall -Wextra -Wno-documentation-deprecated-sync -DIS_WNO_MISSING_FIELD_INITIALIZERS_SUPPORTED    CMakeFiles/cmTC_ebf1e.dir/src.c.o  -o cmTC_ebf1e 
make[1]: Leaving directory '/github/vendor/gems/3.3.4/ruby/3.3.0/gems/rugged-1.4.3.102.ga6b7142/vendor/libgit2/build/CMakeFiles/CMakeTmp'


Source file was:
int main(void) { return 0; }
Performing C SOURCE FILE Test IS_WMISSING_DECLARATIONS_SUPPORTED succeeded with the following output:
Change Dir: /github/vendor/gems/3.3.4/ruby/3.3.0/gems/rugged-1.4.3.102.ga6b7142/vendor/libgit2/build/CMakeFiles/CMakeTmp

Run Build Command(s):/usr/bin/make cmTC_74838/fast && /usr/bin/make -f CMakeFiles/cmTC_74838.dir/build.make CMakeFiles/cmTC_74838.dir/build
make[1]: Entering directory '/github/vendor/gems/3.3.4/ruby/3.3.0/gems/rugged-1.4.3.102.ga6b7142/vendor/libgit2/build/CMakeFiles/CMakeTmp'
Building C object CMakeFiles/cmTC_74838.dir/src.c.o
/usr/bin/gcc   -D_GNU_SOURCE -fPIC -Wall -Wextra -Wno-documentation-deprecated-sync -Wno-missing-field-initializers -DIS_WMISSING_DECLARATIONS_SUPPORTED   -Wmissing-declarations -o CMakeFiles/cmTC_74838.dir/src.c.o   -c /github/vendor/gems/3.3.4/ruby/3.3.0/gems/rugged-1.4.3.102.ga6b7142/vendor/libgit2/build/CMakeFiles/CMakeTmp/src.c
Linking C executable cmTC_74838
/usr/bin/cmake -E cmake_link_script CMakeFiles/cmTC_74838.dir/link.txt --verbose=1
/usr/bin/gcc -D_GNU_SOURCE -fPIC -Wall -Wextra -Wno-documentation-deprecated-sync -Wno-missing-field-initializers -DIS_WMISSING_DECLARATIONS_SUPPORTED    CMakeFiles/cmTC_74838.dir/src.c.o  -o cmTC_74838 
make[1]: Leaving directory '/github/vendor/gems/3.3.4/ruby/3.3.0/gems/rugged-1.4.3.102.ga6b7142/vendor/libgit2/build/CMakeFiles/CMakeTmp'


Source file was:
int main(void) { return 0; }
Performing C SOURCE FILE Test IS_WSTRICT_ALIASING_SUPPORTED succeeded with the following output:
Change Dir: /github/vendor/gems/3.3.4/ruby/3.3.0/gems/rugged-1.4.3.102.ga6b7142/vendor/libgit2/build/CMakeFiles/CMakeTmp

Run Build Command(s):/usr/bin/make cmTC_f2a1b/fast && /usr/bin/make -f CMakeFiles/cmTC_f2a1b.dir/build.make CMakeFiles/cmTC_f2a1b.dir/build
make[1]: Entering directory '/github/vendor/gems/3.3.4/ruby/3.3.0/gems/rugged-1.4.3.102.ga6b7142/vendor/libgit2/build/CMakeFiles/CMakeTmp'
Building C object CMakeFiles/cmTC_f2a1b.dir/src.c.o
/usr/bin/gcc   -D_GNU_SOURCE -fPIC -Wall -Wextra -Wno-documentation-deprecated-sync -Wno-missing-field-initializers -Wmissing-declarations -DIS_WSTRICT_ALIASING_SUPPORTED   -Wstrict-aliasing -o CMakeFiles/cmTC_f2a1b.dir/src.c.o   -c /github/vendor/gems/3.3.4/ruby/3.3.0/gems/rugged-1.4.3.102.ga6b7142/vendor/libgit2/build/CMakeFiles/CMakeTmp/src.c
Linking C executable cmTC_f2a1b
/usr/bin/cmake -E cmake_link_script CMakeFiles/cmTC_f2a1b.dir/link.txt --verbose=1
/usr/bin/gcc -D_GNU_SOURCE -fPIC -Wall -Wextra -Wno-documentation-deprecated-sync -Wno-missing-field-initializers -Wmissing-declarations -DIS_WSTRICT_ALIASING_SUPPORTED    CMakeFiles/cmTC_f2a1b.dir/src.c.o  -o cmTC_f2a1b 
make[1]: Leaving directory '/github/vendor/gems/3.3.4/ruby/3.3.0/gems/rugged-1.4.3.102.ga6b7142/vendor/libgit2/build/CMakeFiles/CMakeTmp'


Source file was:
int main(void) { return 0; }
Performing C SOURCE FILE Test IS_WSTRICT_PROTOTYPES_SUPPORTED succeeded with the following output:
Change Dir: /github/vendor/gems/3.3.4/ruby/3.3.0/gems/rugged-1.4.3.102.ga6b7142/vendor/libgit2/build/CMakeFiles/CMakeTmp

Run Build Command(s):/usr/bin/make cmTC_d4e0d/fast && /usr/bin/make -f CMakeFiles/cmTC_d4e0d.dir/build.make CMakeFiles/cmTC_d4e0d.dir/build
make[1]: Entering directory '/github/vendor/gems/3.3.4/ruby/3.3.0/gems/rugged-1.4.3.102.ga6b7142/vendor/libgit2/build/CMakeFiles/CMakeTmp'
Building C object CMakeFiles/cmTC_d4e0d.dir/src.c.o
/usr/bin/gcc   -D_GNU_SOURCE -fPIC -Wall -Wextra -Wno-documentation-deprecated-sync -Wno-missing-field-initializers -Wmissing-declarations -Wstrict-aliasing -DIS_WSTRICT_PROTOTYPES_SUPPORTED   -Wstrict-prototypes -o CMakeFiles/cmTC_d4e0d.dir/src.c.o   -c /github/vendor/gems/3.3.4/ruby/3.3.0/gems/rugged-1.4.3.102.ga6b7142/vendor/libgit2/build/CMakeFiles/CMakeTmp/src.c
Linking C executable cmTC_d4e0d
/usr/bin/cmake -E cmake_link_script CMakeFiles/cmTC_d4e0d.dir/link.txt --verbose=1
/usr/bin/gcc -D_GNU_SOURCE -fPIC -Wall -Wextra -Wno-documentation-deprecated-sync -Wno-missing-field-initializers -Wmissing-declarations -Wstrict-aliasing -DIS_WSTRICT_PROTOTYPES_SUPPORTED    CMakeFiles/cmTC_d4e0d.dir/src.c.o  -o cmTC_d4e0d 
make[1]: Leaving directory '/github/vendor/gems/3.3.4/ruby/3.3.0/gems/rugged-1.4.3.102.ga6b7142/vendor/libgit2/build/CMakeFiles/CMakeTmp'


Source file was:
int main(void) { return 0; }
Performing C SOURCE FILE Test IS_WDECLARATION_AFTER_STATEMENT_SUPPORTED succeeded with the following output:
Change Dir: /github/vendor/gems/3.3.4/ruby/3.3.0/gems/rugged-1.4.3.102.ga6b7142/vendor/libgit2/build/CMakeFiles/CMakeTmp

Run Build Command(s):/usr/bin/make cmTC_d3dc5/fast && /usr/bin/make -f CMakeFiles/cmTC_d3dc5.dir/build.make CMakeFiles/cmTC_d3dc5.dir/build
make[1]: Entering directory '/github/vendor/gems/3.3.4/ruby/3.3.0/gems/rugged-1.4.3.102.ga6b7142/vendor/libgit2/build/CMakeFiles/CMakeTmp'
Building C object CMakeFiles/cmTC_d3dc5.dir/src.c.o
/usr/bin/gcc   -D_GNU_SOURCE -fPIC -Wall -Wextra -Wno-documentation-deprecated-sync -Wno-missing-field-initializers -Wmissing-declarations -Wstrict-aliasing -Wstrict-prototypes -DIS_WDECLARATION_AFTER_STATEMENT_SUPPORTED   -Wdeclaration-after-statement -o CMakeFiles/cmTC_d3dc5.dir/src.c.o   -c /github/vendor/gems/3.3.4/ruby/3.3.0/gems/rugged-1.4.3.102.ga6b7142/vendor/libgit2/build/CMakeFiles/CMakeTmp/src.c
Linking C executable cmTC_d3dc5
/usr/bin/cmake -E cmake_link_script CMakeFiles/cmTC_d3dc5.dir/link.txt --verbose=1
/usr/bin/gcc -D_GNU_SOURCE -fPIC -Wall -Wextra -Wno-documentation-deprecated-sync -Wno-missing-field-initializers -Wmissing-declarations -Wstrict-aliasing -Wstrict-prototypes -DIS_WDECLARATION_AFTER_STATEMENT_SUPPORTED    CMakeFiles/cmTC_d3dc5.dir/src.c.o  -o cmTC_d3dc5 
make[1]: Leaving directory '/github/vendor/gems/3.3.4/ruby/3.3.0/gems/rugged-1.4.3.102.ga6b7142/vendor/libgit2/build/CMakeFiles/CMakeTmp'


Source file was:
int main(void) { return 0; }
Performing C SOURCE FILE Test IS_WSHIFT_COUNT_OVERFLOW_SUPPORTED succeeded with the following output:
Change Dir: /github/vendor/gems/3.3.4/ruby/3.3.0/gems/rugged-1.4.3.102.ga6b7142/vendor/libgit2/build/CMakeFiles/CMakeTmp

Run Build Command(s):/usr/bin/make cmTC_d1063/fast && /usr/bin/make -f CMakeFiles/cmTC_d1063.dir/build.make CMakeFiles/cmTC_d1063.dir/build
make[1]: Entering directory '/github/vendor/gems/3.3.4/ruby/3.3.0/gems/rugged-1.4.3.102.ga6b7142/vendor/libgit2/build/CMakeFiles/CMakeTmp'
Building C object CMakeFiles/cmTC_d1063.dir/src.c.o
/usr/bin/gcc   -D_GNU_SOURCE -fPIC -Wall -Wextra -Wno-documentation-deprecated-sync -Wno-missing-field-initializers -Wmissing-declarations -Wstrict-aliasing -Wstrict-prototypes -Wdeclaration-after-statement -DIS_WSHIFT_COUNT_OVERFLOW_SUPPORTED   -Wshift-count-overflow -o CMakeFiles/cmTC_d1063.dir/src.c.o   -c /github/vendor/gems/3.3.4/ruby/3.3.0/gems/rugged-1.4.3.102.ga6b7142/vendor/libgit2/build/CMakeFiles/CMakeTmp/src.c
Linking C executable cmTC_d1063
/usr/bin/cmake -E cmake_link_script CMakeFiles/cmTC_d1063.dir/link.txt --verbose=1
/usr/bin/gcc -D_GNU_SOURCE -fPIC -Wall -Wextra -Wno-documentation-deprecated-sync -Wno-missing-field-initializers -Wmissing-declarations -Wstrict-aliasing -Wstrict-prototypes -Wdeclaration-after-statement -DIS_WSHIFT_COUNT_OVERFLOW_SUPPORTED    CMakeFiles/cmTC_d1063.dir/src.c.o  -o cmTC_d1063 
make[1]: Leaving directory '/github/vendor/gems/3.3.4/ruby/3.3.0/gems/rugged-1.4.3.102.ga6b7142/vendor/libgit2/build/CMakeFiles/CMakeTmp'


Source file was:
int main(void) { return 0; }
Performing C SOURCE FILE Test IS_WUNUSED_CONST_VARIABLE_SUPPORTED succeeded with the following output:
Change Dir: /github/vendor/gems/3.3.4/ruby/3.3.0/gems/rugged-1.4.3.102.ga6b7142/vendor/libgit2/build/CMakeFiles/CMakeTmp

Run Build Command(s):/usr/bin/make cmTC_a8a51/fast && /usr/bin/make -f CMakeFiles/cmTC_a8a51.dir/build.make CMakeFiles/cmTC_a8a51.dir/build
make[1]: Entering directory '/github/vendor/gems/3.3.4/ruby/3.3.0/gems/rugged-1.4.3.102.ga6b7142/vendor/libgit2/build/CMakeFiles/CMakeTmp'
Building C object CMakeFiles/cmTC_a8a51.dir/src.c.o
/usr/bin/gcc   -D_GNU_SOURCE -fPIC -Wall -Wextra -Wno-documentation-deprecated-sync -Wno-missing-field-initializers -Wmissing-declarations -Wstrict-aliasing -Wstrict-prototypes -Wdeclaration-after-statement -Wshift-count-overflow -DIS_WUNUSED_CONST_VARIABLE_SUPPORTED   -Wunused-const-variable -o CMakeFiles/cmTC_a8a51.dir/src.c.o   -c /github/vendor/gems/3.3.4/ruby/3.3.0/gems/rugged-1.4.3.102.ga6b7142/vendor/libgit2/build/CMakeFiles/CMakeTmp/src.c
Linking C executable cmTC_a8a51
/usr/bin/cmake -E cmake_link_script CMakeFiles/cmTC_a8a51.dir/link.txt --verbose=1
/usr/bin/gcc -D_GNU_SOURCE -fPIC -Wall -Wextra -Wno-documentation-deprecated-sync -Wno-missing-field-initializers -Wmissing-declarations -Wstrict-aliasing -Wstrict-prototypes -Wdeclaration-after-statement -Wshift-count-overflow -DIS_WUNUSED_CONST_VARIABLE_SUPPORTED    CMakeFiles/cmTC_a8a51.dir/src.c.o  -o cmTC_a8a51 
make[1]: Leaving directory '/github/vendor/gems/3.3.4/ruby/3.3.0/gems/rugged-1.4.3.102.ga6b7142/vendor/libgit2/build/CMakeFiles/CMakeTmp'


Source file was:
int main(void) { return 0; }
Performing C SOURCE FILE Test IS_WUNUSED_FUNCTION_SUPPORTED succeeded with the following output:
Change Dir: /github/vendor/gems/3.3.4/ruby/3.3.0/gems/rugged-1.4.3.102.ga6b7142/vendor/libgit2/build/CMakeFiles/CMakeTmp

Run Build Command(s):/usr/bin/make cmTC_62510/fast && /usr/bin/make -f CMakeFiles/cmTC_62510.dir/build.make CMakeFiles/cmTC_62510.dir/build
make[1]: Entering directory '/github/vendor/gems/3.3.4/ruby/3.3.0/gems/rugged-1.4.3.102.ga6b7142/vendor/libgit2/build/CMakeFiles/CMakeTmp'
Building C object CMakeFiles/cmTC_62510.dir/src.c.o
/usr/bin/gcc   -D_GNU_SOURCE -fPIC -Wall -Wextra -Wno-documentation-deprecated-sync -Wno-missing-field-initializers -Wmissing-declarations -Wstrict-aliasing -Wstrict-prototypes -Wdeclaration-after-statement -Wshift-count-overflow -Wunused-const-variable -DIS_WUNUSED_FUNCTION_SUPPORTED   -Wunused-function -o CMakeFiles/cmTC_62510.dir/src.c.o   -c /github/vendor/gems/3.3.4/ruby/3.3.0/gems/rugged-1.4.3.102.ga6b7142/vendor/libgit2/build/CMakeFiles/CMakeTmp/src.c
Linking C executable cmTC_62510
/usr/bin/cmake -E cmake_link_script CMakeFiles/cmTC_62510.dir/link.txt --verbose=1
/usr/bin/gcc -D_GNU_SOURCE -fPIC -Wall -Wextra -Wno-documentation-deprecated-sync -Wno-missing-field-initializers -Wmissing-declarations -Wstrict-aliasing -Wstrict-prototypes -Wdeclaration-after-statement -Wshift-count-overflow -Wunused-const-variable -DIS_WUNUSED_FUNCTION_SUPPORTED    CMakeFiles/cmTC_62510.dir/src.c.o  -o cmTC_62510 
make[1]: Leaving directory '/github/vendor/gems/3.3.4/ruby/3.3.0/gems/rugged-1.4.3.102.ga6b7142/vendor/libgit2/build/CMakeFiles/CMakeTmp'


Source file was:
int main(void) { return 0; }
Performing C SOURCE FILE Test IS_WINT_CONVERSION_SUPPORTED succeeded with the following output:
Change Dir: /github/vendor/gems/3.3.4/ruby/3.3.0/gems/rugged-1.4.3.102.ga6b7142/vendor/libgit2/build/CMakeFiles/CMakeTmp

Run Build Command(s):/usr/bin/make cmTC_22989/fast && /usr/bin/make -f CMakeFiles/cmTC_22989.dir/build.make CMakeFiles/cmTC_22989.dir/build
make[1]: Entering directory '/github/vendor/gems/3.3.4/ruby/3.3.0/gems/rugged-1.4.3.102.ga6b7142/vendor/libgit2/build/CMakeFiles/CMakeTmp'
Building C object CMakeFiles/cmTC_22989.dir/src.c.o
/usr/bin/gcc   -D_GNU_SOURCE -fPIC -Wall -Wextra -Wno-documentation-deprecated-sync -Wno-missing-field-initializers -Wmissing-declarations -Wstrict-aliasing -Wstrict-prototypes -Wdeclaration-after-statement -Wshift-count-overflow -Wunused-const-variable -Wunused-function -DIS_WINT_CONVERSION_SUPPORTED   -Wint-conversion -o CMakeFiles/cmTC_22989.dir/src.c.o   -c /github/vendor/gems/3.3.4/ruby/3.3.0/gems/rugged-1.4.3.102.ga6b7142/vendor/libgit2/build/CMakeFiles/CMakeTmp/src.c
Linking C executable cmTC_22989
/usr/bin/cmake -E cmake_link_script CMakeFiles/cmTC_22989.dir/link.txt --verbose=1
/usr/bin/gcc -D_GNU_SOURCE -fPIC -Wall -Wextra -Wno-documentation-deprecated-sync -Wno-missing-field-initializers -Wmissing-declarations -Wstrict-aliasing -Wstrict-prototypes -Wdeclaration-after-statement -Wshift-count-overflow -Wunused-const-variable -Wunused-function -DIS_WINT_CONVERSION_SUPPORTED    CMakeFiles/cmTC_22989.dir/src.c.o  -o cmTC_22989 
make[1]: Leaving directory '/github/vendor/gems/3.3.4/ruby/3.3.0/gems/rugged-1.4.3.102.ga6b7142/vendor/libgit2/build/CMakeFiles/CMakeTmp'


Source file was:
int main(void) { return 0; }
Performing C SOURCE FILE Test IS_WC99_C11_COMPAT_SUPPORTED succeeded with the following output:
Change Dir: /github/vendor/gems/3.3.4/ruby/3.3.0/gems/rugged-1.4.3.102.ga6b7142/vendor/libgit2/build/CMakeFiles/CMakeTmp

Run Build Command(s):/usr/bin/make cmTC_bd201/fast && /usr/bin/make -f CMakeFiles/cmTC_bd201.dir/build.make CMakeFiles/cmTC_bd201.dir/build
make[1]: Entering directory '/github/vendor/gems/3.3.4/ruby/3.3.0/gems/rugged-1.4.3.102.ga6b7142/vendor/libgit2/build/CMakeFiles/CMakeTmp'
Building C object CMakeFiles/cmTC_bd201.dir/src.c.o
/usr/bin/gcc   -D_GNU_SOURCE -fPIC -Wall -Wextra -Wno-documentation-deprecated-sync -Wno-missing-field-initializers -Wmissing-declarations -Wstrict-aliasing -Wstrict-prototypes -Wdeclaration-after-statement -Wshift-count-overflow -Wunused-const-variable -Wunused-function -Wint-conversion -DIS_WC99_C11_COMPAT_SUPPORTED   -Wc99-c11-compat -o CMakeFiles/cmTC_bd201.dir/src.c.o   -c /github/vendor/gems/3.3.4/ruby/3.3.0/gems/rugged-1.4.3.102.ga6b7142/vendor/libgit2/build/CMakeFiles/CMakeTmp/src.c
Linking C executable cmTC_bd201
/usr/bin/cmake -E cmake_link_script CMakeFiles/cmTC_bd201.dir/link.txt --verbose=1
/usr/bin/gcc -D_GNU_SOURCE -fPIC -Wall -Wextra -Wno-documentation-deprecated-sync -Wno-missing-field-initializers -Wmissing-declarations -Wstrict-aliasing -Wstrict-prototypes -Wdeclaration-after-statement -Wshift-count-overflow -Wunused-const-variable -Wunused-function -Wint-conversion -DIS_WC99_C11_COMPAT_SUPPORTED    CMakeFiles/cmTC_bd201.dir/src.c.o  -o cmTC_bd201 
make[1]: Leaving directory '/github/vendor/gems/3.3.4/ruby/3.3.0/gems/rugged-1.4.3.102.ga6b7142/vendor/libgit2/build/CMakeFiles/CMakeTmp'


Source file was:
int main(void) { return 0; }
Performing C SOURCE FILE Test IS_WFORMAT_SUPPORTED succeeded with the following output:
Change Dir: /github/vendor/gems/3.3.4/ruby/3.3.0/gems/rugged-1.4.3.102.ga6b7142/vendor/libgit2/build/CMakeFiles/CMakeTmp

Run Build Command(s):/usr/bin/make cmTC_0260f/fast && /usr/bin/make -f CMakeFiles/cmTC_0260f.dir/build.make CMakeFiles/cmTC_0260f.dir/build
make[1]: Entering directory '/github/vendor/gems/3.3.4/ruby/3.3.0/gems/rugged-1.4.3.102.ga6b7142/vendor/libgit2/build/CMakeFiles/CMakeTmp'
Building C object CMakeFiles/cmTC_0260f.dir/src.c.o
/usr/bin/gcc   -D_GNU_SOURCE -fPIC -Wall -Wextra -Wno-documentation-deprecated-sync -Wno-missing-field-initializers -Wmissing-declarations -Wstrict-aliasing -Wstrict-prototypes -Wdeclaration-after-statement -Wshift-count-overflow -Wunused-const-variable -Wunused-function -Wint-conversion -Wc99-c11-compat -DIS_WFORMAT_SUPPORTED   -Wformat -o CMakeFiles/cmTC_0260f.dir/src.c.o   -c /github/vendor/gems/3.3.4/ruby/3.3.0/gems/rugged-1.4.3.102.ga6b7142/vendor/libgit2/build/CMakeFiles/CMakeTmp/src.c
Linking C executable cmTC_0260f
/usr/bin/cmake -E cmake_link_script CMakeFiles/cmTC_0260f.dir/link.txt --verbose=1
/usr/bin/gcc -D_GNU_SOURCE -fPIC -Wall -Wextra -Wno-documentation-deprecated-sync -Wno-missing-field-initializers -Wmissing-declarations -Wstrict-aliasing -Wstrict-prototypes -Wdeclaration-after-statement -Wshift-count-overflow -Wunused-const-variable -Wunused-function -Wint-conversion -Wc99-c11-compat -DIS_WFORMAT_SUPPORTED    CMakeFiles/cmTC_0260f.dir/src.c.o  -o cmTC_0260f 
make[1]: Leaving directory '/github/vendor/gems/3.3.4/ruby/3.3.0/gems/rugged-1.4.3.102.ga6b7142/vendor/libgit2/build/CMakeFiles/CMakeTmp'


Source file was:
int main(void) { return 0; }
Performing C SOURCE FILE Test IS_WFORMAT_SECURITY_SUPPORTED succeeded with the following output:
Change Dir: /github/vendor/gems/3.3.4/ruby/3.3.0/gems/rugged-1.4.3.102.ga6b7142/vendor/libgit2/build/CMakeFiles/CMakeTmp

Run Build Command(s):/usr/bin/make cmTC_6c3c2/fast && /usr/bin/make -f CMakeFiles/cmTC_6c3c2.dir/build.make CMakeFiles/cmTC_6c3c2.dir/build
make[1]: Entering directory '/github/vendor/gems/3.3.4/ruby/3.3.0/gems/rugged-1.4.3.102.ga6b7142/vendor/libgit2/build/CMakeFiles/CMakeTmp'
Building C object CMakeFiles/cmTC_6c3c2.dir/src.c.o
/usr/bin/gcc   -D_GNU_SOURCE -fPIC -Wall -Wextra -Wno-documentation-deprecated-sync -Wno-missing-field-initializers -Wmissing-declarations -Wstrict-aliasing -Wstrict-prototypes -Wdeclaration-after-statement -Wshift-count-overflow -Wunused-const-variable -Wunused-function -Wint-conversion -Wc99-c11-compat -Wformat -DIS_WFORMAT_SECURITY_SUPPORTED   -Wformat-security -o CMakeFiles/cmTC_6c3c2.dir/src.c.o   -c /github/vendor/gems/3.3.4/ruby/3.3.0/gems/rugged-1.4.3.102.ga6b7142/vendor/libgit2/build/CMakeFiles/CMakeTmp/src.c
Linking C executable cmTC_6c3c2
/usr/bin/cmake -E cmake_link_script CMakeFiles/cmTC_6c3c2.dir/link.txt --verbose=1
/usr/bin/gcc -D_GNU_SOURCE -fPIC -Wall -Wextra -Wno-documentation-deprecated-sync -Wno-missing-field-initializers -Wmissing-declarations -Wstrict-aliasing -Wstrict-prototypes -Wdeclaration-after-statement -Wshift-count-overflow -Wunused-const-variable -Wunused-function -Wint-conversion -Wc99-c11-compat -Wformat -DIS_WFORMAT_SECURITY_SUPPORTED    CMakeFiles/cmTC_6c3c2.dir/src.c.o  -o cmTC_6c3c2 
make[1]: Leaving directory '/github/vendor/gems/3.3.4/ruby/3.3.0/gems/rugged-1.4.3.102.ga6b7142/vendor/libgit2/build/CMakeFiles/CMakeTmp'


Source file was:
int main(void) { return 0; }
Determining if the prototype qsort_r exists for GIT_QSORT_R_GNU passed with the following output:
Change Dir: /github/vendor/gems/3.3.4/ruby/3.3.0/gems/rugged-1.4.3.102.ga6b7142/vendor/libgit2/build/CMakeFiles/CMakeTmp

Run Build Command(s):/usr/bin/make cmTC_c7729/fast && /usr/bin/make -f CMakeFiles/cmTC_c7729.dir/build.make CMakeFiles/cmTC_c7729.dir/build
make[1]: Entering directory '/github/vendor/gems/3.3.4/ruby/3.3.0/gems/rugged-1.4.3.102.ga6b7142/vendor/libgit2/build/CMakeFiles/CMakeTmp'
Building C object CMakeFiles/cmTC_c7729.dir/CheckPrototypeDefinition.c.o
/usr/bin/gcc   -D_GNU_SOURCE -fPIC -Wall -Wextra -Wno-documentation-deprecated-sync -Wno-missing-field-initializers -Wmissing-declarations -Wstrict-aliasing -Wstrict-prototypes -Wdeclaration-after-statement -Wshift-count-overflow -Wunused-const-variable -Wunused-function -Wint-conversion -Wc99-c11-compat -Wformat -Wformat-security    -o CMakeFiles/cmTC_c7729.dir/CheckPrototypeDefinition.c.o   -c /github/vendor/gems/3.3.4/ruby/3.3.0/gems/rugged-1.4.3.102.ga6b7142/vendor/libgit2/build/CMakeFiles/CMakeTmp/CheckPrototypeDefinition.c
/github/vendor/gems/3.3.4/ruby/3.3.0/gems/rugged-1.4.3.102.ga6b7142/vendor/libgit2/build/CMakeFiles/CMakeTmp/CheckPrototypeDefinition.c: In function ‘qsort_r’:
/github/vendor/gems/3.3.4/ruby/3.3.0/gems/rugged-1.4.3.102.ga6b7142/vendor/libgit2/build/CMakeFiles/CMakeTmp/CheckPrototypeDefinition.c:14:20: warning: unused parameter ‘base’ [-Wunused-parameter]
   14 | void qsort_r(void *base, size_t nmemb, size_t size, int (*compar)(const void *, const void *, void *), void *arg) {
      |              ~~~~~~^~~~
/github/vendor/gems/3.3.4/ruby/3.3.0/gems/rugged-1.4.3.102.ga6b7142/vendor/libgit2/build/CMakeFiles/CMakeTmp/CheckPrototypeDefinition.c:14:33: warning: unused parameter ‘nmemb’ [-Wunused-parameter]
   14 | void qsort_r(void *base, size_t nmemb, size_t size, int (*compar)(const void *, const void *, void *), void *arg) {
      |                          ~~~~~~~^~~~~
/github/vendor/gems/3.3.4/ruby/3.3.0/gems/rugged-1.4.3.102.ga6b7142/vendor/libgit2/build/CMakeFiles/CMakeTmp/CheckPrototypeDefinition.c:14:47: warning: unused parameter ‘size’ [-Wunused-parameter]
   14 | void qsort_r(void *base, size_t nmemb, size_t size, int (*compar)(const void *, const void *, void *), void *arg) {
      |                                        ~~~~~~~^~~~
/github/vendor/gems/3.3.4/ruby/3.3.0/gems/rugged-1.4.3.102.ga6b7142/vendor/libgit2/build/CMakeFiles/CMakeTmp/CheckPrototypeDefinition.c:14:59: warning: unused parameter ‘compar’ [-Wunused-parameter]
   14 | void qsort_r(void *base, size_t nmemb, size_t size, int (*compar)(const void *, const void *, void *), void *arg) {
      |                                                     ~~~~~~^~~~~~~~~~~~~~~~~~~~~~~~~~~~~~~~~~~~~~~~~~~
/github/vendor/gems/3.3.4/ruby/3.3.0/gems/rugged-1.4.3.102.ga6b7142/vendor/libgit2/build/CMakeFiles/CMakeTmp/CheckPrototypeDefinition.c:14:110: warning: unused parameter ‘arg’ [-Wunused-parameter]
   14 | void qsort_r(void *base, size_t nmemb, size_t size, int (*compar)(const void *, const void *, void *), void *arg) {
      |                                                                                                        ~~~~~~^~~
/github/vendor/gems/3.3.4/ruby/3.3.0/gems/rugged-1.4.3.102.ga6b7142/vendor/libgit2/build/CMakeFiles/CMakeTmp/CheckPrototypeDefinition.c: At top level:
cc1: warning: unrecognized command line option ‘-Wno-documentation-deprecated-sync’
Linking C executable cmTC_c7729
/usr/bin/cmake -E cmake_link_script CMakeFiles/cmTC_c7729.dir/link.txt --verbose=1
/usr/bin/gcc -D_GNU_SOURCE -fPIC -Wall -Wextra -Wno-documentation-deprecated-sync -Wno-missing-field-initializers -Wmissing-declarations -Wstrict-aliasing -Wstrict-prototypes -Wdeclaration-after-statement -Wshift-count-overflow -Wunused-const-variable -Wunused-function -Wint-conversion -Wc99-c11-compat -Wformat -Wformat-security     CMakeFiles/cmTC_c7729.dir/CheckPrototypeDefinition.c.o  -o cmTC_c7729 
make[1]: Leaving directory '/github/vendor/gems/3.3.4/ruby/3.3.0/gems/rugged-1.4.3.102.ga6b7142/vendor/libgit2/build/CMakeFiles/CMakeTmp'



Determining if the function getentropy exists passed with the following output:
Change Dir: /github/vendor/gems/3.3.4/ruby/3.3.0/gems/rugged-1.4.3.102.ga6b7142/vendor/libgit2/build/CMakeFiles/CMakeTmp

Run Build Command(s):/usr/bin/make cmTC_d7043/fast && /usr/bin/make -f CMakeFiles/cmTC_d7043.dir/build.make CMakeFiles/cmTC_d7043.dir/build
make[1]: Entering directory '/github/vendor/gems/3.3.4/ruby/3.3.0/gems/rugged-1.4.3.102.ga6b7142/vendor/libgit2/build/CMakeFiles/CMakeTmp'
Building C object CMakeFiles/cmTC_d7043.dir/CheckFunctionExists.c.o
/usr/bin/gcc   -D_GNU_SOURCE -fPIC -Wall -Wextra -Wno-documentation-deprecated-sync -Wno-missing-field-initializers -Wmissing-declarations -Wstrict-aliasing -Wstrict-prototypes -Wdeclaration-after-statement -Wshift-count-overflow -Wunused-const-variable -Wunused-function -Wint-conversion -Wc99-c11-compat -Wformat -Wformat-security -DCHECK_FUNCTION_EXISTS=getentropy   -o CMakeFiles/cmTC_d7043.dir/CheckFunctionExists.c.o   -c /usr/share/cmake-3.16/Modules/CheckFunctionExists.c
Linking C executable cmTC_d7043
/usr/bin/cmake -E cmake_link_script CMakeFiles/cmTC_d7043.dir/link.txt --verbose=1
/usr/bin/gcc -D_GNU_SOURCE -fPIC -Wall -Wextra -Wno-documentation-deprecated-sync -Wno-missing-field-initializers -Wmissing-declarations -Wstrict-aliasing -Wstrict-prototypes -Wdeclaration-after-statement -Wshift-count-overflow -Wunused-const-variable -Wunused-function -Wint-conversion -Wc99-c11-compat -Wformat -Wformat-security -DCHECK_FUNCTION_EXISTS=getentropy    CMakeFiles/cmTC_d7043.dir/CheckFunctionExists.c.o  -o cmTC_d7043 
make[1]: Leaving directory '/github/vendor/gems/3.3.4/ruby/3.3.0/gems/rugged-1.4.3.102.ga6b7142/vendor/libgit2/build/CMakeFiles/CMakeTmp'



Determining if the function clock_gettime exists in the rt passed with the following output:
Change Dir: /github/vendor/gems/3.3.4/ruby/3.3.0/gems/rugged-1.4.3.102.ga6b7142/vendor/libgit2/build/CMakeFiles/CMakeTmp

Run Build Command(s):/usr/bin/make cmTC_8010c/fast && /usr/bin/make -f CMakeFiles/cmTC_8010c.dir/build.make CMakeFiles/cmTC_8010c.dir/build
make[1]: Entering directory '/github/vendor/gems/3.3.4/ruby/3.3.0/gems/rugged-1.4.3.102.ga6b7142/vendor/libgit2/build/CMakeFiles/CMakeTmp'
Building C object CMakeFiles/cmTC_8010c.dir/CheckFunctionExists.c.o
/usr/bin/gcc   -D_GNU_SOURCE -fPIC -Wall -Wextra -Wno-documentation-deprecated-sync -Wno-missing-field-initializers -Wmissing-declarations -Wstrict-aliasing -Wstrict-prototypes -Wdeclaration-after-statement -Wshift-count-overflow -Wunused-const-variable -Wunused-function -Wint-conversion -Wc99-c11-compat -Wformat -Wformat-security -DCHECK_FUNCTION_EXISTS=clock_gettime   -o CMakeFiles/cmTC_8010c.dir/CheckFunctionExists.c.o   -c /usr/share/cmake-3.16/Modules/CheckFunctionExists.c
Linking C executable cmTC_8010c
/usr/bin/cmake -E cmake_link_script CMakeFiles/cmTC_8010c.dir/link.txt --verbose=1
/usr/bin/gcc -D_GNU_SOURCE -fPIC -Wall -Wextra -Wno-documentation-deprecated-sync -Wno-missing-field-initializers -Wmissing-declarations -Wstrict-aliasing -Wstrict-prototypes -Wdeclaration-after-statement -Wshift-count-overflow -Wunused-const-variable -Wunused-function -Wint-conversion -Wc99-c11-compat -Wformat -Wformat-security -DCHECK_FUNCTION_EXISTS=clock_gettime    CMakeFiles/cmTC_8010c.dir/CheckFunctionExists.c.o  -o cmTC_8010c   -L/github/vendor/gems/3.3.4/ruby/3.3.0/gems/rugged-1.4.3.102.ga6b7142/vendor/libgit2/build/CMakeFiles/CMakeTmp/time.h  -Wl,-rpath,/github/vendor/gems/3.3.4/ruby/3.3.0/gems/rugged-1.4.3.102.ga6b7142/vendor/libgit2/build/CMakeFiles/CMakeTmp/time.h -lrt 
make[1]: Leaving directory '/github/vendor/gems/3.3.4/ruby/3.3.0/gems/rugged-1.4.3.102.ga6b7142/vendor/libgit2/build/CMakeFiles/CMakeTmp'



Performing C SOURCE FILE Test IS_WIMPLICIT_FALLTHROUGH_1_SUPPORTED succeeded with the following output:
Change Dir: /github/vendor/gems/3.3.4/ruby/3.3.0/gems/rugged-1.4.3.102.ga6b7142/vendor/libgit2/build/CMakeFiles/CMakeTmp

Run Build Command(s):/usr/bin/make cmTC_8eeeb/fast && /usr/bin/make -f CMakeFiles/cmTC_8eeeb.dir/build.make CMakeFiles/cmTC_8eeeb.dir/build
make[1]: Entering directory '/github/vendor/gems/3.3.4/ruby/3.3.0/gems/rugged-1.4.3.102.ga6b7142/vendor/libgit2/build/CMakeFiles/CMakeTmp'
Building C object CMakeFiles/cmTC_8eeeb.dir/src.c.o
/usr/bin/gcc   -D_GNU_SOURCE -fPIC -Wall -Wextra -Wno-documentation-deprecated-sync -Wno-missing-field-initializers -Wmissing-declarations -Wstrict-aliasing -Wstrict-prototypes -Wdeclaration-after-statement -Wshift-count-overflow -Wunused-const-variable -Wunused-function -Wint-conversion -Wc99-c11-compat -Wformat -Wformat-security -DIS_WIMPLICIT_FALLTHROUGH_1_SUPPORTED   -Wimplicit-fallthrough=1 -o CMakeFiles/cmTC_8eeeb.dir/src.c.o   -c /github/vendor/gems/3.3.4/ruby/3.3.0/gems/rugged-1.4.3.102.ga6b7142/vendor/libgit2/build/CMakeFiles/CMakeTmp/src.c
Linking C executable cmTC_8eeeb
/usr/bin/cmake -E cmake_link_script CMakeFiles/cmTC_8eeeb.dir/link.txt --verbose=1
/usr/bin/gcc -D_GNU_SOURCE -fPIC -Wall -Wextra -Wno-documentation-deprecated-sync -Wno-missing-field-initializers -Wmissing-declarations -Wstrict-aliasing -Wstrict-prototypes -Wdeclaration-after-statement -Wshift-count-overflow -Wunused-const-variable -Wunused-function -Wint-conversion -Wc99-c11-compat -Wformat -Wformat-security -DIS_WIMPLICIT_FALLTHROUGH_1_SUPPORTED    CMakeFiles/cmTC_8eeeb.dir/src.c.o  -o cmTC_8eeeb 
make[1]: Leaving directory '/github/vendor/gems/3.3.4/ruby/3.3.0/gems/rugged-1.4.3.102.ga6b7142/vendor/libgit2/build/CMakeFiles/CMakeTmp'


Source file was:
int main(void) { return 0; }
Determining if the include file dirent.h exists passed with the following output:
Change Dir: /github/vendor/gems/3.3.4/ruby/3.3.0/gems/rugged-1.4.3.102.ga6b7142/vendor/libgit2/build/CMakeFiles/CMakeTmp

Run Build Command(s):/usr/bin/make cmTC_c5c6e/fast && /usr/bin/make -f CMakeFiles/cmTC_c5c6e.dir/build.make CMakeFiles/cmTC_c5c6e.dir/build
make[1]: Entering directory '/github/vendor/gems/3.3.4/ruby/3.3.0/gems/rugged-1.4.3.102.ga6b7142/vendor/libgit2/build/CMakeFiles/CMakeTmp'
Building C object CMakeFiles/cmTC_c5c6e.dir/CheckIncludeFile.c.o
/usr/bin/gcc   -D_GNU_SOURCE -fPIC -Wall -Wextra -Wno-documentation-deprecated-sync -Wno-missing-field-initializers -Wmissing-declarations -Wstrict-aliasing -Wstrict-prototypes -Wdeclaration-after-statement -Wshift-count-overflow -Wunused-const-variable -Wunused-function -Wint-conversion -Wc99-c11-compat -Wformat -Wformat-security    -o CMakeFiles/cmTC_c5c6e.dir/CheckIncludeFile.c.o   -c /github/vendor/gems/3.3.4/ruby/3.3.0/gems/rugged-1.4.3.102.ga6b7142/vendor/libgit2/build/CMakeFiles/CMakeTmp/CheckIncludeFile.c
Linking C executable cmTC_c5c6e
/usr/bin/cmake -E cmake_link_script CMakeFiles/cmTC_c5c6e.dir/link.txt --verbose=1
/usr/bin/gcc -D_GNU_SOURCE -fPIC -Wall -Wextra -Wno-documentation-deprecated-sync -Wno-missing-field-initializers -Wmissing-declarations -Wstrict-aliasing -Wstrict-prototypes -Wdeclaration-after-statement -Wshift-count-overflow -Wunused-const-variable -Wunused-function -Wint-conversion -Wc99-c11-compat -Wformat -Wformat-security     CMakeFiles/cmTC_c5c6e.dir/CheckIncludeFile.c.o  -o cmTC_c5c6e 
make[1]: Leaving directory '/github/vendor/gems/3.3.4/ruby/3.3.0/gems/rugged-1.4.3.102.ga6b7142/vendor/libgit2/build/CMakeFiles/CMakeTmp'



Determining if the include file stdint.h exists passed with the following output:
Change Dir: /github/vendor/gems/3.3.4/ruby/3.3.0/gems/rugged-1.4.3.102.ga6b7142/vendor/libgit2/build/CMakeFiles/CMakeTmp

Run Build Command(s):/usr/bin/make cmTC_86b21/fast && /usr/bin/make -f CMakeFiles/cmTC_86b21.dir/build.make CMakeFiles/cmTC_86b21.dir/build
make[1]: Entering directory '/github/vendor/gems/3.3.4/ruby/3.3.0/gems/rugged-1.4.3.102.ga6b7142/vendor/libgit2/build/CMakeFiles/CMakeTmp'
Building C object CMakeFiles/cmTC_86b21.dir/CheckIncludeFile.c.o
/usr/bin/gcc   -D_GNU_SOURCE -fPIC -Wall -Wextra -Wno-documentation-deprecated-sync -Wno-missing-field-initializers -Wmissing-declarations -Wstrict-aliasing -Wstrict-prototypes -Wdeclaration-after-statement -Wshift-count-overflow -Wunused-const-variable -Wunused-function -Wint-conversion -Wc99-c11-compat -Wformat -Wformat-security    -o CMakeFiles/cmTC_86b21.dir/CheckIncludeFile.c.o   -c /github/vendor/gems/3.3.4/ruby/3.3.0/gems/rugged-1.4.3.102.ga6b7142/vendor/libgit2/build/CMakeFiles/CMakeTmp/CheckIncludeFile.c
Linking C executable cmTC_86b21
/usr/bin/cmake -E cmake_link_script CMakeFiles/cmTC_86b21.dir/link.txt --verbose=1
/usr/bin/gcc -D_GNU_SOURCE -fPIC -Wall -Wextra -Wno-documentation-deprecated-sync -Wno-missing-field-initializers -Wmissing-declarations -Wstrict-aliasing -Wstrict-prototypes -Wdeclaration-after-statement -Wshift-count-overflow -Wunused-const-variable -Wunused-function -Wint-conversion -Wc99-c11-compat -Wformat -Wformat-security     CMakeFiles/cmTC_86b21.dir/CheckIncludeFile.c.o  -o cmTC_86b21 
make[1]: Leaving directory '/github/vendor/gems/3.3.4/ruby/3.3.0/gems/rugged-1.4.3.102.ga6b7142/vendor/libgit2/build/CMakeFiles/CMakeTmp'



Determining if the include file inttypes.h exists passed with the following output:
Change Dir: /github/vendor/gems/3.3.4/ruby/3.3.0/gems/rugged-1.4.3.102.ga6b7142/vendor/libgit2/build/CMakeFiles/CMakeTmp

Run Build Command(s):/usr/bin/make cmTC_0b7e7/fast && /usr/bin/make -f CMakeFiles/cmTC_0b7e7.dir/build.make CMakeFiles/cmTC_0b7e7.dir/build
make[1]: Entering directory '/github/vendor/gems/3.3.4/ruby/3.3.0/gems/rugged-1.4.3.102.ga6b7142/vendor/libgit2/build/CMakeFiles/CMakeTmp'
Building C object CMakeFiles/cmTC_0b7e7.dir/CheckIncludeFile.c.o
/usr/bin/gcc   -D_GNU_SOURCE -fPIC -Wall -Wextra -Wno-documentation-deprecated-sync -Wno-missing-field-initializers -Wmissing-declarations -Wstrict-aliasing -Wstrict-prototypes -Wdeclaration-after-statement -Wshift-count-overflow -Wunused-const-variable -Wunused-function -Wint-conversion -Wc99-c11-compat -Wformat -Wformat-security    -o CMakeFiles/cmTC_0b7e7.dir/CheckIncludeFile.c.o   -c /github/vendor/gems/3.3.4/ruby/3.3.0/gems/rugged-1.4.3.102.ga6b7142/vendor/libgit2/build/CMakeFiles/CMakeTmp/CheckIncludeFile.c
Linking C executable cmTC_0b7e7
/usr/bin/cmake -E cmake_link_script CMakeFiles/cmTC_0b7e7.dir/link.txt --verbose=1
/usr/bin/gcc -D_GNU_SOURCE -fPIC -Wall -Wextra -Wno-documentation-deprecated-sync -Wno-missing-field-initializers -Wmissing-declarations -Wstrict-aliasing -Wstrict-prototypes -Wdeclaration-after-statement -Wshift-count-overflow -Wunused-const-variable -Wunused-function -Wint-conversion -Wc99-c11-compat -Wformat -Wformat-security     CMakeFiles/cmTC_0b7e7.dir/CheckIncludeFile.c.o  -o cmTC_0b7e7 
make[1]: Leaving directory '/github/vendor/gems/3.3.4/ruby/3.3.0/gems/rugged-1.4.3.102.ga6b7142/vendor/libgit2/build/CMakeFiles/CMakeTmp'



Determining if the include file sys/stat.h exists passed with the following output:
Change Dir: /github/vendor/gems/3.3.4/ruby/3.3.0/gems/rugged-1.4.3.102.ga6b7142/vendor/libgit2/build/CMakeFiles/CMakeTmp

Run Build Command(s):/usr/bin/make cmTC_7faa3/fast && /usr/bin/make -f CMakeFiles/cmTC_7faa3.dir/build.make CMakeFiles/cmTC_7faa3.dir/build
make[1]: Entering directory '/github/vendor/gems/3.3.4/ruby/3.3.0/gems/rugged-1.4.3.102.ga6b7142/vendor/libgit2/build/CMakeFiles/CMakeTmp'
Building C object CMakeFiles/cmTC_7faa3.dir/CheckIncludeFile.c.o
/usr/bin/gcc   -D_GNU_SOURCE -fPIC -Wall -Wextra -Wno-documentation-deprecated-sync -Wno-missing-field-initializers -Wmissing-declarations -Wstrict-aliasing -Wstrict-prototypes -Wdeclaration-after-statement -Wshift-count-overflow -Wunused-const-variable -Wunused-function -Wint-conversion -Wc99-c11-compat -Wformat -Wformat-security    -o CMakeFiles/cmTC_7faa3.dir/CheckIncludeFile.c.o   -c /github/vendor/gems/3.3.4/ruby/3.3.0/gems/rugged-1.4.3.102.ga6b7142/vendor/libgit2/build/CMakeFiles/CMakeTmp/CheckIncludeFile.c
Linking C executable cmTC_7faa3
/usr/bin/cmake -E cmake_link_script CMakeFiles/cmTC_7faa3.dir/link.txt --verbose=1
/usr/bin/gcc -D_GNU_SOURCE -fPIC -Wall -Wextra -Wno-documentation-deprecated-sync -Wno-missing-field-initializers -Wmissing-declarations -Wstrict-aliasing -Wstrict-prototypes -Wdeclaration-after-statement -Wshift-count-overflow -Wunused-const-variable -Wunused-function -Wint-conversion -Wc99-c11-compat -Wformat -Wformat-security     CMakeFiles/cmTC_7faa3.dir/CheckIncludeFile.c.o  -o cmTC_7faa3 
make[1]: Leaving directory '/github/vendor/gems/3.3.4/ruby/3.3.0/gems/rugged-1.4.3.102.ga6b7142/vendor/libgit2/build/CMakeFiles/CMakeTmp'



Determining if the include file sys/types.h exists passed with the following output:
Change Dir: /github/vendor/gems/3.3.4/ruby/3.3.0/gems/rugged-1.4.3.102.ga6b7142/vendor/libgit2/build/CMakeFiles/CMakeTmp

Run Build Command(s):/usr/bin/make cmTC_3e6d6/fast && /usr/bin/make -f CMakeFiles/cmTC_3e6d6.dir/build.make CMakeFiles/cmTC_3e6d6.dir/build
make[1]: Entering directory '/github/vendor/gems/3.3.4/ruby/3.3.0/gems/rugged-1.4.3.102.ga6b7142/vendor/libgit2/build/CMakeFiles/CMakeTmp'
Building C object CMakeFiles/cmTC_3e6d6.dir/CheckIncludeFile.c.o
/usr/bin/gcc   -D_GNU_SOURCE -fPIC -Wall -Wextra -Wno-documentation-deprecated-sync -Wno-missing-field-initializers -Wmissing-declarations -Wstrict-aliasing -Wstrict-prototypes -Wdeclaration-after-statement -Wshift-count-overflow -Wunused-const-variable -Wunused-function -Wint-conversion -Wc99-c11-compat -Wformat -Wformat-security    -o CMakeFiles/cmTC_3e6d6.dir/CheckIncludeFile.c.o   -c /github/vendor/gems/3.3.4/ruby/3.3.0/gems/rugged-1.4.3.102.ga6b7142/vendor/libgit2/build/CMakeFiles/CMakeTmp/CheckIncludeFile.c
Linking C executable cmTC_3e6d6
/usr/bin/cmake -E cmake_link_script CMakeFiles/cmTC_3e6d6.dir/link.txt --verbose=1
/usr/bin/gcc -D_GNU_SOURCE -fPIC -Wall -Wextra -Wno-documentation-deprecated-sync -Wno-missing-field-initializers -Wmissing-declarations -Wstrict-aliasing -Wstrict-prototypes -Wdeclaration-after-statement -Wshift-count-overflow -Wunused-const-variable -Wunused-function -Wint-conversion -Wc99-c11-compat -Wformat -Wformat-security     CMakeFiles/cmTC_3e6d6.dir/CheckIncludeFile.c.o  -o cmTC_3e6d6 
make[1]: Leaving directory '/github/vendor/gems/3.3.4/ruby/3.3.0/gems/rugged-1.4.3.102.ga6b7142/vendor/libgit2/build/CMakeFiles/CMakeTmp'



Determining if the include file unistd.h exists passed with the following output:
Change Dir: /github/vendor/gems/3.3.4/ruby/3.3.0/gems/rugged-1.4.3.102.ga6b7142/vendor/libgit2/build/CMakeFiles/CMakeTmp

Run Build Command(s):/usr/bin/make cmTC_bfd85/fast && /usr/bin/make -f CMakeFiles/cmTC_bfd85.dir/build.make CMakeFiles/cmTC_bfd85.dir/build
make[1]: Entering directory '/github/vendor/gems/3.3.4/ruby/3.3.0/gems/rugged-1.4.3.102.ga6b7142/vendor/libgit2/build/CMakeFiles/CMakeTmp'
Building C object CMakeFiles/cmTC_bfd85.dir/CheckIncludeFile.c.o
/usr/bin/gcc   -D_GNU_SOURCE -fPIC -Wall -Wextra -Wno-documentation-deprecated-sync -Wno-missing-field-initializers -Wmissing-declarations -Wstrict-aliasing -Wstrict-prototypes -Wdeclaration-after-statement -Wshift-count-overflow -Wunused-const-variable -Wunused-function -Wint-conversion -Wc99-c11-compat -Wformat -Wformat-security    -o CMakeFiles/cmTC_bfd85.dir/CheckIncludeFile.c.o   -c /github/vendor/gems/3.3.4/ruby/3.3.0/gems/rugged-1.4.3.102.ga6b7142/vendor/libgit2/build/CMakeFiles/CMakeTmp/CheckIncludeFile.c
Linking C executable cmTC_bfd85
/usr/bin/cmake -E cmake_link_script CMakeFiles/cmTC_bfd85.dir/link.txt --verbose=1
/usr/bin/gcc -D_GNU_SOURCE -fPIC -Wall -Wextra -Wno-documentation-deprecated-sync -Wno-missing-field-initializers -Wmissing-declarations -Wstrict-aliasing -Wstrict-prototypes -Wdeclaration-after-statement -Wshift-count-overflow -Wunused-const-variable -Wunused-function -Wint-conversion -Wc99-c11-compat -Wformat -Wformat-security     CMakeFiles/cmTC_bfd85.dir/CheckIncludeFile.c.o  -o cmTC_bfd85 
make[1]: Leaving directory '/github/vendor/gems/3.3.4/ruby/3.3.0/gems/rugged-1.4.3.102.ga6b7142/vendor/libgit2/build/CMakeFiles/CMakeTmp'



Determining if the function bcopy exists passed with the following output:
Change Dir: /github/vendor/gems/3.3.4/ruby/3.3.0/gems/rugged-1.4.3.102.ga6b7142/vendor/libgit2/build/CMakeFiles/CMakeTmp

Run Build Command(s):/usr/bin/make cmTC_7b393/fast && /usr/bin/make -f CMakeFiles/cmTC_7b393.dir/build.make CMakeFiles/cmTC_7b393.dir/build
make[1]: Entering directory '/github/vendor/gems/3.3.4/ruby/3.3.0/gems/rugged-1.4.3.102.ga6b7142/vendor/libgit2/build/CMakeFiles/CMakeTmp'
Building C object CMakeFiles/cmTC_7b393.dir/CheckFunctionExists.c.o
/usr/bin/gcc   -D_GNU_SOURCE -fPIC -Wall -Wextra -Wno-documentation-deprecated-sync -Wno-missing-field-initializers -Wmissing-declarations -Wstrict-aliasing -Wstrict-prototypes -Wdeclaration-after-statement -Wshift-count-overflow -Wunused-const-variable -Wunused-function -Wint-conversion -Wc99-c11-compat -Wformat -Wformat-security -DCHECK_FUNCTION_EXISTS=bcopy   -o CMakeFiles/cmTC_7b393.dir/CheckFunctionExists.c.o   -c /usr/share/cmake-3.16/Modules/CheckFunctionExists.c
<command-line>: warning: conflicting types for built-in function ‘bcopy’; expected ‘void(const void *, void *, long unsigned int)’ [-Wbuiltin-declaration-mismatch]
/usr/share/cmake-3.16/Modules/CheckFunctionExists.c:7:3: note: in expansion of macro ‘CHECK_FUNCTION_EXISTS’
    7 |   CHECK_FUNCTION_EXISTS(void);
      |   ^~~~~~~~~~~~~~~~~~~~~
cc1: warning: unrecognized command line option ‘-Wno-documentation-deprecated-sync’
Linking C executable cmTC_7b393
/usr/bin/cmake -E cmake_link_script CMakeFiles/cmTC_7b393.dir/link.txt --verbose=1
/usr/bin/gcc -D_GNU_SOURCE -fPIC -Wall -Wextra -Wno-documentation-deprecated-sync -Wno-missing-field-initializers -Wmissing-declarations -Wstrict-aliasing -Wstrict-prototypes -Wdeclaration-after-statement -Wshift-count-overflow -Wunused-const-variable -Wunused-function -Wint-conversion -Wc99-c11-compat -Wformat -Wformat-security -DCHECK_FUNCTION_EXISTS=bcopy    CMakeFiles/cmTC_7b393.dir/CheckFunctionExists.c.o  -o cmTC_7b393 
make[1]: Leaving directory '/github/vendor/gems/3.3.4/ruby/3.3.0/gems/rugged-1.4.3.102.ga6b7142/vendor/libgit2/build/CMakeFiles/CMakeTmp'



Determining if the function memmove exists passed with the following output:
Change Dir: /github/vendor/gems/3.3.4/ruby/3.3.0/gems/rugged-1.4.3.102.ga6b7142/vendor/libgit2/build/CMakeFiles/CMakeTmp

Run Build Command(s):/usr/bin/make cmTC_01514/fast && /usr/bin/make -f CMakeFiles/cmTC_01514.dir/build.make CMakeFiles/cmTC_01514.dir/build
make[1]: Entering directory '/github/vendor/gems/3.3.4/ruby/3.3.0/gems/rugged-1.4.3.102.ga6b7142/vendor/libgit2/build/CMakeFiles/CMakeTmp'
Building C object CMakeFiles/cmTC_01514.dir/CheckFunctionExists.c.o
/usr/bin/gcc   -D_GNU_SOURCE -fPIC -Wall -Wextra -Wno-documentation-deprecated-sync -Wno-missing-field-initializers -Wmissing-declarations -Wstrict-aliasing -Wstrict-prototypes -Wdeclaration-after-statement -Wshift-count-overflow -Wunused-const-variable -Wunused-function -Wint-conversion -Wc99-c11-compat -Wformat -Wformat-security -DCHECK_FUNCTION_EXISTS=memmove   -o CMakeFiles/cmTC_01514.dir/CheckFunctionExists.c.o   -c /usr/share/cmake-3.16/Modules/CheckFunctionExists.c
<command-line>: warning: conflicting types for built-in function ‘memmove’; expected ‘void *(void *, const void *, long unsigned int)’ [-Wbuiltin-declaration-mismatch]
/usr/share/cmake-3.16/Modules/CheckFunctionExists.c:7:3: note: in expansion of macro ‘CHECK_FUNCTION_EXISTS’
    7 |   CHECK_FUNCTION_EXISTS(void);
      |   ^~~~~~~~~~~~~~~~~~~~~
/usr/share/cmake-3.16/Modules/CheckFunctionExists.c:1:1: note: ‘memmove’ is declared in header ‘<string.h>’
  +++ |+#include <string.h>
    1 | #ifdef CHECK_FUNCTION_EXISTS
cc1: warning: unrecognized command line option ‘-Wno-documentation-deprecated-sync’
Linking C executable cmTC_01514
/usr/bin/cmake -E cmake_link_script CMakeFiles/cmTC_01514.dir/link.txt --verbose=1
/usr/bin/gcc -D_GNU_SOURCE -fPIC -Wall -Wextra -Wno-documentation-deprecated-sync -Wno-missing-field-initializers -Wmissing-declarations -Wstrict-aliasing -Wstrict-prototypes -Wdeclaration-after-statement -Wshift-count-overflow -Wunused-const-variable -Wunused-function -Wint-conversion -Wc99-c11-compat -Wformat -Wformat-security -DCHECK_FUNCTION_EXISTS=memmove    CMakeFiles/cmTC_01514.dir/CheckFunctionExists.c.o  -o cmTC_01514 
make[1]: Leaving directory '/github/vendor/gems/3.3.4/ruby/3.3.0/gems/rugged-1.4.3.102.ga6b7142/vendor/libgit2/build/CMakeFiles/CMakeTmp'



Determining if the function strerror exists passed with the following output:
Change Dir: /github/vendor/gems/3.3.4/ruby/3.3.0/gems/rugged-1.4.3.102.ga6b7142/vendor/libgit2/build/CMakeFiles/CMakeTmp

Run Build Command(s):/usr/bin/make cmTC_21a6f/fast && /usr/bin/make -f CMakeFiles/cmTC_21a6f.dir/build.make CMakeFiles/cmTC_21a6f.dir/build
make[1]: Entering directory '/github/vendor/gems/3.3.4/ruby/3.3.0/gems/rugged-1.4.3.102.ga6b7142/vendor/libgit2/build/CMakeFiles/CMakeTmp'
Building C object CMakeFiles/cmTC_21a6f.dir/CheckFunctionExists.c.o
/usr/bin/gcc   -D_GNU_SOURCE -fPIC -Wall -Wextra -Wno-documentation-deprecated-sync -Wno-missing-field-initializers -Wmissing-declarations -Wstrict-aliasing -Wstrict-prototypes -Wdeclaration-after-statement -Wshift-count-overflow -Wunused-const-variable -Wunused-function -Wint-conversion -Wc99-c11-compat -Wformat -Wformat-security -DCHECK_FUNCTION_EXISTS=strerror   -o CMakeFiles/cmTC_21a6f.dir/CheckFunctionExists.c.o   -c /usr/share/cmake-3.16/Modules/CheckFunctionExists.c
Linking C executable cmTC_21a6f
/usr/bin/cmake -E cmake_link_script CMakeFiles/cmTC_21a6f.dir/link.txt --verbose=1
/usr/bin/gcc -D_GNU_SOURCE -fPIC -Wall -Wextra -Wno-documentation-deprecated-sync -Wno-missing-field-initializers -Wmissing-declarations -Wstrict-aliasing -Wstrict-prototypes -Wdeclaration-after-statement -Wshift-count-overflow -Wunused-const-variable -Wunused-function -Wint-conversion -Wc99-c11-compat -Wformat -Wformat-security -DCHECK_FUNCTION_EXISTS=strerror    CMakeFiles/cmTC_21a6f.dir/CheckFunctionExists.c.o  -o cmTC_21a6f 
make[1]: Leaving directory '/github/vendor/gems/3.3.4/ruby/3.3.0/gems/rugged-1.4.3.102.ga6b7142/vendor/libgit2/build/CMakeFiles/CMakeTmp'



Determining if the function strtoll exists passed with the following output:
Change Dir: /github/vendor/gems/3.3.4/ruby/3.3.0/gems/rugged-1.4.3.102.ga6b7142/vendor/libgit2/build/CMakeFiles/CMakeTmp

Run Build Command(s):/usr/bin/make cmTC_01661/fast && /usr/bin/make -f CMakeFiles/cmTC_01661.dir/build.make CMakeFiles/cmTC_01661.dir/build
make[1]: Entering directory '/github/vendor/gems/3.3.4/ruby/3.3.0/gems/rugged-1.4.3.102.ga6b7142/vendor/libgit2/build/CMakeFiles/CMakeTmp'
Building C object CMakeFiles/cmTC_01661.dir/CheckFunctionExists.c.o
/usr/bin/gcc   -D_GNU_SOURCE -fPIC -Wall -Wextra -Wno-documentation-deprecated-sync -Wno-missing-field-initializers -Wmissing-declarations -Wstrict-aliasing -Wstrict-prototypes -Wdeclaration-after-statement -Wshift-count-overflow -Wunused-const-variable -Wunused-function -Wint-conversion -Wc99-c11-compat -Wformat -Wformat-security -DCHECK_FUNCTION_EXISTS=strtoll   -o CMakeFiles/cmTC_01661.dir/CheckFunctionExists.c.o   -c /usr/share/cmake-3.16/Modules/CheckFunctionExists.c
Linking C executable cmTC_01661
/usr/bin/cmake -E cmake_link_script CMakeFiles/cmTC_01661.dir/link.txt --verbose=1
/usr/bin/gcc -D_GNU_SOURCE -fPIC -Wall -Wextra -Wno-documentation-deprecated-sync -Wno-missing-field-initializers -Wmissing-declarations -Wstrict-aliasing -Wstrict-prototypes -Wdeclaration-after-statement -Wshift-count-overflow -Wunused-const-variable -Wunused-function -Wint-conversion -Wc99-c11-compat -Wformat -Wformat-security -DCHECK_FUNCTION_EXISTS=strtoll    CMakeFiles/cmTC_01661.dir/CheckFunctionExists.c.o  -o cmTC_01661 
make[1]: Leaving directory '/github/vendor/gems/3.3.4/ruby/3.3.0/gems/rugged-1.4.3.102.ga6b7142/vendor/libgit2/build/CMakeFiles/CMakeTmp'



Determining if the function strtoq exists passed with the following output:
Change Dir: /github/vendor/gems/3.3.4/ruby/3.3.0/gems/rugged-1.4.3.102.ga6b7142/vendor/libgit2/build/CMakeFiles/CMakeTmp

Run Build Command(s):/usr/bin/make cmTC_f5045/fast && /usr/bin/make -f CMakeFiles/cmTC_f5045.dir/build.make CMakeFiles/cmTC_f5045.dir/build
make[1]: Entering directory '/github/vendor/gems/3.3.4/ruby/3.3.0/gems/rugged-1.4.3.102.ga6b7142/vendor/libgit2/build/CMakeFiles/CMakeTmp'
Building C object CMakeFiles/cmTC_f5045.dir/CheckFunctionExists.c.o
/usr/bin/gcc   -D_GNU_SOURCE -fPIC -Wall -Wextra -Wno-documentation-deprecated-sync -Wno-missing-field-initializers -Wmissing-declarations -Wstrict-aliasing -Wstrict-prototypes -Wdeclaration-after-statement -Wshift-count-overflow -Wunused-const-variable -Wunused-function -Wint-conversion -Wc99-c11-compat -Wformat -Wformat-security -DCHECK_FUNCTION_EXISTS=strtoq   -o CMakeFiles/cmTC_f5045.dir/CheckFunctionExists.c.o   -c /usr/share/cmake-3.16/Modules/CheckFunctionExists.c
Linking C executable cmTC_f5045
/usr/bin/cmake -E cmake_link_script CMakeFiles/cmTC_f5045.dir/link.txt --verbose=1
/usr/bin/gcc -D_GNU_SOURCE -fPIC -Wall -Wextra -Wno-documentation-deprecated-sync -Wno-missing-field-initializers -Wmissing-declarations -Wstrict-aliasing -Wstrict-prototypes -Wdeclaration-after-statement -Wshift-count-overflow -Wunused-const-variable -Wunused-function -Wint-conversion -Wc99-c11-compat -Wformat -Wformat-security -DCHECK_FUNCTION_EXISTS=strtoq    CMakeFiles/cmTC_f5045.dir/CheckFunctionExists.c.o  -o cmTC_f5045 
make[1]: Leaving directory '/github/vendor/gems/3.3.4/ruby/3.3.0/gems/rugged-1.4.3.102.ga6b7142/vendor/libgit2/build/CMakeFiles/CMakeTmp'



Determining if the include file stddef.h exists passed with the following output:
Change Dir: /github/vendor/gems/3.3.4/ruby/3.3.0/gems/rugged-1.4.3.102.ga6b7142/vendor/libgit2/build/CMakeFiles/CMakeTmp

Run Build Command(s):/usr/bin/make cmTC_68bc9/fast && /usr/bin/make -f CMakeFiles/cmTC_68bc9.dir/build.make CMakeFiles/cmTC_68bc9.dir/build
make[1]: Entering directory '/github/vendor/gems/3.3.4/ruby/3.3.0/gems/rugged-1.4.3.102.ga6b7142/vendor/libgit2/build/CMakeFiles/CMakeTmp'
Building C object CMakeFiles/cmTC_68bc9.dir/CheckIncludeFile.c.o
/usr/bin/gcc   -D_GNU_SOURCE -fPIC -Wall -Wextra -Wno-documentation-deprecated-sync -Wno-missing-field-initializers -Wmissing-declarations -Wstrict-aliasing -Wstrict-prototypes -Wdeclaration-after-statement -Wshift-count-overflow -Wunused-const-variable -Wunused-function -Wint-conversion -Wc99-c11-compat -Wformat -Wformat-security    -o CMakeFiles/cmTC_68bc9.dir/CheckIncludeFile.c.o   -c /github/vendor/gems/3.3.4/ruby/3.3.0/gems/rugged-1.4.3.102.ga6b7142/vendor/libgit2/build/CMakeFiles/CMakeTmp/CheckIncludeFile.c
Linking C executable cmTC_68bc9
/usr/bin/cmake -E cmake_link_script CMakeFiles/cmTC_68bc9.dir/link.txt --verbose=1
/usr/bin/gcc -D_GNU_SOURCE -fPIC -Wall -Wextra -Wno-documentation-deprecated-sync -Wno-missing-field-initializers -Wmissing-declarations -Wstrict-aliasing -Wstrict-prototypes -Wdeclaration-after-statement -Wshift-count-overflow -Wunused-const-variable -Wunused-function -Wint-conversion -Wc99-c11-compat -Wformat -Wformat-security     CMakeFiles/cmTC_68bc9.dir/CheckIncludeFile.c.o  -o cmTC_68bc9 
make[1]: Leaving directory '/github/vendor/gems/3.3.4/ruby/3.3.0/gems/rugged-1.4.3.102.ga6b7142/vendor/libgit2/build/CMakeFiles/CMakeTmp'



Determining size of long long passed with the following output:
Change Dir: /github/vendor/gems/3.3.4/ruby/3.3.0/gems/rugged-1.4.3.102.ga6b7142/vendor/libgit2/build/CMakeFiles/CMakeTmp

Run Build Command(s):/usr/bin/make cmTC_1d0b8/fast && /usr/bin/make -f CMakeFiles/cmTC_1d0b8.dir/build.make CMakeFiles/cmTC_1d0b8.dir/build
make[1]: Entering directory '/github/vendor/gems/3.3.4/ruby/3.3.0/gems/rugged-1.4.3.102.ga6b7142/vendor/libgit2/build/CMakeFiles/CMakeTmp'
Building C object CMakeFiles/cmTC_1d0b8.dir/LONG_LONG.c.o
/usr/bin/gcc   -D_GNU_SOURCE -fPIC -Wall -Wextra -Wno-documentation-deprecated-sync -Wno-missing-field-initializers -Wmissing-declarations -Wstrict-aliasing -Wstrict-prototypes -Wdeclaration-after-statement -Wshift-count-overflow -Wunused-const-variable -Wunused-function -Wint-conversion -Wc99-c11-compat -Wformat -Wformat-security    -o CMakeFiles/cmTC_1d0b8.dir/LONG_LONG.c.o   -c /github/vendor/gems/3.3.4/ruby/3.3.0/gems/rugged-1.4.3.102.ga6b7142/vendor/libgit2/build/CMakeFiles/CheckTypeSize/LONG_LONG.c
Linking C executable cmTC_1d0b8
/usr/bin/cmake -E cmake_link_script CMakeFiles/cmTC_1d0b8.dir/link.txt --verbose=1
/usr/bin/gcc -D_GNU_SOURCE -fPIC -Wall -Wextra -Wno-documentation-deprecated-sync -Wno-missing-field-initializers -Wmissing-declarations -Wstrict-aliasing -Wstrict-prototypes -Wdeclaration-after-statement -Wshift-count-overflow -Wunused-const-variable -Wunused-function -Wint-conversion -Wc99-c11-compat -Wformat -Wformat-security     CMakeFiles/cmTC_1d0b8.dir/LONG_LONG.c.o  -o cmTC_1d0b8 
make[1]: Leaving directory '/github/vendor/gems/3.3.4/ruby/3.3.0/gems/rugged-1.4.3.102.ga6b7142/vendor/libgit2/build/CMakeFiles/CMakeTmp'



Determining size of unsigned long long passed with the following output:
Change Dir: /github/vendor/gems/3.3.4/ruby/3.3.0/gems/rugged-1.4.3.102.ga6b7142/vendor/libgit2/build/CMakeFiles/CMakeTmp

Run Build Command(s):/usr/bin/make cmTC_52c29/fast && /usr/bin/make -f CMakeFiles/cmTC_52c29.dir/build.make CMakeFiles/cmTC_52c29.dir/build
make[1]: Entering directory '/github/vendor/gems/3.3.4/ruby/3.3.0/gems/rugged-1.4.3.102.ga6b7142/vendor/libgit2/build/CMakeFiles/CMakeTmp'
Building C object CMakeFiles/cmTC_52c29.dir/UNSIGNED_LONG_LONG.c.o
/usr/bin/gcc   -D_GNU_SOURCE -fPIC -Wall -Wextra -Wno-documentation-deprecated-sync -Wno-missing-field-initializers -Wmissing-declarations -Wstrict-aliasing -Wstrict-prototypes -Wdeclaration-after-statement -Wshift-count-overflow -Wunused-const-variable -Wunused-function -Wint-conversion -Wc99-c11-compat -Wformat -Wformat-security    -o CMakeFiles/cmTC_52c29.dir/UNSIGNED_LONG_LONG.c.o   -c /github/vendor/gems/3.3.4/ruby/3.3.0/gems/rugged-1.4.3.102.ga6b7142/vendor/libgit2/build/CMakeFiles/CheckTypeSize/UNSIGNED_LONG_LONG.c
Linking C executable cmTC_52c29
/usr/bin/cmake -E cmake_link_script CMakeFiles/cmTC_52c29.dir/link.txt --verbose=1
/usr/bin/gcc -D_GNU_SOURCE -fPIC -Wall -Wextra -Wno-documentation-deprecated-sync -Wno-missing-field-initializers -Wmissing-declarations -Wstrict-aliasing -Wstrict-prototypes -Wdeclaration-after-statement -Wshift-count-overflow -Wunused-const-variable -Wunused-function -Wint-conversion -Wc99-c11-compat -Wformat -Wformat-security     CMakeFiles/cmTC_52c29.dir/UNSIGNED_LONG_LONG.c.o  -o cmTC_52c29 
make[1]: Leaving directory '/github/vendor/gems/3.3.4/ruby/3.3.0/gems/rugged-1.4.3.102.ga6b7142/vendor/libgit2/build/CMakeFiles/CMakeTmp'



Performing C SOURCE FILE Test IS_WNO_UNUSED_FUNCTION_SUPPORTED succeeded with the following output:
Change Dir: /github/vendor/gems/3.3.4/ruby/3.3.0/gems/rugged-1.4.3.102.ga6b7142/vendor/libgit2/build/CMakeFiles/CMakeTmp

Run Build Command(s):/usr/bin/make cmTC_00de7/fast && /usr/bin/make -f CMakeFiles/cmTC_00de7.dir/build.make CMakeFiles/cmTC_00de7.dir/build
make[1]: Entering directory '/github/vendor/gems/3.3.4/ruby/3.3.0/gems/rugged-1.4.3.102.ga6b7142/vendor/libgit2/build/CMakeFiles/CMakeTmp'
Building C object CMakeFiles/cmTC_00de7.dir/src.c.o
/usr/bin/gcc   -D_GNU_SOURCE -fPIC -Wall -Wextra -Wno-documentation-deprecated-sync -Wno-missing-field-initializers -Wmissing-declarations -Wstrict-aliasing -Wstrict-prototypes -Wdeclaration-after-statement -Wshift-count-overflow -Wunused-const-variable -Wunused-function -Wint-conversion -Wc99-c11-compat -Wformat -Wformat-security -DIS_WNO_UNUSED_FUNCTION_SUPPORTED   -Wno-unused-function -o CMakeFiles/cmTC_00de7.dir/src.c.o   -c /github/vendor/gems/3.3.4/ruby/3.3.0/gems/rugged-1.4.3.102.ga6b7142/vendor/libgit2/build/CMakeFiles/CMakeTmp/src.c
Linking C executable cmTC_00de7
/usr/bin/cmake -E cmake_link_script CMakeFiles/cmTC_00de7.dir/link.txt --verbose=1
/usr/bin/gcc -D_GNU_SOURCE -fPIC -Wall -Wextra -Wno-documentation-deprecated-sync -Wno-missing-field-initializers -Wmissing-declarations -Wstrict-aliasing -Wstrict-prototypes -Wdeclaration-after-statement -Wshift-count-overflow -Wunused-const-variable -Wunused-function -Wint-conversion -Wc99-c11-compat -Wformat -Wformat-security -DIS_WNO_UNUSED_FUNCTION_SUPPORTED    CMakeFiles/cmTC_00de7.dir/src.c.o  -o cmTC_00de7 
make[1]: Leaving directory '/github/vendor/gems/3.3.4/ruby/3.3.0/gems/rugged-1.4.3.102.ga6b7142/vendor/libgit2/build/CMakeFiles/CMakeTmp'


Source file was:
int main(void) { return 0; }
Performing C SOURCE FILE Test IS_WNO_IMPLICIT_FALLTHROUGH_SUPPORTED succeeded with the following output:
Change Dir: /github/vendor/gems/3.3.4/ruby/3.3.0/gems/rugged-1.4.3.102.ga6b7142/vendor/libgit2/build/CMakeFiles/CMakeTmp

Run Build Command(s):/usr/bin/make cmTC_96b3b/fast && /usr/bin/make -f CMakeFiles/cmTC_96b3b.dir/build.make CMakeFiles/cmTC_96b3b.dir/build
make[1]: Entering directory '/github/vendor/gems/3.3.4/ruby/3.3.0/gems/rugged-1.4.3.102.ga6b7142/vendor/libgit2/build/CMakeFiles/CMakeTmp'
Building C object CMakeFiles/cmTC_96b3b.dir/src.c.o
/usr/bin/gcc   -D_GNU_SOURCE -fPIC -Wall -Wextra -Wno-documentation-deprecated-sync -Wno-missing-field-initializers -Wmissing-declarations -Wstrict-aliasing -Wstrict-prototypes -Wdeclaration-after-statement -Wshift-count-overflow -Wunused-const-variable -Wunused-function -Wint-conversion -Wc99-c11-compat -Wformat -Wformat-security -Wno-unused-function -DIS_WNO_IMPLICIT_FALLTHROUGH_SUPPORTED   -Wno-implicit-fallthrough -o CMakeFiles/cmTC_96b3b.dir/src.c.o   -c /github/vendor/gems/3.3.4/ruby/3.3.0/gems/rugged-1.4.3.102.ga6b7142/vendor/libgit2/build/CMakeFiles/CMakeTmp/src.c
Linking C executable cmTC_96b3b
/usr/bin/cmake -E cmake_link_script CMakeFiles/cmTC_96b3b.dir/link.txt --verbose=1
/usr/bin/gcc -D_GNU_SOURCE -fPIC -Wall -Wextra -Wno-documentation-deprecated-sync -Wno-missing-field-initializers -Wmissing-declarations -Wstrict-aliasing -Wstrict-prototypes -Wdeclaration-after-statement -Wshift-count-overflow -Wunused-const-variable -Wunused-function -Wint-conversion -Wc99-c11-compat -Wformat -Wformat-security -Wno-unused-function -DIS_WNO_IMPLICIT_FALLTHROUGH_SUPPORTED    CMakeFiles/cmTC_96b3b.dir/src.c.o  -o cmTC_96b3b 
make[1]: Leaving directory '/github/vendor/gems/3.3.4/ruby/3.3.0/gems/rugged-1.4.3.102.ga6b7142/vendor/libgit2/build/CMakeFiles/CMakeTmp'


Source file was:
int main(void) { return 0; }
