current directory: /github/vendor/gems/3.4.4/ruby/3.4.0/gems/geoip2_compat-0.0.3/ext/geoip2_compat
/usr/share/rbenv/versions/3.4.4/bin/ruby extconf.rb
creating Makefile

current directory: /github/vendor/gems/3.4.4/ruby/3.4.0/gems/geoip2_compat-0.0.3/ext/geoip2_compat
make -j16 DESTDIR\= sitearchdir\=./.gem.20250613-147-juq4s7 sitelibdir\=./.gem.20250613-147-juq4s7 clean

current directory: /github/vendor/gems/3.4.4/ruby/3.4.0/gems/geoip2_compat-0.0.3/ext/geoip2_compat
make -j16 DESTDIR\= sitearchdir\=./.gem.20250613-147-juq4s7 sitelibdir\=./.gem.20250613-147-juq4s7
compiling geoip2_compat.c
compiling maxminddb.c
geoip2_compat.c: In function ‘geoip2_compat_close’:
geoip2_compat.c:35:3: warning: ‘rb_data_object_get_warning’ is deprecated: by TypedData [-Wdeprecated-declarations]
   35 |   Data_Get_Struct(self, MMDB_s, mmdb);
      |   ^~~~~~~~~~~~~~~
In file included from /usr/share/rbenv/versions/3.4.4/include/ruby-3.4.0/ruby/internal/core.h:27,
                 from /usr/share/rbenv/versions/3.4.4/include/ruby-3.4.0/ruby/ruby.h:29,
                 from /usr/share/rbenv/versions/3.4.4/include/ruby-3.4.0/ruby.h:38,
                 from geoip2_compat.c:1:
/usr/share/rbenv/versions/3.4.4/include/ruby-3.4.0/ruby/internal/core/rdata.h:325:1: note: declared here
  325 | rb_data_object_get_warning(VALUE obj)
      | ^~~~~~~~~~~~~~~~~~~~~~~~~~
geoip2_compat.c: In function ‘geoip2_compat_path’:
geoip2_compat.c:43:3: warning: ‘rb_data_object_get_warning’ is deprecated: by TypedData [-Wdeprecated-declarations]
   43 |   Data_Get_Struct(self, MMDB_s, mmdb);
      |   ^~~~~~~~~~~~~~~
In file included from /usr/share/rbenv/versions/3.4.4/include/ruby-3.4.0/ruby/internal/core.h:27,
                 from /usr/share/rbenv/versions/3.4.4/include/ruby-3.4.0/ruby/ruby.h:29,
                 from /usr/share/rbenv/versions/3.4.4/include/ruby-3.4.0/ruby.h:38,
                 from geoip2_compat.c:1:
/usr/share/rbenv/versions/3.4.4/include/ruby-3.4.0/ruby/internal/core/rdata.h:325:1: note: declared here
  325 | rb_data_object_get_warning(VALUE obj)
      | ^~~~~~~~~~~~~~~~~~~~~~~~~~
geoip2_compat.c: In function ‘geoip2_compat_lookup’:
geoip2_compat.c:101:3: warning: ‘rb_data_object_get_warning’ is deprecated: by TypedData [-Wdeprecated-declarations]
  101 |   Data_Get_Struct(self, MMDB_s, mmdb);
      |   ^~~~~~~~~~~~~~~
In file included from /usr/share/rbenv/versions/3.4.4/include/ruby-3.4.0/ruby/internal/core.h:27,
                 from /usr/share/rbenv/versions/3.4.4/include/ruby-3.4.0/ruby/ruby.h:29,
                 from /usr/share/rbenv/versions/3.4.4/include/ruby-3.4.0/ruby.h:38,
                 from geoip2_compat.c:1:
/usr/share/rbenv/versions/3.4.4/include/ruby-3.4.0/ruby/internal/core/rdata.h:325:1: note: declared here
  325 | rb_data_object_get_warning(VALUE obj)
      | ^~~~~~~~~~~~~~~~~~~~~~~~~~
geoip2_compat.c: In function ‘geoip2_compat_allocate’:
geoip2_compat.c:144:3: warning: ‘rb_data_object_wrap_warning’ is deprecated: by TypedData [-Wdeprecated-declarations]
  144 |   return Data_Wrap_Struct(klass, NULL, geoip2_compat_free, mmdb);
      |   ^~~~~~
In file included from /usr/share/rbenv/versions/3.4.4/include/ruby-3.4.0/ruby/internal/core.h:27,
                 from /usr/share/rbenv/versions/3.4.4/include/ruby-3.4.0/ruby/ruby.h:29,
                 from /usr/share/rbenv/versions/3.4.4/include/ruby-3.4.0/ruby.h:38,
                 from geoip2_compat.c:1:
/usr/share/rbenv/versions/3.4.4/include/ruby-3.4.0/ruby/internal/core/rdata.h:293:1: note: declared here
  293 | rb_data_object_wrap_warning(VALUE klass, void *ptr, RUBY_DATA_FUNC mark, RUBY_DATA_FUNC free)
      | ^~~~~~~~~~~~~~~~~~~~~~~~~~~
geoip2_compat.c: In function ‘geoip2_compat_initialize’:
geoip2_compat.c:152:3: warning: ‘rb_data_object_get_warning’ is deprecated: by TypedData [-Wdeprecated-declarations]
  152 |   Data_Get_Struct(self, MMDB_s, mmdb);
      |   ^~~~~~~~~~~~~~~
In file included from /usr/share/rbenv/versions/3.4.4/include/ruby-3.4.0/ruby/internal/core.h:27,
                 from /usr/share/rbenv/versions/3.4.4/include/ruby-3.4.0/ruby/ruby.h:29,
                 from /usr/share/rbenv/versions/3.4.4/include/ruby-3.4.0/ruby.h:38,
                 from geoip2_compat.c:1:
/usr/share/rbenv/versions/3.4.4/include/ruby-3.4.0/ruby/internal/core/rdata.h:325:1: note: declared here
  325 | rb_data_object_get_warning(VALUE obj)
      | ^~~~~~~~~~~~~~~~~~~~~~~~~~
linking shared-object geoip2_compat/geoip2_compat.so

current directory: /github/vendor/gems/3.4.4/ruby/3.4.0/gems/geoip2_compat-0.0.3/ext/geoip2_compat
make -j16 DESTDIR\= sitearchdir\=./.gem.20250613-147-juq4s7 sitelibdir\=./.gem.20250613-147-juq4s7 install
/usr/bin/install -c -m 0755 geoip2_compat.so ./.gem.20250613-147-juq4s7/geoip2_compat

current directory: /github/vendor/gems/3.4.4/ruby/3.4.0/gems/geoip2_compat-0.0.3/ext/geoip2_compat
make -j16 DESTDIR\= sitearchdir\=./.gem.20250613-147-juq4s7 sitelibdir\=./.gem.20250613-147-juq4s7 clean
