current directory: /github/vendor/gems/3.3.6/ruby/3.3.0/gems/RedCloth-4.3.3/ext/redcloth_scan
/usr/share/rbenv/versions/3.3.6/bin/ruby extconf.rb
checking for main() in -lc... yes
creating Makefile

current directory: /github/vendor/gems/3.3.6/ruby/3.3.0/gems/RedCloth-4.3.3/ext/redcloth_scan
make DESTDIR\= sitearchdir\=./.gem.20250304-113-ec6utx sitelibdir\=./.gem.20250304-113-ec6utx clean

current directory: /github/vendor/gems/3.3.6/ruby/3.3.0/gems/RedCloth-4.3.3/ext/redcloth_scan
make DESTDIR\= sitearchdir\=./.gem.20250304-113-ec6utx sitelibdir\=./.gem.20250304-113-ec6utx
compiling redcloth_attributes.c
compiling redcloth_inline.c
compiling redcloth_scan.c
ragel/redcloth_attributes.c.rl: In function ‘redcloth_attribute_parser’:
ragel/redcloth_attributes.c.rl:27:11: warning: variable ‘act’ set but not used [-Wunused-but-set-variable]
ragel/redcloth_inline.c.rl: In function ‘red_block’:
ragel/redcloth_inline.c.rl:100:9: warning: variable ‘attr_regs’ set but not used [-Wunused-but-set-variable]
linking shared-object redcloth_scan.so

current directory: /github/vendor/gems/3.3.6/ruby/3.3.0/gems/RedCloth-4.3.3/ext/redcloth_scan
make DESTDIR\= sitearchdir\=./.gem.20250304-113-ec6utx sitelibdir\=./.gem.20250304-113-ec6utx install
/usr/bin/install -c -m 0755 redcloth_scan.so ./.gem.20250304-113-ec6utx

current directory: /github/vendor/gems/3.3.6/ruby/3.3.0/gems/RedCloth-4.3.3/ext/redcloth_scan
make DESTDIR\= sitearchdir\=./.gem.20250304-113-ec6utx sitelibdir\=./.gem.20250304-113-ec6utx clean
