current directory: /github/vendor/gems/3.4.4/ruby/3.4.0/gems/msgpack-1.7.2/ext/msgpack
/usr/share/rbenv/versions/3.4.4/bin/ruby extconf.rb
checking for rb_enc_interned_str() in ruby.h... yes
checking for rb_hash_new_capa() in ruby.h... yes
checking for rb_proc_call_with_block() in ruby.h... yes
checking for whether -fvisibility=hidden is accepted as CFLAGS... yes
checking for whether -I.. is accepted as CFLAGS... yes
checking for whether -Wall is accepted as CFLAGS... yes
checking for whether -O3 is accepted as CFLAGS... yes
checking for whether -std=gnu99 is accepted as CFLAGS... yes
checking for whether -ggdb3 is accepted as CFLAGS... yes
checking for whether -DHASH_ASET_DEDUPE=1 is accepted as CFLAGS... yes
checking for whether -DSTR_UMINUS_DEDUPE_FROZEN=1 is accepted as CFLAGS... yes
creating Makefile

current directory: /github/vendor/gems/3.4.4/ruby/3.4.0/gems/msgpack-1.7.2/ext/msgpack
make -j16 DESTDIR\= sitearchdir\=./.gem.20250619-147-lpjqka sitelibdir\=./.gem.20250619-147-lpjqka clean

current directory: /github/vendor/gems/3.4.4/ruby/3.4.0/gems/msgpack-1.7.2/ext/msgpack
make -j16 DESTDIR\= sitearchdir\=./.gem.20250619-147-lpjqka sitelibdir\=./.gem.20250619-147-lpjqka
compiling buffer.c
compiling buffer_class.c
compiling extension_value_class.c
compiling factory_class.c
compiling packer.c
compiling packer_class.c
compiling packer_ext_registry.c
compiling rbinit.c
compiling rmem.c
compiling unpacker.c
compiling unpacker_class.c
compiling unpacker_ext_registry.c
linking shared-object msgpack/msgpack.so

current directory: /github/vendor/gems/3.4.4/ruby/3.4.0/gems/msgpack-1.7.2/ext/msgpack
make -j16 DESTDIR\= sitearchdir\=./.gem.20250619-147-lpjqka sitelibdir\=./.gem.20250619-147-lpjqka install
/usr/bin/install -c -m 0755 msgpack.so ./.gem.20250619-147-lpjqka/msgpack

current directory: /github/vendor/gems/3.4.4/ruby/3.4.0/gems/msgpack-1.7.2/ext/msgpack
make -j16 DESTDIR\= sitearchdir\=./.gem.20250619-147-lpjqka sitelibdir\=./.gem.20250619-147-lpjqka clean
