current directory: /github/vendor/gems/3.3.6/ruby/3.3.0/bundler/gems/dd-trace-rb-14cdd6fba772/ext/libdatadog_api
/usr/share/rbenv/versions/3.3.6/bin/ruby extconf.rb
checking for whether -std=gnu99 is accepted as CFLAGS... yes
checking for whether -Wno-declaration-after-statement is accepted as CFLAGS... yes
checking for whether -Werror-implicit-function-declaration is accepted as CFLAGS... yes
checking for whether -Wunused-parameter is accepted as CFLAGS... yes
checking for whether -fvisibility=hidden is accepted as CFLAGS... yes
checking for whether -Wold-style-definition is accepted as CFLAGS... yes
checking for whether -Wall is accepted as CFLAGS... yes
checking for whether -Wextra is accepted as CFLAGS... yes
Using libdatadog 12.0.0.1.0 from /github/vendor/gems/3.3.6/ruby/3.3.0/gems/libdatadog-12.0.0.1.0-x86_64-linux/vendor/libdatadog-12.0.0/x86_64-linux/libdatadog-x86_64-unknown-linux-gnu/lib/pkgconfig
checking for pkg-config for datadog_profiling_with_rpath... ["-I/github/vendor/gems/3.3.6/ruby/3.3.0/gems/libdatadog-12.0.0.1.0-x86_64-linux/vendor/libdatadog-12.0.0/x86_64-linux/libdatadog-x86_64-unknown-linux-gnu/lib/pkgconfig/../../include ", "-L/github/vendor/gems/3.3.6/ruby/3.3.0/gems/libdatadog-12.0.0.1.0-x86_64-linux/vendor/libdatadog-12.0.0/x86_64-linux/libdatadog-x86_64-unknown-linux-gnu/lib/pkgconfig/../../lib -Wl,-rpath,/github/vendor/gems/3.3.6/ruby/3.3.0/gems/libdatadog-12.0.0.1.0-x86_64-linux/vendor/libdatadog-12.0.0/x86_64-linux/libdatadog-x86_64-unknown-linux-gnu/lib/pkgconfig/../../lib", "-ldatadog_profiling"]
creating Makefile

current directory: /github/vendor/gems/3.3.6/ruby/3.3.0/bundler/gems/dd-trace-rb-14cdd6fba772/ext/libdatadog_api
make DESTDIR\= sitearchdir\=./.gem.20250304-113-nv0q0j sitelibdir\=./.gem.20250304-113-nv0q0j clean

current directory: /github/vendor/gems/3.3.6/ruby/3.3.0/bundler/gems/dd-trace-rb-14cdd6fba772/ext/libdatadog_api
make DESTDIR\= sitearchdir\=./.gem.20250304-113-nv0q0j sitelibdir\=./.gem.20250304-113-nv0q0j
compiling crashtracker.c
compiling datadog_ruby_common.c
linking shared-object libdatadog_api.3.3_x86_64-linux.so

current directory: /github/vendor/gems/3.3.6/ruby/3.3.0/bundler/gems/dd-trace-rb-14cdd6fba772/ext/libdatadog_api
make DESTDIR\= sitearchdir\=./.gem.20250304-113-nv0q0j sitelibdir\=./.gem.20250304-113-nv0q0j install
/usr/bin/install -c -m 0755 libdatadog_api.3.3_x86_64-linux.so ./.gem.20250304-113-nv0q0j

current directory: /github/vendor/gems/3.3.6/ruby/3.3.0/bundler/gems/dd-trace-rb-14cdd6fba772/ext/libdatadog_api
make DESTDIR\= sitearchdir\=./.gem.20250304-113-nv0q0j sitelibdir\=./.gem.20250304-113-nv0q0j clean
