have_header: checking for libkern/OSAtomic.h... -------------------- no

LD_LIBRARY_PATH=.:/usr/share/rbenv/versions/3.4.1/lib ASAN_OPTIONS=detect_leaks=0 "gcc -o conftest -I/usr/share/rbenv/versions/3.4.1/include/ruby-3.4.0/x86_64-linux -I/usr/share/rbenv/versions/3.4.1/include/ruby-3.4.0/ruby/backward -I/usr/share/rbenv/versions/3.4.1/include/ruby-3.4.0 -I. -Wdate-time -D_FORTIFY_SOURCE=2   -g -O2 -fdebug-prefix-map=/tmp/brew2deb/packages/ruby=. -fstack-protector-strong -Wformat -Werror=format-security conftest.c -L. -L/usr/share/rbenv/versions/3.4.1/lib -Wl,-rpath,/usr/share/rbenv/versions/3.4.1/lib -L. -Wl,-Bsymbolic-functions -Wl,-z,relro -fstack-protector-strong -rdynamic -Wl,-export-dynamic     -Wl,-rpath,/usr/share/rbenv/versions/3.4.1/lib -L/usr/share/rbenv/versions/3.4.1/lib -lruby-static -lz -lrt -lrt -ljemalloc -lgmp -ldl -lcrypt -lm -lpthread   -lm -lpthread  -ljemalloc -lc"
checked program was:
/* begin */
1: #include "ruby.h"
2: 
3: int main(int argc, char **argv)
4: {
5:   return !!argv[argc];
6: }
/* end */

LD_LIBRARY_PATH=.:/usr/share/rbenv/versions/3.4.1/lib ASAN_OPTIONS=detect_leaks=0 "gcc -I/usr/share/rbenv/versions/3.4.1/include/ruby-3.4.0/x86_64-linux -I/usr/share/rbenv/versions/3.4.1/include/ruby-3.4.0/ruby/backward -I/usr/share/rbenv/versions/3.4.1/include/ruby-3.4.0 -I. -Wdate-time -D_FORTIFY_SOURCE=2   -g -O2 -fdebug-prefix-map=/tmp/brew2deb/packages/ruby=. -fstack-protector-strong -Wformat -Werror=format-security   -c conftest.c"
conftest.c:3:10: fatal error: libkern/OSAtomic.h: No such file or directory
    3 | #include <libkern/OSAtomic.h>
      |          ^~~~~~~~~~~~~~~~~~~~
compilation terminated.
checked program was:
/* begin */
1: #include "ruby.h"
2: 
3: #include <libkern/OSAtomic.h>
/* end */

--------------------

