current directory: /github/vendor/gems/3.3.6/ruby/3.3.0/gems/date-3.3.4/ext/date
/usr/share/rbenv/versions/3.3.6/bin/ruby extconf.rb
checking for rb_category_warn()... yes
checking for timezone in time.h with  -Werror... yes
checking for altzone in time.h with  -Werror... no
creating Makefile

current directory: /github/vendor/gems/3.3.6/ruby/3.3.0/gems/date-3.3.4/ext/date
make DESTDIR\= sitearchdir\=./.gem.20250416-113-d4czod sitelibdir\=./.gem.20250416-113-d4czod clean

current directory: /github/vendor/gems/3.3.6/ruby/3.3.0/gems/date-3.3.4/ext/date
make DESTDIR\= sitearchdir\=./.gem.20250416-113-d4czod sitelibdir\=./.gem.20250416-113-d4czod
compiling date_core.c
compiling date_parse.c
compiling date_strftime.c
compiling date_strptime.c
linking shared-object date_core.so

current directory: /github/vendor/gems/3.3.6/ruby/3.3.0/gems/date-3.3.4/ext/date
make DESTDIR\= sitearchdir\=./.gem.20250416-113-d4czod sitelibdir\=./.gem.20250416-113-d4czod install
/usr/bin/install -c -m 0755 date_core.so ./.gem.20250416-113-d4czod

current directory: /github/vendor/gems/3.3.6/ruby/3.3.0/gems/date-3.3.4/ext/date
make DESTDIR\= sitearchdir\=./.gem.20250416-113-d4czod sitelibdir\=./.gem.20250416-113-d4czod clean
