current directory: /github/vendor/gems/3.4.4/ruby/3.4.0/gems/concurrent-ruby-ext-1.3.4/ext/concurrent-ruby-ext
/usr/share/rbenv/versions/3.4.4/bin/ruby extconf.rb
checking for libkern/OSAtomic.h... no
creating Makefile

current directory: /github/vendor/gems/3.4.4/ruby/3.4.0/gems/concurrent-ruby-ext-1.3.4/ext/concurrent-ruby-ext
make -j16 DESTDIR\= sitearchdir\=./.gem.20250710-147-fx2i5k sitelibdir\=./.gem.20250710-147-fx2i5k clean

current directory: /github/vendor/gems/3.4.4/ruby/3.4.0/gems/concurrent-ruby-ext-1.3.4/ext/concurrent-ruby-ext
make -j16 DESTDIR\= sitearchdir\=./.gem.20250710-147-fx2i5k sitelibdir\=./.gem.20250710-147-fx2i5k
compiling atomic_boolean.c
compiling atomic_fixnum.c
compiling atomic_reference.c
compiling rb_concurrent.c
atomic_reference.c: In function ‘ir_alloc’:
atomic_fixnum.c: In function ‘atomic_fixnum_allocate’:
atomic_reference.c:47:3: warning: ‘rb_data_object_wrap_warning’ is deprecated: by TypedData [-Wdeprecated-declarations]
   47 |   return rb_data_object_wrap(klass, (void *) Qnil, ir_mark, NULL);
      |   ^~~~~~
atomic_fixnum.c:11:3: warning: ‘rb_data_object_wrap_warning’ is deprecated: by TypedData [-Wdeprecated-declarations]
   11 |   return rb_data_object_wrap(klass, (void *) Qnil, atomic_fixnum_mark, NULL);
      |   ^~~~~~
In file included from /usr/share/rbenv/versions/3.4.4/include/ruby-3.4.0/ruby/internal/core.h:27,
                 from /usr/share/rbenv/versions/3.4.4/include/ruby-3.4.0/ruby/ruby.h:29,
                 from /usr/share/rbenv/versions/3.4.4/include/ruby-3.4.0/ruby.h:38,
                 from atomic_reference.c:1:
/usr/share/rbenv/versions/3.4.4/include/ruby-3.4.0/ruby/internal/core/rdata.h:293:1: note: declared here
  293 | rb_data_object_wrap_warning(VALUE klass, void *ptr, RUBY_DATA_FUNC mark, RUBY_DATA_FUNC free)
      | ^~~~~~~~~~~~~~~~~~~~~~~~~~~
In file included from /usr/share/rbenv/versions/3.4.4/include/ruby-3.4.0/ruby/internal/core.h:27,
                 from /usr/share/rbenv/versions/3.4.4/include/ruby-3.4.0/ruby/ruby.h:29,
                 from /usr/share/rbenv/versions/3.4.4/include/ruby-3.4.0/ruby.h:38,
                 from atomic_fixnum.c:1:
/usr/share/rbenv/versions/3.4.4/include/ruby-3.4.0/ruby/internal/core/rdata.h:293:1: note: declared here
  293 | rb_data_object_wrap_warning(VALUE klass, void *ptr, RUBY_DATA_FUNC mark, RUBY_DATA_FUNC free)
      | ^~~~~~~~~~~~~~~~~~~~~~~~~~~
atomic_boolean.c: In function ‘atomic_boolean_allocate’:
atomic_boolean.c:11:3: warning: ‘rb_data_object_wrap_warning’ is deprecated: by TypedData [-Wdeprecated-declarations]
   11 |   return rb_data_object_wrap(klass, (void *) Qfalse, atomic_boolean_mark, NULL);
      |   ^~~~~~
In file included from /usr/share/rbenv/versions/3.4.4/include/ruby-3.4.0/ruby/internal/core.h:27,
                 from /usr/share/rbenv/versions/3.4.4/include/ruby-3.4.0/ruby/ruby.h:29,
                 from /usr/share/rbenv/versions/3.4.4/include/ruby-3.4.0/ruby.h:38,
                 from atomic_boolean.c:1:
/usr/share/rbenv/versions/3.4.4/include/ruby-3.4.0/ruby/internal/core/rdata.h:293:1: note: declared here
  293 | rb_data_object_wrap_warning(VALUE klass, void *ptr, RUBY_DATA_FUNC mark, RUBY_DATA_FUNC free)
      | ^~~~~~~~~~~~~~~~~~~~~~~~~~~
linking shared-object concurrent/concurrent_ruby_ext.so

current directory: /github/vendor/gems/3.4.4/ruby/3.4.0/gems/concurrent-ruby-ext-1.3.4/ext/concurrent-ruby-ext
make -j16 DESTDIR\= sitearchdir\=./.gem.20250710-147-fx2i5k sitelibdir\=./.gem.20250710-147-fx2i5k install
/usr/bin/install -c -m 0755 concurrent_ruby_ext.so ./.gem.20250710-147-fx2i5k/concurrent

current directory: /github/vendor/gems/3.4.4/ruby/3.4.0/gems/concurrent-ruby-ext-1.3.4/ext/concurrent-ruby-ext
make -j16 DESTDIR\= sitearchdir\=./.gem.20250710-147-fx2i5k sitelibdir\=./.gem.20250710-147-fx2i5k clean
