current directory: /github/vendor/gems/3.4.4/ruby/3.4.0/gems/stackprof-0.2.26/ext/stackprof
/usr/share/rbenv/versions/3.4.4/bin/ruby extconf.rb
checking for rb_postponed_job_register_one()... yes
checking for rb_profile_frames()... yes
checking for rb_tracepoint_new()... yes
checking for RUBY_INTERNAL_EVENT_NEWOBJ... yes
creating Makefile

current directory: /github/vendor/gems/3.4.4/ruby/3.4.0/gems/stackprof-0.2.26/ext/stackprof
make -j16 DESTDIR\= sitearchdir\=./.gem.20250710-147-2k574p sitelibdir\=./.gem.20250710-147-2k574p clean

current directory: /github/vendor/gems/3.4.4/ruby/3.4.0/gems/stackprof-0.2.26/ext/stackprof
make -j16 DESTDIR\= sitearchdir\=./.gem.20250710-147-2k574p sitelibdir\=./.gem.20250710-147-2k574p
compiling stackprof.c
stackprof.c: In function ‘stackprof_signal_handler’:
stackprof.c:786:2: warning: ‘rb_postponed_job_register_one’ is deprecated: use rb_postponed_job_preregister and rb_postponed_job_trigger [-Wdeprecated-declarations]
  786 |  rb_postponed_job_register_one(0, stackprof_job_record_gc, (void*)0);
      |  ^~~~~~~~~~~~~~~~~~~~~~~~~~~~~
In file included from stackprof.c:11:
/usr/share/rbenv/versions/3.4.4/include/ruby-3.4.0/ruby/debug.h:770:5: note: declared here
  770 | int rb_postponed_job_register_one(unsigned int flags, rb_postponed_job_func_t func, void *data);
      |     ^~~~~~~~~~~~~~~~~~~~~~~~~~~~~
stackprof.c:789:13: warning: ‘rb_postponed_job_register_one’ is deprecated: use rb_postponed_job_preregister and rb_postponed_job_trigger [-Wdeprecated-declarations]
  789 |             rb_postponed_job_register_one(0, stackprof_job_sample_and_record, (void*)0);
      |             ^~~~~~~~~~~~~~~~~~~~~~~~~~~~~
In file included from stackprof.c:11:
/usr/share/rbenv/versions/3.4.4/include/ruby-3.4.0/ruby/debug.h:770:5: note: declared here
  770 | int rb_postponed_job_register_one(unsigned int flags, rb_postponed_job_func_t func, void *data);
      |     ^~~~~~~~~~~~~~~~~~~~~~~~~~~~~
stackprof.c:795:13: warning: ‘rb_postponed_job_register_one’ is deprecated: use rb_postponed_job_preregister and rb_postponed_job_trigger [-Wdeprecated-declarations]
  795 |             rb_postponed_job_register_one(0, stackprof_job_record_buffer, (void*)0);
      |             ^~~~~~~~~~~~~~~~~~~~~~~~~~~~~
In file included from stackprof.c:11:
/usr/share/rbenv/versions/3.4.4/include/ruby-3.4.0/ruby/debug.h:770:5: note: declared here
  770 | int rb_postponed_job_register_one(unsigned int flags, rb_postponed_job_func_t func, void *data);
      |     ^~~~~~~~~~~~~~~~~~~~~~~~~~~~~
linking shared-object stackprof/stackprof.so

current directory: /github/vendor/gems/3.4.4/ruby/3.4.0/gems/stackprof-0.2.26/ext/stackprof
make -j16 DESTDIR\= sitearchdir\=./.gem.20250710-147-2k574p sitelibdir\=./.gem.20250710-147-2k574p install
/usr/bin/install -c -m 0755 stackprof.so ./.gem.20250710-147-2k574p/stackprof

current directory: /github/vendor/gems/3.4.4/ruby/3.4.0/gems/stackprof-0.2.26/ext/stackprof
make -j16 DESTDIR\= sitearchdir\=./.gem.20250710-147-2k574p sitelibdir\=./.gem.20250710-147-2k574p clean
