current directory: /github/vendor/gems/3.3.4/ruby/3.3.0/gems/cbor-0.5.9.8/ext/cbor
/usr/share/rbenv/versions/3.3.4/bin/ruby extconf.rb
checking for ruby/st.h... yes
checking for st.h... no
checking for rb_str_replace() in ruby.h... yes
checking for rb_big_new() in ruby.h... yes
checking for rb_intern_str() in ruby.h... yes
checking for rb_sym2str() in ruby.h... yes
checking for rb_str_intern() in ruby.h... yes
checking for rb_integer_unpack() in ruby.h... yes
creating Makefile

current directory: /github/vendor/gems/3.3.4/ruby/3.3.0/gems/cbor-0.5.9.8/ext/cbor
make DESTDIR\= sitearchdir\=./.gem.20250403-113-bry87n sitelibdir\=./.gem.20250403-113-bry87n clean

current directory: /github/vendor/gems/3.3.4/ruby/3.3.0/gems/cbor-0.5.9.8/ext/cbor
make DESTDIR\= sitearchdir\=./.gem.20250403-113-bry87n sitelibdir\=./.gem.20250403-113-bry87n
compiling buffer.c
compiling buffer_class.c
compiling core_ext.c
compiling packer.c
compiling packer_class.c
compiling rbinit.c
compiling rmem.c
compiling unpacker.c
compiling unpacker_class.c
linking shared-object cbor/cbor.so

current directory: /github/vendor/gems/3.3.4/ruby/3.3.0/gems/cbor-0.5.9.8/ext/cbor
make DESTDIR\= sitearchdir\=./.gem.20250403-113-bry87n sitelibdir\=./.gem.20250403-113-bry87n install
/usr/bin/install -c -m 0755 cbor.so ./.gem.20250403-113-bry87n/cbor

current directory: /github/vendor/gems/3.3.4/ruby/3.3.0/gems/cbor-0.5.9.8/ext/cbor
make DESTDIR\= sitearchdir\=./.gem.20250403-113-bry87n sitelibdir\=./.gem.20250403-113-bry87n clean
