current directory: /github/vendor/gems/3.4.4/ruby/3.4.0/gems/escape_utils-1.3.0/ext/escape_utils
/usr/share/rbenv/versions/3.4.4/bin/ruby extconf.rb
creating Makefile

current directory: /github/vendor/gems/3.4.4/ruby/3.4.0/gems/escape_utils-1.3.0/ext/escape_utils
make -j16 DESTDIR\= sitearchdir\=./.gem.20250613-147-tjwzvp sitelibdir\=./.gem.20250613-147-tjwzvp clean

current directory: /github/vendor/gems/3.4.4/ruby/3.4.0/gems/escape_utils-1.3.0/ext/escape_utils
make -j16 DESTDIR\= sitearchdir\=./.gem.20250613-147-tjwzvp sitelibdir\=./.gem.20250613-147-tjwzvp
compiling buffer.c
compiling escape_utils.c
compiling houdini_href_e.c
compiling houdini_html_e.c
compiling houdini_js_e.c
compiling houdini_js_u.c
compiling houdini_uri_e.c
compiling houdini_uri_u.c
compiling houdini_xml_e.c
linking shared-object escape_utils/escape_utils.so

current directory: /github/vendor/gems/3.4.4/ruby/3.4.0/gems/escape_utils-1.3.0/ext/escape_utils
make -j16 DESTDIR\= sitearchdir\=./.gem.20250613-147-tjwzvp sitelibdir\=./.gem.20250613-147-tjwzvp install
/usr/bin/install -c -m 0755 escape_utils.so ./.gem.20250613-147-tjwzvp/escape_utils

current directory: /github/vendor/gems/3.4.4/ruby/3.4.0/gems/escape_utils-1.3.0/ext/escape_utils
make -j16 DESTDIR\= sitearchdir\=./.gem.20250613-147-tjwzvp sitelibdir\=./.gem.20250613-147-tjwzvp clean
