current directory: /github/vendor/gems/3.3.6/ruby/3.3.0/gems/yajl-ruby-1.4.3/ext/yajl
/usr/share/rbenv/versions/3.3.6/bin/ruby extconf.rb
creating Makefile

current directory: /github/vendor/gems/3.3.6/ruby/3.3.0/gems/yajl-ruby-1.4.3/ext/yajl
make DESTDIR\= sitearchdir\=./.gem.20250416-113-qjd87f sitelibdir\=./.gem.20250416-113-qjd87f clean

current directory: /github/vendor/gems/3.3.6/ruby/3.3.0/gems/yajl-ruby-1.4.3/ext/yajl
make DESTDIR\= sitearchdir\=./.gem.20250416-113-qjd87f sitelibdir\=./.gem.20250416-113-qjd87f
compiling yajl.c
compiling yajl_alloc.c
compiling yajl_buf.c
compiling yajl_encode.c
compiling yajl_ext.c
compiling yajl_gen.c
compiling yajl_lex.c
compiling yajl_parser.c
yajl_ext.c: In function ‘rb_yajl_parser_parse’:
yajl_ext.c:538:17: warning: variable ‘stat’ set but not used [-Wunused-but-set-variable]
  538 |     yajl_status stat;
      |                 ^~~~
compiling yajl_version.c
linking shared-object yajl/yajl.so

current directory: /github/vendor/gems/3.3.6/ruby/3.3.0/gems/yajl-ruby-1.4.3/ext/yajl
make DESTDIR\= sitearchdir\=./.gem.20250416-113-qjd87f sitelibdir\=./.gem.20250416-113-qjd87f install
/usr/bin/install -c -m 0755 yajl.so ./.gem.20250416-113-qjd87f/yajl

current directory: /github/vendor/gems/3.3.6/ruby/3.3.0/gems/yajl-ruby-1.4.3/ext/yajl
make DESTDIR\= sitearchdir\=./.gem.20250416-113-qjd87f sitelibdir\=./.gem.20250416-113-qjd87f clean
