current directory: /github/vendor/gems/3.4.1/ruby/3.4.0/bundler/gems/pitchfork-b70ee3c8700a/ext/pitchfork_http
/usr/share/rbenv/versions/3.4.1/bin/ruby extconf.rb
checking for whether -fvisibility=hidden is accepted as CFLAGS... yes
checking for whether -std=c99 is accepted as CFLAGS... yes
checking for PR_SET_CHILD_SUBREAPER in sys/prctl.h... yes
checking for rb_enc_interned_str() in ruby.h... yes
checking for rb_io_descriptor() in ruby.h... yes
checking for rb_hash_new_capa() in ruby.h... yes
checking for getpagesize() in unistd.h... yes
checking for epoll_create1() in sys/epoll.h... yes
creating Makefile

current directory: /github/vendor/gems/3.4.1/ruby/3.4.0/bundler/gems/pitchfork-b70ee3c8700a/ext/pitchfork_http
make -j16 DESTDIR\= sitearchdir\=./.gem.20250509-147-8t1rwj sitelibdir\=./.gem.20250509-147-8t1rwj clean

current directory: /github/vendor/gems/3.4.1/ruby/3.4.0/bundler/gems/pitchfork-b70ee3c8700a/ext/pitchfork_http
make -j16 DESTDIR\= sitearchdir\=./.gem.20250509-147-8t1rwj sitelibdir\=./.gem.20250509-147-8t1rwj
compiling httpdate.c
compiling memory_page.c
compiling pitchfork_http.c
linking shared-object pitchfork/pitchfork_http.so

current directory: /github/vendor/gems/3.4.1/ruby/3.4.0/bundler/gems/pitchfork-b70ee3c8700a/ext/pitchfork_http
make -j16 DESTDIR\= sitearchdir\=./.gem.20250509-147-8t1rwj sitelibdir\=./.gem.20250509-147-8t1rwj install
/usr/bin/install -c -m 0755 pitchfork_http.so ./.gem.20250509-147-8t1rwj/pitchfork

current directory: /github/vendor/gems/3.4.1/ruby/3.4.0/bundler/gems/pitchfork-b70ee3c8700a/ext/pitchfork_http
make -j16 DESTDIR\= sitearchdir\=./.gem.20250509-147-8t1rwj sitelibdir\=./.gem.20250509-147-8t1rwj clean
