have_func: checking for rb_category_warn()... -------------------- yes

LD_LIBRARY_PATH=.:/usr/share/rbenv/versions/3.4.1/lib ASAN_OPTIONS=detect_leaks=0 "gcc -o conftest -I/usr/share/rbenv/versions/3.4.1/include/ruby-3.4.0/x86_64-linux -I/usr/share/rbenv/versions/3.4.1/include/ruby-3.4.0/ruby/backward -I/usr/share/rbenv/versions/3.4.1/include/ruby-3.4.0 -I. -Wdate-time -D_FORTIFY_SOURCE=2   -g -O2 -fdebug-prefix-map=/tmp/brew2deb/packages/ruby=. -fstack-protector-strong -Wformat -Werror=format-security conftest.c -L. -L/usr/share/rbenv/versions/3.4.1/lib -Wl,-rpath,/usr/share/rbenv/versions/3.4.1/lib -L. -Wl,-Bsymbolic-functions -Wl,-z,relro -fstack-protector-strong -rdynamic -Wl,-export-dynamic     -Wl,-rpath,/usr/share/rbenv/versions/3.4.1/lib -L/usr/share/rbenv/versions/3.4.1/lib -lruby-static -lz -lrt -lrt -ljemalloc -lgmp -ldl -lcrypt -lm -lpthread   -lm -lpthread  -ljemalloc -lc"
checked program was:
/* begin */
1: #include "ruby.h"
2: 
3: int main(int argc, char **argv)
4: {
5:   return !!argv[argc];
6: }
/* end */

LD_LIBRARY_PATH=.:/usr/share/rbenv/versions/3.4.1/lib ASAN_OPTIONS=detect_leaks=0 "gcc -o conftest -I/usr/share/rbenv/versions/3.4.1/include/ruby-3.4.0/x86_64-linux -I/usr/share/rbenv/versions/3.4.1/include/ruby-3.4.0/ruby/backward -I/usr/share/rbenv/versions/3.4.1/include/ruby-3.4.0 -I. -Wdate-time -D_FORTIFY_SOURCE=2   -g -O2 -fdebug-prefix-map=/tmp/brew2deb/packages/ruby=. -fstack-protector-strong -Wformat -Werror=format-security conftest.c -L. -L/usr/share/rbenv/versions/3.4.1/lib -Wl,-rpath,/usr/share/rbenv/versions/3.4.1/lib -L. -Wl,-Bsymbolic-functions -Wl,-z,relro -fstack-protector-strong -rdynamic -Wl,-export-dynamic     -Wl,-rpath,/usr/share/rbenv/versions/3.4.1/lib -L/usr/share/rbenv/versions/3.4.1/lib -lruby-static -lz -lrt -lrt -ljemalloc -lgmp -ldl -lcrypt -lm -lpthread   -lm -lpthread  -ljemalloc -lc"
checked program was:
/* begin */
 1: #include "ruby.h"
 2: 
 3: /*top*/
 4: extern int t(void);
 5: int main(int argc, char **argv)
 6: {
 7:   if (argc > 1000000) {
 8:     int (* volatile tp)(void)=(int (*)(void))&t;
 9:     printf("%d", (*tp)());
10:   }
11: 
12:   return !!argv[argc];
13: }
14: int t(void) { void ((*volatile p)()); p = (void ((*)()))rb_category_warn; return !p; }
/* end */

--------------------

have_var: checking for timezone in time.h with -Werror... -------------------- yes

LD_LIBRARY_PATH=.:/usr/share/rbenv/versions/3.4.1/lib ASAN_OPTIONS=detect_leaks=0 "gcc -I/usr/share/rbenv/versions/3.4.1/include/ruby-3.4.0/x86_64-linux -I/usr/share/rbenv/versions/3.4.1/include/ruby-3.4.0/ruby/backward -I/usr/share/rbenv/versions/3.4.1/include/ruby-3.4.0 -I. -Wdate-time -D_FORTIFY_SOURCE=2   -g -O2 -fdebug-prefix-map=/tmp/brew2deb/packages/ruby=. -fstack-protector-strong -Wformat -Werror=format-security  -Werror -c conftest.c"
checked program was:
/* begin */
 1: #include "ruby.h"
 2: 
 3: #include <time.h>
 4: 
 5: /*top*/
 6: extern int t(void);
 7: int main(int argc, char **argv)
 8: {
 9:   if (argc > 1000000) {
10:     int (* volatile tp)(void)=(int (*)(void))&t;
11:     printf("%d", (*tp)());
12:   }
13: 
14:   return !!argv[argc];
15: }
16: int t(void) { const volatile void *volatile p; p = &(&timezone)[0]; return !p; }
/* end */

--------------------

have_var: checking for altzone in time.h with -Werror... -------------------- no

LD_LIBRARY_PATH=.:/usr/share/rbenv/versions/3.4.1/lib ASAN_OPTIONS=detect_leaks=0 "gcc -I/usr/share/rbenv/versions/3.4.1/include/ruby-3.4.0/x86_64-linux -I/usr/share/rbenv/versions/3.4.1/include/ruby-3.4.0/ruby/backward -I/usr/share/rbenv/versions/3.4.1/include/ruby-3.4.0 -I. -Wdate-time -D_FORTIFY_SOURCE=2   -g -O2 -fdebug-prefix-map=/tmp/brew2deb/packages/ruby=. -fstack-protector-strong -Wformat -Werror=format-security  -Werror -c conftest.c"
conftest.c: In function ‘t’:
conftest.c:16:55: error: ‘altzone’ undeclared (first use in this function)
   16 | int t(void) { const volatile void *volatile p; p = &(&altzone)[0]; return !p; }
      |                                                       ^~~~~~~
conftest.c:16:55: note: each undeclared identifier is reported only once for each function it appears in
checked program was:
/* begin */
 1: #include "ruby.h"
 2: 
 3: #include <time.h>
 4: 
 5: /*top*/
 6: extern int t(void);
 7: int main(int argc, char **argv)
 8: {
 9:   if (argc > 1000000) {
10:     int (* volatile tp)(void)=(int (*)(void))&t;
11:     printf("%d", (*tp)());
12:   }
13: 
14:   return !!argv[argc];
15: }
16: int t(void) { const volatile void *volatile p; p = &(&altzone)[0]; return !p; }
/* end */

--------------------

