current directory: /github/vendor/gems/3.3.6/ruby/3.3.0/gems/unicorn-6.1.0.1.gbd68/ext/unicorn_http
/usr/share/rbenv/versions/3.3.6/bin/ruby extconf.rb
checking for rb_hash_clear() in ruby.h... yes
checking if String#-@ (str_uminus) dedupes... yes
checking if Hash#[]= (rb_hash_aset) dedupes... yes
checking for epoll_create1() in sys/epoll.h... yes
creating Makefile

current directory: /github/vendor/gems/3.3.6/ruby/3.3.0/gems/unicorn-6.1.0.1.gbd68/ext/unicorn_http
make DESTDIR\= sitearchdir\=./.gem.20250416-113-r04jsw sitelibdir\=./.gem.20250416-113-r04jsw clean

current directory: /github/vendor/gems/3.3.6/ruby/3.3.0/gems/unicorn-6.1.0.1.gbd68/ext/unicorn_http
make DESTDIR\= sitearchdir\=./.gem.20250416-113-r04jsw sitelibdir\=./.gem.20250416-113-r04jsw
compiling httpdate.c
compiling unicorn_http.c
In file included from unicorn_http.rl:15:
epollexclusive.h: In function ‘prep_readers’:
epollexclusive.h:58:3: warning: ‘fd’ is deprecated: rb_io_descriptor [-Wdeprecated-declarations]
   58 |   rc = epoll_ctl(epfd, EPOLL_CTL_ADD, fptr->fd, &e);
      |   ^~
In file included from epollexclusive.h:14,
                 from unicorn_http.rl:15:
/usr/share/rbenv/versions/3.3.6/include/ruby-3.3.0/ruby/io.h:154:9: note: declared here
  154 |     int fd;
      |         ^~
In file included from unicorn_http.rl:15:
epollexclusive.h: In function ‘do_wait’:
epollexclusive.h:77:2: warning: ‘fd’ is deprecated: rb_io_descriptor [-Wdeprecated-declarations]
   77 |  return (void *)(long)epoll_wait(epw->fptr->fd, epw->events,
      |  ^~~~~~
In file included from epollexclusive.h:14,
                 from unicorn_http.rl:15:
/usr/share/rbenv/versions/3.3.6/include/ruby-3.3.0/ruby/io.h:154:9: note: declared here
  154 |     int fd;
      |         ^~
linking shared-object unicorn_http.so

current directory: /github/vendor/gems/3.3.6/ruby/3.3.0/gems/unicorn-6.1.0.1.gbd68/ext/unicorn_http
make DESTDIR\= sitearchdir\=./.gem.20250416-113-r04jsw sitelibdir\=./.gem.20250416-113-r04jsw install
/usr/bin/install -c -m 0755 unicorn_http.so ./.gem.20250416-113-r04jsw

current directory: /github/vendor/gems/3.3.6/ruby/3.3.0/gems/unicorn-6.1.0.1.gbd68/ext/unicorn_http
make DESTDIR\= sitearchdir\=./.gem.20250416-113-r04jsw sitelibdir\=./.gem.20250416-113-r04jsw clean
