The system is: Linux - 5.15.0-1077-aws - x86_64
Compiling the C compiler identification source file "CMakeCCompilerId.c" succeeded.
Compiler: /usr/bin/gcc 
Build flags: -fPIC
Id flags:  

The output was:
0


Compilation of the C compiler identification source "CMakeCCompilerId.c" produced "a.out"

The C compiler identification is GNU, found in "/github/vendor/gems/3.3.6/ruby/3.3.0/gems/rugged-1.4.3.102.ga6b7142/vendor/libgit2/build/CMakeFiles/3.16.3/CompilerIdC/a.out"

Determining if the C compiler works passed with the following output:
Change Dir: /github/vendor/gems/3.3.6/ruby/3.3.0/gems/rugged-1.4.3.102.ga6b7142/vendor/libgit2/build/CMakeFiles/CMakeTmp

Run Build Command(s):/usr/bin/make cmTC_81e4e/fast && /usr/bin/make -f CMakeFiles/cmTC_81e4e.dir/build.make CMakeFiles/cmTC_81e4e.dir/build
make[1]: Entering directory '/github/vendor/gems/3.3.6/ruby/3.3.0/gems/rugged-1.4.3.102.ga6b7142/vendor/libgit2/build/CMakeFiles/CMakeTmp'
Building C object CMakeFiles/cmTC_81e4e.dir/testCCompiler.c.o
/usr/bin/gcc   -fPIC    -o CMakeFiles/cmTC_81e4e.dir/testCCompiler.c.o   -c /github/vendor/gems/3.3.6/ruby/3.3.0/gems/rugged-1.4.3.102.ga6b7142/vendor/libgit2/build/CMakeFiles/CMakeTmp/testCCompiler.c
Linking C executable cmTC_81e4e
/usr/bin/cmake -E cmake_link_script CMakeFiles/cmTC_81e4e.dir/link.txt --verbose=1
/usr/bin/gcc -fPIC     CMakeFiles/cmTC_81e4e.dir/testCCompiler.c.o  -o cmTC_81e4e 
make[1]: Leaving directory '/github/vendor/gems/3.3.6/ruby/3.3.0/gems/rugged-1.4.3.102.ga6b7142/vendor/libgit2/build/CMakeFiles/CMakeTmp'



Detecting C compiler ABI info compiled with the following output:
Change Dir: /github/vendor/gems/3.3.6/ruby/3.3.0/gems/rugged-1.4.3.102.ga6b7142/vendor/libgit2/build/CMakeFiles/CMakeTmp

Run Build Command(s):/usr/bin/make cmTC_b51c1/fast && /usr/bin/make -f CMakeFiles/cmTC_b51c1.dir/build.make CMakeFiles/cmTC_b51c1.dir/build
make[1]: Entering directory '/github/vendor/gems/3.3.6/ruby/3.3.0/gems/rugged-1.4.3.102.ga6b7142/vendor/libgit2/build/CMakeFiles/CMakeTmp'
Building C object CMakeFiles/cmTC_b51c1.dir/CMakeCCompilerABI.c.o
/usr/bin/gcc   -fPIC    -v -o CMakeFiles/cmTC_b51c1.dir/CMakeCCompilerABI.c.o   -c /usr/share/cmake-3.16/Modules/CMakeCCompilerABI.c
Using built-in specs.
COLLECT_GCC=/usr/bin/gcc
OFFLOAD_TARGET_NAMES=nvptx-none:hsa
OFFLOAD_TARGET_DEFAULT=1
Target: x86_64-linux-gnu
Configured with: ../src/configure -v --with-pkgversion='Ubuntu 9.4.0-1ubuntu1~20.04.2' --with-bugurl=file:///usr/share/doc/gcc-9/README.Bugs --enable-languages=c,ada,c++,go,brig,d,fortran,objc,obj-c++,gm2 --prefix=/usr --with-gcc-major-version-only --program-suffix=-9 --program-prefix=x86_64-linux-gnu- --enable-shared --enable-linker-build-id --libexecdir=/usr/lib --without-included-gettext --enable-threads=posix --libdir=/usr/lib --enable-nls --enable-clocale=gnu --enable-libstdcxx-debug --enable-libstdcxx-time=yes --with-default-libstdcxx-abi=new --enable-gnu-unique-object --disable-vtable-verify --enable-plugin --enable-default-pie --with-system-zlib --with-target-system-zlib=auto --enable-objc-gc=auto --enable-multiarch --disable-werror --with-arch-32=i686 --with-abi=m64 --with-multilib-list=m32,m64,mx32 --enable-multilib --with-tune=generic --enable-offload-targets=nvptx-none=/build/gcc-9-9QDOt0/gcc-9-9.4.0/debian/tmp-nvptx/usr,hsa --without-cuda-driver --enable-checking=release --build=x86_64-linux-gnu --host=x86_64-linux-gnu --target=x86_64-linux-gnu
Thread model: posix
gcc version 9.4.0 (Ubuntu 9.4.0-1ubuntu1~20.04.2) 
COLLECT_GCC_OPTIONS='-fPIC' '-v' '-o' 'CMakeFiles/cmTC_b51c1.dir/CMakeCCompilerABI.c.o' '-c' '-mtune=generic' '-march=x86-64'
 /usr/lib/gcc/x86_64-linux-gnu/9/cc1 -quiet -v -imultiarch x86_64-linux-gnu /usr/share/cmake-3.16/Modules/CMakeCCompilerABI.c -quiet -dumpbase CMakeCCompilerABI.c -mtune=generic -march=x86-64 -auxbase-strip CMakeFiles/cmTC_b51c1.dir/CMakeCCompilerABI.c.o -version -fPIC -fasynchronous-unwind-tables -fstack-protector-strong -Wformat -Wformat-security -fstack-clash-protection -fcf-protection -o /tmp/ccdVGFDn.s
GNU C17 (Ubuntu 9.4.0-1ubuntu1~20.04.2) version 9.4.0 (x86_64-linux-gnu)
	compiled by GNU C version 9.4.0, GMP version 6.2.0, MPFR version 4.0.2, MPC version 1.1.0, isl version isl-0.22.1-GMP

GGC heuristics: --param ggc-min-expand=100 --param ggc-min-heapsize=131072
ignoring nonexistent directory "/usr/local/include/x86_64-linux-gnu"
ignoring nonexistent directory "/usr/lib/gcc/x86_64-linux-gnu/9/include-fixed"
ignoring nonexistent directory "/usr/lib/gcc/x86_64-linux-gnu/9/../../../../x86_64-linux-gnu/include"
#include "..." search starts here:
#include <...> search starts here:
 /usr/lib/gcc/x86_64-linux-gnu/9/include
 /usr/local/include
 /usr/include/x86_64-linux-gnu
 /usr/include
End of search list.
GNU C17 (Ubuntu 9.4.0-1ubuntu1~20.04.2) version 9.4.0 (x86_64-linux-gnu)
	compiled by GNU C version 9.4.0, GMP version 6.2.0, MPFR version 4.0.2, MPC version 1.1.0, isl version isl-0.22.1-GMP

GGC heuristics: --param ggc-min-expand=100 --param ggc-min-heapsize=131072
Compiler executable checksum: 01da938ff5dc2163489aa33cb3b747a7
COLLECT_GCC_OPTIONS='-fPIC' '-v' '-o' 'CMakeFiles/cmTC_b51c1.dir/CMakeCCompilerABI.c.o' '-c' '-mtune=generic' '-march=x86-64'
 as -v --64 -o CMakeFiles/cmTC_b51c1.dir/CMakeCCompilerABI.c.o /tmp/ccdVGFDn.s
GNU assembler version 2.34 (x86_64-linux-gnu) using BFD version (GNU Binutils for Ubuntu) 2.34
COMPILER_PATH=/usr/lib/gcc/x86_64-linux-gnu/9/:/usr/lib/gcc/x86_64-linux-gnu/9/:/usr/lib/gcc/x86_64-linux-gnu/:/usr/lib/gcc/x86_64-linux-gnu/9/:/usr/lib/gcc/x86_64-linux-gnu/
LIBRARY_PATH=/usr/lib/gcc/x86_64-linux-gnu/9/:/usr/lib/gcc/x86_64-linux-gnu/9/../../../x86_64-linux-gnu/:/usr/lib/gcc/x86_64-linux-gnu/9/../../../../lib/:/lib/x86_64-linux-gnu/:/lib/../lib/:/usr/lib/x86_64-linux-gnu/:/usr/lib/../lib/:/usr/lib/gcc/x86_64-linux-gnu/9/../../../:/lib/:/usr/lib/
COLLECT_GCC_OPTIONS='-fPIC' '-v' '-o' 'CMakeFiles/cmTC_b51c1.dir/CMakeCCompilerABI.c.o' '-c' '-mtune=generic' '-march=x86-64'
Linking C executable cmTC_b51c1
/usr/bin/cmake -E cmake_link_script CMakeFiles/cmTC_b51c1.dir/link.txt --verbose=1
/usr/bin/gcc -fPIC    -v CMakeFiles/cmTC_b51c1.dir/CMakeCCompilerABI.c.o  -o cmTC_b51c1 
Using built-in specs.
COLLECT_GCC=/usr/bin/gcc
COLLECT_LTO_WRAPPER=/usr/lib/gcc/x86_64-linux-gnu/9/lto-wrapper
OFFLOAD_TARGET_NAMES=nvptx-none:hsa
OFFLOAD_TARGET_DEFAULT=1
Target: x86_64-linux-gnu
Configured with: ../src/configure -v --with-pkgversion='Ubuntu 9.4.0-1ubuntu1~20.04.2' --with-bugurl=file:///usr/share/doc/gcc-9/README.Bugs --enable-languages=c,ada,c++,go,brig,d,fortran,objc,obj-c++,gm2 --prefix=/usr --with-gcc-major-version-only --program-suffix=-9 --program-prefix=x86_64-linux-gnu- --enable-shared --enable-linker-build-id --libexecdir=/usr/lib --without-included-gettext --enable-threads=posix --libdir=/usr/lib --enable-nls --enable-clocale=gnu --enable-libstdcxx-debug --enable-libstdcxx-time=yes --with-default-libstdcxx-abi=new --enable-gnu-unique-object --disable-vtable-verify --enable-plugin --enable-default-pie --with-system-zlib --with-target-system-zlib=auto --enable-objc-gc=auto --enable-multiarch --disable-werror --with-arch-32=i686 --with-abi=m64 --with-multilib-list=m32,m64,mx32 --enable-multilib --with-tune=generic --enable-offload-targets=nvptx-none=/build/gcc-9-9QDOt0/gcc-9-9.4.0/debian/tmp-nvptx/usr,hsa --without-cuda-driver --enable-checking=release --build=x86_64-linux-gnu --host=x86_64-linux-gnu --target=x86_64-linux-gnu
Thread model: posix
gcc version 9.4.0 (Ubuntu 9.4.0-1ubuntu1~20.04.2) 
COMPILER_PATH=/usr/lib/gcc/x86_64-linux-gnu/9/:/usr/lib/gcc/x86_64-linux-gnu/9/:/usr/lib/gcc/x86_64-linux-gnu/:/usr/lib/gcc/x86_64-linux-gnu/9/:/usr/lib/gcc/x86_64-linux-gnu/
LIBRARY_PATH=/usr/lib/gcc/x86_64-linux-gnu/9/:/usr/lib/gcc/x86_64-linux-gnu/9/../../../x86_64-linux-gnu/:/usr/lib/gcc/x86_64-linux-gnu/9/../../../../lib/:/lib/x86_64-linux-gnu/:/lib/../lib/:/usr/lib/x86_64-linux-gnu/:/usr/lib/../lib/:/usr/lib/gcc/x86_64-linux-gnu/9/../../../:/lib/:/usr/lib/
COLLECT_GCC_OPTIONS='-fPIC' '-v' '-o' 'cmTC_b51c1' '-mtune=generic' '-march=x86-64'
 /usr/lib/gcc/x86_64-linux-gnu/9/collect2 -plugin /usr/lib/gcc/x86_64-linux-gnu/9/liblto_plugin.so -plugin-opt=/usr/lib/gcc/x86_64-linux-gnu/9/lto-wrapper -plugin-opt=-fresolution=/tmp/ccpFf6PR.res -plugin-opt=-pass-through=-lgcc -plugin-opt=-pass-through=-lgcc_s -plugin-opt=-pass-through=-lc -plugin-opt=-pass-through=-lgcc -plugin-opt=-pass-through=-lgcc_s --build-id --eh-frame-hdr -m elf_x86_64 --hash-style=gnu --as-needed -dynamic-linker /lib64/ld-linux-x86-64.so.2 -pie -z now -z relro -o cmTC_b51c1 /usr/lib/gcc/x86_64-linux-gnu/9/../../../x86_64-linux-gnu/Scrt1.o /usr/lib/gcc/x86_64-linux-gnu/9/../../../x86_64-linux-gnu/crti.o /usr/lib/gcc/x86_64-linux-gnu/9/crtbeginS.o -L/usr/lib/gcc/x86_64-linux-gnu/9 -L/usr/lib/gcc/x86_64-linux-gnu/9/../../../x86_64-linux-gnu -L/usr/lib/gcc/x86_64-linux-gnu/9/../../../../lib -L/lib/x86_64-linux-gnu -L/lib/../lib -L/usr/lib/x86_64-linux-gnu -L/usr/lib/../lib -L/usr/lib/gcc/x86_64-linux-gnu/9/../../.. CMakeFiles/cmTC_b51c1.dir/CMakeCCompilerABI.c.o -lgcc --push-state --as-needed -lgcc_s --pop-state -lc -lgcc --push-state --as-needed -lgcc_s --pop-state /usr/lib/gcc/x86_64-linux-gnu/9/crtendS.o /usr/lib/gcc/x86_64-linux-gnu/9/../../../x86_64-linux-gnu/crtn.o
COLLECT_GCC_OPTIONS='-fPIC' '-v' '-o' 'cmTC_b51c1' '-mtune=generic' '-march=x86-64'
make[1]: Leaving directory '/github/vendor/gems/3.3.6/ruby/3.3.0/gems/rugged-1.4.3.102.ga6b7142/vendor/libgit2/build/CMakeFiles/CMakeTmp'



Parsed C implicit include dir info from above output: rv=done
  found start of include info
  found start of implicit include info
    add: [/usr/lib/gcc/x86_64-linux-gnu/9/include]
    add: [/usr/local/include]
    add: [/usr/include/x86_64-linux-gnu]
    add: [/usr/include]
  end of search list found
  collapse include dir [/usr/lib/gcc/x86_64-linux-gnu/9/include] ==> [/usr/lib/gcc/x86_64-linux-gnu/9/include]
  collapse include dir [/usr/local/include] ==> [/usr/local/include]
  collapse include dir [/usr/include/x86_64-linux-gnu] ==> [/usr/include/x86_64-linux-gnu]
  collapse include dir [/usr/include] ==> [/usr/include]
  implicit include dirs: [/usr/lib/gcc/x86_64-linux-gnu/9/include;/usr/local/include;/usr/include/x86_64-linux-gnu;/usr/include]


Parsed C implicit link information from above output:
  link line regex: [^( *|.*[/\])(ld|CMAKE_LINK_STARTFILE-NOTFOUND|([^/\]+-)?ld|collect2)[^/\]*( |$)]
  ignore line: [Change Dir: /github/vendor/gems/3.3.6/ruby/3.3.0/gems/rugged-1.4.3.102.ga6b7142/vendor/libgit2/build/CMakeFiles/CMakeTmp]
  ignore line: []
  ignore line: [Run Build Command(s):/usr/bin/make cmTC_b51c1/fast && /usr/bin/make -f CMakeFiles/cmTC_b51c1.dir/build.make CMakeFiles/cmTC_b51c1.dir/build]
  ignore line: [make[1]: Entering directory '/github/vendor/gems/3.3.6/ruby/3.3.0/gems/rugged-1.4.3.102.ga6b7142/vendor/libgit2/build/CMakeFiles/CMakeTmp']
  ignore line: [Building C object CMakeFiles/cmTC_b51c1.dir/CMakeCCompilerABI.c.o]
  ignore line: [/usr/bin/gcc   -fPIC    -v -o CMakeFiles/cmTC_b51c1.dir/CMakeCCompilerABI.c.o   -c /usr/share/cmake-3.16/Modules/CMakeCCompilerABI.c]
  ignore line: [Using built-in specs.]
  ignore line: [COLLECT_GCC=/usr/bin/gcc]
  ignore line: [OFFLOAD_TARGET_NAMES=nvptx-none:hsa]
  ignore line: [OFFLOAD_TARGET_DEFAULT=1]
  ignore line: [Target: x86_64-linux-gnu]
  ignore line: [Configured with: ../src/configure -v --with-pkgversion='Ubuntu 9.4.0-1ubuntu1~20.04.2' --with-bugurl=file:///usr/share/doc/gcc-9/README.Bugs --enable-languages=c ada c++ go brig d fortran objc obj-c++ gm2 --prefix=/usr --with-gcc-major-version-only --program-suffix=-9 --program-prefix=x86_64-linux-gnu- --enable-shared --enable-linker-build-id --libexecdir=/usr/lib --without-included-gettext --enable-threads=posix --libdir=/usr/lib --enable-nls --enable-clocale=gnu --enable-libstdcxx-debug --enable-libstdcxx-time=yes --with-default-libstdcxx-abi=new --enable-gnu-unique-object --disable-vtable-verify --enable-plugin --enable-default-pie --with-system-zlib --with-target-system-zlib=auto --enable-objc-gc=auto --enable-multiarch --disable-werror --with-arch-32=i686 --with-abi=m64 --with-multilib-list=m32 m64 mx32 --enable-multilib --with-tune=generic --enable-offload-targets=nvptx-none=/build/gcc-9-9QDOt0/gcc-9-9.4.0/debian/tmp-nvptx/usr hsa --without-cuda-driver --enable-checking=release --build=x86_64-linux-gnu --host=x86_64-linux-gnu --target=x86_64-linux-gnu]
  ignore line: [Thread model: posix]
  ignore line: [gcc version 9.4.0 (Ubuntu 9.4.0-1ubuntu1~20.04.2) ]
  ignore line: [COLLECT_GCC_OPTIONS='-fPIC' '-v' '-o' 'CMakeFiles/cmTC_b51c1.dir/CMakeCCompilerABI.c.o' '-c' '-mtune=generic' '-march=x86-64']
  ignore line: [ /usr/lib/gcc/x86_64-linux-gnu/9/cc1 -quiet -v -imultiarch x86_64-linux-gnu /usr/share/cmake-3.16/Modules/CMakeCCompilerABI.c -quiet -dumpbase CMakeCCompilerABI.c -mtune=generic -march=x86-64 -auxbase-strip CMakeFiles/cmTC_b51c1.dir/CMakeCCompilerABI.c.o -version -fPIC -fasynchronous-unwind-tables -fstack-protector-strong -Wformat -Wformat-security -fstack-clash-protection -fcf-protection -o /tmp/ccdVGFDn.s]
  ignore line: [GNU C17 (Ubuntu 9.4.0-1ubuntu1~20.04.2) version 9.4.0 (x86_64-linux-gnu)]
  ignore line: [	compiled by GNU C version 9.4.0  GMP version 6.2.0  MPFR version 4.0.2  MPC version 1.1.0  isl version isl-0.22.1-GMP]
  ignore line: []
  ignore line: [GGC heuristics: --param ggc-min-expand=100 --param ggc-min-heapsize=131072]
  ignore line: [ignoring nonexistent directory "/usr/local/include/x86_64-linux-gnu"]
  ignore line: [ignoring nonexistent directory "/usr/lib/gcc/x86_64-linux-gnu/9/include-fixed"]
  ignore line: [ignoring nonexistent directory "/usr/lib/gcc/x86_64-linux-gnu/9/../../../../x86_64-linux-gnu/include"]
  ignore line: [#include "..." search starts here:]
  ignore line: [#include <...> search starts here:]
  ignore line: [ /usr/lib/gcc/x86_64-linux-gnu/9/include]
  ignore line: [ /usr/local/include]
  ignore line: [ /usr/include/x86_64-linux-gnu]
  ignore line: [ /usr/include]
  ignore line: [End of search list.]
  ignore line: [GNU C17 (Ubuntu 9.4.0-1ubuntu1~20.04.2) version 9.4.0 (x86_64-linux-gnu)]
  ignore line: [	compiled by GNU C version 9.4.0  GMP version 6.2.0  MPFR version 4.0.2  MPC version 1.1.0  isl version isl-0.22.1-GMP]
  ignore line: []
  ignore line: [GGC heuristics: --param ggc-min-expand=100 --param ggc-min-heapsize=131072]
  ignore line: [Compiler executable checksum: 01da938ff5dc2163489aa33cb3b747a7]
  ignore line: [COLLECT_GCC_OPTIONS='-fPIC' '-v' '-o' 'CMakeFiles/cmTC_b51c1.dir/CMakeCCompilerABI.c.o' '-c' '-mtune=generic' '-march=x86-64']
  ignore line: [ as -v --64 -o CMakeFiles/cmTC_b51c1.dir/CMakeCCompilerABI.c.o /tmp/ccdVGFDn.s]
  ignore line: [GNU assembler version 2.34 (x86_64-linux-gnu) using BFD version (GNU Binutils for Ubuntu) 2.34]
  ignore line: [COMPILER_PATH=/usr/lib/gcc/x86_64-linux-gnu/9/:/usr/lib/gcc/x86_64-linux-gnu/9/:/usr/lib/gcc/x86_64-linux-gnu/:/usr/lib/gcc/x86_64-linux-gnu/9/:/usr/lib/gcc/x86_64-linux-gnu/]
  ignore line: [LIBRARY_PATH=/usr/lib/gcc/x86_64-linux-gnu/9/:/usr/lib/gcc/x86_64-linux-gnu/9/../../../x86_64-linux-gnu/:/usr/lib/gcc/x86_64-linux-gnu/9/../../../../lib/:/lib/x86_64-linux-gnu/:/lib/../lib/:/usr/lib/x86_64-linux-gnu/:/usr/lib/../lib/:/usr/lib/gcc/x86_64-linux-gnu/9/../../../:/lib/:/usr/lib/]
  ignore line: [COLLECT_GCC_OPTIONS='-fPIC' '-v' '-o' 'CMakeFiles/cmTC_b51c1.dir/CMakeCCompilerABI.c.o' '-c' '-mtune=generic' '-march=x86-64']
  ignore line: [Linking C executable cmTC_b51c1]
  ignore line: [/usr/bin/cmake -E cmake_link_script CMakeFiles/cmTC_b51c1.dir/link.txt --verbose=1]
  ignore line: [/usr/bin/gcc -fPIC    -v CMakeFiles/cmTC_b51c1.dir/CMakeCCompilerABI.c.o  -o cmTC_b51c1 ]
  ignore line: [Using built-in specs.]
  ignore line: [COLLECT_GCC=/usr/bin/gcc]
  ignore line: [COLLECT_LTO_WRAPPER=/usr/lib/gcc/x86_64-linux-gnu/9/lto-wrapper]
  ignore line: [OFFLOAD_TARGET_NAMES=nvptx-none:hsa]
  ignore line: [OFFLOAD_TARGET_DEFAULT=1]
  ignore line: [Target: x86_64-linux-gnu]
  ignore line: [Configured with: ../src/configure -v --with-pkgversion='Ubuntu 9.4.0-1ubuntu1~20.04.2' --with-bugurl=file:///usr/share/doc/gcc-9/README.Bugs --enable-languages=c ada c++ go brig d fortran objc obj-c++ gm2 --prefix=/usr --with-gcc-major-version-only --program-suffix=-9 --program-prefix=x86_64-linux-gnu- --enable-shared --enable-linker-build-id --libexecdir=/usr/lib --without-included-gettext --enable-threads=posix --libdir=/usr/lib --enable-nls --enable-clocale=gnu --enable-libstdcxx-debug --enable-libstdcxx-time=yes --with-default-libstdcxx-abi=new --enable-gnu-unique-object --disable-vtable-verify --enable-plugin --enable-default-pie --with-system-zlib --with-target-system-zlib=auto --enable-objc-gc=auto --enable-multiarch --disable-werror --with-arch-32=i686 --with-abi=m64 --with-multilib-list=m32 m64 mx32 --enable-multilib --with-tune=generic --enable-offload-targets=nvptx-none=/build/gcc-9-9QDOt0/gcc-9-9.4.0/debian/tmp-nvptx/usr hsa --without-cuda-driver --enable-checking=release --build=x86_64-linux-gnu --host=x86_64-linux-gnu --target=x86_64-linux-gnu]
  ignore line: [Thread model: posix]
  ignore line: [gcc version 9.4.0 (Ubuntu 9.4.0-1ubuntu1~20.04.2) ]
  ignore line: [COMPILER_PATH=/usr/lib/gcc/x86_64-linux-gnu/9/:/usr/lib/gcc/x86_64-linux-gnu/9/:/usr/lib/gcc/x86_64-linux-gnu/:/usr/lib/gcc/x86_64-linux-gnu/9/:/usr/lib/gcc/x86_64-linux-gnu/]
  ignore line: [LIBRARY_PATH=/usr/lib/gcc/x86_64-linux-gnu/9/:/usr/lib/gcc/x86_64-linux-gnu/9/../../../x86_64-linux-gnu/:/usr/lib/gcc/x86_64-linux-gnu/9/../../../../lib/:/lib/x86_64-linux-gnu/:/lib/../lib/:/usr/lib/x86_64-linux-gnu/:/usr/lib/../lib/:/usr/lib/gcc/x86_64-linux-gnu/9/../../../:/lib/:/usr/lib/]
  ignore line: [COLLECT_GCC_OPTIONS='-fPIC' '-v' '-o' 'cmTC_b51c1' '-mtune=generic' '-march=x86-64']
  link line: [ /usr/lib/gcc/x86_64-linux-gnu/9/collect2 -plugin /usr/lib/gcc/x86_64-linux-gnu/9/liblto_plugin.so -plugin-opt=/usr/lib/gcc/x86_64-linux-gnu/9/lto-wrapper -plugin-opt=-fresolution=/tmp/ccpFf6PR.res -plugin-opt=-pass-through=-lgcc -plugin-opt=-pass-through=-lgcc_s -plugin-opt=-pass-through=-lc -plugin-opt=-pass-through=-lgcc -plugin-opt=-pass-through=-lgcc_s --build-id --eh-frame-hdr -m elf_x86_64 --hash-style=gnu --as-needed -dynamic-linker /lib64/ld-linux-x86-64.so.2 -pie -z now -z relro -o cmTC_b51c1 /usr/lib/gcc/x86_64-linux-gnu/9/../../../x86_64-linux-gnu/Scrt1.o /usr/lib/gcc/x86_64-linux-gnu/9/../../../x86_64-linux-gnu/crti.o /usr/lib/gcc/x86_64-linux-gnu/9/crtbeginS.o -L/usr/lib/gcc/x86_64-linux-gnu/9 -L/usr/lib/gcc/x86_64-linux-gnu/9/../../../x86_64-linux-gnu -L/usr/lib/gcc/x86_64-linux-gnu/9/../../../../lib -L/lib/x86_64-linux-gnu -L/lib/../lib -L/usr/lib/x86_64-linux-gnu -L/usr/lib/../lib -L/usr/lib/gcc/x86_64-linux-gnu/9/../../.. CMakeFiles/cmTC_b51c1.dir/CMakeCCompilerABI.c.o -lgcc --push-state --as-needed -lgcc_s --pop-state -lc -lgcc --push-state --as-needed -lgcc_s --pop-state /usr/lib/gcc/x86_64-linux-gnu/9/crtendS.o /usr/lib/gcc/x86_64-linux-gnu/9/../../../x86_64-linux-gnu/crtn.o]
    arg [/usr/lib/gcc/x86_64-linux-gnu/9/collect2] ==> ignore
    arg [-plugin] ==> ignore
    arg [/usr/lib/gcc/x86_64-linux-gnu/9/liblto_plugin.so] ==> ignore
    arg [-plugin-opt=/usr/lib/gcc/x86_64-linux-gnu/9/lto-wrapper] ==> ignore
    arg [-plugin-opt=-fresolution=/tmp/ccpFf6PR.res] ==> ignore
    arg [-plugin-opt=-pass-through=-lgcc] ==> ignore
    arg [-plugin-opt=-pass-through=-lgcc_s] ==> ignore
    arg [-plugin-opt=-pass-through=-lc] ==> ignore
    arg [-plugin-opt=-pass-through=-lgcc] ==> ignore
    arg [-plugin-opt=-pass-through=-lgcc_s] ==> ignore
    arg [--build-id] ==> ignore
    arg [--eh-frame-hdr] ==> ignore
    arg [-m] ==> ignore
    arg [elf_x86_64] ==> ignore
    arg [--hash-style=gnu] ==> ignore
    arg [--as-needed] ==> ignore
    arg [-dynamic-linker] ==> ignore
    arg [/lib64/ld-linux-x86-64.so.2] ==> ignore
    arg [-pie] ==> ignore
    arg [-znow] ==> ignore
    arg [-zrelro] ==> ignore
    arg [-o] ==> ignore
    arg [cmTC_b51c1] ==> ignore
    arg [/usr/lib/gcc/x86_64-linux-gnu/9/../../../x86_64-linux-gnu/Scrt1.o] ==> ignore
    arg [/usr/lib/gcc/x86_64-linux-gnu/9/../../../x86_64-linux-gnu/crti.o] ==> ignore
    arg [/usr/lib/gcc/x86_64-linux-gnu/9/crtbeginS.o] ==> ignore
    arg [-L/usr/lib/gcc/x86_64-linux-gnu/9] ==> dir [/usr/lib/gcc/x86_64-linux-gnu/9]
    arg [-L/usr/lib/gcc/x86_64-linux-gnu/9/../../../x86_64-linux-gnu] ==> dir [/usr/lib/gcc/x86_64-linux-gnu/9/../../../x86_64-linux-gnu]
    arg [-L/usr/lib/gcc/x86_64-linux-gnu/9/../../../../lib] ==> dir [/usr/lib/gcc/x86_64-linux-gnu/9/../../../../lib]
    arg [-L/lib/x86_64-linux-gnu] ==> dir [/lib/x86_64-linux-gnu]
    arg [-L/lib/../lib] ==> dir [/lib/../lib]
    arg [-L/usr/lib/x86_64-linux-gnu] ==> dir [/usr/lib/x86_64-linux-gnu]
    arg [-L/usr/lib/../lib] ==> dir [/usr/lib/../lib]
    arg [-L/usr/lib/gcc/x86_64-linux-gnu/9/../../..] ==> dir [/usr/lib/gcc/x86_64-linux-gnu/9/../../..]
    arg [CMakeFiles/cmTC_b51c1.dir/CMakeCCompilerABI.c.o] ==> ignore
    arg [-lgcc] ==> lib [gcc]
    arg [--push-state] ==> ignore
    arg [--as-needed] ==> ignore
    arg [-lgcc_s] ==> lib [gcc_s]
    arg [--pop-state] ==> ignore
    arg [-lc] ==> lib [c]
    arg [-lgcc] ==> lib [gcc]
    arg [--push-state] ==> ignore
    arg [--as-needed] ==> ignore
    arg [-lgcc_s] ==> lib [gcc_s]
    arg [--pop-state] ==> ignore
    arg [/usr/lib/gcc/x86_64-linux-gnu/9/crtendS.o] ==> ignore
    arg [/usr/lib/gcc/x86_64-linux-gnu/9/../../../x86_64-linux-gnu/crtn.o] ==> ignore
  collapse library dir [/usr/lib/gcc/x86_64-linux-gnu/9] ==> [/usr/lib/gcc/x86_64-linux-gnu/9]
  collapse library dir [/usr/lib/gcc/x86_64-linux-gnu/9/../../../x86_64-linux-gnu] ==> [/usr/lib/x86_64-linux-gnu]
  collapse library dir [/usr/lib/gcc/x86_64-linux-gnu/9/../../../../lib] ==> [/usr/lib]
  collapse library dir [/lib/x86_64-linux-gnu] ==> [/lib/x86_64-linux-gnu]
  collapse library dir [/lib/../lib] ==> [/lib]
  collapse library dir [/usr/lib/x86_64-linux-gnu] ==> [/usr/lib/x86_64-linux-gnu]
  collapse library dir [/usr/lib/../lib] ==> [/usr/lib]
  collapse library dir [/usr/lib/gcc/x86_64-linux-gnu/9/../../..] ==> [/usr/lib]
  implicit libs: [gcc;gcc_s;c;gcc;gcc_s]
  implicit dirs: [/usr/lib/gcc/x86_64-linux-gnu/9;/usr/lib/x86_64-linux-gnu;/usr/lib;/lib/x86_64-linux-gnu;/lib]
  implicit fwks: []


Determining if the include file pthread.h exists passed with the following output:
Change Dir: /github/vendor/gems/3.3.6/ruby/3.3.0/gems/rugged-1.4.3.102.ga6b7142/vendor/libgit2/build/CMakeFiles/CMakeTmp

Run Build Command(s):/usr/bin/make cmTC_800ce/fast && /usr/bin/make -f CMakeFiles/cmTC_800ce.dir/build.make CMakeFiles/cmTC_800ce.dir/build
make[1]: Entering directory '/github/vendor/gems/3.3.6/ruby/3.3.0/gems/rugged-1.4.3.102.ga6b7142/vendor/libgit2/build/CMakeFiles/CMakeTmp'
Building C object CMakeFiles/cmTC_800ce.dir/CheckIncludeFile.c.o
/usr/bin/gcc   -fPIC    -o CMakeFiles/cmTC_800ce.dir/CheckIncludeFile.c.o   -c /github/vendor/gems/3.3.6/ruby/3.3.0/gems/rugged-1.4.3.102.ga6b7142/vendor/libgit2/build/CMakeFiles/CMakeTmp/CheckIncludeFile.c
Linking C executable cmTC_800ce
/usr/bin/cmake -E cmake_link_script CMakeFiles/cmTC_800ce.dir/link.txt --verbose=1
/usr/bin/gcc -fPIC     CMakeFiles/cmTC_800ce.dir/CheckIncludeFile.c.o  -o cmTC_800ce 
make[1]: Leaving directory '/github/vendor/gems/3.3.6/ruby/3.3.0/gems/rugged-1.4.3.102.ga6b7142/vendor/libgit2/build/CMakeFiles/CMakeTmp'



Determining if the function pthread_create exists in the pthread passed with the following output:
Change Dir: /github/vendor/gems/3.3.6/ruby/3.3.0/gems/rugged-1.4.3.102.ga6b7142/vendor/libgit2/build/CMakeFiles/CMakeTmp

Run Build Command(s):/usr/bin/make cmTC_1eeec/fast && /usr/bin/make -f CMakeFiles/cmTC_1eeec.dir/build.make CMakeFiles/cmTC_1eeec.dir/build
make[1]: Entering directory '/github/vendor/gems/3.3.6/ruby/3.3.0/gems/rugged-1.4.3.102.ga6b7142/vendor/libgit2/build/CMakeFiles/CMakeTmp'
Building C object CMakeFiles/cmTC_1eeec.dir/CheckFunctionExists.c.o
/usr/bin/gcc   -fPIC -DCHECK_FUNCTION_EXISTS=pthread_create   -o CMakeFiles/cmTC_1eeec.dir/CheckFunctionExists.c.o   -c /usr/share/cmake-3.16/Modules/CheckFunctionExists.c
Linking C executable cmTC_1eeec
/usr/bin/cmake -E cmake_link_script CMakeFiles/cmTC_1eeec.dir/link.txt --verbose=1
/usr/bin/gcc -fPIC -DCHECK_FUNCTION_EXISTS=pthread_create    CMakeFiles/cmTC_1eeec.dir/CheckFunctionExists.c.o  -o cmTC_1eeec  -lpthread 
make[1]: Leaving directory '/github/vendor/gems/3.3.6/ruby/3.3.0/gems/rugged-1.4.3.102.ga6b7142/vendor/libgit2/build/CMakeFiles/CMakeTmp'



Performing C SOURCE FILE Test HAVE_STRUCT_STAT_ST_MTIM succeeded with the following output:
Change Dir: /github/vendor/gems/3.3.6/ruby/3.3.0/gems/rugged-1.4.3.102.ga6b7142/vendor/libgit2/build/CMakeFiles/CMakeTmp

Run Build Command(s):/usr/bin/make cmTC_fd2de/fast && /usr/bin/make -f CMakeFiles/cmTC_fd2de.dir/build.make CMakeFiles/cmTC_fd2de.dir/build
make[1]: Entering directory '/github/vendor/gems/3.3.6/ruby/3.3.0/gems/rugged-1.4.3.102.ga6b7142/vendor/libgit2/build/CMakeFiles/CMakeTmp'
Building C object CMakeFiles/cmTC_fd2de.dir/src.c.o
/usr/bin/gcc   -fPIC -DHAVE_STRUCT_STAT_ST_MTIM   -o CMakeFiles/cmTC_fd2de.dir/src.c.o   -c /github/vendor/gems/3.3.6/ruby/3.3.0/gems/rugged-1.4.3.102.ga6b7142/vendor/libgit2/build/CMakeFiles/CMakeTmp/src.c
Linking C executable cmTC_fd2de
/usr/bin/cmake -E cmake_link_script CMakeFiles/cmTC_fd2de.dir/link.txt --verbose=1
/usr/bin/gcc -fPIC -DHAVE_STRUCT_STAT_ST_MTIM    CMakeFiles/cmTC_fd2de.dir/src.c.o  -o cmTC_fd2de 
make[1]: Leaving directory '/github/vendor/gems/3.3.6/ruby/3.3.0/gems/rugged-1.4.3.102.ga6b7142/vendor/libgit2/build/CMakeFiles/CMakeTmp'


Source file was:

#include <sys/types.h>
#include <sys/stat.h>

int main()
{
  (void)sizeof(((struct stat *)0)->st_mtim);
  return 0;
}

Performing C SOURCE FILE Test HAVE_STRUCT_STAT_NSEC succeeded with the following output:
Change Dir: /github/vendor/gems/3.3.6/ruby/3.3.0/gems/rugged-1.4.3.102.ga6b7142/vendor/libgit2/build/CMakeFiles/CMakeTmp

Run Build Command(s):/usr/bin/make cmTC_9d2c2/fast && /usr/bin/make -f CMakeFiles/cmTC_9d2c2.dir/build.make CMakeFiles/cmTC_9d2c2.dir/build
make[1]: Entering directory '/github/vendor/gems/3.3.6/ruby/3.3.0/gems/rugged-1.4.3.102.ga6b7142/vendor/libgit2/build/CMakeFiles/CMakeTmp'
Building C object CMakeFiles/cmTC_9d2c2.dir/src.c.o
/usr/bin/gcc   -fPIC -DHAVE_STRUCT_STAT_NSEC   -o CMakeFiles/cmTC_9d2c2.dir/src.c.o   -c /github/vendor/gems/3.3.6/ruby/3.3.0/gems/rugged-1.4.3.102.ga6b7142/vendor/libgit2/build/CMakeFiles/CMakeTmp/src.c
Linking C executable cmTC_9d2c2
/usr/bin/cmake -E cmake_link_script CMakeFiles/cmTC_9d2c2.dir/link.txt --verbose=1
/usr/bin/gcc -fPIC -DHAVE_STRUCT_STAT_NSEC    CMakeFiles/cmTC_9d2c2.dir/src.c.o  -o cmTC_9d2c2 
make[1]: Leaving directory '/github/vendor/gems/3.3.6/ruby/3.3.0/gems/rugged-1.4.3.102.ga6b7142/vendor/libgit2/build/CMakeFiles/CMakeTmp'


Source file was:

#include <sys/stat.h>

int main()
{
  (void)sizeof(((struct stat *)0)->st_mtim.tv_nsec);
  return 0;
}

Determining if the function futimens exists passed with the following output:
Change Dir: /github/vendor/gems/3.3.6/ruby/3.3.0/gems/rugged-1.4.3.102.ga6b7142/vendor/libgit2/build/CMakeFiles/CMakeTmp

Run Build Command(s):/usr/bin/make cmTC_3ab03/fast && /usr/bin/make -f CMakeFiles/cmTC_3ab03.dir/build.make CMakeFiles/cmTC_3ab03.dir/build
make[1]: Entering directory '/github/vendor/gems/3.3.6/ruby/3.3.0/gems/rugged-1.4.3.102.ga6b7142/vendor/libgit2/build/CMakeFiles/CMakeTmp'
Building C object CMakeFiles/cmTC_3ab03.dir/CheckFunctionExists.c.o
/usr/bin/gcc   -fPIC -DCHECK_FUNCTION_EXISTS=futimens   -o CMakeFiles/cmTC_3ab03.dir/CheckFunctionExists.c.o   -c /usr/share/cmake-3.16/Modules/CheckFunctionExists.c
Linking C executable cmTC_3ab03
/usr/bin/cmake -E cmake_link_script CMakeFiles/cmTC_3ab03.dir/link.txt --verbose=1
/usr/bin/gcc -fPIC -DCHECK_FUNCTION_EXISTS=futimens    CMakeFiles/cmTC_3ab03.dir/CheckFunctionExists.c.o  -o cmTC_3ab03 
make[1]: Leaving directory '/github/vendor/gems/3.3.6/ruby/3.3.0/gems/rugged-1.4.3.102.ga6b7142/vendor/libgit2/build/CMakeFiles/CMakeTmp'



Performing C SOURCE FILE Test IS_WALL_SUPPORTED succeeded with the following output:
Change Dir: /github/vendor/gems/3.3.6/ruby/3.3.0/gems/rugged-1.4.3.102.ga6b7142/vendor/libgit2/build/CMakeFiles/CMakeTmp

Run Build Command(s):/usr/bin/make cmTC_b12a0/fast && /usr/bin/make -f CMakeFiles/cmTC_b12a0.dir/build.make CMakeFiles/cmTC_b12a0.dir/build
make[1]: Entering directory '/github/vendor/gems/3.3.6/ruby/3.3.0/gems/rugged-1.4.3.102.ga6b7142/vendor/libgit2/build/CMakeFiles/CMakeTmp'
Building C object CMakeFiles/cmTC_b12a0.dir/src.c.o
/usr/bin/gcc   -D_GNU_SOURCE -fPIC -DIS_WALL_SUPPORTED   -Wall -o CMakeFiles/cmTC_b12a0.dir/src.c.o   -c /github/vendor/gems/3.3.6/ruby/3.3.0/gems/rugged-1.4.3.102.ga6b7142/vendor/libgit2/build/CMakeFiles/CMakeTmp/src.c
Linking C executable cmTC_b12a0
/usr/bin/cmake -E cmake_link_script CMakeFiles/cmTC_b12a0.dir/link.txt --verbose=1
/usr/bin/gcc -D_GNU_SOURCE -fPIC -DIS_WALL_SUPPORTED    CMakeFiles/cmTC_b12a0.dir/src.c.o  -o cmTC_b12a0 
make[1]: Leaving directory '/github/vendor/gems/3.3.6/ruby/3.3.0/gems/rugged-1.4.3.102.ga6b7142/vendor/libgit2/build/CMakeFiles/CMakeTmp'


Source file was:
int main(void) { return 0; }
Performing C SOURCE FILE Test IS_WEXTRA_SUPPORTED succeeded with the following output:
Change Dir: /github/vendor/gems/3.3.6/ruby/3.3.0/gems/rugged-1.4.3.102.ga6b7142/vendor/libgit2/build/CMakeFiles/CMakeTmp

Run Build Command(s):/usr/bin/make cmTC_9ff46/fast && /usr/bin/make -f CMakeFiles/cmTC_9ff46.dir/build.make CMakeFiles/cmTC_9ff46.dir/build
make[1]: Entering directory '/github/vendor/gems/3.3.6/ruby/3.3.0/gems/rugged-1.4.3.102.ga6b7142/vendor/libgit2/build/CMakeFiles/CMakeTmp'
Building C object CMakeFiles/cmTC_9ff46.dir/src.c.o
/usr/bin/gcc   -D_GNU_SOURCE -fPIC -Wall -DIS_WEXTRA_SUPPORTED   -Wextra -o CMakeFiles/cmTC_9ff46.dir/src.c.o   -c /github/vendor/gems/3.3.6/ruby/3.3.0/gems/rugged-1.4.3.102.ga6b7142/vendor/libgit2/build/CMakeFiles/CMakeTmp/src.c
Linking C executable cmTC_9ff46
/usr/bin/cmake -E cmake_link_script CMakeFiles/cmTC_9ff46.dir/link.txt --verbose=1
/usr/bin/gcc -D_GNU_SOURCE -fPIC -Wall -DIS_WEXTRA_SUPPORTED    CMakeFiles/cmTC_9ff46.dir/src.c.o  -o cmTC_9ff46 
make[1]: Leaving directory '/github/vendor/gems/3.3.6/ruby/3.3.0/gems/rugged-1.4.3.102.ga6b7142/vendor/libgit2/build/CMakeFiles/CMakeTmp'


Source file was:
int main(void) { return 0; }
Performing C SOURCE FILE Test IS_WNO_DOCUMENTATION_DEPRECATED_SYNC_SUPPORTED succeeded with the following output:
Change Dir: /github/vendor/gems/3.3.6/ruby/3.3.0/gems/rugged-1.4.3.102.ga6b7142/vendor/libgit2/build/CMakeFiles/CMakeTmp

Run Build Command(s):/usr/bin/make cmTC_39a25/fast && /usr/bin/make -f CMakeFiles/cmTC_39a25.dir/build.make CMakeFiles/cmTC_39a25.dir/build
make[1]: Entering directory '/github/vendor/gems/3.3.6/ruby/3.3.0/gems/rugged-1.4.3.102.ga6b7142/vendor/libgit2/build/CMakeFiles/CMakeTmp'
Building C object CMakeFiles/cmTC_39a25.dir/src.c.o
/usr/bin/gcc   -D_GNU_SOURCE -fPIC -Wall -Wextra -DIS_WNO_DOCUMENTATION_DEPRECATED_SYNC_SUPPORTED   -Wno-documentation-deprecated-sync -o CMakeFiles/cmTC_39a25.dir/src.c.o   -c /github/vendor/gems/3.3.6/ruby/3.3.0/gems/rugged-1.4.3.102.ga6b7142/vendor/libgit2/build/CMakeFiles/CMakeTmp/src.c
Linking C executable cmTC_39a25
/usr/bin/cmake -E cmake_link_script CMakeFiles/cmTC_39a25.dir/link.txt --verbose=1
/usr/bin/gcc -D_GNU_SOURCE -fPIC -Wall -Wextra -DIS_WNO_DOCUMENTATION_DEPRECATED_SYNC_SUPPORTED    CMakeFiles/cmTC_39a25.dir/src.c.o  -o cmTC_39a25 
make[1]: Leaving directory '/github/vendor/gems/3.3.6/ruby/3.3.0/gems/rugged-1.4.3.102.ga6b7142/vendor/libgit2/build/CMakeFiles/CMakeTmp'


Source file was:
int main(void) { return 0; }
Performing C SOURCE FILE Test IS_WNO_MISSING_FIELD_INITIALIZERS_SUPPORTED succeeded with the following output:
Change Dir: /github/vendor/gems/3.3.6/ruby/3.3.0/gems/rugged-1.4.3.102.ga6b7142/vendor/libgit2/build/CMakeFiles/CMakeTmp

Run Build Command(s):/usr/bin/make cmTC_3c2ac/fast && /usr/bin/make -f CMakeFiles/cmTC_3c2ac.dir/build.make CMakeFiles/cmTC_3c2ac.dir/build
make[1]: Entering directory '/github/vendor/gems/3.3.6/ruby/3.3.0/gems/rugged-1.4.3.102.ga6b7142/vendor/libgit2/build/CMakeFiles/CMakeTmp'
Building C object CMakeFiles/cmTC_3c2ac.dir/src.c.o
/usr/bin/gcc   -D_GNU_SOURCE -fPIC -Wall -Wextra -Wno-documentation-deprecated-sync -DIS_WNO_MISSING_FIELD_INITIALIZERS_SUPPORTED   -Wno-missing-field-initializers -o CMakeFiles/cmTC_3c2ac.dir/src.c.o   -c /github/vendor/gems/3.3.6/ruby/3.3.0/gems/rugged-1.4.3.102.ga6b7142/vendor/libgit2/build/CMakeFiles/CMakeTmp/src.c
Linking C executable cmTC_3c2ac
/usr/bin/cmake -E cmake_link_script CMakeFiles/cmTC_3c2ac.dir/link.txt --verbose=1
/usr/bin/gcc -D_GNU_SOURCE -fPIC -Wall -Wextra -Wno-documentation-deprecated-sync -DIS_WNO_MISSING_FIELD_INITIALIZERS_SUPPORTED    CMakeFiles/cmTC_3c2ac.dir/src.c.o  -o cmTC_3c2ac 
make[1]: Leaving directory '/github/vendor/gems/3.3.6/ruby/3.3.0/gems/rugged-1.4.3.102.ga6b7142/vendor/libgit2/build/CMakeFiles/CMakeTmp'


Source file was:
int main(void) { return 0; }
Performing C SOURCE FILE Test IS_WMISSING_DECLARATIONS_SUPPORTED succeeded with the following output:
Change Dir: /github/vendor/gems/3.3.6/ruby/3.3.0/gems/rugged-1.4.3.102.ga6b7142/vendor/libgit2/build/CMakeFiles/CMakeTmp

Run Build Command(s):/usr/bin/make cmTC_c7104/fast && /usr/bin/make -f CMakeFiles/cmTC_c7104.dir/build.make CMakeFiles/cmTC_c7104.dir/build
make[1]: Entering directory '/github/vendor/gems/3.3.6/ruby/3.3.0/gems/rugged-1.4.3.102.ga6b7142/vendor/libgit2/build/CMakeFiles/CMakeTmp'
Building C object CMakeFiles/cmTC_c7104.dir/src.c.o
/usr/bin/gcc   -D_GNU_SOURCE -fPIC -Wall -Wextra -Wno-documentation-deprecated-sync -Wno-missing-field-initializers -DIS_WMISSING_DECLARATIONS_SUPPORTED   -Wmissing-declarations -o CMakeFiles/cmTC_c7104.dir/src.c.o   -c /github/vendor/gems/3.3.6/ruby/3.3.0/gems/rugged-1.4.3.102.ga6b7142/vendor/libgit2/build/CMakeFiles/CMakeTmp/src.c
Linking C executable cmTC_c7104
/usr/bin/cmake -E cmake_link_script CMakeFiles/cmTC_c7104.dir/link.txt --verbose=1
/usr/bin/gcc -D_GNU_SOURCE -fPIC -Wall -Wextra -Wno-documentation-deprecated-sync -Wno-missing-field-initializers -DIS_WMISSING_DECLARATIONS_SUPPORTED    CMakeFiles/cmTC_c7104.dir/src.c.o  -o cmTC_c7104 
make[1]: Leaving directory '/github/vendor/gems/3.3.6/ruby/3.3.0/gems/rugged-1.4.3.102.ga6b7142/vendor/libgit2/build/CMakeFiles/CMakeTmp'


Source file was:
int main(void) { return 0; }
Performing C SOURCE FILE Test IS_WSTRICT_ALIASING_SUPPORTED succeeded with the following output:
Change Dir: /github/vendor/gems/3.3.6/ruby/3.3.0/gems/rugged-1.4.3.102.ga6b7142/vendor/libgit2/build/CMakeFiles/CMakeTmp

Run Build Command(s):/usr/bin/make cmTC_d1f43/fast && /usr/bin/make -f CMakeFiles/cmTC_d1f43.dir/build.make CMakeFiles/cmTC_d1f43.dir/build
make[1]: Entering directory '/github/vendor/gems/3.3.6/ruby/3.3.0/gems/rugged-1.4.3.102.ga6b7142/vendor/libgit2/build/CMakeFiles/CMakeTmp'
Building C object CMakeFiles/cmTC_d1f43.dir/src.c.o
/usr/bin/gcc   -D_GNU_SOURCE -fPIC -Wall -Wextra -Wno-documentation-deprecated-sync -Wno-missing-field-initializers -Wmissing-declarations -DIS_WSTRICT_ALIASING_SUPPORTED   -Wstrict-aliasing -o CMakeFiles/cmTC_d1f43.dir/src.c.o   -c /github/vendor/gems/3.3.6/ruby/3.3.0/gems/rugged-1.4.3.102.ga6b7142/vendor/libgit2/build/CMakeFiles/CMakeTmp/src.c
Linking C executable cmTC_d1f43
/usr/bin/cmake -E cmake_link_script CMakeFiles/cmTC_d1f43.dir/link.txt --verbose=1
/usr/bin/gcc -D_GNU_SOURCE -fPIC -Wall -Wextra -Wno-documentation-deprecated-sync -Wno-missing-field-initializers -Wmissing-declarations -DIS_WSTRICT_ALIASING_SUPPORTED    CMakeFiles/cmTC_d1f43.dir/src.c.o  -o cmTC_d1f43 
make[1]: Leaving directory '/github/vendor/gems/3.3.6/ruby/3.3.0/gems/rugged-1.4.3.102.ga6b7142/vendor/libgit2/build/CMakeFiles/CMakeTmp'


Source file was:
int main(void) { return 0; }
Performing C SOURCE FILE Test IS_WSTRICT_PROTOTYPES_SUPPORTED succeeded with the following output:
Change Dir: /github/vendor/gems/3.3.6/ruby/3.3.0/gems/rugged-1.4.3.102.ga6b7142/vendor/libgit2/build/CMakeFiles/CMakeTmp

Run Build Command(s):/usr/bin/make cmTC_39ed0/fast && /usr/bin/make -f CMakeFiles/cmTC_39ed0.dir/build.make CMakeFiles/cmTC_39ed0.dir/build
make[1]: Entering directory '/github/vendor/gems/3.3.6/ruby/3.3.0/gems/rugged-1.4.3.102.ga6b7142/vendor/libgit2/build/CMakeFiles/CMakeTmp'
Building C object CMakeFiles/cmTC_39ed0.dir/src.c.o
/usr/bin/gcc   -D_GNU_SOURCE -fPIC -Wall -Wextra -Wno-documentation-deprecated-sync -Wno-missing-field-initializers -Wmissing-declarations -Wstrict-aliasing -DIS_WSTRICT_PROTOTYPES_SUPPORTED   -Wstrict-prototypes -o CMakeFiles/cmTC_39ed0.dir/src.c.o   -c /github/vendor/gems/3.3.6/ruby/3.3.0/gems/rugged-1.4.3.102.ga6b7142/vendor/libgit2/build/CMakeFiles/CMakeTmp/src.c
Linking C executable cmTC_39ed0
/usr/bin/cmake -E cmake_link_script CMakeFiles/cmTC_39ed0.dir/link.txt --verbose=1
/usr/bin/gcc -D_GNU_SOURCE -fPIC -Wall -Wextra -Wno-documentation-deprecated-sync -Wno-missing-field-initializers -Wmissing-declarations -Wstrict-aliasing -DIS_WSTRICT_PROTOTYPES_SUPPORTED    CMakeFiles/cmTC_39ed0.dir/src.c.o  -o cmTC_39ed0 
make[1]: Leaving directory '/github/vendor/gems/3.3.6/ruby/3.3.0/gems/rugged-1.4.3.102.ga6b7142/vendor/libgit2/build/CMakeFiles/CMakeTmp'


Source file was:
int main(void) { return 0; }
Performing C SOURCE FILE Test IS_WDECLARATION_AFTER_STATEMENT_SUPPORTED succeeded with the following output:
Change Dir: /github/vendor/gems/3.3.6/ruby/3.3.0/gems/rugged-1.4.3.102.ga6b7142/vendor/libgit2/build/CMakeFiles/CMakeTmp

Run Build Command(s):/usr/bin/make cmTC_7fa40/fast && /usr/bin/make -f CMakeFiles/cmTC_7fa40.dir/build.make CMakeFiles/cmTC_7fa40.dir/build
make[1]: Entering directory '/github/vendor/gems/3.3.6/ruby/3.3.0/gems/rugged-1.4.3.102.ga6b7142/vendor/libgit2/build/CMakeFiles/CMakeTmp'
Building C object CMakeFiles/cmTC_7fa40.dir/src.c.o
/usr/bin/gcc   -D_GNU_SOURCE -fPIC -Wall -Wextra -Wno-documentation-deprecated-sync -Wno-missing-field-initializers -Wmissing-declarations -Wstrict-aliasing -Wstrict-prototypes -DIS_WDECLARATION_AFTER_STATEMENT_SUPPORTED   -Wdeclaration-after-statement -o CMakeFiles/cmTC_7fa40.dir/src.c.o   -c /github/vendor/gems/3.3.6/ruby/3.3.0/gems/rugged-1.4.3.102.ga6b7142/vendor/libgit2/build/CMakeFiles/CMakeTmp/src.c
Linking C executable cmTC_7fa40
/usr/bin/cmake -E cmake_link_script CMakeFiles/cmTC_7fa40.dir/link.txt --verbose=1
/usr/bin/gcc -D_GNU_SOURCE -fPIC -Wall -Wextra -Wno-documentation-deprecated-sync -Wno-missing-field-initializers -Wmissing-declarations -Wstrict-aliasing -Wstrict-prototypes -DIS_WDECLARATION_AFTER_STATEMENT_SUPPORTED    CMakeFiles/cmTC_7fa40.dir/src.c.o  -o cmTC_7fa40 
make[1]: Leaving directory '/github/vendor/gems/3.3.6/ruby/3.3.0/gems/rugged-1.4.3.102.ga6b7142/vendor/libgit2/build/CMakeFiles/CMakeTmp'


Source file was:
int main(void) { return 0; }
Performing C SOURCE FILE Test IS_WSHIFT_COUNT_OVERFLOW_SUPPORTED succeeded with the following output:
Change Dir: /github/vendor/gems/3.3.6/ruby/3.3.0/gems/rugged-1.4.3.102.ga6b7142/vendor/libgit2/build/CMakeFiles/CMakeTmp

Run Build Command(s):/usr/bin/make cmTC_42989/fast && /usr/bin/make -f CMakeFiles/cmTC_42989.dir/build.make CMakeFiles/cmTC_42989.dir/build
make[1]: Entering directory '/github/vendor/gems/3.3.6/ruby/3.3.0/gems/rugged-1.4.3.102.ga6b7142/vendor/libgit2/build/CMakeFiles/CMakeTmp'
Building C object CMakeFiles/cmTC_42989.dir/src.c.o
/usr/bin/gcc   -D_GNU_SOURCE -fPIC -Wall -Wextra -Wno-documentation-deprecated-sync -Wno-missing-field-initializers -Wmissing-declarations -Wstrict-aliasing -Wstrict-prototypes -Wdeclaration-after-statement -DIS_WSHIFT_COUNT_OVERFLOW_SUPPORTED   -Wshift-count-overflow -o CMakeFiles/cmTC_42989.dir/src.c.o   -c /github/vendor/gems/3.3.6/ruby/3.3.0/gems/rugged-1.4.3.102.ga6b7142/vendor/libgit2/build/CMakeFiles/CMakeTmp/src.c
Linking C executable cmTC_42989
/usr/bin/cmake -E cmake_link_script CMakeFiles/cmTC_42989.dir/link.txt --verbose=1
/usr/bin/gcc -D_GNU_SOURCE -fPIC -Wall -Wextra -Wno-documentation-deprecated-sync -Wno-missing-field-initializers -Wmissing-declarations -Wstrict-aliasing -Wstrict-prototypes -Wdeclaration-after-statement -DIS_WSHIFT_COUNT_OVERFLOW_SUPPORTED    CMakeFiles/cmTC_42989.dir/src.c.o  -o cmTC_42989 
make[1]: Leaving directory '/github/vendor/gems/3.3.6/ruby/3.3.0/gems/rugged-1.4.3.102.ga6b7142/vendor/libgit2/build/CMakeFiles/CMakeTmp'


Source file was:
int main(void) { return 0; }
Performing C SOURCE FILE Test IS_WUNUSED_CONST_VARIABLE_SUPPORTED succeeded with the following output:
Change Dir: /github/vendor/gems/3.3.6/ruby/3.3.0/gems/rugged-1.4.3.102.ga6b7142/vendor/libgit2/build/CMakeFiles/CMakeTmp

Run Build Command(s):/usr/bin/make cmTC_392a3/fast && /usr/bin/make -f CMakeFiles/cmTC_392a3.dir/build.make CMakeFiles/cmTC_392a3.dir/build
make[1]: Entering directory '/github/vendor/gems/3.3.6/ruby/3.3.0/gems/rugged-1.4.3.102.ga6b7142/vendor/libgit2/build/CMakeFiles/CMakeTmp'
Building C object CMakeFiles/cmTC_392a3.dir/src.c.o
/usr/bin/gcc   -D_GNU_SOURCE -fPIC -Wall -Wextra -Wno-documentation-deprecated-sync -Wno-missing-field-initializers -Wmissing-declarations -Wstrict-aliasing -Wstrict-prototypes -Wdeclaration-after-statement -Wshift-count-overflow -DIS_WUNUSED_CONST_VARIABLE_SUPPORTED   -Wunused-const-variable -o CMakeFiles/cmTC_392a3.dir/src.c.o   -c /github/vendor/gems/3.3.6/ruby/3.3.0/gems/rugged-1.4.3.102.ga6b7142/vendor/libgit2/build/CMakeFiles/CMakeTmp/src.c
Linking C executable cmTC_392a3
/usr/bin/cmake -E cmake_link_script CMakeFiles/cmTC_392a3.dir/link.txt --verbose=1
/usr/bin/gcc -D_GNU_SOURCE -fPIC -Wall -Wextra -Wno-documentation-deprecated-sync -Wno-missing-field-initializers -Wmissing-declarations -Wstrict-aliasing -Wstrict-prototypes -Wdeclaration-after-statement -Wshift-count-overflow -DIS_WUNUSED_CONST_VARIABLE_SUPPORTED    CMakeFiles/cmTC_392a3.dir/src.c.o  -o cmTC_392a3 
make[1]: Leaving directory '/github/vendor/gems/3.3.6/ruby/3.3.0/gems/rugged-1.4.3.102.ga6b7142/vendor/libgit2/build/CMakeFiles/CMakeTmp'


Source file was:
int main(void) { return 0; }
Performing C SOURCE FILE Test IS_WUNUSED_FUNCTION_SUPPORTED succeeded with the following output:
Change Dir: /github/vendor/gems/3.3.6/ruby/3.3.0/gems/rugged-1.4.3.102.ga6b7142/vendor/libgit2/build/CMakeFiles/CMakeTmp

Run Build Command(s):/usr/bin/make cmTC_6ca49/fast && /usr/bin/make -f CMakeFiles/cmTC_6ca49.dir/build.make CMakeFiles/cmTC_6ca49.dir/build
make[1]: Entering directory '/github/vendor/gems/3.3.6/ruby/3.3.0/gems/rugged-1.4.3.102.ga6b7142/vendor/libgit2/build/CMakeFiles/CMakeTmp'
Building C object CMakeFiles/cmTC_6ca49.dir/src.c.o
/usr/bin/gcc   -D_GNU_SOURCE -fPIC -Wall -Wextra -Wno-documentation-deprecated-sync -Wno-missing-field-initializers -Wmissing-declarations -Wstrict-aliasing -Wstrict-prototypes -Wdeclaration-after-statement -Wshift-count-overflow -Wunused-const-variable -DIS_WUNUSED_FUNCTION_SUPPORTED   -Wunused-function -o CMakeFiles/cmTC_6ca49.dir/src.c.o   -c /github/vendor/gems/3.3.6/ruby/3.3.0/gems/rugged-1.4.3.102.ga6b7142/vendor/libgit2/build/CMakeFiles/CMakeTmp/src.c
Linking C executable cmTC_6ca49
/usr/bin/cmake -E cmake_link_script CMakeFiles/cmTC_6ca49.dir/link.txt --verbose=1
/usr/bin/gcc -D_GNU_SOURCE -fPIC -Wall -Wextra -Wno-documentation-deprecated-sync -Wno-missing-field-initializers -Wmissing-declarations -Wstrict-aliasing -Wstrict-prototypes -Wdeclaration-after-statement -Wshift-count-overflow -Wunused-const-variable -DIS_WUNUSED_FUNCTION_SUPPORTED    CMakeFiles/cmTC_6ca49.dir/src.c.o  -o cmTC_6ca49 
make[1]: Leaving directory '/github/vendor/gems/3.3.6/ruby/3.3.0/gems/rugged-1.4.3.102.ga6b7142/vendor/libgit2/build/CMakeFiles/CMakeTmp'


Source file was:
int main(void) { return 0; }
Performing C SOURCE FILE Test IS_WINT_CONVERSION_SUPPORTED succeeded with the following output:
Change Dir: /github/vendor/gems/3.3.6/ruby/3.3.0/gems/rugged-1.4.3.102.ga6b7142/vendor/libgit2/build/CMakeFiles/CMakeTmp

Run Build Command(s):/usr/bin/make cmTC_14e87/fast && /usr/bin/make -f CMakeFiles/cmTC_14e87.dir/build.make CMakeFiles/cmTC_14e87.dir/build
make[1]: Entering directory '/github/vendor/gems/3.3.6/ruby/3.3.0/gems/rugged-1.4.3.102.ga6b7142/vendor/libgit2/build/CMakeFiles/CMakeTmp'
Building C object CMakeFiles/cmTC_14e87.dir/src.c.o
/usr/bin/gcc   -D_GNU_SOURCE -fPIC -Wall -Wextra -Wno-documentation-deprecated-sync -Wno-missing-field-initializers -Wmissing-declarations -Wstrict-aliasing -Wstrict-prototypes -Wdeclaration-after-statement -Wshift-count-overflow -Wunused-const-variable -Wunused-function -DIS_WINT_CONVERSION_SUPPORTED   -Wint-conversion -o CMakeFiles/cmTC_14e87.dir/src.c.o   -c /github/vendor/gems/3.3.6/ruby/3.3.0/gems/rugged-1.4.3.102.ga6b7142/vendor/libgit2/build/CMakeFiles/CMakeTmp/src.c
Linking C executable cmTC_14e87
/usr/bin/cmake -E cmake_link_script CMakeFiles/cmTC_14e87.dir/link.txt --verbose=1
/usr/bin/gcc -D_GNU_SOURCE -fPIC -Wall -Wextra -Wno-documentation-deprecated-sync -Wno-missing-field-initializers -Wmissing-declarations -Wstrict-aliasing -Wstrict-prototypes -Wdeclaration-after-statement -Wshift-count-overflow -Wunused-const-variable -Wunused-function -DIS_WINT_CONVERSION_SUPPORTED    CMakeFiles/cmTC_14e87.dir/src.c.o  -o cmTC_14e87 
make[1]: Leaving directory '/github/vendor/gems/3.3.6/ruby/3.3.0/gems/rugged-1.4.3.102.ga6b7142/vendor/libgit2/build/CMakeFiles/CMakeTmp'


Source file was:
int main(void) { return 0; }
Performing C SOURCE FILE Test IS_WC99_C11_COMPAT_SUPPORTED succeeded with the following output:
Change Dir: /github/vendor/gems/3.3.6/ruby/3.3.0/gems/rugged-1.4.3.102.ga6b7142/vendor/libgit2/build/CMakeFiles/CMakeTmp

Run Build Command(s):/usr/bin/make cmTC_e2570/fast && /usr/bin/make -f CMakeFiles/cmTC_e2570.dir/build.make CMakeFiles/cmTC_e2570.dir/build
make[1]: Entering directory '/github/vendor/gems/3.3.6/ruby/3.3.0/gems/rugged-1.4.3.102.ga6b7142/vendor/libgit2/build/CMakeFiles/CMakeTmp'
Building C object CMakeFiles/cmTC_e2570.dir/src.c.o
/usr/bin/gcc   -D_GNU_SOURCE -fPIC -Wall -Wextra -Wno-documentation-deprecated-sync -Wno-missing-field-initializers -Wmissing-declarations -Wstrict-aliasing -Wstrict-prototypes -Wdeclaration-after-statement -Wshift-count-overflow -Wunused-const-variable -Wunused-function -Wint-conversion -DIS_WC99_C11_COMPAT_SUPPORTED   -Wc99-c11-compat -o CMakeFiles/cmTC_e2570.dir/src.c.o   -c /github/vendor/gems/3.3.6/ruby/3.3.0/gems/rugged-1.4.3.102.ga6b7142/vendor/libgit2/build/CMakeFiles/CMakeTmp/src.c
Linking C executable cmTC_e2570
/usr/bin/cmake -E cmake_link_script CMakeFiles/cmTC_e2570.dir/link.txt --verbose=1
/usr/bin/gcc -D_GNU_SOURCE -fPIC -Wall -Wextra -Wno-documentation-deprecated-sync -Wno-missing-field-initializers -Wmissing-declarations -Wstrict-aliasing -Wstrict-prototypes -Wdeclaration-after-statement -Wshift-count-overflow -Wunused-const-variable -Wunused-function -Wint-conversion -DIS_WC99_C11_COMPAT_SUPPORTED    CMakeFiles/cmTC_e2570.dir/src.c.o  -o cmTC_e2570 
make[1]: Leaving directory '/github/vendor/gems/3.3.6/ruby/3.3.0/gems/rugged-1.4.3.102.ga6b7142/vendor/libgit2/build/CMakeFiles/CMakeTmp'


Source file was:
int main(void) { return 0; }
Performing C SOURCE FILE Test IS_WFORMAT_SUPPORTED succeeded with the following output:
Change Dir: /github/vendor/gems/3.3.6/ruby/3.3.0/gems/rugged-1.4.3.102.ga6b7142/vendor/libgit2/build/CMakeFiles/CMakeTmp

Run Build Command(s):/usr/bin/make cmTC_e056b/fast && /usr/bin/make -f CMakeFiles/cmTC_e056b.dir/build.make CMakeFiles/cmTC_e056b.dir/build
make[1]: Entering directory '/github/vendor/gems/3.3.6/ruby/3.3.0/gems/rugged-1.4.3.102.ga6b7142/vendor/libgit2/build/CMakeFiles/CMakeTmp'
Building C object CMakeFiles/cmTC_e056b.dir/src.c.o
/usr/bin/gcc   -D_GNU_SOURCE -fPIC -Wall -Wextra -Wno-documentation-deprecated-sync -Wno-missing-field-initializers -Wmissing-declarations -Wstrict-aliasing -Wstrict-prototypes -Wdeclaration-after-statement -Wshift-count-overflow -Wunused-const-variable -Wunused-function -Wint-conversion -Wc99-c11-compat -DIS_WFORMAT_SUPPORTED   -Wformat -o CMakeFiles/cmTC_e056b.dir/src.c.o   -c /github/vendor/gems/3.3.6/ruby/3.3.0/gems/rugged-1.4.3.102.ga6b7142/vendor/libgit2/build/CMakeFiles/CMakeTmp/src.c
Linking C executable cmTC_e056b
/usr/bin/cmake -E cmake_link_script CMakeFiles/cmTC_e056b.dir/link.txt --verbose=1
/usr/bin/gcc -D_GNU_SOURCE -fPIC -Wall -Wextra -Wno-documentation-deprecated-sync -Wno-missing-field-initializers -Wmissing-declarations -Wstrict-aliasing -Wstrict-prototypes -Wdeclaration-after-statement -Wshift-count-overflow -Wunused-const-variable -Wunused-function -Wint-conversion -Wc99-c11-compat -DIS_WFORMAT_SUPPORTED    CMakeFiles/cmTC_e056b.dir/src.c.o  -o cmTC_e056b 
make[1]: Leaving directory '/github/vendor/gems/3.3.6/ruby/3.3.0/gems/rugged-1.4.3.102.ga6b7142/vendor/libgit2/build/CMakeFiles/CMakeTmp'


Source file was:
int main(void) { return 0; }
Performing C SOURCE FILE Test IS_WFORMAT_SECURITY_SUPPORTED succeeded with the following output:
Change Dir: /github/vendor/gems/3.3.6/ruby/3.3.0/gems/rugged-1.4.3.102.ga6b7142/vendor/libgit2/build/CMakeFiles/CMakeTmp

Run Build Command(s):/usr/bin/make cmTC_5b8ba/fast && /usr/bin/make -f CMakeFiles/cmTC_5b8ba.dir/build.make CMakeFiles/cmTC_5b8ba.dir/build
make[1]: Entering directory '/github/vendor/gems/3.3.6/ruby/3.3.0/gems/rugged-1.4.3.102.ga6b7142/vendor/libgit2/build/CMakeFiles/CMakeTmp'
Building C object CMakeFiles/cmTC_5b8ba.dir/src.c.o
/usr/bin/gcc   -D_GNU_SOURCE -fPIC -Wall -Wextra -Wno-documentation-deprecated-sync -Wno-missing-field-initializers -Wmissing-declarations -Wstrict-aliasing -Wstrict-prototypes -Wdeclaration-after-statement -Wshift-count-overflow -Wunused-const-variable -Wunused-function -Wint-conversion -Wc99-c11-compat -Wformat -DIS_WFORMAT_SECURITY_SUPPORTED   -Wformat-security -o CMakeFiles/cmTC_5b8ba.dir/src.c.o   -c /github/vendor/gems/3.3.6/ruby/3.3.0/gems/rugged-1.4.3.102.ga6b7142/vendor/libgit2/build/CMakeFiles/CMakeTmp/src.c
Linking C executable cmTC_5b8ba
/usr/bin/cmake -E cmake_link_script CMakeFiles/cmTC_5b8ba.dir/link.txt --verbose=1
/usr/bin/gcc -D_GNU_SOURCE -fPIC -Wall -Wextra -Wno-documentation-deprecated-sync -Wno-missing-field-initializers -Wmissing-declarations -Wstrict-aliasing -Wstrict-prototypes -Wdeclaration-after-statement -Wshift-count-overflow -Wunused-const-variable -Wunused-function -Wint-conversion -Wc99-c11-compat -Wformat -DIS_WFORMAT_SECURITY_SUPPORTED    CMakeFiles/cmTC_5b8ba.dir/src.c.o  -o cmTC_5b8ba 
make[1]: Leaving directory '/github/vendor/gems/3.3.6/ruby/3.3.0/gems/rugged-1.4.3.102.ga6b7142/vendor/libgit2/build/CMakeFiles/CMakeTmp'


Source file was:
int main(void) { return 0; }
Determining if the prototype qsort_r exists for GIT_QSORT_R_GNU passed with the following output:
Change Dir: /github/vendor/gems/3.3.6/ruby/3.3.0/gems/rugged-1.4.3.102.ga6b7142/vendor/libgit2/build/CMakeFiles/CMakeTmp

Run Build Command(s):/usr/bin/make cmTC_e7a35/fast && /usr/bin/make -f CMakeFiles/cmTC_e7a35.dir/build.make CMakeFiles/cmTC_e7a35.dir/build
make[1]: Entering directory '/github/vendor/gems/3.3.6/ruby/3.3.0/gems/rugged-1.4.3.102.ga6b7142/vendor/libgit2/build/CMakeFiles/CMakeTmp'
Building C object CMakeFiles/cmTC_e7a35.dir/CheckPrototypeDefinition.c.o
/usr/bin/gcc   -D_GNU_SOURCE -fPIC -Wall -Wextra -Wno-documentation-deprecated-sync -Wno-missing-field-initializers -Wmissing-declarations -Wstrict-aliasing -Wstrict-prototypes -Wdeclaration-after-statement -Wshift-count-overflow -Wunused-const-variable -Wunused-function -Wint-conversion -Wc99-c11-compat -Wformat -Wformat-security    -o CMakeFiles/cmTC_e7a35.dir/CheckPrototypeDefinition.c.o   -c /github/vendor/gems/3.3.6/ruby/3.3.0/gems/rugged-1.4.3.102.ga6b7142/vendor/libgit2/build/CMakeFiles/CMakeTmp/CheckPrototypeDefinition.c
/github/vendor/gems/3.3.6/ruby/3.3.0/gems/rugged-1.4.3.102.ga6b7142/vendor/libgit2/build/CMakeFiles/CMakeTmp/CheckPrototypeDefinition.c: In function ‘qsort_r’:
/github/vendor/gems/3.3.6/ruby/3.3.0/gems/rugged-1.4.3.102.ga6b7142/vendor/libgit2/build/CMakeFiles/CMakeTmp/CheckPrototypeDefinition.c:14:20: warning: unused parameter ‘base’ [-Wunused-parameter]
   14 | void qsort_r(void *base, size_t nmemb, size_t size, int (*compar)(const void *, const void *, void *), void *arg) {
      |              ~~~~~~^~~~
/github/vendor/gems/3.3.6/ruby/3.3.0/gems/rugged-1.4.3.102.ga6b7142/vendor/libgit2/build/CMakeFiles/CMakeTmp/CheckPrototypeDefinition.c:14:33: warning: unused parameter ‘nmemb’ [-Wunused-parameter]
   14 | void qsort_r(void *base, size_t nmemb, size_t size, int (*compar)(const void *, const void *, void *), void *arg) {
      |                          ~~~~~~~^~~~~
/github/vendor/gems/3.3.6/ruby/3.3.0/gems/rugged-1.4.3.102.ga6b7142/vendor/libgit2/build/CMakeFiles/CMakeTmp/CheckPrototypeDefinition.c:14:47: warning: unused parameter ‘size’ [-Wunused-parameter]
   14 | void qsort_r(void *base, size_t nmemb, size_t size, int (*compar)(const void *, const void *, void *), void *arg) {
      |                                        ~~~~~~~^~~~
/github/vendor/gems/3.3.6/ruby/3.3.0/gems/rugged-1.4.3.102.ga6b7142/vendor/libgit2/build/CMakeFiles/CMakeTmp/CheckPrototypeDefinition.c:14:59: warning: unused parameter ‘compar’ [-Wunused-parameter]
   14 | void qsort_r(void *base, size_t nmemb, size_t size, int (*compar)(const void *, const void *, void *), void *arg) {
      |                                                     ~~~~~~^~~~~~~~~~~~~~~~~~~~~~~~~~~~~~~~~~~~~~~~~~~
/github/vendor/gems/3.3.6/ruby/3.3.0/gems/rugged-1.4.3.102.ga6b7142/vendor/libgit2/build/CMakeFiles/CMakeTmp/CheckPrototypeDefinition.c:14:110: warning: unused parameter ‘arg’ [-Wunused-parameter]
   14 | void qsort_r(void *base, size_t nmemb, size_t size, int (*compar)(const void *, const void *, void *), void *arg) {
      |                                                                                                        ~~~~~~^~~
/github/vendor/gems/3.3.6/ruby/3.3.0/gems/rugged-1.4.3.102.ga6b7142/vendor/libgit2/build/CMakeFiles/CMakeTmp/CheckPrototypeDefinition.c: At top level:
cc1: warning: unrecognized command line option ‘-Wno-documentation-deprecated-sync’
Linking C executable cmTC_e7a35
/usr/bin/cmake -E cmake_link_script CMakeFiles/cmTC_e7a35.dir/link.txt --verbose=1
/usr/bin/gcc -D_GNU_SOURCE -fPIC -Wall -Wextra -Wno-documentation-deprecated-sync -Wno-missing-field-initializers -Wmissing-declarations -Wstrict-aliasing -Wstrict-prototypes -Wdeclaration-after-statement -Wshift-count-overflow -Wunused-const-variable -Wunused-function -Wint-conversion -Wc99-c11-compat -Wformat -Wformat-security     CMakeFiles/cmTC_e7a35.dir/CheckPrototypeDefinition.c.o  -o cmTC_e7a35 
make[1]: Leaving directory '/github/vendor/gems/3.3.6/ruby/3.3.0/gems/rugged-1.4.3.102.ga6b7142/vendor/libgit2/build/CMakeFiles/CMakeTmp'



Determining if the function getentropy exists passed with the following output:
Change Dir: /github/vendor/gems/3.3.6/ruby/3.3.0/gems/rugged-1.4.3.102.ga6b7142/vendor/libgit2/build/CMakeFiles/CMakeTmp

Run Build Command(s):/usr/bin/make cmTC_b53d3/fast && /usr/bin/make -f CMakeFiles/cmTC_b53d3.dir/build.make CMakeFiles/cmTC_b53d3.dir/build
make[1]: Entering directory '/github/vendor/gems/3.3.6/ruby/3.3.0/gems/rugged-1.4.3.102.ga6b7142/vendor/libgit2/build/CMakeFiles/CMakeTmp'
Building C object CMakeFiles/cmTC_b53d3.dir/CheckFunctionExists.c.o
/usr/bin/gcc   -D_GNU_SOURCE -fPIC -Wall -Wextra -Wno-documentation-deprecated-sync -Wno-missing-field-initializers -Wmissing-declarations -Wstrict-aliasing -Wstrict-prototypes -Wdeclaration-after-statement -Wshift-count-overflow -Wunused-const-variable -Wunused-function -Wint-conversion -Wc99-c11-compat -Wformat -Wformat-security -DCHECK_FUNCTION_EXISTS=getentropy   -o CMakeFiles/cmTC_b53d3.dir/CheckFunctionExists.c.o   -c /usr/share/cmake-3.16/Modules/CheckFunctionExists.c
Linking C executable cmTC_b53d3
/usr/bin/cmake -E cmake_link_script CMakeFiles/cmTC_b53d3.dir/link.txt --verbose=1
/usr/bin/gcc -D_GNU_SOURCE -fPIC -Wall -Wextra -Wno-documentation-deprecated-sync -Wno-missing-field-initializers -Wmissing-declarations -Wstrict-aliasing -Wstrict-prototypes -Wdeclaration-after-statement -Wshift-count-overflow -Wunused-const-variable -Wunused-function -Wint-conversion -Wc99-c11-compat -Wformat -Wformat-security -DCHECK_FUNCTION_EXISTS=getentropy    CMakeFiles/cmTC_b53d3.dir/CheckFunctionExists.c.o  -o cmTC_b53d3 
make[1]: Leaving directory '/github/vendor/gems/3.3.6/ruby/3.3.0/gems/rugged-1.4.3.102.ga6b7142/vendor/libgit2/build/CMakeFiles/CMakeTmp'



Determining if the function clock_gettime exists in the rt passed with the following output:
Change Dir: /github/vendor/gems/3.3.6/ruby/3.3.0/gems/rugged-1.4.3.102.ga6b7142/vendor/libgit2/build/CMakeFiles/CMakeTmp

Run Build Command(s):/usr/bin/make cmTC_90cd7/fast && /usr/bin/make -f CMakeFiles/cmTC_90cd7.dir/build.make CMakeFiles/cmTC_90cd7.dir/build
make[1]: Entering directory '/github/vendor/gems/3.3.6/ruby/3.3.0/gems/rugged-1.4.3.102.ga6b7142/vendor/libgit2/build/CMakeFiles/CMakeTmp'
Building C object CMakeFiles/cmTC_90cd7.dir/CheckFunctionExists.c.o
/usr/bin/gcc   -D_GNU_SOURCE -fPIC -Wall -Wextra -Wno-documentation-deprecated-sync -Wno-missing-field-initializers -Wmissing-declarations -Wstrict-aliasing -Wstrict-prototypes -Wdeclaration-after-statement -Wshift-count-overflow -Wunused-const-variable -Wunused-function -Wint-conversion -Wc99-c11-compat -Wformat -Wformat-security -DCHECK_FUNCTION_EXISTS=clock_gettime   -o CMakeFiles/cmTC_90cd7.dir/CheckFunctionExists.c.o   -c /usr/share/cmake-3.16/Modules/CheckFunctionExists.c
Linking C executable cmTC_90cd7
/usr/bin/cmake -E cmake_link_script CMakeFiles/cmTC_90cd7.dir/link.txt --verbose=1
/usr/bin/gcc -D_GNU_SOURCE -fPIC -Wall -Wextra -Wno-documentation-deprecated-sync -Wno-missing-field-initializers -Wmissing-declarations -Wstrict-aliasing -Wstrict-prototypes -Wdeclaration-after-statement -Wshift-count-overflow -Wunused-const-variable -Wunused-function -Wint-conversion -Wc99-c11-compat -Wformat -Wformat-security -DCHECK_FUNCTION_EXISTS=clock_gettime    CMakeFiles/cmTC_90cd7.dir/CheckFunctionExists.c.o  -o cmTC_90cd7   -L/github/vendor/gems/3.3.6/ruby/3.3.0/gems/rugged-1.4.3.102.ga6b7142/vendor/libgit2/build/CMakeFiles/CMakeTmp/time.h  -Wl,-rpath,/github/vendor/gems/3.3.6/ruby/3.3.0/gems/rugged-1.4.3.102.ga6b7142/vendor/libgit2/build/CMakeFiles/CMakeTmp/time.h -lrt 
make[1]: Leaving directory '/github/vendor/gems/3.3.6/ruby/3.3.0/gems/rugged-1.4.3.102.ga6b7142/vendor/libgit2/build/CMakeFiles/CMakeTmp'



Performing C SOURCE FILE Test IS_WIMPLICIT_FALLTHROUGH_1_SUPPORTED succeeded with the following output:
Change Dir: /github/vendor/gems/3.3.6/ruby/3.3.0/gems/rugged-1.4.3.102.ga6b7142/vendor/libgit2/build/CMakeFiles/CMakeTmp

Run Build Command(s):/usr/bin/make cmTC_44dd7/fast && /usr/bin/make -f CMakeFiles/cmTC_44dd7.dir/build.make CMakeFiles/cmTC_44dd7.dir/build
make[1]: Entering directory '/github/vendor/gems/3.3.6/ruby/3.3.0/gems/rugged-1.4.3.102.ga6b7142/vendor/libgit2/build/CMakeFiles/CMakeTmp'
Building C object CMakeFiles/cmTC_44dd7.dir/src.c.o
/usr/bin/gcc   -D_GNU_SOURCE -fPIC -Wall -Wextra -Wno-documentation-deprecated-sync -Wno-missing-field-initializers -Wmissing-declarations -Wstrict-aliasing -Wstrict-prototypes -Wdeclaration-after-statement -Wshift-count-overflow -Wunused-const-variable -Wunused-function -Wint-conversion -Wc99-c11-compat -Wformat -Wformat-security -DIS_WIMPLICIT_FALLTHROUGH_1_SUPPORTED   -Wimplicit-fallthrough=1 -o CMakeFiles/cmTC_44dd7.dir/src.c.o   -c /github/vendor/gems/3.3.6/ruby/3.3.0/gems/rugged-1.4.3.102.ga6b7142/vendor/libgit2/build/CMakeFiles/CMakeTmp/src.c
Linking C executable cmTC_44dd7
/usr/bin/cmake -E cmake_link_script CMakeFiles/cmTC_44dd7.dir/link.txt --verbose=1
/usr/bin/gcc -D_GNU_SOURCE -fPIC -Wall -Wextra -Wno-documentation-deprecated-sync -Wno-missing-field-initializers -Wmissing-declarations -Wstrict-aliasing -Wstrict-prototypes -Wdeclaration-after-statement -Wshift-count-overflow -Wunused-const-variable -Wunused-function -Wint-conversion -Wc99-c11-compat -Wformat -Wformat-security -DIS_WIMPLICIT_FALLTHROUGH_1_SUPPORTED    CMakeFiles/cmTC_44dd7.dir/src.c.o  -o cmTC_44dd7 
make[1]: Leaving directory '/github/vendor/gems/3.3.6/ruby/3.3.0/gems/rugged-1.4.3.102.ga6b7142/vendor/libgit2/build/CMakeFiles/CMakeTmp'


Source file was:
int main(void) { return 0; }
Determining if the include file dirent.h exists passed with the following output:
Change Dir: /github/vendor/gems/3.3.6/ruby/3.3.0/gems/rugged-1.4.3.102.ga6b7142/vendor/libgit2/build/CMakeFiles/CMakeTmp

Run Build Command(s):/usr/bin/make cmTC_fd90e/fast && /usr/bin/make -f CMakeFiles/cmTC_fd90e.dir/build.make CMakeFiles/cmTC_fd90e.dir/build
make[1]: Entering directory '/github/vendor/gems/3.3.6/ruby/3.3.0/gems/rugged-1.4.3.102.ga6b7142/vendor/libgit2/build/CMakeFiles/CMakeTmp'
Building C object CMakeFiles/cmTC_fd90e.dir/CheckIncludeFile.c.o
/usr/bin/gcc   -D_GNU_SOURCE -fPIC -Wall -Wextra -Wno-documentation-deprecated-sync -Wno-missing-field-initializers -Wmissing-declarations -Wstrict-aliasing -Wstrict-prototypes -Wdeclaration-after-statement -Wshift-count-overflow -Wunused-const-variable -Wunused-function -Wint-conversion -Wc99-c11-compat -Wformat -Wformat-security    -o CMakeFiles/cmTC_fd90e.dir/CheckIncludeFile.c.o   -c /github/vendor/gems/3.3.6/ruby/3.3.0/gems/rugged-1.4.3.102.ga6b7142/vendor/libgit2/build/CMakeFiles/CMakeTmp/CheckIncludeFile.c
Linking C executable cmTC_fd90e
/usr/bin/cmake -E cmake_link_script CMakeFiles/cmTC_fd90e.dir/link.txt --verbose=1
/usr/bin/gcc -D_GNU_SOURCE -fPIC -Wall -Wextra -Wno-documentation-deprecated-sync -Wno-missing-field-initializers -Wmissing-declarations -Wstrict-aliasing -Wstrict-prototypes -Wdeclaration-after-statement -Wshift-count-overflow -Wunused-const-variable -Wunused-function -Wint-conversion -Wc99-c11-compat -Wformat -Wformat-security     CMakeFiles/cmTC_fd90e.dir/CheckIncludeFile.c.o  -o cmTC_fd90e 
make[1]: Leaving directory '/github/vendor/gems/3.3.6/ruby/3.3.0/gems/rugged-1.4.3.102.ga6b7142/vendor/libgit2/build/CMakeFiles/CMakeTmp'



Determining if the include file stdint.h exists passed with the following output:
Change Dir: /github/vendor/gems/3.3.6/ruby/3.3.0/gems/rugged-1.4.3.102.ga6b7142/vendor/libgit2/build/CMakeFiles/CMakeTmp

Run Build Command(s):/usr/bin/make cmTC_0b5e1/fast && /usr/bin/make -f CMakeFiles/cmTC_0b5e1.dir/build.make CMakeFiles/cmTC_0b5e1.dir/build
make[1]: Entering directory '/github/vendor/gems/3.3.6/ruby/3.3.0/gems/rugged-1.4.3.102.ga6b7142/vendor/libgit2/build/CMakeFiles/CMakeTmp'
Building C object CMakeFiles/cmTC_0b5e1.dir/CheckIncludeFile.c.o
/usr/bin/gcc   -D_GNU_SOURCE -fPIC -Wall -Wextra -Wno-documentation-deprecated-sync -Wno-missing-field-initializers -Wmissing-declarations -Wstrict-aliasing -Wstrict-prototypes -Wdeclaration-after-statement -Wshift-count-overflow -Wunused-const-variable -Wunused-function -Wint-conversion -Wc99-c11-compat -Wformat -Wformat-security    -o CMakeFiles/cmTC_0b5e1.dir/CheckIncludeFile.c.o   -c /github/vendor/gems/3.3.6/ruby/3.3.0/gems/rugged-1.4.3.102.ga6b7142/vendor/libgit2/build/CMakeFiles/CMakeTmp/CheckIncludeFile.c
Linking C executable cmTC_0b5e1
/usr/bin/cmake -E cmake_link_script CMakeFiles/cmTC_0b5e1.dir/link.txt --verbose=1
/usr/bin/gcc -D_GNU_SOURCE -fPIC -Wall -Wextra -Wno-documentation-deprecated-sync -Wno-missing-field-initializers -Wmissing-declarations -Wstrict-aliasing -Wstrict-prototypes -Wdeclaration-after-statement -Wshift-count-overflow -Wunused-const-variable -Wunused-function -Wint-conversion -Wc99-c11-compat -Wformat -Wformat-security     CMakeFiles/cmTC_0b5e1.dir/CheckIncludeFile.c.o  -o cmTC_0b5e1 
make[1]: Leaving directory '/github/vendor/gems/3.3.6/ruby/3.3.0/gems/rugged-1.4.3.102.ga6b7142/vendor/libgit2/build/CMakeFiles/CMakeTmp'



Determining if the include file inttypes.h exists passed with the following output:
Change Dir: /github/vendor/gems/3.3.6/ruby/3.3.0/gems/rugged-1.4.3.102.ga6b7142/vendor/libgit2/build/CMakeFiles/CMakeTmp

Run Build Command(s):/usr/bin/make cmTC_26622/fast && /usr/bin/make -f CMakeFiles/cmTC_26622.dir/build.make CMakeFiles/cmTC_26622.dir/build
make[1]: Entering directory '/github/vendor/gems/3.3.6/ruby/3.3.0/gems/rugged-1.4.3.102.ga6b7142/vendor/libgit2/build/CMakeFiles/CMakeTmp'
Building C object CMakeFiles/cmTC_26622.dir/CheckIncludeFile.c.o
/usr/bin/gcc   -D_GNU_SOURCE -fPIC -Wall -Wextra -Wno-documentation-deprecated-sync -Wno-missing-field-initializers -Wmissing-declarations -Wstrict-aliasing -Wstrict-prototypes -Wdeclaration-after-statement -Wshift-count-overflow -Wunused-const-variable -Wunused-function -Wint-conversion -Wc99-c11-compat -Wformat -Wformat-security    -o CMakeFiles/cmTC_26622.dir/CheckIncludeFile.c.o   -c /github/vendor/gems/3.3.6/ruby/3.3.0/gems/rugged-1.4.3.102.ga6b7142/vendor/libgit2/build/CMakeFiles/CMakeTmp/CheckIncludeFile.c
Linking C executable cmTC_26622
/usr/bin/cmake -E cmake_link_script CMakeFiles/cmTC_26622.dir/link.txt --verbose=1
/usr/bin/gcc -D_GNU_SOURCE -fPIC -Wall -Wextra -Wno-documentation-deprecated-sync -Wno-missing-field-initializers -Wmissing-declarations -Wstrict-aliasing -Wstrict-prototypes -Wdeclaration-after-statement -Wshift-count-overflow -Wunused-const-variable -Wunused-function -Wint-conversion -Wc99-c11-compat -Wformat -Wformat-security     CMakeFiles/cmTC_26622.dir/CheckIncludeFile.c.o  -o cmTC_26622 
make[1]: Leaving directory '/github/vendor/gems/3.3.6/ruby/3.3.0/gems/rugged-1.4.3.102.ga6b7142/vendor/libgit2/build/CMakeFiles/CMakeTmp'



Determining if the include file sys/stat.h exists passed with the following output:
Change Dir: /github/vendor/gems/3.3.6/ruby/3.3.0/gems/rugged-1.4.3.102.ga6b7142/vendor/libgit2/build/CMakeFiles/CMakeTmp

Run Build Command(s):/usr/bin/make cmTC_7afbb/fast && /usr/bin/make -f CMakeFiles/cmTC_7afbb.dir/build.make CMakeFiles/cmTC_7afbb.dir/build
make[1]: Entering directory '/github/vendor/gems/3.3.6/ruby/3.3.0/gems/rugged-1.4.3.102.ga6b7142/vendor/libgit2/build/CMakeFiles/CMakeTmp'
Building C object CMakeFiles/cmTC_7afbb.dir/CheckIncludeFile.c.o
/usr/bin/gcc   -D_GNU_SOURCE -fPIC -Wall -Wextra -Wno-documentation-deprecated-sync -Wno-missing-field-initializers -Wmissing-declarations -Wstrict-aliasing -Wstrict-prototypes -Wdeclaration-after-statement -Wshift-count-overflow -Wunused-const-variable -Wunused-function -Wint-conversion -Wc99-c11-compat -Wformat -Wformat-security    -o CMakeFiles/cmTC_7afbb.dir/CheckIncludeFile.c.o   -c /github/vendor/gems/3.3.6/ruby/3.3.0/gems/rugged-1.4.3.102.ga6b7142/vendor/libgit2/build/CMakeFiles/CMakeTmp/CheckIncludeFile.c
Linking C executable cmTC_7afbb
/usr/bin/cmake -E cmake_link_script CMakeFiles/cmTC_7afbb.dir/link.txt --verbose=1
/usr/bin/gcc -D_GNU_SOURCE -fPIC -Wall -Wextra -Wno-documentation-deprecated-sync -Wno-missing-field-initializers -Wmissing-declarations -Wstrict-aliasing -Wstrict-prototypes -Wdeclaration-after-statement -Wshift-count-overflow -Wunused-const-variable -Wunused-function -Wint-conversion -Wc99-c11-compat -Wformat -Wformat-security     CMakeFiles/cmTC_7afbb.dir/CheckIncludeFile.c.o  -o cmTC_7afbb 
make[1]: Leaving directory '/github/vendor/gems/3.3.6/ruby/3.3.0/gems/rugged-1.4.3.102.ga6b7142/vendor/libgit2/build/CMakeFiles/CMakeTmp'



Determining if the include file sys/types.h exists passed with the following output:
Change Dir: /github/vendor/gems/3.3.6/ruby/3.3.0/gems/rugged-1.4.3.102.ga6b7142/vendor/libgit2/build/CMakeFiles/CMakeTmp

Run Build Command(s):/usr/bin/make cmTC_ca4d0/fast && /usr/bin/make -f CMakeFiles/cmTC_ca4d0.dir/build.make CMakeFiles/cmTC_ca4d0.dir/build
make[1]: Entering directory '/github/vendor/gems/3.3.6/ruby/3.3.0/gems/rugged-1.4.3.102.ga6b7142/vendor/libgit2/build/CMakeFiles/CMakeTmp'
Building C object CMakeFiles/cmTC_ca4d0.dir/CheckIncludeFile.c.o
/usr/bin/gcc   -D_GNU_SOURCE -fPIC -Wall -Wextra -Wno-documentation-deprecated-sync -Wno-missing-field-initializers -Wmissing-declarations -Wstrict-aliasing -Wstrict-prototypes -Wdeclaration-after-statement -Wshift-count-overflow -Wunused-const-variable -Wunused-function -Wint-conversion -Wc99-c11-compat -Wformat -Wformat-security    -o CMakeFiles/cmTC_ca4d0.dir/CheckIncludeFile.c.o   -c /github/vendor/gems/3.3.6/ruby/3.3.0/gems/rugged-1.4.3.102.ga6b7142/vendor/libgit2/build/CMakeFiles/CMakeTmp/CheckIncludeFile.c
Linking C executable cmTC_ca4d0
/usr/bin/cmake -E cmake_link_script CMakeFiles/cmTC_ca4d0.dir/link.txt --verbose=1
/usr/bin/gcc -D_GNU_SOURCE -fPIC -Wall -Wextra -Wno-documentation-deprecated-sync -Wno-missing-field-initializers -Wmissing-declarations -Wstrict-aliasing -Wstrict-prototypes -Wdeclaration-after-statement -Wshift-count-overflow -Wunused-const-variable -Wunused-function -Wint-conversion -Wc99-c11-compat -Wformat -Wformat-security     CMakeFiles/cmTC_ca4d0.dir/CheckIncludeFile.c.o  -o cmTC_ca4d0 
make[1]: Leaving directory '/github/vendor/gems/3.3.6/ruby/3.3.0/gems/rugged-1.4.3.102.ga6b7142/vendor/libgit2/build/CMakeFiles/CMakeTmp'



Determining if the include file unistd.h exists passed with the following output:
Change Dir: /github/vendor/gems/3.3.6/ruby/3.3.0/gems/rugged-1.4.3.102.ga6b7142/vendor/libgit2/build/CMakeFiles/CMakeTmp

Run Build Command(s):/usr/bin/make cmTC_11d19/fast && /usr/bin/make -f CMakeFiles/cmTC_11d19.dir/build.make CMakeFiles/cmTC_11d19.dir/build
make[1]: Entering directory '/github/vendor/gems/3.3.6/ruby/3.3.0/gems/rugged-1.4.3.102.ga6b7142/vendor/libgit2/build/CMakeFiles/CMakeTmp'
Building C object CMakeFiles/cmTC_11d19.dir/CheckIncludeFile.c.o
/usr/bin/gcc   -D_GNU_SOURCE -fPIC -Wall -Wextra -Wno-documentation-deprecated-sync -Wno-missing-field-initializers -Wmissing-declarations -Wstrict-aliasing -Wstrict-prototypes -Wdeclaration-after-statement -Wshift-count-overflow -Wunused-const-variable -Wunused-function -Wint-conversion -Wc99-c11-compat -Wformat -Wformat-security    -o CMakeFiles/cmTC_11d19.dir/CheckIncludeFile.c.o   -c /github/vendor/gems/3.3.6/ruby/3.3.0/gems/rugged-1.4.3.102.ga6b7142/vendor/libgit2/build/CMakeFiles/CMakeTmp/CheckIncludeFile.c
Linking C executable cmTC_11d19
/usr/bin/cmake -E cmake_link_script CMakeFiles/cmTC_11d19.dir/link.txt --verbose=1
/usr/bin/gcc -D_GNU_SOURCE -fPIC -Wall -Wextra -Wno-documentation-deprecated-sync -Wno-missing-field-initializers -Wmissing-declarations -Wstrict-aliasing -Wstrict-prototypes -Wdeclaration-after-statement -Wshift-count-overflow -Wunused-const-variable -Wunused-function -Wint-conversion -Wc99-c11-compat -Wformat -Wformat-security     CMakeFiles/cmTC_11d19.dir/CheckIncludeFile.c.o  -o cmTC_11d19 
make[1]: Leaving directory '/github/vendor/gems/3.3.6/ruby/3.3.0/gems/rugged-1.4.3.102.ga6b7142/vendor/libgit2/build/CMakeFiles/CMakeTmp'



Determining if the function bcopy exists passed with the following output:
Change Dir: /github/vendor/gems/3.3.6/ruby/3.3.0/gems/rugged-1.4.3.102.ga6b7142/vendor/libgit2/build/CMakeFiles/CMakeTmp

Run Build Command(s):/usr/bin/make cmTC_df324/fast && /usr/bin/make -f CMakeFiles/cmTC_df324.dir/build.make CMakeFiles/cmTC_df324.dir/build
make[1]: Entering directory '/github/vendor/gems/3.3.6/ruby/3.3.0/gems/rugged-1.4.3.102.ga6b7142/vendor/libgit2/build/CMakeFiles/CMakeTmp'
Building C object CMakeFiles/cmTC_df324.dir/CheckFunctionExists.c.o
/usr/bin/gcc   -D_GNU_SOURCE -fPIC -Wall -Wextra -Wno-documentation-deprecated-sync -Wno-missing-field-initializers -Wmissing-declarations -Wstrict-aliasing -Wstrict-prototypes -Wdeclaration-after-statement -Wshift-count-overflow -Wunused-const-variable -Wunused-function -Wint-conversion -Wc99-c11-compat -Wformat -Wformat-security -DCHECK_FUNCTION_EXISTS=bcopy   -o CMakeFiles/cmTC_df324.dir/CheckFunctionExists.c.o   -c /usr/share/cmake-3.16/Modules/CheckFunctionExists.c
<command-line>: warning: conflicting types for built-in function ‘bcopy’; expected ‘void(const void *, void *, long unsigned int)’ [-Wbuiltin-declaration-mismatch]
/usr/share/cmake-3.16/Modules/CheckFunctionExists.c:7:3: note: in expansion of macro ‘CHECK_FUNCTION_EXISTS’
    7 |   CHECK_FUNCTION_EXISTS(void);
      |   ^~~~~~~~~~~~~~~~~~~~~
cc1: warning: unrecognized command line option ‘-Wno-documentation-deprecated-sync’
Linking C executable cmTC_df324
/usr/bin/cmake -E cmake_link_script CMakeFiles/cmTC_df324.dir/link.txt --verbose=1
/usr/bin/gcc -D_GNU_SOURCE -fPIC -Wall -Wextra -Wno-documentation-deprecated-sync -Wno-missing-field-initializers -Wmissing-declarations -Wstrict-aliasing -Wstrict-prototypes -Wdeclaration-after-statement -Wshift-count-overflow -Wunused-const-variable -Wunused-function -Wint-conversion -Wc99-c11-compat -Wformat -Wformat-security -DCHECK_FUNCTION_EXISTS=bcopy    CMakeFiles/cmTC_df324.dir/CheckFunctionExists.c.o  -o cmTC_df324 
make[1]: Leaving directory '/github/vendor/gems/3.3.6/ruby/3.3.0/gems/rugged-1.4.3.102.ga6b7142/vendor/libgit2/build/CMakeFiles/CMakeTmp'



Determining if the function memmove exists passed with the following output:
Change Dir: /github/vendor/gems/3.3.6/ruby/3.3.0/gems/rugged-1.4.3.102.ga6b7142/vendor/libgit2/build/CMakeFiles/CMakeTmp

Run Build Command(s):/usr/bin/make cmTC_b95f1/fast && /usr/bin/make -f CMakeFiles/cmTC_b95f1.dir/build.make CMakeFiles/cmTC_b95f1.dir/build
make[1]: Entering directory '/github/vendor/gems/3.3.6/ruby/3.3.0/gems/rugged-1.4.3.102.ga6b7142/vendor/libgit2/build/CMakeFiles/CMakeTmp'
Building C object CMakeFiles/cmTC_b95f1.dir/CheckFunctionExists.c.o
/usr/bin/gcc   -D_GNU_SOURCE -fPIC -Wall -Wextra -Wno-documentation-deprecated-sync -Wno-missing-field-initializers -Wmissing-declarations -Wstrict-aliasing -Wstrict-prototypes -Wdeclaration-after-statement -Wshift-count-overflow -Wunused-const-variable -Wunused-function -Wint-conversion -Wc99-c11-compat -Wformat -Wformat-security -DCHECK_FUNCTION_EXISTS=memmove   -o CMakeFiles/cmTC_b95f1.dir/CheckFunctionExists.c.o   -c /usr/share/cmake-3.16/Modules/CheckFunctionExists.c
<command-line>: warning: conflicting types for built-in function ‘memmove’; expected ‘void *(void *, const void *, long unsigned int)’ [-Wbuiltin-declaration-mismatch]
/usr/share/cmake-3.16/Modules/CheckFunctionExists.c:7:3: note: in expansion of macro ‘CHECK_FUNCTION_EXISTS’
    7 |   CHECK_FUNCTION_EXISTS(void);
      |   ^~~~~~~~~~~~~~~~~~~~~
/usr/share/cmake-3.16/Modules/CheckFunctionExists.c:1:1: note: ‘memmove’ is declared in header ‘<string.h>’
  +++ |+#include <string.h>
    1 | #ifdef CHECK_FUNCTION_EXISTS
cc1: warning: unrecognized command line option ‘-Wno-documentation-deprecated-sync’
Linking C executable cmTC_b95f1
/usr/bin/cmake -E cmake_link_script CMakeFiles/cmTC_b95f1.dir/link.txt --verbose=1
/usr/bin/gcc -D_GNU_SOURCE -fPIC -Wall -Wextra -Wno-documentation-deprecated-sync -Wno-missing-field-initializers -Wmissing-declarations -Wstrict-aliasing -Wstrict-prototypes -Wdeclaration-after-statement -Wshift-count-overflow -Wunused-const-variable -Wunused-function -Wint-conversion -Wc99-c11-compat -Wformat -Wformat-security -DCHECK_FUNCTION_EXISTS=memmove    CMakeFiles/cmTC_b95f1.dir/CheckFunctionExists.c.o  -o cmTC_b95f1 
make[1]: Leaving directory '/github/vendor/gems/3.3.6/ruby/3.3.0/gems/rugged-1.4.3.102.ga6b7142/vendor/libgit2/build/CMakeFiles/CMakeTmp'



Determining if the function strerror exists passed with the following output:
Change Dir: /github/vendor/gems/3.3.6/ruby/3.3.0/gems/rugged-1.4.3.102.ga6b7142/vendor/libgit2/build/CMakeFiles/CMakeTmp

Run Build Command(s):/usr/bin/make cmTC_ba378/fast && /usr/bin/make -f CMakeFiles/cmTC_ba378.dir/build.make CMakeFiles/cmTC_ba378.dir/build
make[1]: Entering directory '/github/vendor/gems/3.3.6/ruby/3.3.0/gems/rugged-1.4.3.102.ga6b7142/vendor/libgit2/build/CMakeFiles/CMakeTmp'
Building C object CMakeFiles/cmTC_ba378.dir/CheckFunctionExists.c.o
/usr/bin/gcc   -D_GNU_SOURCE -fPIC -Wall -Wextra -Wno-documentation-deprecated-sync -Wno-missing-field-initializers -Wmissing-declarations -Wstrict-aliasing -Wstrict-prototypes -Wdeclaration-after-statement -Wshift-count-overflow -Wunused-const-variable -Wunused-function -Wint-conversion -Wc99-c11-compat -Wformat -Wformat-security -DCHECK_FUNCTION_EXISTS=strerror   -o CMakeFiles/cmTC_ba378.dir/CheckFunctionExists.c.o   -c /usr/share/cmake-3.16/Modules/CheckFunctionExists.c
Linking C executable cmTC_ba378
/usr/bin/cmake -E cmake_link_script CMakeFiles/cmTC_ba378.dir/link.txt --verbose=1
/usr/bin/gcc -D_GNU_SOURCE -fPIC -Wall -Wextra -Wno-documentation-deprecated-sync -Wno-missing-field-initializers -Wmissing-declarations -Wstrict-aliasing -Wstrict-prototypes -Wdeclaration-after-statement -Wshift-count-overflow -Wunused-const-variable -Wunused-function -Wint-conversion -Wc99-c11-compat -Wformat -Wformat-security -DCHECK_FUNCTION_EXISTS=strerror    CMakeFiles/cmTC_ba378.dir/CheckFunctionExists.c.o  -o cmTC_ba378 
make[1]: Leaving directory '/github/vendor/gems/3.3.6/ruby/3.3.0/gems/rugged-1.4.3.102.ga6b7142/vendor/libgit2/build/CMakeFiles/CMakeTmp'



Determining if the function strtoll exists passed with the following output:
Change Dir: /github/vendor/gems/3.3.6/ruby/3.3.0/gems/rugged-1.4.3.102.ga6b7142/vendor/libgit2/build/CMakeFiles/CMakeTmp

Run Build Command(s):/usr/bin/make cmTC_56c68/fast && /usr/bin/make -f CMakeFiles/cmTC_56c68.dir/build.make CMakeFiles/cmTC_56c68.dir/build
make[1]: Entering directory '/github/vendor/gems/3.3.6/ruby/3.3.0/gems/rugged-1.4.3.102.ga6b7142/vendor/libgit2/build/CMakeFiles/CMakeTmp'
Building C object CMakeFiles/cmTC_56c68.dir/CheckFunctionExists.c.o
/usr/bin/gcc   -D_GNU_SOURCE -fPIC -Wall -Wextra -Wno-documentation-deprecated-sync -Wno-missing-field-initializers -Wmissing-declarations -Wstrict-aliasing -Wstrict-prototypes -Wdeclaration-after-statement -Wshift-count-overflow -Wunused-const-variable -Wunused-function -Wint-conversion -Wc99-c11-compat -Wformat -Wformat-security -DCHECK_FUNCTION_EXISTS=strtoll   -o CMakeFiles/cmTC_56c68.dir/CheckFunctionExists.c.o   -c /usr/share/cmake-3.16/Modules/CheckFunctionExists.c
Linking C executable cmTC_56c68
/usr/bin/cmake -E cmake_link_script CMakeFiles/cmTC_56c68.dir/link.txt --verbose=1
/usr/bin/gcc -D_GNU_SOURCE -fPIC -Wall -Wextra -Wno-documentation-deprecated-sync -Wno-missing-field-initializers -Wmissing-declarations -Wstrict-aliasing -Wstrict-prototypes -Wdeclaration-after-statement -Wshift-count-overflow -Wunused-const-variable -Wunused-function -Wint-conversion -Wc99-c11-compat -Wformat -Wformat-security -DCHECK_FUNCTION_EXISTS=strtoll    CMakeFiles/cmTC_56c68.dir/CheckFunctionExists.c.o  -o cmTC_56c68 
make[1]: Leaving directory '/github/vendor/gems/3.3.6/ruby/3.3.0/gems/rugged-1.4.3.102.ga6b7142/vendor/libgit2/build/CMakeFiles/CMakeTmp'



Determining if the function strtoq exists passed with the following output:
Change Dir: /github/vendor/gems/3.3.6/ruby/3.3.0/gems/rugged-1.4.3.102.ga6b7142/vendor/libgit2/build/CMakeFiles/CMakeTmp

Run Build Command(s):/usr/bin/make cmTC_6bb12/fast && /usr/bin/make -f CMakeFiles/cmTC_6bb12.dir/build.make CMakeFiles/cmTC_6bb12.dir/build
make[1]: Entering directory '/github/vendor/gems/3.3.6/ruby/3.3.0/gems/rugged-1.4.3.102.ga6b7142/vendor/libgit2/build/CMakeFiles/CMakeTmp'
Building C object CMakeFiles/cmTC_6bb12.dir/CheckFunctionExists.c.o
/usr/bin/gcc   -D_GNU_SOURCE -fPIC -Wall -Wextra -Wno-documentation-deprecated-sync -Wno-missing-field-initializers -Wmissing-declarations -Wstrict-aliasing -Wstrict-prototypes -Wdeclaration-after-statement -Wshift-count-overflow -Wunused-const-variable -Wunused-function -Wint-conversion -Wc99-c11-compat -Wformat -Wformat-security -DCHECK_FUNCTION_EXISTS=strtoq   -o CMakeFiles/cmTC_6bb12.dir/CheckFunctionExists.c.o   -c /usr/share/cmake-3.16/Modules/CheckFunctionExists.c
Linking C executable cmTC_6bb12
/usr/bin/cmake -E cmake_link_script CMakeFiles/cmTC_6bb12.dir/link.txt --verbose=1
/usr/bin/gcc -D_GNU_SOURCE -fPIC -Wall -Wextra -Wno-documentation-deprecated-sync -Wno-missing-field-initializers -Wmissing-declarations -Wstrict-aliasing -Wstrict-prototypes -Wdeclaration-after-statement -Wshift-count-overflow -Wunused-const-variable -Wunused-function -Wint-conversion -Wc99-c11-compat -Wformat -Wformat-security -DCHECK_FUNCTION_EXISTS=strtoq    CMakeFiles/cmTC_6bb12.dir/CheckFunctionExists.c.o  -o cmTC_6bb12 
make[1]: Leaving directory '/github/vendor/gems/3.3.6/ruby/3.3.0/gems/rugged-1.4.3.102.ga6b7142/vendor/libgit2/build/CMakeFiles/CMakeTmp'



Determining if the include file stddef.h exists passed with the following output:
Change Dir: /github/vendor/gems/3.3.6/ruby/3.3.0/gems/rugged-1.4.3.102.ga6b7142/vendor/libgit2/build/CMakeFiles/CMakeTmp

Run Build Command(s):/usr/bin/make cmTC_4b86a/fast && /usr/bin/make -f CMakeFiles/cmTC_4b86a.dir/build.make CMakeFiles/cmTC_4b86a.dir/build
make[1]: Entering directory '/github/vendor/gems/3.3.6/ruby/3.3.0/gems/rugged-1.4.3.102.ga6b7142/vendor/libgit2/build/CMakeFiles/CMakeTmp'
Building C object CMakeFiles/cmTC_4b86a.dir/CheckIncludeFile.c.o
/usr/bin/gcc   -D_GNU_SOURCE -fPIC -Wall -Wextra -Wno-documentation-deprecated-sync -Wno-missing-field-initializers -Wmissing-declarations -Wstrict-aliasing -Wstrict-prototypes -Wdeclaration-after-statement -Wshift-count-overflow -Wunused-const-variable -Wunused-function -Wint-conversion -Wc99-c11-compat -Wformat -Wformat-security    -o CMakeFiles/cmTC_4b86a.dir/CheckIncludeFile.c.o   -c /github/vendor/gems/3.3.6/ruby/3.3.0/gems/rugged-1.4.3.102.ga6b7142/vendor/libgit2/build/CMakeFiles/CMakeTmp/CheckIncludeFile.c
Linking C executable cmTC_4b86a
/usr/bin/cmake -E cmake_link_script CMakeFiles/cmTC_4b86a.dir/link.txt --verbose=1
/usr/bin/gcc -D_GNU_SOURCE -fPIC -Wall -Wextra -Wno-documentation-deprecated-sync -Wno-missing-field-initializers -Wmissing-declarations -Wstrict-aliasing -Wstrict-prototypes -Wdeclaration-after-statement -Wshift-count-overflow -Wunused-const-variable -Wunused-function -Wint-conversion -Wc99-c11-compat -Wformat -Wformat-security     CMakeFiles/cmTC_4b86a.dir/CheckIncludeFile.c.o  -o cmTC_4b86a 
make[1]: Leaving directory '/github/vendor/gems/3.3.6/ruby/3.3.0/gems/rugged-1.4.3.102.ga6b7142/vendor/libgit2/build/CMakeFiles/CMakeTmp'



Determining size of long long passed with the following output:
Change Dir: /github/vendor/gems/3.3.6/ruby/3.3.0/gems/rugged-1.4.3.102.ga6b7142/vendor/libgit2/build/CMakeFiles/CMakeTmp

Run Build Command(s):/usr/bin/make cmTC_91449/fast && /usr/bin/make -f CMakeFiles/cmTC_91449.dir/build.make CMakeFiles/cmTC_91449.dir/build
make[1]: Entering directory '/github/vendor/gems/3.3.6/ruby/3.3.0/gems/rugged-1.4.3.102.ga6b7142/vendor/libgit2/build/CMakeFiles/CMakeTmp'
Building C object CMakeFiles/cmTC_91449.dir/LONG_LONG.c.o
/usr/bin/gcc   -D_GNU_SOURCE -fPIC -Wall -Wextra -Wno-documentation-deprecated-sync -Wno-missing-field-initializers -Wmissing-declarations -Wstrict-aliasing -Wstrict-prototypes -Wdeclaration-after-statement -Wshift-count-overflow -Wunused-const-variable -Wunused-function -Wint-conversion -Wc99-c11-compat -Wformat -Wformat-security    -o CMakeFiles/cmTC_91449.dir/LONG_LONG.c.o   -c /github/vendor/gems/3.3.6/ruby/3.3.0/gems/rugged-1.4.3.102.ga6b7142/vendor/libgit2/build/CMakeFiles/CheckTypeSize/LONG_LONG.c
Linking C executable cmTC_91449
/usr/bin/cmake -E cmake_link_script CMakeFiles/cmTC_91449.dir/link.txt --verbose=1
/usr/bin/gcc -D_GNU_SOURCE -fPIC -Wall -Wextra -Wno-documentation-deprecated-sync -Wno-missing-field-initializers -Wmissing-declarations -Wstrict-aliasing -Wstrict-prototypes -Wdeclaration-after-statement -Wshift-count-overflow -Wunused-const-variable -Wunused-function -Wint-conversion -Wc99-c11-compat -Wformat -Wformat-security     CMakeFiles/cmTC_91449.dir/LONG_LONG.c.o  -o cmTC_91449 
make[1]: Leaving directory '/github/vendor/gems/3.3.6/ruby/3.3.0/gems/rugged-1.4.3.102.ga6b7142/vendor/libgit2/build/CMakeFiles/CMakeTmp'



Determining size of unsigned long long passed with the following output:
Change Dir: /github/vendor/gems/3.3.6/ruby/3.3.0/gems/rugged-1.4.3.102.ga6b7142/vendor/libgit2/build/CMakeFiles/CMakeTmp

Run Build Command(s):/usr/bin/make cmTC_56cea/fast && /usr/bin/make -f CMakeFiles/cmTC_56cea.dir/build.make CMakeFiles/cmTC_56cea.dir/build
make[1]: Entering directory '/github/vendor/gems/3.3.6/ruby/3.3.0/gems/rugged-1.4.3.102.ga6b7142/vendor/libgit2/build/CMakeFiles/CMakeTmp'
Building C object CMakeFiles/cmTC_56cea.dir/UNSIGNED_LONG_LONG.c.o
/usr/bin/gcc   -D_GNU_SOURCE -fPIC -Wall -Wextra -Wno-documentation-deprecated-sync -Wno-missing-field-initializers -Wmissing-declarations -Wstrict-aliasing -Wstrict-prototypes -Wdeclaration-after-statement -Wshift-count-overflow -Wunused-const-variable -Wunused-function -Wint-conversion -Wc99-c11-compat -Wformat -Wformat-security    -o CMakeFiles/cmTC_56cea.dir/UNSIGNED_LONG_LONG.c.o   -c /github/vendor/gems/3.3.6/ruby/3.3.0/gems/rugged-1.4.3.102.ga6b7142/vendor/libgit2/build/CMakeFiles/CheckTypeSize/UNSIGNED_LONG_LONG.c
Linking C executable cmTC_56cea
/usr/bin/cmake -E cmake_link_script CMakeFiles/cmTC_56cea.dir/link.txt --verbose=1
/usr/bin/gcc -D_GNU_SOURCE -fPIC -Wall -Wextra -Wno-documentation-deprecated-sync -Wno-missing-field-initializers -Wmissing-declarations -Wstrict-aliasing -Wstrict-prototypes -Wdeclaration-after-statement -Wshift-count-overflow -Wunused-const-variable -Wunused-function -Wint-conversion -Wc99-c11-compat -Wformat -Wformat-security     CMakeFiles/cmTC_56cea.dir/UNSIGNED_LONG_LONG.c.o  -o cmTC_56cea 
make[1]: Leaving directory '/github/vendor/gems/3.3.6/ruby/3.3.0/gems/rugged-1.4.3.102.ga6b7142/vendor/libgit2/build/CMakeFiles/CMakeTmp'



Performing C SOURCE FILE Test IS_WNO_UNUSED_FUNCTION_SUPPORTED succeeded with the following output:
Change Dir: /github/vendor/gems/3.3.6/ruby/3.3.0/gems/rugged-1.4.3.102.ga6b7142/vendor/libgit2/build/CMakeFiles/CMakeTmp

Run Build Command(s):/usr/bin/make cmTC_d7f2e/fast && /usr/bin/make -f CMakeFiles/cmTC_d7f2e.dir/build.make CMakeFiles/cmTC_d7f2e.dir/build
make[1]: Entering directory '/github/vendor/gems/3.3.6/ruby/3.3.0/gems/rugged-1.4.3.102.ga6b7142/vendor/libgit2/build/CMakeFiles/CMakeTmp'
Building C object CMakeFiles/cmTC_d7f2e.dir/src.c.o
/usr/bin/gcc   -D_GNU_SOURCE -fPIC -Wall -Wextra -Wno-documentation-deprecated-sync -Wno-missing-field-initializers -Wmissing-declarations -Wstrict-aliasing -Wstrict-prototypes -Wdeclaration-after-statement -Wshift-count-overflow -Wunused-const-variable -Wunused-function -Wint-conversion -Wc99-c11-compat -Wformat -Wformat-security -DIS_WNO_UNUSED_FUNCTION_SUPPORTED   -Wno-unused-function -o CMakeFiles/cmTC_d7f2e.dir/src.c.o   -c /github/vendor/gems/3.3.6/ruby/3.3.0/gems/rugged-1.4.3.102.ga6b7142/vendor/libgit2/build/CMakeFiles/CMakeTmp/src.c
Linking C executable cmTC_d7f2e
/usr/bin/cmake -E cmake_link_script CMakeFiles/cmTC_d7f2e.dir/link.txt --verbose=1
/usr/bin/gcc -D_GNU_SOURCE -fPIC -Wall -Wextra -Wno-documentation-deprecated-sync -Wno-missing-field-initializers -Wmissing-declarations -Wstrict-aliasing -Wstrict-prototypes -Wdeclaration-after-statement -Wshift-count-overflow -Wunused-const-variable -Wunused-function -Wint-conversion -Wc99-c11-compat -Wformat -Wformat-security -DIS_WNO_UNUSED_FUNCTION_SUPPORTED    CMakeFiles/cmTC_d7f2e.dir/src.c.o  -o cmTC_d7f2e 
make[1]: Leaving directory '/github/vendor/gems/3.3.6/ruby/3.3.0/gems/rugged-1.4.3.102.ga6b7142/vendor/libgit2/build/CMakeFiles/CMakeTmp'


Source file was:
int main(void) { return 0; }
Performing C SOURCE FILE Test IS_WNO_IMPLICIT_FALLTHROUGH_SUPPORTED succeeded with the following output:
Change Dir: /github/vendor/gems/3.3.6/ruby/3.3.0/gems/rugged-1.4.3.102.ga6b7142/vendor/libgit2/build/CMakeFiles/CMakeTmp

Run Build Command(s):/usr/bin/make cmTC_f6abd/fast && /usr/bin/make -f CMakeFiles/cmTC_f6abd.dir/build.make CMakeFiles/cmTC_f6abd.dir/build
make[1]: Entering directory '/github/vendor/gems/3.3.6/ruby/3.3.0/gems/rugged-1.4.3.102.ga6b7142/vendor/libgit2/build/CMakeFiles/CMakeTmp'
Building C object CMakeFiles/cmTC_f6abd.dir/src.c.o
/usr/bin/gcc   -D_GNU_SOURCE -fPIC -Wall -Wextra -Wno-documentation-deprecated-sync -Wno-missing-field-initializers -Wmissing-declarations -Wstrict-aliasing -Wstrict-prototypes -Wdeclaration-after-statement -Wshift-count-overflow -Wunused-const-variable -Wunused-function -Wint-conversion -Wc99-c11-compat -Wformat -Wformat-security -Wno-unused-function -DIS_WNO_IMPLICIT_FALLTHROUGH_SUPPORTED   -Wno-implicit-fallthrough -o CMakeFiles/cmTC_f6abd.dir/src.c.o   -c /github/vendor/gems/3.3.6/ruby/3.3.0/gems/rugged-1.4.3.102.ga6b7142/vendor/libgit2/build/CMakeFiles/CMakeTmp/src.c
Linking C executable cmTC_f6abd
/usr/bin/cmake -E cmake_link_script CMakeFiles/cmTC_f6abd.dir/link.txt --verbose=1
/usr/bin/gcc -D_GNU_SOURCE -fPIC -Wall -Wextra -Wno-documentation-deprecated-sync -Wno-missing-field-initializers -Wmissing-declarations -Wstrict-aliasing -Wstrict-prototypes -Wdeclaration-after-statement -Wshift-count-overflow -Wunused-const-variable -Wunused-function -Wint-conversion -Wc99-c11-compat -Wformat -Wformat-security -Wno-unused-function -DIS_WNO_IMPLICIT_FALLTHROUGH_SUPPORTED    CMakeFiles/cmTC_f6abd.dir/src.c.o  -o cmTC_f6abd 
make[1]: Leaving directory '/github/vendor/gems/3.3.6/ruby/3.3.0/gems/rugged-1.4.3.102.ga6b7142/vendor/libgit2/build/CMakeFiles/CMakeTmp'


Source file was:
int main(void) { return 0; }
