current directory: /github/vendor/gems/3.3.6/ruby/3.3.0/gems/escape_utils-1.3.0/ext/escape_utils
/usr/share/rbenv/versions/3.3.6/bin/ruby extconf.rb
creating Makefile

current directory: /github/vendor/gems/3.3.6/ruby/3.3.0/gems/escape_utils-1.3.0/ext/escape_utils
make DESTDIR\= sitearchdir\=./.gem.20250318-114-yjyysm sitelibdir\=./.gem.20250318-114-yjyysm clean

current directory: /github/vendor/gems/3.3.6/ruby/3.3.0/gems/escape_utils-1.3.0/ext/escape_utils
make DESTDIR\= sitearchdir\=./.gem.20250318-114-yjyysm sitelibdir\=./.gem.20250318-114-yjyysm
compiling buffer.c
compiling escape_utils.c
compiling houdini_href_e.c
compiling houdini_html_e.c
compiling houdini_js_e.c
compiling houdini_js_u.c
compiling houdini_uri_e.c
compiling houdini_uri_u.c
compiling houdini_xml_e.c
linking shared-object escape_utils/escape_utils.so

current directory: /github/vendor/gems/3.3.6/ruby/3.3.0/gems/escape_utils-1.3.0/ext/escape_utils
make DESTDIR\= sitearchdir\=./.gem.20250318-114-yjyysm sitelibdir\=./.gem.20250318-114-yjyysm install
/usr/bin/install -c -m 0755 escape_utils.so ./.gem.20250318-114-yjyysm/escape_utils

current directory: /github/vendor/gems/3.3.6/ruby/3.3.0/gems/escape_utils-1.3.0/ext/escape_utils
make DESTDIR\= sitearchdir\=./.gem.20250318-114-yjyysm sitelibdir\=./.gem.20250318-114-yjyysm clean
